10-22 00:15:09.513 21439 21456 I TestRunner: started: testCocktailsFragmentDisplaysCorrectly(com.example.cocktailsdbapp.ui.cocktails.CocktailsFragmentTest)
10-22 00:15:09.533 21439 21456 W Settings: Setting always_finish_activities has moved from android.provider.Settings.System to android.provider.Settings.Global, returning read-only value.
10-22 00:15:09.557   774   863 D SplashScreenView: Build android.window.SplashScreenView{f9150a4 V.E...... ......ID 0,0-0,0}
10-22 00:15:09.557   774   863 D SplashScreenView: Icon: view: null drawable: null size: 0
10-22 00:15:09.557   774   863 D SplashScreenView: Branding: view: android.view.View{a497e0d G.ED..... ......I. 0,0-0,0 #10204a6 android:id/splashscreen_branding_view} drawable: null size w: 0 h: 0
10-22 00:15:09.597   361   405 D goldfish-address-space: claimShared: Ask to claim region [0x3f354f000 0x3f3f33000]
10-22 00:15:09.609   361   405 D goldfish-address-space: claimShared: Ask to claim region [0x3f0000000 0x3f09e4000]
10-22 00:15:09.616 21439 21439 D LifecycleMonitor: Lifecycle status change: com.example.cocktailsdbapp.MainActivity@34afa2d in: PRE_ON_CREATE
10-22 00:15:09.618 21439 21439 V ActivityScenario: Activity lifecycle changed event received but ignored because the reported transition was not ON_CREATE while the last known transition was PRE_ON_CREATE
10-22 00:15:09.629   361   405 D goldfish-address-space: claimShared: Ask to claim region [0x3f09e4000 0x3f13c8000]
10-22 00:15:09.694  1506  1506 I GsaVoiceInteractionSrv: Handling ACTION_STOP_HOTWORD
10-22 00:15:09.695  1506  1506 E HwDetectorWithState: a: 3
10-22 00:15:09.735   774   875 D EGL_emulation: app_time_stats: avg=9704.31ms min=9704.31ms max=9704.31ms count=1
10-22 00:15:09.744   774   875 D EGL_emulation: app_time_stats: avg=221.48ms min=3.28ms max=4199.23ms count=20
10-22 00:15:09.913   346 21765 E android.hardware.audio@6.0-impl.ranchu: pcmWrite:203 pcm_write failed with  (-5)
10-22 00:15:09.919   346 21765 E android.hardware.audio@6.0-impl.ranchu: device/generic/goldfish/audio/talsa.cpp:pcmWrite:204 failure: false
10-22 00:15:10.000  1718  1718 I A       : onApplyWindowInsets: systemWindowInsets=Insets{left=0, top=63, right=0, bottom=126}
10-22 00:15:10.009  1718  1718 I A       : onApplyWindowInsets: systemWindowInsets=Insets{left=0, top=63, right=0, bottom=126}
10-22 00:15:10.106 21439 21439 D LifecycleMonitor: Lifecycle status change: com.example.cocktailsdbapp.MainActivity@34afa2d in: CREATED
10-22 00:15:10.107 21439 21439 V ActivityScenario: Update currentActivityStage to CREATED, currentActivity=com.example.cocktailsdbapp.MainActivity@34afa2d
10-22 00:15:10.112 21439 21439 D LifecycleMonitor: Lifecycle status change: com.example.cocktailsdbapp.MainActivity@34afa2d in: STARTED
10-22 00:15:10.112 21439 21439 V ActivityScenario: Update currentActivityStage to STARTED, currentActivity=com.example.cocktailsdbapp.MainActivity@34afa2d
10-22 00:15:10.114 21439 21439 D LifecycleMonitor: Lifecycle status change: com.example.cocktailsdbapp.MainActivity@34afa2d in: RESUMED
10-22 00:15:10.114 21439 21439 V ActivityScenario: Update currentActivityStage to RESUMED, currentActivity=com.example.cocktailsdbapp.MainActivity@34afa2d
10-22 00:15:10.176   361   405 D goldfish-address-space: claimShared: Ask to claim region [0x3f1dac000 0x3f2790000]
10-22 00:15:10.185   361   405 D goldfish-address-space: claimShared: Ask to claim region [0x3f7177000 0x3f7b5b000]
10-22 00:15:10.191   361   405 D goldfish-address-space: claimShared: Ask to claim region [0x3f49e4000 0x3f53c8000]
10-22 00:15:10.297   572   599 I ActivityTaskManager: Displayed com.example.cocktailsdbapp/.MainActivity: +740ms
10-22 00:15:10.395  1718 21822 W ProcessReaper: Memory state is: 100
10-22 00:15:10.458  1385  1385 I GoogleInputMethodService: GoogleInputMethodService.onFinishInput():3420
10-22 00:15:10.459  1385  1385 I GoogleInputMethodService: GoogleInputMethodService.onStartInput():2002
10-22 00:15:10.462  1385  1385 I DeviceUnlockedTag: DeviceUnlockedTag.notifyDeviceLockStatusChanged():31 Notify device unlocked.
10-22 00:15:10.482  1546 21823 W ProcessReaper: Memory state is: 125
10-22 00:15:10.534 21439 21439 I ViewInteraction: Performing 'single click' action on view view.getId() is <2131296379/com.example.cocktailsdbapp:id/bt_register>
10-22 00:15:10.624  1506 21824 W ProcessReaper: Memory state is: 125
10-22 00:15:10.644   572  1656 W InputManager-JNI: Input channel object 'b0e7a9d Splash Screen com.example.cocktailsdbapp (client)' was disposed without first being removed with the input manager!
10-22 00:15:10.749  1385  2486 W ProcessReaper: Memory state is: 200
10-22 00:15:10.818   774   875 D EGL_emulation: app_time_stats: avg=116.59ms min=11.67ms max=792.65ms count=9
10-22 00:15:10.853   774   875 D EGL_emulation: app_time_stats: avg=122.96ms min=15.53ms max=822.62ms count=9
10-22 00:15:12.191 21439 21439 I ViewInteraction: Performing 'replace text()' action on view view.getId() is <2131296469/com.example.cocktailsdbapp:id/et_name_input>
10-22 00:15:12.208 21439 21462 D EGL_emulation: app_time_stats: avg=159.62ms min=7.95ms max=1159.21ms count=12
10-22 00:15:12.210 21439 21439 I ViewInteraction: Performing 'type text(Cocktails Test User)' action on view view.getId() is <2131296469/com.example.cocktailsdbapp:id/et_name_input>
10-22 00:15:12.273  1385  1385 I GoogleInputMethodService: GoogleInputMethodService.onFinishInput():3420
10-22 00:15:12.274 21439 21439 D InputMethodManager: showSoftInput() view=androidx.appcompat.widget.AppCompatEditText{f4e6046 VFED..CL. .F.P..ID 119,284-959,392 #7f0900d5 app:id/et_name_input aid=1073741827} flags=0 reason=SHOW_SOFT_INPUT
10-22 00:15:12.274  1385  1385 W KeyboardViewController: KeyboardViewController.show():477 Requesting to show sub view with id 2131428268(#0x7f0b03ac) when keyboard HEADER view is not ready to show
10-22 00:15:12.283  1385  1385 I GoogleInputMethodService: GoogleInputMethodService.onStartInput():2002
10-22 00:15:12.285  1385  1385 I DeviceUnlockedTag: DeviceUnlockedTag.notifyDeviceLockStatusChanged():31 Notify device unlocked.
10-22 00:15:12.289  1385  1385 I GoogleInputMethodService: GoogleInputMethodService.onStartInputView():2148
10-22 00:15:12.291  1385  1385 I DeviceUnlockedTag: DeviceUnlockedTag.notifyDeviceLockStatusChanged():31 Notify device unlocked.
10-22 00:15:12.293  1385  1385 I KeyboardViewUtil: KeyboardViewUtil.getKeyboardHeightRatio():166 systemKeyboardHeightRatio:1.000000; userKeyboardHeightRatio:1.000000.
10-22 00:15:12.293  1385  1385 I AndroidIME: AbstractIme.onActivate():86 LatinIme.onActivate() : EditorInfo = inputType=Text imeActionName=NEXT dump=[inputType=0x61 imeOptions=0x8000005 privateImeOptions=null actionLabel=null actionId=0 initialSelStart=0 initialSelEnd=0 initialCapsMode=0x0 hintText=name label=null packageName=com.example.cocktailsdbapp autofillId=1073741827 fieldId=2131296469 fieldName=null extras=Bundle[{android.support.text.emoji.emojiCompat_metadataVersion=8, android.support.text.emoji.emojiCompat_replaceAll=false}] hintLocales=null contentMimeTypes=null ], IncognitoMode = false, DeviceLocked = false
10-22 00:15:12.294  1385  1385 I Delight5Facilitator: Delight5Facilitator.initializeForIme():718 initializeForIme() : Locale = [en_US], layout = qwerty
10-22 00:15:12.295  1385  1385 I VoiceInputManagerWrapper: VoiceInputManagerWrapper.cancelShutdown():54 cancelShutdown()
10-22 00:15:12.295  1385  1385 I VoiceInputManagerWrapper: VoiceInputManagerWrapper.syncLanguagePacks():66 syncLanguagePacks()
10-22 00:15:12.296  1385  5303 I SpeechFactory: SpeechRecognitionFactory.maybeScheduleAutoPackDownloadForFallback():182 maybeScheduleAutoPackDownloadForFallback()
10-22 00:15:12.296  1385  5303 I FallbackOnDeviceRecognitionProvider: FallbackOnDeviceRecognitionProvider.maybeScheduleAutoPackDownload():194 maybeScheduleAutoPackDownload() for language tag en-US
10-22 00:15:12.296  1385  1385 I LatinIme: LatinIme.updateEnableInlineSuggestionsOnDecoderSideFlags():1293 inline flag updated to:false
10-22 00:15:12.305 21439 21439 I AssistStructure: Flattened final assist data: 2988 bytes, containing 1 windows, 17 views
10-22 00:15:12.317  1385  1385 I KeyboardWrapper: KeyboardWrapper.consumeEvent():287 Skip consuming an event as current keyboard is deactivated (state=0, keyboard existence=true)
10-22 00:15:12.358  3983  3983 W svc     : Pending fill request while another request in the same session was triggered. [CONTEXT service_id=177 ]
10-22 00:15:12.362  1385  1385 I KeyboardViewHelper: KeyboardViewHelper.getView():167 Get view with height ratio:1.000000
10-22 00:15:12.389  1008  1008 V InlineSuggestionRenderService: handleDestroySuggestionViews called for 0:1620779834
10-22 00:15:12.390  1385  1385 I KeyboardViewUtil: KeyboardViewUtil.calculateMaxKeyboardBodyHeight():62 leave 354 height for app when screen height:2274, header height:116 and isFullscreenMode:false, so the max keyboard body height is:1804
10-22 00:15:12.395  1385  1385 I NormalModeController: NormalModeController.getKeyboardBodyViewHolderPaddingBottom():109 currentPrimeKeyboardType:SOFT systemPaddingBottom:-1
10-22 00:15:12.397  1385  2206 I Delight5Decoder: Delight5DecoderWrapper.setKeyboardLayout():434 setKeyboardLayout()
10-22 00:15:12.402  1385  1385 I KeyboardViewUtil: KeyboardViewUtil.calculateMaxKeyboardBodyHeight():62 leave 354 height for app when screen height:2274, header height:116 and isFullscreenMode:false, so the max keyboard body height is:1804
10-22 00:15:12.406  1385  1385 I NormalModeController: NormalModeController.getKeyboardBodyViewHolderPaddingBottom():109 currentPrimeKeyboardType:SOFT systemPaddingBottom:-1
10-22 00:15:12.407  1385  1385 I AndroidIME: KeyboardViewManager.updateKeyboardBodyViewHolderPaddingBottom():513 Set finalPaddingBottom = 0 while keyboardBottomGapFromScreen = 0; navigationHeight = 126
10-22 00:15:12.407  1385  1385 I NormalModeController: NormalModeController.getKeyboardBodyViewHolderPaddingBottom():109 currentPrimeKeyboardType:SOFT systemPaddingBottom:-1
10-22 00:15:12.409  1385  1385 I AndroidIME: KeyboardViewManager.updateKeyboardBodyViewHolderPaddingBottom():513 Set finalPaddingBottom = 0 while keyboardBottomGapFromScreen = 0; navigationHeight = 126
10-22 00:15:12.419  1385  1385 I VoiceImeExtension: VoiceImeExtension.shouldStartVoiceInputAutomatically():354 No private IME option set to start voice input.
10-22 00:15:12.443   361   405 D goldfish-address-space: claimShared: Ask to claim region [0x3edfea000 0x3ee98b000]
10-22 00:15:12.458  8529  8529 D BoundBrokerSvc: onBind: Intent { act=com.google.android.gms.common.BIND_SHARED_PREFS pkg=com.google.android.gms }
10-22 00:15:12.459  8529  8529 D BoundBrokerSvc: Loading bound service for intent: Intent { act=com.google.android.gms.common.BIND_SHARED_PREFS pkg=com.google.android.gms }
10-22 00:15:12.461  1385  1385 I NormalModeController: NormalModeController.getKeyboardBodyViewHolderPaddingBottom():109 currentPrimeKeyboardType:SOFT systemPaddingBottom:-1
10-22 00:15:12.462  1385  2206 I Delight5Decoder: Delight5DecoderWrapper.setKeyboardLayout():434 setKeyboardLayout()
10-22 00:15:12.473   774   875 D EGL_emulation: app_time_stats: avg=323.66ms min=24.15ms max=1429.45ms count=5
10-22 00:15:12.484  8529  8529 D BoundBrokerSvc: onUnbind: Intent { act=com.google.android.gms.common.BIND_SHARED_PREFS pkg=com.google.android.gms }
10-22 00:15:12.503   361   405 D goldfish-address-space: claimShared: Ask to claim region [0x3ee98b000 0x3ef32c000]
10-22 00:15:12.518 21439 21439 D InsetsController: show(ime(), fromIme=true)
10-22 00:15:12.554   361   405 D goldfish-address-space: claimShared: Ask to claim region [0x3ef32c000 0x3efccd000]
10-22 00:15:12.573 21439 21439 D UiControllerImpl: Injecting string: "Cocktails Test User"
10-22 00:15:12.582  8529  8529 D BoundBrokerSvc: onBind: Intent { act=com.google.android.gms.common.BIND_SHARED_PREFS pkg=com.google.android.gms }
10-22 00:15:12.583  8529  8529 D BoundBrokerSvc: Loading bound service for intent: Intent { act=com.google.android.gms.common.BIND_SHARED_PREFS pkg=com.google.android.gms }
10-22 00:15:12.610  8529  8529 D BoundBrokerSvc: onUnbind: Intent { act=com.google.android.gms.common.BIND_SHARED_PREFS pkg=com.google.android.gms }
10-22 00:15:12.792  1385  1385 I InlineSuggestionCandidateViewController: InlineSuggestionCandidateViewController.textCandidatesUpdated():621 Not showing inline suggestion tooltip v2; has candidates
10-22 00:15:12.928  1385  1385 W InputContextProxyV4: InputContextProxyV4.applyClientDiffInternal():880 Ignore [FetchSuggestions] diff due to stale request: 8786<8788, inputStateId=8430, lastInputStateId=8431
10-22 00:15:12.963  1385  1385 W InputContextProxyV4: InputContextProxyV4.applyClientDiffInternal():880 Ignore [FetchSuggestions] diff due to stale request: 8788<8790, inputStateId=8432, lastInputStateId=8433
10-22 00:15:13.002  1385  1385 I InlineSuggestionCandidateViewController: InlineSuggestionCandidateViewController.textCandidatesUpdated():621 Not showing inline suggestion tooltip v2; has candidates
10-22 00:15:13.068  1385  2206 I native  : I1022 00:15:13.068609    2206 input-context-store.cc:238] Ignoring stale client request for FetchSuggestions
10-22 00:15:13.116  1385  1385 W InputContextProxyV4: InputContextProxyV4.applyClientDiffInternal():880 Ignore [FetchSuggestions] diff due to stale request: 8792<8794, inputStateId=8436, lastInputStateId=8436
10-22 00:15:13.128  1385  1385 I InlineSuggestionCandidateViewController: InlineSuggestionCandidateViewController.textCandidatesUpdated():621 Not showing inline suggestion tooltip v2; has candidates
10-22 00:15:13.191  1385  1385 W InputContextProxyV4: InputContextProxyV4.applyClientDiffInternal():880 Ignore [FetchSuggestions] diff due to stale request: 8796<8798, inputStateId=8439, lastInputStateId=8440
10-22 00:15:13.214 21439 21462 D EGL_emulation: app_time_stats: avg=59.00ms min=16.51ms max=290.69ms count=17
10-22 00:15:13.246  1385  1385 I InlineSuggestionCandidateViewController: InlineSuggestionCandidateViewController.textCandidatesUpdated():621 Not showing inline suggestion tooltip v2; has candidates
10-22 00:15:13.295  1385  1385 I InlineSuggestionCandidateViewController: InlineSuggestionCandidateViewController.textCandidatesUpdated():621 Not showing inline suggestion tooltip v2; has candidates
10-22 00:15:13.346  1385  1385 W InputContextProxyV4: InputContextProxyV4.applyClientDiffInternal():880 Ignore [FetchSuggestions] diff due to stale request: 8803<8805, inputStateId=8446, lastInputStateId=8447
10-22 00:15:13.367  1385  1385 I InlineSuggestionCandidateViewController: InlineSuggestionCandidateViewController.textCandidatesUpdated():621 Not showing inline suggestion tooltip v2; has candidates
10-22 00:15:13.417  1385  1385 I InlineSuggestionCandidateViewController: InlineSuggestionCandidateViewController.textCandidatesUpdated():621 Not showing inline suggestion tooltip v2; has candidates
10-22 00:15:13.496  1385  1385 I InlineSuggestionCandidateViewController: InlineSuggestionCandidateViewController.textCandidatesUpdated():621 Not showing inline suggestion tooltip v2; has candidates
10-22 00:15:13.547  1385  1385 I InlineSuggestionCandidateViewController: InlineSuggestionCandidateViewController.textCandidatesUpdated():621 Not showing inline suggestion tooltip v2; has candidates
10-22 00:15:13.555  1385  1385 I KeyboardViewController: KeyboardViewController.lambda$showSelfAndAncestors$6():594 current view doesn't has the priority com.google.android.apps.inputmethod.libs.framework.keyboard.widget.AccessPointsBar{38333e6 I.E...... ......ID 95,0-975,116 #7f0b0017 app:id/0_resource_name_obfuscated} to show itself, DEFAULT
10-22 00:15:13.567  1385  2053 D EGL_emulation: app_time_stats: avg=75.00ms min=23.85ms max=194.51ms count=14
10-22 00:15:13.600  1385  1385 I InlineSuggestionCandidateViewController: InlineSuggestionCandidateViewController.textCandidatesUpdated():621 Not showing inline suggestion tooltip v2; has candidates
10-22 00:15:13.614  1385  2206 I native  : I1022 00:15:13.614753    2206 input-context-store.cc:178] Using roll back input context for operation: [FetchSuggestions] rolled back operation: [OverrideDecodedCandidates] reason: client [8460] vs decoder [8462]
10-22 00:15:13.626  1385  1385 W InputContextProxyV4: InputContextProxyV4.applyClientDiffInternal():880 Ignore [FetchSuggestions] diff due to stale request: 8818<8819, inputStateId=8462, lastInputStateId=8460
10-22 00:15:13.627  1385  1385 I InlineSuggestionCandidateViewController: InlineSuggestionCandidateViewController.textCandidatesUpdated():621 Not showing inline suggestion tooltip v2; has candidates
10-22 00:15:13.740  1385  1385 W InputContextProxyV4: InputContextProxyV4.applyClientDiffInternal():880 Ignore [FetchSuggestions] diff due to stale request: 8821<8824, inputStateId=8466, lastInputStateId=8468
10-22 00:15:13.750  1385  1385 I InlineSuggestionCandidateViewController: InlineSuggestionCandidateViewController.textCandidatesUpdated():621 Not showing inline suggestion tooltip v2; has candidates
10-22 00:15:13.777  1385  1385 I InlineSuggestionCandidateViewController: InlineSuggestionCandidateViewController.textCandidatesUpdated():621 Not showing inline suggestion tooltip v2; has candidates
10-22 00:15:13.834  1385  1385 I InlineSuggestionCandidateViewController: InlineSuggestionCandidateViewController.textCandidatesUpdated():621 Not showing inline suggestion tooltip v2; has candidates
10-22 00:15:13.834 21439 21439 I ViewInteraction: Performing 'replace text()' action on view view.getId() is <2131296468/com.example.cocktailsdbapp:id/et_email_input>
10-22 00:15:13.836  1385  1385 I KeyboardViewController: KeyboardViewController.lambda$showSelfAndAncestors$6():594 current view doesn't has the priority com.google.android.apps.inputmethod.libs.framework.keyboard.widget.AccessPointsBar{38333e6 I.E...... ......ID 95,0-975,116 #7f0b0017 app:id/0_resource_name_obfuscated} to show itself, DEFAULT
10-22 00:15:13.864 21439 21439 I ViewInteraction: Performing 'type text(cocktailstest@example.com)' action on view view.getId() is <2131296468/com.example.cocktailsdbapp:id/et_email_input>
10-22 00:15:13.930  1385  1385 I GoogleInputMethodService: GoogleInputMethodService.onFinishInputView():2365
10-22 00:15:13.931  1385  1385 I InlineSuggestionCandidateViewController: InlineSuggestionCandidateViewController.setInlineSuggestionCandidateImpl():1163 set  to inlineSuggestionTextView
10-22 00:15:13.933 21439 21439 D InputMethodManager: showSoftInput() view=androidx.appcompat.widget.AppCompatEditText{1d88207 VFED..CL. .F.P..ID 119,418-959,526 #7f0900d4 app:id/et_email_input aid=1073741828} flags=0 reason=SHOW_SOFT_INPUT
10-22 00:15:13.948  1385  1385 I KeyboardWrapper: KeyboardWrapper.consumeEvent():287 Skip consuming an event as current keyboard is deactivated (state=0, keyboard existence=true)
10-22 00:15:13.949  1385  1385 I VoiceInputManagerWrapper: VoiceInputManagerWrapper.shutdown():76 shutdown()
10-22 00:15:13.950  1385  1385 I AndroidIME: AbstractIme.onDeactivate():207 LatinIme.onDeactivate()
10-22 00:15:13.951  1385  1385 I GoogleInputMethodService: GoogleInputMethodService.onFinishInput():3420
10-22 00:15:13.952  1385  2206 W Delight5Decoder: Delight5DecoderWrapper.shouldAbandonMessage():1874 Detected old [FetchSuggestions] request in background: 8830<8831
10-22 00:15:13.954  1385  1385 I GoogleInputMethodService: GoogleInputMethodService.onStartInput():2002
10-22 00:15:13.958  1385  1385 I DeviceUnlockedTag: DeviceUnlockedTag.notifyDeviceLockStatusChanged():31 Notify device unlocked.
10-22 00:15:13.959  1385  1385 I GoogleInputMethodService: GoogleInputMethodService.onStartInputView():2148
10-22 00:15:13.964  1385  1385 I DeviceUnlockedTag: DeviceUnlockedTag.notifyDeviceLockStatusChanged():31 Notify device unlocked.
10-22 00:15:13.966   361   405 D goldfish-address-space: claimShared: Ask to claim region [0x3efccd000 0x3efd1a000]
10-22 00:15:13.967  1385  1385 I KeyboardViewUtil: KeyboardViewUtil.getKeyboardHeightRatio():166 systemKeyboardHeightRatio:1.000000; userKeyboardHeightRatio:1.000000.
10-22 00:15:13.968  1385  1385 I AndroidIME: AbstractIme.onActivate():86 LatinIme.onActivate() : EditorInfo = inputType=Email imeActionName=NEXT dump=[inputType=0x21 imeOptions=0xc000005 privateImeOptions=null actionLabel=null actionId=0 initialSelStart=0 initialSelEnd=0 initialCapsMode=0x0 hintText=email label=null packageName=com.example.cocktailsdbapp autofillId=1073741828 fieldId=2131296468 fieldName=null extras=Bundle[{android.support.text.emoji.emojiCompat_metadataVersion=8, android.support.text.emoji.emojiCompat_replaceAll=false}] hintLocales=null contentMimeTypes=null ], IncognitoMode = false, DeviceLocked = false
10-22 00:15:13.970  1385  1385 I Delight5Facilitator: Delight5Facilitator.initializeForIme():718 initializeForIme() : Locale = [en_US], layout = qwerty
10-22 00:15:13.972  1385  1385 I VoiceInputManagerWrapper: VoiceInputManagerWrapper.cancelShutdown():54 cancelShutdown()
10-22 00:15:13.973  1385  1385 I VoiceInputManagerWrapper: VoiceInputManagerWrapper.syncLanguagePacks():66 syncLanguagePacks()
10-22 00:15:13.974  1385  5303 I SpeechFactory: SpeechRecognitionFactory.maybeScheduleAutoPackDownloadForFallback():182 maybeScheduleAutoPackDownloadForFallback()
10-22 00:15:13.974  1385  5303 I FallbackOnDeviceRecognitionProvider: FallbackOnDeviceRecognitionProvider.maybeScheduleAutoPackDownload():194 maybeScheduleAutoPackDownload() for language tag en-US
10-22 00:15:13.974  1385  1385 I LatinIme: LatinIme.updateEnableInlineSuggestionsOnDecoderSideFlags():1293 inline flag updated to:false
10-22 00:15:13.976   361   405 D goldfish-address-space: claimShared: Ask to claim region [0x3efd1a000 0x3efd67000]
10-22 00:15:13.984  1385  1385 I KeyboardWrapper: KeyboardWrapper.consumeEvent():287 Skip consuming an event as current keyboard is deactivated (state=0, keyboard existence=true)
10-22 00:15:13.990   361   405 D goldfish-address-space: claimShared: Ask to claim region [0x3efd67000 0x3efdb4000]
10-22 00:15:13.990  1385  1385 I KeyboardViewUtil: KeyboardViewUtil.calculateMaxKeyboardBodyHeight():62 leave 354 height for app when screen height:2274, header height:116 and isFullscreenMode:false, so the max keyboard body height is:1804
10-22 00:15:14.008  1385  1385 I NormalModeController: NormalModeController.getKeyboardBodyViewHolderPaddingBottom():109 currentPrimeKeyboardType:SOFT systemPaddingBottom:-1
10-22 00:15:14.009  1385  1385 I KeyboardViewUtil: KeyboardViewUtil.calculateMaxKeyboardBodyHeight():62 leave 354 height for app when screen height:2274, header height:116 and isFullscreenMode:false, so the max keyboard body height is:1804
10-22 00:15:14.011  1385  2206 I Delight5Decoder: Delight5DecoderWrapper.setKeyboardLayout():434 setKeyboardLayout()
10-22 00:15:14.012  1385  1385 I NormalModeController: NormalModeController.getKeyboardBodyViewHolderPaddingBottom():109 currentPrimeKeyboardType:SOFT systemPaddingBottom:-1
10-22 00:15:14.013  1385  1385 I AndroidIME: KeyboardViewManager.updateKeyboardBodyViewHolderPaddingBottom():513 Set finalPaddingBottom = 0 while keyboardBottomGapFromScreen = 0; navigationHeight = 126
10-22 00:15:14.013  1385  1385 I NormalModeController: NormalModeController.getKeyboardBodyViewHolderPaddingBottom():109 currentPrimeKeyboardType:SOFT systemPaddingBottom:-1
10-22 00:15:14.014  1385  1385 I AndroidIME: KeyboardViewManager.updateKeyboardBodyViewHolderPaddingBottom():513 Set finalPaddingBottom = 0 while keyboardBottomGapFromScreen = 0; navigationHeight = 126
10-22 00:15:14.015  1385  1385 I CurrentMicStatusHolder: CurrentMicStatusHolder.onStartInputView():79 Current Mic status = {MicIconHidden-EmailInputType,}
10-22 00:15:14.015  1385  1385 I VoiceImeExtension: VoiceImeExtension.shouldStartVoiceInputAutomatically():354 No private IME option set to start voice input.
10-22 00:15:14.031 21439 21439 W IInputConnectionWrapper: setComposingRegion on inactive InputConnection
10-22 00:15:14.038 21439 21439 D InsetsController: show(ime(), fromIme=true)
10-22 00:15:14.038 21439 21439 D InsetsController: show(ime(), fromIme=true)
10-22 00:15:14.051  8529  8529 D BoundBrokerSvc: onBind: Intent { act=com.google.android.gms.common.BIND_SHARED_PREFS pkg=com.google.android.gms }
10-22 00:15:14.052  8529  8529 D BoundBrokerSvc: Loading bound service for intent: Intent { act=com.google.android.gms.common.BIND_SHARED_PREFS pkg=com.google.android.gms }
10-22 00:15:14.062  8529  8529 D BoundBrokerSvc: onUnbind: Intent { act=com.google.android.gms.common.BIND_SHARED_PREFS pkg=com.google.android.gms }
10-22 00:15:14.069  8529  8529 D BoundBrokerSvc: onBind: Intent { act=com.google.android.gms.common.BIND_SHARED_PREFS pkg=com.google.android.gms }
10-22 00:15:14.069  8529  8529 D BoundBrokerSvc: Loading bound service for intent: Intent { act=com.google.android.gms.common.BIND_SHARED_PREFS pkg=com.google.android.gms }
10-22 00:15:14.075  8529  8529 D BoundBrokerSvc: onUnbind: Intent { act=com.google.android.gms.common.BIND_SHARED_PREFS pkg=com.google.android.gms }
10-22 00:15:14.258 21439 21439 D UiControllerImpl: Injecting string: "cocktailstest@example.com"
10-22 00:15:14.279 21439 21462 D EGL_emulation: app_time_stats: avg=48.22ms min=12.56ms max=240.04ms count=22
10-22 00:15:14.348  1385  1385 W InputContextProxyV4: InputContextProxyV4.applyClientDiffInternal():880 Ignore [FetchSuggestions] diff due to stale request: 8835<8839, inputStateId=8479, lastInputStateId=8482
10-22 00:15:14.355  1385  2206 I native  : I1022 00:15:14.355830    2206 input-context-store.cc:238] Ignoring stale client request for FetchSuggestions
10-22 00:15:14.358  1385  1385 W InputContextProxyV4: InputContextProxyV4.applyClientDiffInternal():880 Ignore [FetchSuggestions] diff due to stale request: 8838<8840, inputStateId=8482, lastInputStateId=8482
10-22 00:15:14.365  1385  1385 I InlineSuggestionCandidateViewController: InlineSuggestionCandidateViewController.textCandidatesUpdated():621 Not showing inline suggestion tooltip v2; has candidates
10-22 00:15:14.365   572  1656 W InputManager-JNI: Input channel object 'c9914b8 PopupWindow:8c13625 (client)' was disposed without first being removed with the input manager!
10-22 00:15:14.467  1385  1385 W InputContextProxyV4: InputContextProxyV4.applyClientDiffInternal():880 Ignore [FetchSuggestions] diff due to stale request: 8842<8843, inputStateId=8485, lastInputStateId=8486
10-22 00:15:14.509  1385  1385 W InputContextProxyV4: InputContextProxyV4.applyClientDiffInternal():880 Ignore [FetchSuggestions] diff due to stale request: 8844<8845, inputStateId=8487, lastInputStateId=8488
10-22 00:15:14.550  1385  1385 I InlineSuggestionCandidateViewController: InlineSuggestionCandidateViewController.textCandidatesUpdated():621 Not showing inline suggestion tooltip v2; has candidates
10-22 00:15:14.590  1385  1385 I InlineSuggestionCandidateViewController: InlineSuggestionCandidateViewController.textCandidatesUpdated():621 Not showing inline suggestion tooltip v2; has candidates
10-22 00:15:14.638  1385  2053 D EGL_emulation: app_time_stats: avg=89.08ms min=10.07ms max=351.95ms count=12
10-22 00:15:14.646  1385  1385 W InputContextProxyV4: InputContextProxyV4.applyClientDiffInternal():880 Ignore [FetchSuggestions] diff due to stale request: 8850<8852, inputStateId=8493, lastInputStateId=8494
10-22 00:15:14.677  1385  1385 W InputContextProxyV4: InputContextProxyV4.applyClientDiffInternal():880 Ignore [FetchSuggestions] diff due to stale request: 8852<8854, inputStateId=8495, lastInputStateId=8496
10-22 00:15:14.681  1385  1385 I InlineSuggestionCandidateViewController: InlineSuggestionCandidateViewController.textCandidatesUpdated():621 Not showing inline suggestion tooltip v2; has candidates
10-22 00:15:14.746  1385  1385 W InputContextProxyV4: InputContextProxyV4.applyClientDiffInternal():880 Ignore [FetchSuggestions] diff due to stale request: 8856<8857, inputStateId=8499, lastInputStateId=8500
10-22 00:15:14.780  1385  1385 W InputContextProxyV4: InputContextProxyV4.applyClientDiffInternal():880 Ignore [FetchSuggestions] diff due to stale request: 8858<8860, inputStateId=8501, lastInputStateId=8502
10-22 00:15:14.826  1385  1385 W InputContextProxyV4: InputContextProxyV4.applyClientDiffInternal():880 Ignore [FetchSuggestions] diff due to stale request: 8860<8862, inputStateId=8503, lastInputStateId=8504
10-22 00:15:14.867  1385  1385 W InputContextProxyV4: InputContextProxyV4.applyClientDiffInternal():880 Ignore [FetchSuggestions] diff due to stale request: 8862<8863, inputStateId=8505, lastInputStateId=8504
10-22 00:15:14.870  1385  1385 I InlineSuggestionCandidateViewController: InlineSuggestionCandidateViewController.textCandidatesUpdated():621 Not showing inline suggestion tooltip v2; has candidates
10-22 00:15:14.952  1385  2206 I native  : I1022 00:15:14.952052    2206 input-context-store.cc:161] Ignoring stale client request for FetchSuggestions
10-22 00:15:14.964  1385  1385 W InputContextProxyV4: InputContextProxyV4.applyClientDiffInternal():880 Ignore [FetchSuggestions] diff due to stale request: 8867<8870, inputStateId=0, lastInputStateId=8511
10-22 00:15:15.301 21439 21462 D EGL_emulation: app_time_stats: avg=36.38ms min=11.00ms max=72.16ms count=27
10-22 00:15:15.403 21439 21439 I ViewInteraction: Performing 'replace text()' action on view view.getId() is <2131296470/com.example.cocktailsdbapp:id/et_password_input>
10-22 00:15:15.431 21439 21439 I ViewInteraction: Performing 'type text(password123)' action on view view.getId() is <2131296470/com.example.cocktailsdbapp:id/et_password_input>
10-22 00:15:15.500  1385  1385 I GoogleInputMethodService: GoogleInputMethodService.onFinishInputView():2365
10-22 00:15:15.502  1385  1385 I InlineSuggestionCandidateViewController: InlineSuggestionCandidateViewController.setInlineSuggestionCandidateImpl():1163 set  to inlineSuggestionTextView
10-22 00:15:15.502 21439 21439 D InputMethodManager: showSoftInput() view=androidx.appcompat.widget.AppCompatEditText{937af34 VFED..CL. .F.P..ID 119,552-959,660 #7f0900d6 app:id/et_password_input aid=1073741829} flags=0 reason=SHOW_SOFT_INPUT
10-22 00:15:15.507  1385  1385 I KeyboardWrapper: KeyboardWrapper.consumeEvent():287 Skip consuming an event as current keyboard is deactivated (state=0, keyboard existence=true)
10-22 00:15:15.509  1385  1385 I VoiceInputManagerWrapper: VoiceInputManagerWrapper.shutdown():76 shutdown()
10-22 00:15:15.514  1385  1385 I AndroidIME: AbstractIme.onDeactivate():207 LatinIme.onDeactivate()
10-22 00:15:15.518  1385  1385 I GoogleInputMethodService: GoogleInputMethodService.onFinishInput():3420
10-22 00:15:15.521  1385  1385 I GoogleInputMethodService: GoogleInputMethodService.onStartInput():2002
10-22 00:15:15.529  1385  1385 I DeviceUnlockedTag: DeviceUnlockedTag.notifyDeviceLockStatusChanged():31 Notify device unlocked.
10-22 00:15:15.531  1385  1385 I GoogleInputMethodService: GoogleInputMethodService.onStartInputView():2148
10-22 00:15:15.542  1385  1385 I DeviceUnlockedTag: DeviceUnlockedTag.notifyDeviceLockStatusChanged():31 Notify device unlocked.
10-22 00:15:15.550   361   405 D goldfish-address-space: claimShared: Ask to claim region [0x3efccd000 0x3efd1a000]
10-22 00:15:15.563   361   405 D goldfish-address-space: claimShared: Ask to claim region [0x3efd1a000 0x3efd67000]
10-22 00:15:15.573   361   405 D goldfish-address-space: claimShared: Ask to claim region [0x3efd67000 0x3efdb4000]
10-22 00:15:15.600  1385  1385 I KeyboardViewUtil: KeyboardViewUtil.getKeyboardHeightRatio():166 systemKeyboardHeightRatio:1.000000; userKeyboardHeightRatio:1.000000.
10-22 00:15:15.602  1385  1385 I AndroidIME: AbstractIme.onActivate():86 PasswordIme.onActivate() : EditorInfo = inputType=Password imeActionName=DONE dump=[inputType=0x81 imeOptions=0x4000006 privateImeOptions=null actionLabel=null actionId=0 initialSelStart=0 initialSelEnd=0 initialCapsMode=0x0 hintText=password label=null packageName=com.example.cocktailsdbapp autofillId=1073741829 fieldId=2131296470 fieldName=null extras=Bundle[{android.support.text.emoji.emojiCompat_metadataVersion=8, android.support.text.emoji.emojiCompat_replaceAll=false}] hintLocales=null contentMimeTypes=null ], IncognitoMode = false, DeviceLocked = false
10-22 00:15:15.614  1385  1385 I KeyboardViewHelper: KeyboardViewHelper.getView():167 Get view with height ratio:1.000000
10-22 00:15:15.620  1385  1385 I KeyboardViewUtil: KeyboardViewUtil.calculateMaxKeyboardBodyHeight():62 leave 354 height for app when screen height:2274, header height:116 and isFullscreenMode:false, so the max keyboard body height is:1804
10-22 00:15:15.621  1385  1385 I InlineSuggestionCandidateViewController: InlineSuggestionCandidateViewController.setInlineSuggestionCandidateImpl():1163 set  to inlineSuggestionTextView
10-22 00:15:15.623  1385  1385 I KeyboardViewUtil: KeyboardViewUtil.calculateMaxKeyboardBodyHeight():62 leave 354 height for app when screen height:2274, header height:116 and isFullscreenMode:false, so the max keyboard body height is:1804
10-22 00:15:15.624  1385  1385 I NormalModeController: NormalModeController.getKeyboardBodyViewHolderPaddingBottom():109 currentPrimeKeyboardType:SOFT systemPaddingBottom:-1
10-22 00:15:15.625  1385  1385 I AndroidIME: KeyboardViewManager.updateKeyboardBodyViewHolderPaddingBottom():513 Set finalPaddingBottom = 0 while keyboardBottomGapFromScreen = 0; navigationHeight = 126
10-22 00:15:15.626  1385  1385 I NormalModeController: NormalModeController.getKeyboardBodyViewHolderPaddingBottom():109 currentPrimeKeyboardType:SOFT systemPaddingBottom:-1
10-22 00:15:15.627  1385  1385 I AndroidIME: KeyboardViewManager.updateKeyboardBodyViewHolderPaddingBottom():513 Set finalPaddingBottom = 0 while keyboardBottomGapFromScreen = 0; navigationHeight = 126
10-22 00:15:15.630  1385  1385 I CurrentMicStatusHolder: CurrentMicStatusHolder.onStartInputView():79 Current Mic status = {MicIconHidden-SettingOff,MicIconHidden-PasswordOrNumberOrDateInputType,}
10-22 00:15:15.632  1385  1385 I VoiceImeExtension: VoiceImeExtension.shouldStartVoiceInputAutomatically():354 No private IME option set to start voice input.
10-22 00:15:15.652  8529  8529 D BoundBrokerSvc: onBind: Intent { act=com.google.android.gms.common.BIND_SHARED_PREFS pkg=com.google.android.gms }
10-22 00:15:15.652  8529  8529 D BoundBrokerSvc: Loading bound service for intent: Intent { act=com.google.android.gms.common.BIND_SHARED_PREFS pkg=com.google.android.gms }
10-22 00:15:15.653 21439 21439 D InsetsController: show(ime(), fromIme=true)
10-22 00:15:15.661 21439 21439 D InsetsController: show(ime(), fromIme=true)
10-22 00:15:15.667  1385  2053 D EGL_emulation: app_time_stats: avg=171.45ms min=63.24ms max=585.82ms count=6
10-22 00:15:15.673  8529  8529 D BoundBrokerSvc: onUnbind: Intent { act=com.google.android.gms.common.BIND_SHARED_PREFS pkg=com.google.android.gms }
10-22 00:15:15.683  8529  8529 D BoundBrokerSvc: onBind: Intent { act=com.google.android.gms.common.BIND_SHARED_PREFS pkg=com.google.android.gms }
10-22 00:15:15.683  8529  8529 D BoundBrokerSvc: Loading bound service for intent: Intent { act=com.google.android.gms.common.BIND_SHARED_PREFS pkg=com.google.android.gms }
10-22 00:15:15.694  8529  8529 D BoundBrokerSvc: onUnbind: Intent { act=com.google.android.gms.common.BIND_SHARED_PREFS pkg=com.google.android.gms }
10-22 00:15:15.813 21439 21439 D UiControllerImpl: Injecting string: "password123"
10-22 00:15:15.886   572  2170 W InputManager-JNI: Input channel object '8351932 PopupWindow:43ac532 (client)' was disposed without first being removed with the input manager!
10-22 00:15:16.148 21439 21439 I ViewInteraction: Performing 'single click' action on view view.getId() is <2131296379/com.example.cocktailsdbapp:id/bt_register>
10-22 00:15:16.282   361   405 D goldfish-address-space: claimShared: Ask to claim region [0x3efccd000 0x3efe8e000]
10-22 00:15:16.286   361   405 D goldfish-address-space: claimShared: Ask to claim region [0x3ecca8000 0x3ece69000]
10-22 00:15:16.288   361   405 D goldfish-address-space: claimShared: Ask to claim region [0x3ece69000 0x3ed02a000]
10-22 00:15:16.314 21439 21462 D EGL_emulation: app_time_stats: avg=33.94ms min=5.11ms max=233.49ms count=29
10-22 00:15:16.348   774   875 D EGL_emulation: app_time_stats: avg=254.17ms min=4.05ms max=3479.39ms count=15
10-22 00:15:17.627 21439 21439 I ViewInteraction: Checking 'MatchesViewAssertion{viewMatcher=(view has effective visibility <VISIBLE> and view.getGlobalVisibleRect() to return non-empty rectangle)}' assertion on view an instance of android.widget.TextView and view.getText() with or without transformation to match: is "Registration Successful!"
10-22 00:15:17.628 21439 21462 D EGL_emulation: app_time_stats: avg=28.93ms min=12.60ms max=582.05ms count=45
10-22 00:15:17.634 21439 21439 I ViewInteraction: Performing 'single click' action on view an instance of android.widget.TextView and view.getText() with or without transformation to match: is "OK"
10-22 00:15:17.715 21439 21462 D EGL_emulation: app_time_stats: avg=127.58ms min=7.86ms max=1252.95ms count=11
10-22 00:15:17.731 21439 21462 D OpenGLRenderer: endAllActiveAnimators on 0x7a172f0c3e90 (RippleDrawable) with handle 0x7a163ef79f70
10-22 00:15:17.734   572  1815 W InputManager-JNI: Input channel object '5149b2e com.example.cocktailsdbapp/com.example.cocktailsdbapp.MainActivity (client)' was disposed without first being removed with the input manager!
10-22 00:15:17.760   774   875 D EGL_emulation: app_time_stats: avg=155.45ms min=9.56ms max=1281.84ms count=9
10-22 00:15:17.805 21439 21767 I okhttp.OkHttpClient: --> GET https://www.thecocktaildb.com/api/json/v1/1/filter.php?a=Alcoholic
10-22 00:15:17.812 21439 21767 I okhttp.OkHttpClient: --> END GET
10-22 00:15:17.879 21439 21439 E RecyclerView: No adapter attached; skipping layout
10-22 00:15:17.893 21439 21767 I okhttp.OkHttpClient: <-- 200 https://www.thecocktaildb.com/api/json/v1/1/filter.php?a=Alcoholic (76ms)
10-22 00:15:17.895 21439 21767 I okhttp.OkHttpClient: date: Tue, 21 Oct 2025 22:15:18 GMT
10-22 00:15:17.900  1385  1385 I GoogleInputMethodService: GoogleInputMethodService.onFinishInputView():2365
10-22 00:15:17.901  1385  1385 I AndroidIME: AbstractIme.onDeactivate():207 PasswordIme.onDeactivate()
10-22 00:15:17.926  1385  1385 I GoogleInputMethodService: GoogleInputMethodService.onFinishInput():3420
10-22 00:15:17.927  1385  1385 I GoogleInputMethodService: GoogleInputMethodService.onStartInput():2002
10-22 00:15:17.931  1385  1385 I DeviceUnlockedTag: DeviceUnlockedTag.notifyDeviceLockStatusChanged():31 Notify device unlocked.
10-22 00:15:17.931  1385  2053 D EGL_emulation: app_time_stats: avg=1130.60ms min=7.54ms max=2253.66ms count=2
10-22 00:15:17.937 21439 21767 I okhttp.OkHttpClient: content-type: application/json
10-22 00:15:17.937 21439 21767 I okhttp.OkHttpClient: server: cloudflare
10-22 00:15:17.937 21439 21767 I okhttp.OkHttpClient: x-powered-by: PHP/7.4.33
10-22 00:15:17.946 21439 21767 I okhttp.OkHttpClient: access-control-allow-origin: *
10-22 00:15:17.946 21439 21767 I okhttp.OkHttpClient: cf-cache-status: DYNAMIC
10-22 00:15:17.946 21439 21767 I okhttp.OkHttpClient: nel: {"report_to":"cf-nel","success_fraction":0.0,"max_age":604800}
10-22 00:15:17.947 21439 21767 I okhttp.OkHttpClient: server-timing: cfCacheStatus;desc="DYNAMIC"
10-22 00:15:17.947 21439 21767 I okhttp.OkHttpClient: server-timing: cfEdge;dur=4,cfOrigin;dur=41
10-22 00:15:17.948 21439 21767 I okhttp.OkHttpClient: report-to: {"group":"cf-nel","max_age":604800,"endpoints":[{"url":"https://a.nel.cloudflare.com/report/v4?s=I6lojCGNEL3kPEzQ%2BDP7tpgo2KEPrFO4ET1kIvNa%2FoWQ4eZjCCoozzU17NtS9%2FOrpR0ejFqAakHhXopaPxxb53MCvIqkYxPE1EZXX1Af4SiaAyc%3D"}]}
10-22 00:15:17.949 21439 21767 I okhttp.OkHttpClient: cf-ray: 99241ce53e1efa43-BEG
10-22 00:15:17.949 21439 21767 I okhttp.OkHttpClient: alt-svc: h3=":443"; ma=86400
10-22 00:15:17.962 21439 21767 I okhttp.OkHttpClient: {"drinks":[{"strDrink":"110 in the shade","strDrinkThumb":"https:\/\/www.thecocktaildb.com\/images\/media\/drink\/xxyywq1454511117.jpg","idDrink":"15423"},{"strDrink":"151 Florida Bushwacker","strDrinkThumb":"https:\/\/www.thecocktaildb.com\/images\/media\/drink\/rvwrvv1468877323.jpg","idDrink":"14588"},{"strDrink":"155 Belmont","strDrinkThumb":"https:\/\/www.thecocktaildb.com\/images\/media\/drink\/yqvvqs1475667388.jpg","idDrink":"15346"},{"strDrink":"24k nightmare","strDrinkThumb":"https:\/\/www.thecocktaildb.com\/images\/media\/drink\/yyrwty1468877498.jpg","idDrink":"17060"},{"strDrink":"252","strDrinkThumb":"https:\/\/www.thecocktaildb.com\/images\/media\/drink\/rtpxqw1468877562.jpg","idDrink":"15288"},{"strDrink":"3 Wise Men","strDrinkThumb":"https:\/\/www.thecocktaildb.com\/images\/media\/drink\/wxqpyw1468877677.jpg","idDrink":"13899"},{"strDrink":"3-Mile Long Island Iced Tea","strDrinkThumb":"https:\/\/www.thecocktaildb.com\/images\/media\/drink\/rrtssw1472668972.jpg","idDrink":"15300"},{"strDrink":"410 Gone","strDrinkThumb":"https:\/\/www.thecocktaildb.com\/images\/media\/drink\/xtuyqv1472669026.jpg","idDrink":"13581"},{"strDrink":"50\/50","strDrinkThumb":"https:\/\/www.thecocktaildb.com\/images\/media\/drink\/wwpyvr1461919316.jpg","idDrink":"14598"},{"strDrink":"501 Blue","strDrinkThumb":"https:\/\/www.thecocktaildb.com\/images\/media\/drink\/ywxwqs1461867097.jpg","idDrink":"17105"},{"strDrink":"57 Chevy with a White License Plate","strDrinkThumb":"https:\/\/www.thecocktaildb.com\/images\/media\/drink\/qyyvtu1468878544.jpg","idDrink":"14029"},{"strDrink":"69 Special","strDrinkThumb":"https:\/\/www.thecocktaildb.com\/images\/media\/drink\/vqyxqx1472669095.jpg","idDrink":"13940"},{"strDrink":"747","strDrinkThumb":"https:\/\/www.thecocktaildb.com\/images\/media\/drink\/xxsxqy1472668106.jpg","idDrink":"14229"},{"strDrink":"747 Drink","strDrinkThumb":"https:\/\/www.thecocktaildb.com\/images\/media\/drink\/i9suxb1582474926.jpg","idDrink":"178318"},{"strDrink":"9 1\/2 Weeks","strDrinkThumb":"https:\/\/www.thecocktaildb.com\/images\/media\/drink\/xvwusr1472669302.jpg","idDrink":"16108"},{"strDrink":"A Day at the Beach","strDrinkThumb":"https:\/\/www.thecocktaildb.com\/images\/media\/drink\/trptts1454514474.jpg","idDrink":"15200"},{"strDrink":"A Furlong Too Late","strDrinkThumb":"https:\/\/www.thecocktaildb.com\/images\/media\/drink\/ssxvww1472669166.jpg","idDrink":"17831"},{"strDrink":"A Gilligan's Island","strDrinkThumb":"https:\/\/www.thecocktaildb.com\/images\/media\/drink\/wysqut1461867176.jpg","idDrink":"16943"},{"strDrink":"A midsummernight dream","strDrinkThumb":"https:\/\/www.thecocktaildb.com\/images\/media\/drink\/ysqvqp1461867292.jpg","idDrink":"15675"},{"strDrink":"A Night In Old Mandalay","strDrinkThumb":"https:\/\/www.thecocktaildb.com\/images\/media\/drink\/vyrvxt1461919380.jpg","idDrink":"17832"},{"strDrink":"A Piece of Ass","strDrinkThumb":"https:\/\/www.thecocktaildb.com\/images\/media\/drink\/tqxyxx1472719737.jpg","idDrink":"16405"},{"strDrink":"A Splash of Nash","strDrinkThumb":"https:\/\/www.thecocktaildb.com\/images\/media\/drink\/rsvtrr1472668201.jpg","idDrink":"14564"},{"strDrink":"A True Amaretto Sour","strDrinkThumb":"https:\/\/www.thecocktaildb.com\/images\/media\/drink\/rptuxy1472669372.jpg","idDrink":"17005"},{"strDrink":"A. J.","strDrinkThumb":"https:\/\/www.thecocktaildb.com\/images\/media\/drink\/l74qo91582480316.jpg","idDrink":"17833"},{"strDrink":"A.D.M. (After Dinner Mint)","strDrinkThumb":"https:\/\/www.thecocktaildb.com\/images\/media\/drink\/ruxuvp1472669600.jpg","idDrink":"14560"},{"strDrink":"A1","strDrinkThumb":"https:\/\/www.thecocktaildb.com\/images\/media\/drink\/2x8thr1504816928.jpg","idDrink":"17222"},{"strDrink":"Abbey Cocktail","strDrinkThumb":"https:\/\/www.thecocktaildb.com\/images\/media\/drink\/mr30ob1582479875.jpg","idDrink":"17834"},{"strDrink":"Abbey Martini","strDrinkThumb":"https:\/\/www.thecocktaildb.com\/images\/media\/drink\/2mcozt1504817403.jpg","idDrink":"17223"},{
10-22 00:15:17.963 21439 21767 I okhttp.OkHttpClient: "strDrink":"ABC","strDrinkThumb":"https:\/\/www.thecocktaildb.com\/images\/media\/drink\/tqpvqp1472668328.jpg","idDrink":"13501"},{"strDrink":"Abilene","strDrinkThumb":"https:\/\/www.thecocktaildb.com\/images\/media\/drink\/smb2oe1582479072.jpg","idDrink":"17835"},{"strDrink":"Absinthe #2","strDrinkThumb":"https:\/\/www.thecocktaildb.com\/images\/media\/drink\/uxxtrt1472667197.jpg","idDrink":"12790"},{"strDrink":"Absolut Evergreen","strDrinkThumb":"https:\/\/www.thecocktaildb.com\/images\/media\/drink\/wrxrxp1472812609.jpg","idDrink":"14374"},{"strDrink":"Absolut limousine","strDrinkThumb":"https:\/\/www.thecocktaildb.com\/images\/media\/drink\/ssqpyw1472719844.jpg","idDrink":"14372"},{"strDrink":"Absolut Sex","strDrinkThumb":"https:\/\/www.thecocktaildb.com\/images\/media\/drink\/xtrvtx1472668436.jpg","idDrink":"14360"},{"strDrink":"Absolut Stress #2","strDrinkThumb":"https:\/\/www.thecocktaildb.com\/images\/media\/drink\/xuyqrw1472811825.jpg","idDrink":"15597"},{"strDrink":"Absolut Summertime","strDrinkThumb":"https:\/\/www.thecocktaildb.com\/images\/media\/drink\/trpxxs1472669662.jpg","idDrink":"14107"},{"strDrink":"Absolutely Cranberry Smash","strDrinkThumb":"https:\/\/www.thecocktaildb.com\/images\/media\/drink\/vqwstv1472811884.jpg","idDrink":"15024"},{"strDrink":"Absolutely Fabulous","strDrinkThumb":"https:\/\/www.thecocktaildb.com\/images\/media\/drink\/abcpwr1504817734.jpg","idDrink":"17224"},{"strDrink":"Absolutly Screwed Up","strDrinkThumb":"https:\/\/www.thecocktaildb.com\/images\/media\/drink\/yvxrwv1472669728.jpg","idDrink":"16134"},{"strDrink":"Acapulco","strDrinkThumb":"https:\/\/www.thecocktaildb.com\/images\/media\/drink\/il9e0r1582478841.jpg","idDrink":"17836"},{"strDrink":"Ace","strDrinkThumb":"https:\/\/www.thecocktaildb.com\/images\/media\/drink\/l3cd7f1504818306.jpg","idDrink":"17225"},{"strDrink":"ACID","strDrinkThumb":"https:\/\/www.thecocktaildb.com\/images\/media\/drink\/xuxpxt1479209317.jpg","idDrink":"14610"},{"strDrink":"Adam","strDrinkThumb":"https:\/\/www.thecocktaildb.com\/images\/media\/drink\/v0at4i1582478473.jpg","idDrink":"17837"},{"strDrink":"Adam & Eve","strDrinkThumb":"https:\/\/www.thecocktaildb.com\/images\/media\/drink\/vfeumw1504819077.jpg","idDrink":"17226"},{"strDrink":"Adam Bomb","strDrinkThumb":"https:\/\/www.thecocktaildb.com\/images\/media\/drink\/tpxurs1454513016.jpg","idDrink":"16333"},{"strDrink":"Adam Sunrise","strDrinkThumb":"https:\/\/www.thecocktaildb.com\/images\/media\/drink\/vtuyvu1472812112.jpg","idDrink":"15567"},{"strDrink":"Addington","strDrinkThumb":"https:\/\/www.thecocktaildb.com\/images\/media\/drink\/ib0b7g1504818925.jpg","idDrink":"17227"},{"strDrink":"Addison","strDrinkThumb":"https:\/\/www.thecocktaildb.com\/images\/media\/drink\/yzva7x1504820300.jpg","idDrink":"17228"},{"strDrink":"Addison Special","strDrinkThumb":"https:\/\/www.thecocktaildb.com\/images\/media\/drink\/4vo5651493068493.jpg","idDrink":"14272"},{"strDrink":"Adios Amigos Cocktail","strDrinkThumb":"https:\/\/www.thecocktaildb.com\/images\/media\/drink\/8nk2mp1504819893.jpg","idDrink":"17229"},{"strDrink":"Adonis Cocktail","strDrinkThumb":"https:\/\/www.thecocktaildb.com\/images\/media\/drink\/xrvruq1472812030.jpg","idDrink":"17838"},{"strDrink":"Affair","strDrinkThumb":"https:\/\/www.thecocktaildb.com\/images\/media\/drink\/h5za6y1582477994.jpg","idDrink":"17839"},{"strDrink":"Affinity","strDrinkThumb":"https:\/\/www.thecocktaildb.com\/images\/media\/drink\/wzdtnn1582477684.jpg","idDrink":"17840"},{"strDrink":"After Dinner Cocktail","strDrinkThumb":"https:\/\/www.thecocktaildb.com\/images\/media\/drink\/vtytxq1483387578.jpg","idDrink":"11010"},{"strDrink":"After Five","strDrinkThumb":"https:\/\/www.thecocktaildb.com\/images\/media\/drink\/sk3lr91493068595.jpg","idDrink":"13807"},{"strDrink":"After sex","strDrinkThumb":"https:\/\/www.thecocktaildb.com\/images\/media\/drink\/xrl66i1493068702.jpg","idDrink":"15182"},{"strDrink":"After Supper Cocktail","strDrinkThumb":"https:\/\/www.thecocktaildb
