10-22 00:15:20.014 21439 21456 I TestRunner: started: testCocktailsSearchAction(com.example.cocktailsdbapp.ui.cocktails.CocktailsFragmentTest)
10-22 00:15:20.037 21439 21456 W Settings: Setting always_finish_activities has moved from android.provider.Settings.System to android.provider.Settings.Global, returning read-only value.
10-22 00:15:20.074   774   863 D SplashScreenView: Build android.window.SplashScreenView{a3c2ad4 V.E...... ......ID 0,0-0,0}
10-22 00:15:20.074   774   863 D SplashScreenView: Icon: view: null drawable: null size: 0
10-22 00:15:20.074   774   863 D SplashScreenView: Branding: view: android.view.View{4a3047d G.ED..... ......I. 0,0-0,0 #10204a6 android:id/splashscreen_branding_view} drawable: null size w: 0 h: 0
10-22 00:15:20.133 21439 21439 D LifecycleMonitor: Lifecycle status change: com.example.cocktailsdbapp.MainActivity@7d47fd9 in: PRE_ON_CREATE
10-22 00:15:20.134 21439 21439 V ActivityScenario: Activity lifecycle changed event received but ignored because the reported transition was not ON_CREATE while the last known transition was PRE_ON_CREATE
10-22 00:15:20.139   361   405 D goldfish-address-space: claimShared: Ask to claim region [0x3ecca8000 0x3ed68c000]
10-22 00:15:20.151   361   405 D goldfish-address-space: claimShared: Ask to claim region [0x3f0000000 0x3f09e4000]
10-22 00:15:20.158   361   405 D goldfish-address-space: claimShared: Ask to claim region [0x3f354f000 0x3f3f33000]
10-22 00:15:20.199  1506  1506 I GsaVoiceInteractionSrv: Handling ACTION_STOP_HOTWORD
10-22 00:15:20.199  1506  1506 E HwDetectorWithState: a: 3
10-22 00:15:20.266   774   875 D EGL_emulation: app_time_stats: avg=1889.11ms min=30.09ms max=9236.07ms count=5
10-22 00:15:20.276   774   875 D EGL_emulation: app_time_stats: avg=113.43ms min=10.49ms max=2115.69ms count=22
10-22 00:15:20.436 21439 21439 D LifecycleMonitor: Lifecycle status change: com.example.cocktailsdbapp.MainActivity@7d47fd9 in: CREATED
10-22 00:15:20.437 21439 21439 V ActivityScenario: Update currentActivityStage to CREATED, currentActivity=com.example.cocktailsdbapp.MainActivity@7d47fd9
10-22 00:15:20.442 21439 21439 D LifecycleMonitor: Lifecycle status change: com.example.cocktailsdbapp.MainActivity@7d47fd9 in: STARTED
10-22 00:15:20.443 21439 21439 V ActivityScenario: Update currentActivityStage to STARTED, currentActivity=com.example.cocktailsdbapp.MainActivity@7d47fd9
10-22 00:15:20.447 21439 21439 D LifecycleMonitor: Lifecycle status change: com.example.cocktailsdbapp.MainActivity@7d47fd9 in: RESUMED
10-22 00:15:20.448 21439 21439 V ActivityScenario: Update currentActivityStage to RESUMED, currentActivity=com.example.cocktailsdbapp.MainActivity@7d47fd9
10-22 00:15:20.501   361   405 D goldfish-address-space: claimShared: Ask to claim region [0x3f4000000 0x3f49e4000]
10-22 00:15:20.516   361   405 D goldfish-address-space: claimShared: Ask to claim region [0x3f09e4000 0x3f13c8000]
10-22 00:15:20.526   361   405 D goldfish-address-space: claimShared: Ask to claim region [0x3f49e4000 0x3f53c8000]
10-22 00:15:20.635   572   599 I ActivityTaskManager: Displayed com.example.cocktailsdbapp/.MainActivity: +564ms
10-22 00:15:20.702  1385  1385 I GoogleInputMethodService: GoogleInputMethodService.onFinishInput():3420
10-22 00:15:20.702  1385  1385 I GoogleInputMethodService: GoogleInputMethodService.onStartInput():2002
10-22 00:15:20.712  1385  1385 I DeviceUnlockedTag: DeviceUnlockedTag.notifyDeviceLockStatusChanged():31 Notify device unlocked.
10-22 00:15:20.753 21439 21439 I ViewInteraction: Performing 'single click' action on view view.getId() is <2131296379/com.example.cocktailsdbapp:id/bt_register>
10-22 00:15:21.199   572  2086 W InputManager-JNI: Input channel object '5e60b20 Splash Screen com.example.cocktailsdbapp (client)' was disposed without first being removed with the input manager!
10-22 00:15:21.385   774   875 D EGL_emulation: app_time_stats: avg=272.80ms min=18.01ms max=1006.05ms count=4
10-22 00:15:21.395   774   875 D EGL_emulation: app_time_stats: avg=279.08ms min=31.99ms max=1001.13ms count=4
10-22 00:15:22.514 21439 21439 I ViewInteraction: Performing 'replace text()' action on view view.getId() is <2131296469/com.example.cocktailsdbapp:id/et_name_input>
10-22 00:15:22.525 21439 21462 D EGL_emulation: app_time_stats: avg=138.56ms min=3.62ms max=1140.90ms count=13
10-22 00:15:22.525 21439 21439 I ViewInteraction: Performing 'type text(Cocktails Test User)' action on view view.getId() is <2131296469/com.example.cocktailsdbapp:id/et_name_input>
10-22 00:15:22.579  1385  1385 I GoogleInputMethodService: GoogleInputMethodService.onFinishInput():3420
10-22 00:15:22.580 21439 21439 D InputMethodManager: showSoftInput() view=androidx.appcompat.widget.AppCompatEditText{1dc5262 VFED..CL. .F.P..ID 119,284-959,392 #7f0900d5 app:id/et_name_input aid=1073741827} flags=0 reason=SHOW_SOFT_INPUT
10-22 00:15:22.580  1385  1385 W KeyboardViewController: KeyboardViewController.show():477 Requesting to show sub view with id 2131428268(#0x7f0b03ac) when keyboard HEADER view is not ready to show
10-22 00:15:22.589  1385  1385 I GoogleInputMethodService: GoogleInputMethodService.onStartInput():2002
10-22 00:15:22.590  1385  1385 I DeviceUnlockedTag: DeviceUnlockedTag.notifyDeviceLockStatusChanged():31 Notify device unlocked.
10-22 00:15:22.592 21439 21439 I AssistStructure: Flattened final assist data: 2988 bytes, containing 1 windows, 17 views
10-22 00:15:22.592  1385  1385 I GoogleInputMethodService: GoogleInputMethodService.onStartInputView():2148
10-22 00:15:22.596  1385  1385 I DeviceUnlockedTag: DeviceUnlockedTag.notifyDeviceLockStatusChanged():31 Notify device unlocked.
10-22 00:15:22.597  1385  1385 I KeyboardViewUtil: KeyboardViewUtil.getKeyboardHeightRatio():166 systemKeyboardHeightRatio:1.000000; userKeyboardHeightRatio:1.000000.
10-22 00:15:22.597  1385  1385 I AndroidIME: AbstractIme.onActivate():86 LatinIme.onActivate() : EditorInfo = inputType=Text imeActionName=NEXT dump=[inputType=0x61 imeOptions=0x8000005 privateImeOptions=null actionLabel=null actionId=0 initialSelStart=0 initialSelEnd=0 initialCapsMode=0x0 hintText=name label=null packageName=com.example.cocktailsdbapp autofillId=1073741827 fieldId=2131296469 fieldName=null extras=Bundle[{android.support.text.emoji.emojiCompat_metadataVersion=8, android.support.text.emoji.emojiCompat_replaceAll=false}] hintLocales=null contentMimeTypes=null ], IncognitoMode = false, DeviceLocked = false
10-22 00:15:22.598  1385  1385 I Delight5Facilitator: Delight5Facilitator.initializeForIme():718 initializeForIme() : Locale = [en_US], layout = qwerty
10-22 00:15:22.598  1385  1385 I VoiceInputManagerWrapper: VoiceInputManagerWrapper.cancelShutdown():54 cancelShutdown()
10-22 00:15:22.598  1385  1385 I VoiceInputManagerWrapper: VoiceInputManagerWrapper.syncLanguagePacks():66 syncLanguagePacks()
10-22 00:15:22.599  1385  5303 I SpeechFactory: SpeechRecognitionFactory.maybeScheduleAutoPackDownloadForFallback():182 maybeScheduleAutoPackDownloadForFallback()
10-22 00:15:22.599  1385  5303 I FallbackOnDeviceRecognitionProvider: FallbackOnDeviceRecognitionProvider.maybeScheduleAutoPackDownload():194 maybeScheduleAutoPackDownload() for language tag en-US
10-22 00:15:22.599  1385  1385 I LatinIme: LatinIme.updateEnableInlineSuggestionsOnDecoderSideFlags():1293 inline flag updated to:false
10-22 00:15:22.604  1385  1385 I KeyboardWrapper: KeyboardWrapper.consumeEvent():287 Skip consuming an event as current keyboard is deactivated (state=0, keyboard existence=true)
10-22 00:15:22.622  1385  1385 I KeyboardViewHelper: KeyboardViewHelper.getView():167 Get view with height ratio:1.000000
10-22 00:15:22.623  3983  3983 W svc     : Pending fill request while another request in the same session was triggered. [CONTEXT service_id=177 ]
10-22 00:15:22.634  1008  1008 V InlineSuggestionRenderService: handleDestroySuggestionViews called for 0:459557782
10-22 00:15:22.637  1385  1385 I KeyboardViewUtil: KeyboardViewUtil.calculateMaxKeyboardBodyHeight():62 leave 354 height for app when screen height:2274, header height:116 and isFullscreenMode:false, so the max keyboard body height is:1804
10-22 00:15:22.640  1385  1385 I NormalModeController: NormalModeController.getKeyboardBodyViewHolderPaddingBottom():109 currentPrimeKeyboardType:SOFT systemPaddingBottom:-1
10-22 00:15:22.641  1385  2206 I Delight5Decoder: Delight5DecoderWrapper.setKeyboardLayout():434 setKeyboardLayout()
10-22 00:15:22.641  1385  1385 I KeyboardViewUtil: KeyboardViewUtil.calculateMaxKeyboardBodyHeight():62 leave 354 height for app when screen height:2274, header height:116 and isFullscreenMode:false, so the max keyboard body height is:1804
10-22 00:15:22.644  1385  1385 I NormalModeController: NormalModeController.getKeyboardBodyViewHolderPaddingBottom():109 currentPrimeKeyboardType:SOFT systemPaddingBottom:-1
10-22 00:15:22.645  1385  1385 I AndroidIME: KeyboardViewManager.updateKeyboardBodyViewHolderPaddingBottom():513 Set finalPaddingBottom = 0 while keyboardBottomGapFromScreen = 0; navigationHeight = 126
10-22 00:15:22.645  1385  1385 I NormalModeController: NormalModeController.getKeyboardBodyViewHolderPaddingBottom():109 currentPrimeKeyboardType:SOFT systemPaddingBottom:-1
10-22 00:15:22.647  1385  1385 I AndroidIME: KeyboardViewManager.updateKeyboardBodyViewHolderPaddingBottom():513 Set finalPaddingBottom = 0 while keyboardBottomGapFromScreen = 0; navigationHeight = 126
10-22 00:15:22.652  1385  1385 I VoiceImeExtension: VoiceImeExtension.shouldStartVoiceInputAutomatically():354 No private IME option set to start voice input.
10-22 00:15:22.658 21439 21439 D InsetsController: show(ime(), fromIme=true)
10-22 00:15:22.679  1385  1385 I NormalModeController: NormalModeController.getKeyboardBodyViewHolderPaddingBottom():109 currentPrimeKeyboardType:SOFT systemPaddingBottom:-1
10-22 00:15:22.680  1385  2206 I Delight5Decoder: Delight5DecoderWrapper.setKeyboardLayout():434 setKeyboardLayout()
10-22 00:15:22.680  8529  8529 D BoundBrokerSvc: onBind: Intent { act=com.google.android.gms.common.BIND_SHARED_PREFS pkg=com.google.android.gms }
10-22 00:15:22.681  8529  8529 D BoundBrokerSvc: Loading bound service for intent: Intent { act=com.google.android.gms.common.BIND_SHARED_PREFS pkg=com.google.android.gms }
10-22 00:15:22.691   774   875 D EGL_emulation: app_time_stats: avg=214.15ms min=16.04ms max=1145.87ms count=6
10-22 00:15:22.751  1385  2053 D EGL_emulation: app_time_stats: avg=4819.50ms min=4819.50ms max=4819.50ms count=1
10-22 00:15:22.762  8529  8529 D BoundBrokerSvc: onUnbind: Intent { act=com.google.android.gms.common.BIND_SHARED_PREFS pkg=com.google.android.gms }
10-22 00:15:22.801  8529  8529 D BoundBrokerSvc: onBind: Intent { act=com.google.android.gms.common.BIND_SHARED_PREFS pkg=com.google.android.gms }
10-22 00:15:22.802  8529  8529 D BoundBrokerSvc: Loading bound service for intent: Intent { act=com.google.android.gms.common.BIND_SHARED_PREFS pkg=com.google.android.gms }
10-22 00:15:22.813  8529  8529 D BoundBrokerSvc: onUnbind: Intent { act=com.google.android.gms.common.BIND_SHARED_PREFS pkg=com.google.android.gms }
10-22 00:15:22.836 21439 21439 D UiControllerImpl: Injecting string: "Cocktails Test User"
10-22 00:15:23.047  1385  1385 I InlineSuggestionCandidateViewController: InlineSuggestionCandidateViewController.textCandidatesUpdated():621 Not showing inline suggestion tooltip v2; has candidates
10-22 00:15:23.153  1385  1385 W InputContextProxyV4: InputContextProxyV4.applyClientDiffInternal():880 Ignore [FetchSuggestions] diff due to stale request: 8897<8899, inputStateId=8539, lastInputStateId=8540
10-22 00:15:23.186  1385  1385 W InputContextProxyV4: InputContextProxyV4.applyClientDiffInternal():880 Ignore [FetchSuggestions] diff due to stale request: 8899<8900, inputStateId=8541, lastInputStateId=8542
10-22 00:15:23.218  1385  2206 I native  : I1022 00:15:23.218464    2206 input-context-store.cc:238] Ignoring stale client request for FetchSuggestions
10-22 00:15:23.220  1385  1385 W InputContextProxyV4: InputContextProxyV4.applyClientDiffInternal():880 Ignore [FetchSuggestions] diff due to stale request: 8901<8903, inputStateId=8543, lastInputStateId=8543
10-22 00:15:23.268  1385  1385 W InputContextProxyV4: InputContextProxyV4.applyClientDiffInternal():880 Ignore [FetchSuggestions] diff due to stale request: 8903<8905, inputStateId=8544, lastInputStateId=8545
10-22 00:15:23.348  1385  1385 W InputContextProxyV4: InputContextProxyV4.applyClientDiffInternal():880 Ignore [FetchSuggestions] diff due to stale request: 8905<8907, inputStateId=8546, lastInputStateId=8547
10-22 00:15:23.402  1385  1385 W InputContextProxyV4: InputContextProxyV4.applyClientDiffInternal():880 Ignore [FetchSuggestions] diff due to stale request: 8907<8908, inputStateId=8548, lastInputStateId=8549
10-22 00:15:23.444  1385  1385 W InputContextProxyV4: InputContextProxyV4.applyClientDiffInternal():880 Ignore [FetchSuggestions] diff due to stale request: 8909<8911, inputStateId=8550, lastInputStateId=8551
10-22 00:15:23.464  1385  1385 I InlineSuggestionCandidateViewController: InlineSuggestionCandidateViewController.textCandidatesUpdated():621 Not showing inline suggestion tooltip v2; has candidates
10-22 00:15:23.479  1385  2206 I native  : I1022 00:15:23.479436    2206 input-context-store.cc:178] Using roll back input context for operation: [FetchSuggestions] rolled back operation: [OverrideDecodedCandidates] reason: client [8553] vs decoder [8555]
10-22 00:15:23.481  1385  1385 W InputContextProxyV4: InputContextProxyV4.applyClientDiffInternal():880 Ignore [FetchSuggestions] diff due to stale request: 8913<8914, inputStateId=8555, lastInputStateId=8553
10-22 00:15:23.487  1385  1385 I InlineSuggestionCandidateViewController: InlineSuggestionCandidateViewController.textCandidatesUpdated():621 Not showing inline suggestion tooltip v2; has candidates
10-22 00:15:23.528 21439 21462 D EGL_emulation: app_time_stats: avg=47.41ms min=14.94ms max=281.44ms count=21
10-22 00:15:23.566  1385  1385 W InputContextProxyV4: InputContextProxyV4.applyClientDiffInternal():880 Ignore [FetchSuggestions] diff due to stale request: 8916<8920, inputStateId=8559, lastInputStateId=8562
10-22 00:15:23.586  1385  2206 I native  : I1022 00:15:23.586347    2206 input-context-store.cc:238] Ignoring stale client request for FetchSuggestions
10-22 00:15:23.607  1385  1385 W InputContextProxyV4: InputContextProxyV4.applyClientDiffInternal():880 Ignore [FetchSuggestions] diff due to stale request: 8919<8922, inputStateId=8562, lastInputStateId=8564
10-22 00:15:23.608  1385  1385 W InputContextProxyV4: InputContextProxyV4.applyClientDiffInternal():880 Ignore [FetchSuggestions] diff due to stale request: 8921<8922, inputStateId=8563, lastInputStateId=8564
10-22 00:15:23.634  1385  1385 W InputContextProxyV4: InputContextProxyV4.applyClientDiffInternal():880 Ignore [FetchSuggestions] diff due to stale request: 8923<8925, inputStateId=8565, lastInputStateId=8566
10-22 00:15:23.680  1385  1385 W InputContextProxyV4: InputContextProxyV4.applyClientDiffInternal():880 Ignore [FetchSuggestions] diff due to stale request: 8925<8927, inputStateId=8567, lastInputStateId=8568
10-22 00:15:23.683  1385  2206 I native  : I1022 00:15:23.682982    2206 input-context-store.cc:178] Using roll back input context for operation: [FetchSuggestions] rolled back operation: [OverrideDecodedCandidates] reason: client [8568] vs decoder [8570]
10-22 00:15:23.692  1385  1385 W InputContextProxyV4: InputContextProxyV4.applyClientDiffInternal():880 Ignore [FetchSuggestions] diff due to stale request: 8927<8928, inputStateId=8570, lastInputStateId=8568
10-22 00:15:23.694  1385  1385 I InlineSuggestionCandidateViewController: InlineSuggestionCandidateViewController.textCandidatesUpdated():621 Not showing inline suggestion tooltip v2; has candidates
10-22 00:15:23.736  1385  1385 I InlineSuggestionCandidateViewController: InlineSuggestionCandidateViewController.textCandidatesUpdated():621 Not showing inline suggestion tooltip v2; has candidates
10-22 00:15:23.772  1385  2206 I native  : I1022 00:15:23.772384    2206 input-context-store.cc:238] Ignoring stale client request for FetchSuggestions
10-22 00:15:23.775  1385  1385 W InputContextProxyV4: InputContextProxyV4.applyClientDiffInternal():880 Ignore [FetchSuggestions] diff due to stale request: 8933<8935, inputStateId=8577, lastInputStateId=8577
10-22 00:15:23.780  1385  2053 D EGL_emulation: app_time_stats: avg=93.34ms min=8.86ms max=387.32ms count=11
10-22 00:15:23.797  1385  1385 I InlineSuggestionCandidateViewController: InlineSuggestionCandidateViewController.textCandidatesUpdated():621 Not showing inline suggestion tooltip v2; has candidates
10-22 00:15:23.837 21439 21439 I ViewInteraction: Performing 'replace text()' action on view view.getId() is <2131296468/com.example.cocktailsdbapp:id/et_email_input>
10-22 00:15:23.842  1385  1385 I InlineSuggestionCandidateViewController: InlineSuggestionCandidateViewController.textCandidatesUpdated():621 Not showing inline suggestion tooltip v2; has candidates
10-22 00:15:23.863  1385  1385 I KeyboardViewController: KeyboardViewController.lambda$showSelfAndAncestors$6():594 current view doesn't has the priority com.google.android.apps.inputmethod.libs.framework.keyboard.widget.AccessPointsBar{38333e6 I.E...... ......ID 95,0-975,116 #7f0b0017 app:id/0_resource_name_obfuscated} to show itself, DEFAULT
10-22 00:15:23.869 21439 21439 I ViewInteraction: Performing 'type text(cocktailstest@example.com)' action on view view.getId() is <2131296468/com.example.cocktailsdbapp:id/et_email_input>
10-22 00:15:23.954  1385  1385 I GoogleInputMethodService: GoogleInputMethodService.onFinishInputView():2365
10-22 00:15:23.956 21439 21439 D InputMethodManager: showSoftInput() view=androidx.appcompat.widget.AppCompatEditText{5b51ff3 VFED..CL. .F.P..ID 119,418-959,526 #7f0900d4 app:id/et_email_input aid=1073741828} flags=0 reason=SHOW_SOFT_INPUT
10-22 00:15:23.957  1385  1385 I InlineSuggestionCandidateViewController: InlineSuggestionCandidateViewController.setInlineSuggestionCandidateImpl():1163 set  to inlineSuggestionTextView
10-22 00:15:23.967  1385  1385 I KeyboardWrapper: KeyboardWrapper.consumeEvent():287 Skip consuming an event as current keyboard is deactivated (state=0, keyboard existence=true)
10-22 00:15:23.968  1385  2206 W Delight5Decoder: Delight5DecoderWrapper.shouldAbandonMessage():1874 Detected old [FetchSuggestions] request in background: 8939<8940
10-22 00:15:23.969  1385  1385 I VoiceInputManagerWrapper: VoiceInputManagerWrapper.shutdown():76 shutdown()
10-22 00:15:23.971  1385  1385 I AndroidIME: AbstractIme.onDeactivate():207 LatinIme.onDeactivate()
10-22 00:15:23.973  1385  1385 I GoogleInputMethodService: GoogleInputMethodService.onFinishInput():3420
10-22 00:15:23.974  1385  1385 I GoogleInputMethodService: GoogleInputMethodService.onStartInput():2002
10-22 00:15:23.981  1385  1385 I DeviceUnlockedTag: DeviceUnlockedTag.notifyDeviceLockStatusChanged():31 Notify device unlocked.
10-22 00:15:23.982  1385  1385 I GoogleInputMethodService: GoogleInputMethodService.onStartInputView():2148
10-22 00:15:23.984  1385  1385 I DeviceUnlockedTag: DeviceUnlockedTag.notifyDeviceLockStatusChanged():31 Notify device unlocked.
10-22 00:15:23.986  1385  1385 I KeyboardViewUtil: KeyboardViewUtil.getKeyboardHeightRatio():166 systemKeyboardHeightRatio:1.000000; userKeyboardHeightRatio:1.000000.
10-22 00:15:23.987  1385  1385 I AndroidIME: AbstractIme.onActivate():86 LatinIme.onActivate() : EditorInfo = inputType=Email imeActionName=NEXT dump=[inputType=0x21 imeOptions=0xc000005 privateImeOptions=null actionLabel=null actionId=0 initialSelStart=0 initialSelEnd=0 initialCapsMode=0x0 hintText=email label=null packageName=com.example.cocktailsdbapp autofillId=1073741828 fieldId=2131296468 fieldName=null extras=Bundle[{android.support.text.emoji.emojiCompat_metadataVersion=8, android.support.text.emoji.emojiCompat_replaceAll=false}] hintLocales=null contentMimeTypes=null ], IncognitoMode = false, DeviceLocked = false
10-22 00:15:23.989  1385  1385 I Delight5Facilitator: Delight5Facilitator.initializeForIme():718 initializeForIme() : Locale = [en_US], layout = qwerty
10-22 00:15:23.990  1385  1385 I VoiceInputManagerWrapper: VoiceInputManagerWrapper.cancelShutdown():54 cancelShutdown()
10-22 00:15:23.991  1385  1385 I VoiceInputManagerWrapper: VoiceInputManagerWrapper.syncLanguagePacks():66 syncLanguagePacks()
10-22 00:15:23.992  1385  5303 I SpeechFactory: SpeechRecognitionFactory.maybeScheduleAutoPackDownloadForFallback():182 maybeScheduleAutoPackDownloadForFallback()
10-22 00:15:23.992  1385  5303 I FallbackOnDeviceRecognitionProvider: FallbackOnDeviceRecognitionProvider.maybeScheduleAutoPackDownload():194 maybeScheduleAutoPackDownload() for language tag en-US
10-22 00:15:23.993  1385  1385 I LatinIme: LatinIme.updateEnableInlineSuggestionsOnDecoderSideFlags():1293 inline flag updated to:false
10-22 00:15:24.001  1385  1385 I KeyboardWrapper: KeyboardWrapper.consumeEvent():287 Skip consuming an event as current keyboard is deactivated (state=0, keyboard existence=true)
10-22 00:15:24.002   361   405 D goldfish-address-space: claimShared: Ask to claim region [0x3efccd000 0x3efd1a000]
10-22 00:15:24.010  1385  1385 I KeyboardViewUtil: KeyboardViewUtil.calculateMaxKeyboardBodyHeight():62 leave 354 height for app when screen height:2274, header height:116 and isFullscreenMode:false, so the max keyboard body height is:1804
10-22 00:15:24.015   361   405 D goldfish-address-space: claimShared: Ask to claim region [0x3efd1a000 0x3efd67000]
10-22 00:15:24.017   361   405 D goldfish-address-space: claimShared: Ask to claim region [0x3efd67000 0x3efdb4000]
10-22 00:15:24.028 21439 21439 W IInputConnectionWrapper: setComposingRegion on inactive InputConnection
10-22 00:15:24.033  1385  1385 I NormalModeController: NormalModeController.getKeyboardBodyViewHolderPaddingBottom():109 currentPrimeKeyboardType:SOFT systemPaddingBottom:-1
10-22 00:15:24.035  1385  2206 I Delight5Decoder: Delight5DecoderWrapper.setKeyboardLayout():434 setKeyboardLayout()
10-22 00:15:24.036  1385  1385 I KeyboardViewUtil: KeyboardViewUtil.calculateMaxKeyboardBodyHeight():62 leave 354 height for app when screen height:2274, header height:116 and isFullscreenMode:false, so the max keyboard body height is:1804
10-22 00:15:24.042  1385  1385 I NormalModeController: NormalModeController.getKeyboardBodyViewHolderPaddingBottom():109 currentPrimeKeyboardType:SOFT systemPaddingBottom:-1
10-22 00:15:24.045  1385  1385 I AndroidIME: KeyboardViewManager.updateKeyboardBodyViewHolderPaddingBottom():513 Set finalPaddingBottom = 0 while keyboardBottomGapFromScreen = 0; navigationHeight = 126
10-22 00:15:24.046  1385  1385 I NormalModeController: NormalModeController.getKeyboardBodyViewHolderPaddingBottom():109 currentPrimeKeyboardType:SOFT systemPaddingBottom:-1
10-22 00:15:24.046  1385  1385 I AndroidIME: KeyboardViewManager.updateKeyboardBodyViewHolderPaddingBottom():513 Set finalPaddingBottom = 0 while keyboardBottomGapFromScreen = 0; navigationHeight = 126
10-22 00:15:24.049  1385  1385 I CurrentMicStatusHolder: CurrentMicStatusHolder.onStartInputView():79 Current Mic status = {MicIconHidden-EmailInputType,}
10-22 00:15:24.049  1385  1385 I VoiceImeExtension: VoiceImeExtension.shouldStartVoiceInputAutomatically():354 No private IME option set to start voice input.
10-22 00:15:24.052 21439 21439 D InsetsController: show(ime(), fromIme=true)
10-22 00:15:24.061 21439 21439 D InsetsController: show(ime(), fromIme=true)
10-22 00:15:24.068  8529  8529 D BoundBrokerSvc: onBind: Intent { act=com.google.android.gms.common.BIND_SHARED_PREFS pkg=com.google.android.gms }
10-22 00:15:24.068  8529  8529 D BoundBrokerSvc: Loading bound service for intent: Intent { act=com.google.android.gms.common.BIND_SHARED_PREFS pkg=com.google.android.gms }
10-22 00:15:24.074  8529  8529 D BoundBrokerSvc: onUnbind: Intent { act=com.google.android.gms.common.BIND_SHARED_PREFS pkg=com.google.android.gms }
10-22 00:15:24.082  8529  8529 D BoundBrokerSvc: onBind: Intent { act=com.google.android.gms.common.BIND_SHARED_PREFS pkg=com.google.android.gms }
10-22 00:15:24.082  8529  8529 D BoundBrokerSvc: Loading bound service for intent: Intent { act=com.google.android.gms.common.BIND_SHARED_PREFS pkg=com.google.android.gms }
10-22 00:15:24.086  8529  8529 D BoundBrokerSvc: onUnbind: Intent { act=com.google.android.gms.common.BIND_SHARED_PREFS pkg=com.google.android.gms }
10-22 00:15:24.251 21439 21439 D UiControllerImpl: Injecting string: "cocktailstest@example.com"
10-22 00:15:24.333  1385  1385 W InputContextProxyV4: InputContextProxyV4.applyClientDiffInternal():880 Ignore [FetchSuggestions] diff due to stale request: 8944<8948, inputStateId=8586, lastInputStateId=8589
10-22 00:15:24.337  1385  2206 I native  : I1022 00:15:24.337393    2206 input-context-store.cc:238] Ignoring stale client request for FetchSuggestions
10-22 00:15:24.339  1385  1385 W InputContextProxyV4: InputContextProxyV4.applyClientDiffInternal():880 Ignore [FetchSuggestions] diff due to stale request: 8947<8949, inputStateId=8589, lastInputStateId=8589
10-22 00:15:24.340   572  1815 W InputManager-JNI: Input channel object '7663a5b PopupWindow:515fcd7 (client)' was disposed without first being removed with the input manager!
10-22 00:15:24.341  1385  1385 I InlineSuggestionCandidateViewController: InlineSuggestionCandidateViewController.textCandidatesUpdated():621 Not showing inline suggestion tooltip v2; has candidates
10-22 00:15:24.416  1385  1385 I InlineSuggestionCandidateViewController: InlineSuggestionCandidateViewController.textCandidatesUpdated():621 Not showing inline suggestion tooltip v2; has candidates
10-22 00:15:24.468  1385  1385 I InlineSuggestionCandidateViewController: InlineSuggestionCandidateViewController.textCandidatesUpdated():621 Not showing inline suggestion tooltip v2; has candidates
10-22 00:15:24.508  1385  1385 I InlineSuggestionCandidateViewController: InlineSuggestionCandidateViewController.textCandidatesUpdated():621 Not showing inline suggestion tooltip v2; has candidates
10-22 00:15:24.533 21439 21462 D EGL_emulation: app_time_stats: avg=36.48ms min=6.50ms max=245.45ms count=27
10-22 00:15:24.549  1385  1385 W InputContextProxyV4: InputContextProxyV4.applyClientDiffInternal():880 Ignore [FetchSuggestions] diff due to stale request: 8957<8958, inputStateId=8598, lastInputStateId=8599
10-22 00:15:24.588  1385  1385 W InputContextProxyV4: InputContextProxyV4.applyClientDiffInternal():880 Ignore [FetchSuggestions] diff due to stale request: 8959<8961, inputStateId=8600, lastInputStateId=8601
10-22 00:15:24.634  1385  1385 I InlineSuggestionCandidateViewController: InlineSuggestionCandidateViewController.textCandidatesUpdated():621 Not showing inline suggestion tooltip v2; has candidates
10-22 00:15:24.641  1385  1385 I InlineSuggestionCandidateViewController: InlineSuggestionCandidateViewController.textCandidatesUpdated():621 Not showing inline suggestion tooltip v2; has candidates
10-22 00:15:24.717  1385  1385 I InlineSuggestionCandidateViewController: InlineSuggestionCandidateViewController.textCandidatesUpdated():621 Not showing inline suggestion tooltip v2; has candidates
10-22 00:15:24.760  1385  2206 I native  : I1022 00:15:24.760175    2206 input-context-store.cc:238] Ignoring stale client request for FetchSuggestions
10-22 00:15:24.760  1385  1385 W InputContextProxyV4: InputContextProxyV4.applyClientDiffInternal():880 Ignore [FetchSuggestions] diff due to stale request: 8967<8969, inputStateId=8608, lastInputStateId=8608
10-22 00:15:24.799  1385  1385 I InlineSuggestionCandidateViewController: InlineSuggestionCandidateViewController.textCandidatesUpdated():621 Not showing inline suggestion tooltip v2; has candidates
10-22 00:15:24.815  1385  2053 D EGL_emulation: app_time_stats: avg=86.12ms min=18.78ms max=309.81ms count=12
10-22 00:15:24.850  1385  1385 I InlineSuggestionCandidateViewController: InlineSuggestionCandidateViewController.textCandidatesUpdated():621 Not showing inline suggestion tooltip v2; has candidates
10-22 00:15:24.905  1385  2206 I native  : I1022 00:15:24.904789    2206 input-context-store.cc:238] Ignoring stale client request for FetchSuggestions
10-22 00:15:24.910  1385  2206 I native  : I1022 00:15:24.910095    2206 input-context-store.cc:161] Ignoring stale client request for OverrideDecodedCandidates
10-22 00:15:24.915  1385  1385 W InputContextProxyV4: InputContextProxyV4.applyClientDiffInternal():880 Ignore [FetchSuggestions] diff due to stale request: 8976<8979, inputStateId=0, lastInputStateId=8616
10-22 00:15:25.201 21439 21439 I ViewInteraction: Performing 'replace text()' action on view view.getId() is <2131296470/com.example.cocktailsdbapp:id/et_password_input>
10-22 00:15:25.230 21439 21439 I ViewInteraction: Performing 'type text(password123)' action on view view.getId() is <2131296470/com.example.cocktailsdbapp:id/et_password_input>
10-22 00:15:25.297  1385  1385 I GoogleInputMethodService: GoogleInputMethodService.onFinishInputView():2365
10-22 00:15:25.297 21439 21439 D InputMethodManager: showSoftInput() view=androidx.appcompat.widget.AppCompatEditText{6ccd4b0 VFED..CL. .F.P..ID 119,552-959,660 #7f0900d6 app:id/et_password_input aid=1073741829} flags=0 reason=SHOW_SOFT_INPUT
10-22 00:15:25.298  1385  1385 I InlineSuggestionCandidateViewController: InlineSuggestionCandidateViewController.setInlineSuggestionCandidateImpl():1163 set  to inlineSuggestionTextView
10-22 00:15:25.301  1385  1385 I KeyboardWrapper: KeyboardWrapper.consumeEvent():287 Skip consuming an event as current keyboard is deactivated (state=0, keyboard existence=true)
10-22 00:15:25.301  1385  1385 I VoiceInputManagerWrapper: VoiceInputManagerWrapper.shutdown():76 shutdown()
10-22 00:15:25.301  1385  1385 I AndroidIME: AbstractIme.onDeactivate():207 LatinIme.onDeactivate()
10-22 00:15:25.303  1385  1385 I GoogleInputMethodService: GoogleInputMethodService.onFinishInput():3420
10-22 00:15:25.305  1385  1385 I GoogleInputMethodService: GoogleInputMethodService.onStartInput():2002
10-22 00:15:25.306  1385  1385 I DeviceUnlockedTag: DeviceUnlockedTag.notifyDeviceLockStatusChanged():31 Notify device unlocked.
10-22 00:15:25.308  1385  1385 I GoogleInputMethodService: GoogleInputMethodService.onStartInputView():2148
10-22 00:15:25.310  1385  1385 I DeviceUnlockedTag: DeviceUnlockedTag.notifyDeviceLockStatusChanged():31 Notify device unlocked.
10-22 00:15:25.326   361   405 D goldfish-address-space: claimShared: Ask to claim region [0x3efccd000 0x3efd1a000]
10-22 00:15:25.330   361   405 D goldfish-address-space: claimShared: Ask to claim region [0x3efd1a000 0x3efd67000]
10-22 00:15:25.334   361   405 D goldfish-address-space: claimShared: Ask to claim region [0x3efd67000 0x3efdb4000]
10-22 00:15:25.348  1385  1385 I KeyboardViewUtil: KeyboardViewUtil.getKeyboardHeightRatio():166 systemKeyboardHeightRatio:1.000000; userKeyboardHeightRatio:1.000000.
10-22 00:15:25.349  1385  1385 I AndroidIME: AbstractIme.onActivate():86 PasswordIme.onActivate() : EditorInfo = inputType=Password imeActionName=DONE dump=[inputType=0x81 imeOptions=0x4000006 privateImeOptions=null actionLabel=null actionId=0 initialSelStart=0 initialSelEnd=0 initialCapsMode=0x0 hintText=password label=null packageName=com.example.cocktailsdbapp autofillId=1073741829 fieldId=2131296470 fieldName=null extras=Bundle[{android.support.text.emoji.emojiCompat_metadataVersion=8, android.support.text.emoji.emojiCompat_replaceAll=false}] hintLocales=null contentMimeTypes=null ], IncognitoMode = false, DeviceLocked = false
10-22 00:15:25.352  1385  1385 I KeyboardViewHelper: KeyboardViewHelper.getView():167 Get view with height ratio:1.000000
10-22 00:15:25.360  1385  1385 I KeyboardViewUtil: KeyboardViewUtil.calculateMaxKeyboardBodyHeight():62 leave 354 height for app when screen height:2274, header height:116 and isFullscreenMode:false, so the max keyboard body height is:1804
10-22 00:15:25.361  1385  1385 I InlineSuggestionCandidateViewController: InlineSuggestionCandidateViewController.setInlineSuggestionCandidateImpl():1163 set  to inlineSuggestionTextView
10-22 00:15:25.362  1385  1385 I KeyboardViewUtil: KeyboardViewUtil.calculateMaxKeyboardBodyHeight():62 leave 354 height for app when screen height:2274, header height:116 and isFullscreenMode:false, so the max keyboard body height is:1804
10-22 00:15:25.364  1385  1385 I NormalModeController: NormalModeController.getKeyboardBodyViewHolderPaddingBottom():109 currentPrimeKeyboardType:SOFT systemPaddingBottom:-1
10-22 00:15:25.365  1385  1385 I AndroidIME: KeyboardViewManager.updateKeyboardBodyViewHolderPaddingBottom():513 Set finalPaddingBottom = 0 while keyboardBottomGapFromScreen = 0; navigationHeight = 126
10-22 00:15:25.365  1385  1385 I NormalModeController: NormalModeController.getKeyboardBodyViewHolderPaddingBottom():109 currentPrimeKeyboardType:SOFT systemPaddingBottom:-1
10-22 00:15:25.366  1385  1385 I AndroidIME: KeyboardViewManager.updateKeyboardBodyViewHolderPaddingBottom():513 Set finalPaddingBottom = 0 while keyboardBottomGapFromScreen = 0; navigationHeight = 126
10-22 00:15:25.368  1385  1385 I CurrentMicStatusHolder: CurrentMicStatusHolder.onStartInputView():79 Current Mic status = {MicIconHidden-SettingOff,MicIconHidden-PasswordOrNumberOrDateInputType,}
10-22 00:15:25.368  1385  1385 I VoiceImeExtension: VoiceImeExtension.shouldStartVoiceInputAutomatically():354 No private IME option set to start voice input.
10-22 00:15:25.373 21439 21439 D InsetsController: show(ime(), fromIme=true)
10-22 00:15:25.382 21439 21439 D InsetsController: show(ime(), fromIme=true)
10-22 00:15:25.389  8529  8529 D BoundBrokerSvc: onBind: Intent { act=com.google.android.gms.common.BIND_SHARED_PREFS pkg=com.google.android.gms }
10-22 00:15:25.389  8529  8529 D BoundBrokerSvc: Loading bound service for intent: Intent { act=com.google.android.gms.common.BIND_SHARED_PREFS pkg=com.google.android.gms }
10-22 00:15:25.395  8529  8529 D BoundBrokerSvc: onUnbind: Intent { act=com.google.android.gms.common.BIND_SHARED_PREFS pkg=com.google.android.gms }
10-22 00:15:25.403  8529  8529 D BoundBrokerSvc: onBind: Intent { act=com.google.android.gms.common.BIND_SHARED_PREFS pkg=com.google.android.gms }
10-22 00:15:25.403  8529  8529 D BoundBrokerSvc: Loading bound service for intent: Intent { act=com.google.android.gms.common.BIND_SHARED_PREFS pkg=com.google.android.gms }
10-22 00:15:25.412  8529  8529 D BoundBrokerSvc: onUnbind: Intent { act=com.google.android.gms.common.BIND_SHARED_PREFS pkg=com.google.android.gms }
10-22 00:15:25.563 21439 21439 D UiControllerImpl: Injecting string: "password123"
10-22 00:15:25.602 21439 21462 D EGL_emulation: app_time_stats: avg=36.71ms min=11.11ms max=255.93ms count=29
10-22 00:15:25.685   572  2086 W InputManager-JNI: Input channel object '1629dc3 PopupWindow:301e441 (client)' was disposed without first being removed with the input manager!
10-22 00:15:25.986 21439 21439 I ViewInteraction: Performing 'single click' action on view view.getId() is <2131296379/com.example.cocktailsdbapp:id/bt_register>
10-22 00:15:26.049   407   533 D AudioFlinger: mixer(0x78d16b108a70) throttle end: throttle time(5)
10-22 00:15:26.166   361   405 D goldfish-address-space: claimShared: Ask to claim region [0x3efccd000 0x3efe8e000]
10-22 00:15:26.183   361   405 D goldfish-address-space: claimShared: Ask to claim region [0x3ecca8000 0x3ece69000]
10-22 00:15:26.191   361   405 D goldfish-address-space: claimShared: Ask to claim region [0x3ece69000 0x3ed02a000]
10-22 00:15:26.280   774   875 D EGL_emulation: app_time_stats: avg=219.57ms min=5.72ms max=3235.20ms count=16
10-22 00:15:26.615 21439 21462 D EGL_emulation: app_time_stats: avg=19.61ms min=3.59ms max=57.45ms count=42
10-22 00:15:27.607 21439 21439 I ViewInteraction: Checking 'MatchesViewAssertion{viewMatcher=(view has effective visibility <VISIBLE> and view.getGlobalVisibleRect() to return non-empty rectangle)}' assertion on view an instance of android.widget.TextView and view.getText() with or without transformation to match: is "Registration Successful!"
10-22 00:15:27.624 21439 21439 I ViewInteraction: Performing 'single click' action on view an instance of android.widget.TextView and view.getText() with or without transformation to match: is "OK"
10-22 00:15:27.733 21439 21462 D EGL_emulation: app_time_stats: avg=189.65ms min=17.11ms max=1266.79ms count=8
10-22 00:15:27.769 21439 21462 D OpenGLRenderer: endAllActiveAnimators on 0x7a172ef05b60 (RippleDrawable) with handle 0x7a163ef39fe0
10-22 00:15:27.775   572  2170 W InputManager-JNI: Input channel object 'f1420f com.example.cocktailsdbapp/com.example.cocktailsdbapp.MainActivity (client)' was disposed without first being removed with the input manager!
10-22 00:15:27.812   774   875 D EGL_emulation: app_time_stats: avg=166.26ms min=3.34ms max=1397.04ms count=9
10-22 00:15:27.875 21439 21462 D EGL_emulation: app_time_stats: avg=43.55ms min=2.62ms max=484.21ms count=23
10-22 00:15:27.927 21439 21767 I okhttp.OkHttpClient: --> GET https://www.thecocktaildb.com/api/json/v1/1/filter.php?a=Alcoholic
10-22 00:15:27.927 21439 21767 I okhttp.OkHttpClient: --> END GET
10-22 00:15:27.985  1385  1385 I GoogleInputMethodService: GoogleInputMethodService.onFinishInputView():2365
10-22 00:15:27.986  1385  1385 I AndroidIME: AbstractIme.onDeactivate():207 PasswordIme.onDeactivate()
10-22 00:15:27.998  1385  1385 I GoogleInputMethodService: GoogleInputMethodService.onFinishInput():3420
10-22 00:15:27.998  1385  1385 I GoogleInputMethodService: GoogleInputMethodService.onStartInput():2002
10-22 00:15:28.001  1385  1385 I DeviceUnlockedTag: DeviceUnlockedTag.notifyDeviceLockStatusChanged():31 Notify device unlocked.
10-22 00:15:28.044 21439 21439 E RecyclerView: No adapter attached; skipping layout
10-22 00:15:28.061 21439 21767 I okhttp.OkHttpClient: <-- 200 https://www.thecocktaildb.com/api/json/v1/1/filter.php?a=Alcoholic (132ms)
10-22 00:15:28.061 21439 21767 I okhttp.OkHttpClient: date: Tue, 21 Oct 2025 22:15:28 GMT
10-22 00:15:28.063 21439 21767 I okhttp.OkHttpClient: content-type: application/json
10-22 00:15:28.063 21439 21767 I okhttp.OkHttpClient: server: cloudflare
10-22 00:15:28.063 21439 21767 I okhttp.OkHttpClient: x-powered-by: PHP/7.4.33
10-22 00:15:28.063 21439 21767 I okhttp.OkHttpClient: access-control-allow-origin: *
10-22 00:15:28.064 21439 21767 I okhttp.OkHttpClient: cf-cache-status: DYNAMIC
10-22 00:15:28.067 21439 21767 I okhttp.OkHttpClient: nel: {"report_to":"cf-nel","success_fraction":0.0,"max_age":604800}
10-22 00:15:28.068 21439 21767 I okhttp.OkHttpClient: server-timing: cfCacheStatus;desc="DYNAMIC"
10-22 00:15:28.068 21439 21767 I okhttp.OkHttpClient: server-timing: cfEdge;dur=4,cfOrigin;dur=41
10-22 00:15:28.068 21439 21767 I okhttp.OkHttpClient: report-to: {"group":"cf-nel","max_age":604800,"endpoints":[{"url":"https://a.nel.cloudflare.com/report/v4?s=yHGc3VIvhbF4Fz4m9IkiJMSRm5Vo2Sk%2BLyRBKLCGOHuXfhBlGQSk9HA%2BYBT4ygu%2BL0vsSSew4p9%2BwfEcXW8XfS1Kj0PdDOeT0aIJbZuo%2Fu8mfJA%3D"}]}
10-22 00:15:28.070 21439 21767 I okhttp.OkHttpClient: cf-ray: 99241d247fd4fa43-BEG
10-22 00:15:28.072 21439 21767 I okhttp.OkHttpClient: alt-svc: h3=":443"; ma=86400
10-22 00:15:28.074  1385  2053 D EGL_emulation: app_time_stats: avg=540.91ms min=5.01ms max=2663.79ms count=6
10-22 00:15:28.083 21439 21767 I okhttp.OkHttpClient: {"drinks":[{"strDrink":"110 in the shade","strDrinkThumb":"https:\/\/www.thecocktaildb.com\/images\/media\/drink\/xxyywq1454511117.jpg","idDrink":"15423"},{"strDrink":"151 Florida Bushwacker","strDrinkThumb":"https:\/\/www.thecocktaildb.com\/images\/media\/drink\/rvwrvv1468877323.jpg","idDrink":"14588"},{"strDrink":"155 Belmont","strDrinkThumb":"https:\/\/www.thecocktaildb.com\/images\/media\/drink\/yqvvqs1475667388.jpg","idDrink":"15346"},{"strDrink":"24k nightmare","strDrinkThumb":"https:\/\/www.thecocktaildb.com\/images\/media\/drink\/yyrwty1468877498.jpg","idDrink":"17060"},{"strDrink":"252","strDrinkThumb":"https:\/\/www.thecocktaildb.com\/images\/media\/drink\/rtpxqw1468877562.jpg","idDrink":"15288"},{"strDrink":"3 Wise Men","strDrinkThumb":"https:\/\/www.thecocktaildb.com\/images\/media\/drink\/wxqpyw1468877677.jpg","idDrink":"13899"},{"strDrink":"3-Mile Long Island Iced Tea","strDrinkThumb":"https:\/\/www.thecocktaildb.com\/images\/media\/drink\/rrtssw1472668972.jpg","idDrink":"15300"},{"strDrink":"410 Gone","strDrinkThumb":"https:\/\/www.thecocktaildb.com\/images\/media\/drink\/xtuyqv1472669026.jpg","idDrink":"13581"},{"strDrink":"50\/50","strDrinkThumb":"https:\/\/www.thecocktaildb.com\/images\/media\/drink\/wwpyvr1461919316.jpg","idDrink":"14598"},{"strDrink":"501 Blue","strDrinkThumb":"https:\/\/www.thecocktaildb.com\/images\/media\/drink\/ywxwqs1461867097.jpg","idDrink":"17105"},{"strDrink":"57 Chevy with a White License Plate","strDrinkThumb":"https:\/\/www.thecocktaildb.com\/images\/media\/drink\/qyyvtu1468878544.jpg","idDrink":"14029"},{"strDrink":"69 Special","strDrinkThumb":"https:\/\/www.thecocktaildb.com\/images\/media\/drink\/vqyxqx1472669095.jpg","idDrink":"13940"},{"strDrink":"747","strDrinkThumb":"https:\/\/www.thecocktaildb.com\/images\/media\/drink\/xxsxqy1472668106.jpg","idDrink":"14229"},{"strDrink":"747 Drink","strDrinkThumb":"https:\/\/www.thecocktaildb.com\/images\/media\/drink\/i9suxb1582474926.jpg","idDrink":"178318"},{"strDrink":"9 1\/2 Weeks","strDrinkThumb":"https:\/\/www.thecocktaildb.com\/images\/media\/drink\/xvwusr1472669302.jpg","idDrink":"16108"},{"strDrink":"A Day at the Beach","strDrinkThumb":"https:\/\/www.thecocktaildb.com\/images\/media\/drink\/trptts1454514474.jpg","idDrink":"15200"},{"strDrink":"A Furlong Too Late","strDrinkThumb":"https:\/\/www.thecocktaildb.com\/images\/media\/drink\/ssxvww1472669166.jpg","idDrink":"17831"},{"strDrink":"A Gilligan's Island","strDrinkThumb":"https:\/\/www.thecocktaildb.com\/images\/media\/drink\/wysqut1461867176.jpg","idDrink":"16943"},{"strDrink":"A midsummernight dream","strDrinkThumb":"https:\/\/www.thecocktaildb.com\/images\/media\/drink\/ysqvqp1461867292.jpg","idDrink":"15675"},{"strDrink":"A Night In Old Mandalay","strDrinkThumb":"https:\/\/www.thecocktaildb.com\/images\/media\/drink\/vyrvxt1461919380.jpg","idDrink":"17832"},{"strDrink":"A Piece of Ass","strDrinkThumb":"https:\/\/www.thecocktaildb.com\/images\/media\/drink\/tqxyxx1472719737.jpg","idDrink":"16405"},{"strDrink":"A Splash of Nash","strDrinkThumb":"https:\/\/www.thecocktaildb.com\/images\/media\/drink\/rsvtrr1472668201.jpg","idDrink":"14564"},{"strDrink":"A True Amaretto Sour","strDrinkThumb":"https:\/\/www.thecocktaildb.com\/images\/media\/drink\/rptuxy1472669372.jpg","idDrink":"17005"},{"strDrink":"A. J.","strDrinkThumb":"https:\/\/www.thecocktaildb.com\/images\/media\/drink\/l74qo91582480316.jpg","idDrink":"17833"},{"strDrink":"A.D.M. (After Dinner Mint)","strDrinkThumb":"https:\/\/www.thecocktaildb.com\/images\/media\/drink\/ruxuvp1472669600.jpg","idDrink":"14560"},{"strDrink":"A1","strDrinkThumb":"https:\/\/www.thecocktaildb.com\/images\/media\/drink\/2x8thr1504816928.jpg","idDrink":"17222"},{"strDrink":"Abbey Cocktail","strDrinkThumb":"https:\/\/www.thecocktaildb.com\/images\/media\/drink\/mr30ob1582479875.jpg","idDrink":"17834"},{"strDrink":"Abbey Martini","strDrinkThumb":"https:\/\/www.thecocktaildb.com\/images\/media\/drink\/2mcozt1504817403.jpg","idDrink":"17223"},{
10-22 00:15:28.084 21439 21767 I okhttp.OkHttpClient: "strDrink":"ABC","strDrinkThumb":"https:\/\/www.thecocktaildb.com\/images\/media\/drink\/tqpvqp1472668328.jpg","idDrink":"13501"},{"strDrink":"Abilene","strDrinkThumb":"https:\/\/www.thecocktaildb.com\/images\/media\/drink\/smb2oe1582479072.jpg","idDrink":"17835"},{"strDrink":"Absinthe #2","strDrinkThumb":"https:\/\/www.thecocktaildb.com\/images\/media\/drink\/uxxtrt1472667197.jpg","idDrink":"12790"},{"strDrink":"Absolut Evergreen","strDrinkThumb":"https:\/\/www.thecocktaildb.com\/images\/media\/drink\/wrxrxp1472812609.jpg","idDrink":"14374"},{"strDrink":"Absolut limousine","strDrinkThumb":"https:\/\/www.thecocktaildb.com\/images\/media\/drink\/ssqpyw1472719844.jpg","idDrink":"14372"},{"strDrink":"Absolut Sex","strDrinkThumb":"https:\/\/www.thecocktaildb.com\/images\/media\/drink\/xtrvtx1472668436.jpg","idDrink":"14360"},{"strDrink":"Absolut Stress #2","strDrinkThumb":"https:\/\/www.thecocktaildb.com\/images\/media\/drink\/xuyqrw1472811825.jpg","idDrink":"15597"},{"strDrink":"Absolut Summertime","strDrinkThumb":"https:\/\/www.thecocktaildb.com\/images\/media\/drink\/trpxxs1472669662.jpg","idDrink":"14107"},{"strDrink":"Absolutely Cranberry Smash","strDrinkThumb":"https:\/\/www.thecocktaildb.com\/images\/media\/drink\/vqwstv1472811884.jpg","idDrink":"15024"},{"strDrink":"Absolutely Fabulous","strDrinkThumb":"https:\/\/www.thecocktaildb.com\/images\/media\/drink\/abcpwr1504817734.jpg","idDrink":"17224"},{"strDrink":"Absolutly Screwed Up","strDrinkThumb":"https:\/\/www.thecocktaildb.com\/images\/media\/drink\/yvxrwv1472669728.jpg","idDrink":"16134"},{"strDrink":"Acapulco","strDrinkThumb":"https:\/\/www.thecocktaildb.com\/images\/media\/drink\/il9e0r1582478841.jpg","idDrink":"17836"},{"strDrink":"Ace","strDrinkThumb":"https:\/\/www.thecocktaildb.com\/images\/media\/drink\/l3cd7f1504818306.jpg","idDrink":"17225"},{"strDrink":"ACID","strDrinkThumb":"https:\/\/www.thecocktaildb.com\/images\/media\/drink\/xuxpxt1479209317.jpg","idDrink":"14610"},{"strDrink":"Adam","strDrinkThumb":"https:\/\/www.thecocktaildb.com\/images\/media\/drink\/v0at4i1582478473.jpg","idDrink":"17837"},{"strDrink":"Adam & Eve","strDrinkThumb":"https:\/\/www.thecocktaildb.com\/images\/media\/drink\/vfeumw1504819077.jpg","idDrink":"17226"},{"strDrink":"Adam Bomb","strDrinkThumb":"https:\/\/www.thecocktaildb.com\/images\/media\/drink\/tpxurs1454513016.jpg","idDrink":"16333"},{"strDrink":"Adam Sunrise","strDrinkThumb":"https:\/\/www.thecocktaildb.com\/images\/media\/drink\/vtuyvu1472812112.jpg","idDrink":"15567"},{"strDrink":"Addington","strDrinkThumb":"https:\/\/www.thecocktaildb.com\/images\/media\/drink\/ib0b7g1504818925.jpg","idDrink":"17227"},{"strDrink":"Addison","strDrinkThumb":"https:\/\/www.thecocktaildb.com\/images\/media\/drink\/yzva7x1504820300.jpg","idDrink":"17228"},{"strDrink":"Addison Special","strDrinkThumb":"https:\/\/www.thecocktaildb.com\/images\/media\/drink\/4vo5651493068493.jpg","idDrink":"14272"},{"strDrink":"Adios Amigos Cocktail","strDrinkThumb":"https:\/\/www.thecocktaildb.com\/images\/media\/drink\/8nk2mp1504819893.jpg","idDrink":"17229"},{"strDrink":"Adonis Cocktail","strDrinkThumb":"https:\/\/www.thecocktaildb.com\/images\/media\/drink\/xrvruq1472812030.jpg","idDrink":"17838"},{"strDrink":"Affair","strDrinkThumb":"https:\/\/www.thecocktaildb.com\/images\/media\/drink\/h5za6y1582477994.jpg","idDrink":"17839"},{"strDrink":"Affinity","strDrinkThumb":"https:\/\/www.thecocktaildb.com\/images\/media\/drink\/wzdtnn1582477684.jpg","idDrink":"17840"},{"strDrink":"After Dinner Cocktail","strDrinkThumb":"https:\/\/www.thecocktaildb.com\/images\/media\/drink\/vtytxq1483387578.jpg","idDrink":"11010"},{"strDrink":"After Five","strDrinkThumb":"https:\/\/www.thecocktaildb.com\/images\/media\/drink\/sk3lr91493068595.jpg","idDrink":"13807"},{"strDrink":"After sex","strDrinkThumb":"https:\/\/www.thecocktaildb.com\/images\/media\/drink\/xrl66i1493068702.jpg","idDrink":"15182"},{"strDrink":"After Supper Cocktail","strDrinkThumb":"https:\/\/www.thecocktaildb
