10-22 00:13:12.950  1385  1385 W InputContextProxyV4: InputContextProxyV4.applyClientDiffInternal():880 Ignore [FetchSuggestions] diff due to stale request: 7920<7922, inputStateId=7615, lastInputStateId=7616
10-22 00:13:13.089  1385  1385 E InputConnectionWrapper: InputConnectionWrapper.waitForInputConnectionFutureInternal():1486 Failed to get the input connection call's result.
10-22 00:13:13.089  1385  1385 E InputConnectionWrapper: java.util.concurrent.TimeoutException: Waited 100 milliseconds (plus 1 milliseconds, 491556 nanoseconds delay) for ott@d30a70a[status=PENDING, info=[task=[running=[RUNNING ON ICWrapper-1], jeu@c585b7b]]]
10-22 00:13:13.089  1385  1385 E InputConnectionWrapper: 	at oqk.get(PG:50)
10-22 00:13:13.089  1385  1385 E InputConnectionWrapper: 	at jfe.u(PG:2)
10-22 00:13:13.089  1385  1385 E InputConnectionWrapper: 	at jfe.t(PG:2)
10-22 00:13:13.089  1385  1385 E InputConnectionWrapper: 	at jfd.e(PG:8)
10-22 00:13:13.089  1385  1385 E InputConnectionWrapper: 	at jfm.D(PG:1)
10-22 00:13:13.089  1385  1385 E InputConnectionWrapper: 	at jfm.x(PG:1)
10-22 00:13:13.089  1385  1385 E InputConnectionWrapper: 	at jfm.c(PG:5)
10-22 00:13:13.089  1385  1385 E InputConnectionWrapper: 	at jfe.b(PG:14)
10-22 00:13:13.089  1385  1385 E InputConnectionWrapper: 	at dro.onUpdateSelection(PG:5)
10-22 00:13:13.089  1385  1385 E InputConnectionWrapper: 	at android.inputmethodservice.InputMethodService$InputMethodSessionImpl.updateSelection(InputMethodService.java:1020)
10-22 00:13:13.089  1385  1385 E InputConnectionWrapper: 	at android.inputmethodservice.IInputMethodSessionWrapper.executeMessage(IInputMethodSessionWrapper.java:105)
10-22 00:13:13.089  1385  1385 E InputConnectionWrapper: 	at com.android.internal.os.HandlerCaller$MyHandler.handleMessage(HandlerCaller.java:44)
10-22 00:13:13.089  1385  1385 E InputConnectionWrapper: 	at android.os.Handler.dispatchMessage(Handler.java:106)
10-22 00:13:13.089  1385  1385 E InputConnectionWrapper: 	at android.os.Looper.loopOnce(Looper.java:201)
10-22 00:13:13.089  1385  1385 E InputConnectionWrapper: 	at android.os.Looper.loop(Looper.java:288)
10-22 00:13:13.089  1385  1385 E InputConnectionWrapper: 	at android.app.ActivityThread.main(ActivityThread.java:7839)
10-22 00:13:13.089  1385  1385 E InputConnectionWrapper: 	at java.lang.reflect.Method.invoke(Native Method)
10-22 00:13:13.089  1385  1385 E InputConnectionWrapper: 	at com.android.internal.os.RuntimeInit$MethodAndArgsCaller.run(RuntimeInit.java:548)
10-22 00:13:13.089  1385  1385 E InputConnectionWrapper: 	at com.android.internal.os.ZygoteInit.main(ZygoteInit.java:1003)
10-22 00:13:13.126  1385  1385 W InputConnectionWrapper: InputConnectionWrapper.recordDuration():1449 IPC IC_GET_SURROUNDING_TEXT took 114 ms
10-22 00:13:13.168  1385  2206 I native  : I1022 00:13:13.168036    2206 input-context-store.cc:238] Ignoring stale client request for FetchSuggestions
10-22 00:13:13.195  1385  1385 W InputContextProxyV4: InputContextProxyV4.applyClientDiffInternal():880 Ignore [FetchSuggestions] diff due to stale request: 7922<7923, inputStateId=7617, lastInputStateId=7617
10-22 00:13:13.238 21439 21462 D EGL_emulation: app_time_stats: avg=96.05ms min=6.50ms max=278.40ms count=11
10-22 00:13:13.294  1385  2206 I native  : I1022 00:13:13.294009    2206 input-context-store.cc:238] Ignoring stale client request for FetchSuggestions
10-22 00:13:13.302  1385  1385 W InputContextProxyV4: InputContextProxyV4.applyClientDiffInternal():880 Ignore [FetchSuggestions] diff due to stale request: 7924<7926, inputStateId=7618, lastInputStateId=7618
10-22 00:13:13.387  1385  1385 W InputContextProxyV4: InputContextProxyV4.applyClientDiffInternal():880 Ignore [FetchSuggestions] diff due to stale request: 7926<7928, inputStateId=7619, lastInputStateId=7620
10-22 00:13:13.455  1385  2206 I native  : I1022 00:13:13.455349    2206 input-context-store.cc:238] Ignoring stale client request for FetchSuggestions
10-22 00:13:13.458  1385  1385 W InputContextProxyV4: InputContextProxyV4.applyClientDiffInternal():880 Ignore [FetchSuggestions] diff due to stale request: 7928<7930, inputStateId=7621, lastInputStateId=7621
10-22 00:13:13.510  1385  1385 W InputContextProxyV4: InputContextProxyV4.applyClientDiffInternal():880 Ignore [FetchSuggestions] diff due to stale request: 7930<7932, inputStateId=7622, lastInputStateId=7623
10-22 00:13:13.570  1385  2206 I native  : I1022 00:13:13.570456    2206 input-context-store.cc:238] Ignoring stale client request for FetchSuggestions
10-22 00:13:13.573  1385  1385 W InputContextProxyV4: InputContextProxyV4.applyClientDiffInternal():880 Ignore [FetchSuggestions] diff due to stale request: 7932<7933, inputStateId=7624, lastInputStateId=7624
10-22 00:13:13.644  1385  1385 I InlineSuggestionCandidateViewController: InlineSuggestionCandidateViewController.textCandidatesUpdated():621 Not showing inline suggestion tooltip v2; has candidates
10-22 00:13:13.685  1385  2053 D EGL_emulation: app_time_stats: avg=406.36ms min=19.09ms max=963.16ms count=3
10-22 00:13:13.742  1385  1385 W InputContextProxyV4: InputContextProxyV4.applyClientDiffInternal():880 Ignore [FetchSuggestions] diff due to stale request: 7936<7937, inputStateId=7627, lastInputStateId=7628
10-22 00:13:13.829  1385  2206 I native  : I1022 00:13:13.829533    2206 input-context-store.cc:238] Ignoring stale client request for FetchSuggestions
10-22 00:13:13.839  1385  1385 W InputContextProxyV4: InputContextProxyV4.applyClientDiffInternal():880 Ignore [FetchSuggestions] diff due to stale request: 7938<7940, inputStateId=7629, lastInputStateId=7629
10-22 00:13:13.923  1385  1385 W InputContextProxyV4: InputContextProxyV4.applyClientDiffInternal():880 Ignore [FetchSuggestions] diff due to stale request: 7940<7942, inputStateId=7630, lastInputStateId=7631
10-22 00:13:14.014  1385  1385 I InlineSuggestionCandidateViewController: InlineSuggestionCandidateViewController.textCandidatesUpdated():621 Not showing inline suggestion tooltip v2; has candidates
10-22 00:13:14.082  1385  2206 I native  : I1022 00:13:14.082033    2206 input-context-store.cc:238] Ignoring stale client request for FetchSuggestions
10-22 00:13:14.089  1385  1385 W InputContextProxyV4: InputContextProxyV4.applyClientDiffInternal():880 Ignore [FetchSuggestions] diff due to stale request: 7944<7946, inputStateId=7634, lastInputStateId=7634
10-22 00:13:14.132  1385  1385 I InlineSuggestionCandidateViewController: InlineSuggestionCandidateViewController.textCandidatesUpdated():621 Not showing inline suggestion tooltip v2; has candidates
10-22 00:13:14.194  1385  1385 W InputContextProxyV4: InputContextProxyV4.applyClientDiffInternal():880 Ignore [FetchSuggestions] diff due to stale request: 7948<7949, inputStateId=7637, lastInputStateId=7636
10-22 00:13:14.197  1385  1385 I InlineSuggestionCandidateViewController: InlineSuggestionCandidateViewController.textCandidatesUpdated():621 Not showing inline suggestion tooltip v2; has candidates
10-22 00:13:14.256 21439 21462 D EGL_emulation: app_time_stats: avg=63.37ms min=24.21ms max=118.71ms count=16
10-22 00:13:14.301  1385  2206 I native  : I1022 00:13:14.301190    2206 input-context-store.cc:161] Ignoring stale client request for FetchSuggestions
10-22 00:13:14.307  1385  2206 I native  : I1022 00:13:14.307161    2206 input-context-store.cc:161] Ignoring stale client request for OverrideDecodedCandidates
10-22 00:13:14.313  1385  1385 W InputContextProxyV4: InputContextProxyV4.applyClientDiffInternal():880 Ignore [FetchSuggestions] diff due to stale request: 7953<7956, inputStateId=0, lastInputStateId=7643
10-22 00:13:14.726 21439 21439 I ViewInteraction: Performing 'type text(pppppppppppppppppppppppppppppp)' action on view view.getId() is <2131296470/com.example.cocktailsdbapp:id/et_password_input>
10-22 00:13:14.778  1385  1385 I GoogleInputMethodService: GoogleInputMethodService.onFinishInputView():2365
10-22 00:13:14.779  1385  1385 I InlineSuggestionCandidateViewController: InlineSuggestionCandidateViewController.setInlineSuggestionCandidateImpl():1163 set  to inlineSuggestionTextView
10-22 00:13:14.780 21439 21439 D InputMethodManager: showSoftInput() view=androidx.appcompat.widget.AppCompatEditText{1ff8663 VFED..CL. .F.P..ID 119,552-959,660 #7f0900d6 app:id/et_password_input aid=1073741829} flags=0 reason=SHOW_SOFT_INPUT
10-22 00:13:14.783  1385  1385 I KeyboardWrapper: KeyboardWrapper.consumeEvent():287 Skip consuming an event as current keyboard is deactivated (state=0, keyboard existence=true)
10-22 00:13:14.783  1385  1385 I VoiceInputManagerWrapper: VoiceInputManagerWrapper.shutdown():76 shutdown()
10-22 00:13:14.783  1385  1385 I AndroidIME: AbstractIme.onDeactivate():207 LatinIme.onDeactivate()
10-22 00:13:14.786  1385  1385 I GoogleInputMethodService: GoogleInputMethodService.onFinishInput():3420
10-22 00:13:14.786  1385  1385 I GoogleInputMethodService: GoogleInputMethodService.onStartInput():2002
10-22 00:13:14.789  1385  1385 I DeviceUnlockedTag: DeviceUnlockedTag.notifyDeviceLockStatusChanged():31 Notify device unlocked.
10-22 00:13:14.795  1385  1385 I GoogleInputMethodService: GoogleInputMethodService.onStartInputView():2148
10-22 00:13:14.797  1385  1385 I DeviceUnlockedTag: DeviceUnlockedTag.notifyDeviceLockStatusChanged():31 Notify device unlocked.
10-22 00:13:14.829  1385  1385 I KeyboardViewUtil: KeyboardViewUtil.getKeyboardHeightRatio():166 systemKeyboardHeightRatio:1.000000; userKeyboardHeightRatio:1.000000.
10-22 00:13:14.831  1385  1385 I AndroidIME: AbstractIme.onActivate():86 PasswordIme.onActivate() : EditorInfo = inputType=Password imeActionName=DONE dump=[inputType=0x81 imeOptions=0x4000006 privateImeOptions=null actionLabel=null actionId=0 initialSelStart=0 initialSelEnd=0 initialCapsMode=0x0 hintText=password label=null packageName=com.example.cocktailsdbapp autofillId=1073741829 fieldId=2131296470 fieldName=null extras=Bundle[{android.support.text.emoji.emojiCompat_metadataVersion=8, android.support.text.emoji.emojiCompat_replaceAll=false}] hintLocales=null contentMimeTypes=null ], IncognitoMode = false, DeviceLocked = false
10-22 00:13:14.838  1385  1385 I KeyboardViewHelper: KeyboardViewHelper.getView():167 Get view with height ratio:1.000000
10-22 00:13:14.850  1385  1385 I KeyboardViewUtil: KeyboardViewUtil.calculateMaxKeyboardBodyHeight():62 leave 354 height for app when screen height:2274, header height:116 and isFullscreenMode:false, so the max keyboard body height is:1804
10-22 00:13:14.850  1385  1385 I InlineSuggestionCandidateViewController: InlineSuggestionCandidateViewController.setInlineSuggestionCandidateImpl():1163 set  to inlineSuggestionTextView
10-22 00:13:14.852  1385  1385 I KeyboardViewUtil: KeyboardViewUtil.calculateMaxKeyboardBodyHeight():62 leave 354 height for app when screen height:2274, header height:116 and isFullscreenMode:false, so the max keyboard body height is:1804
10-22 00:13:14.853  1385  1385 I NormalModeController: NormalModeController.getKeyboardBodyViewHolderPaddingBottom():109 currentPrimeKeyboardType:SOFT systemPaddingBottom:-1
10-22 00:13:14.854  1385  1385 I AndroidIME: KeyboardViewManager.updateKeyboardBodyViewHolderPaddingBottom():513 Set finalPaddingBottom = 0 while keyboardBottomGapFromScreen = 0; navigationHeight = 126
10-22 00:13:14.854  1385  1385 I NormalModeController: NormalModeController.getKeyboardBodyViewHolderPaddingBottom():109 currentPrimeKeyboardType:SOFT systemPaddingBottom:-1
10-22 00:13:14.855  1385  1385 I AndroidIME: KeyboardViewManager.updateKeyboardBodyViewHolderPaddingBottom():513 Set finalPaddingBottom = 0 while keyboardBottomGapFromScreen = 0; navigationHeight = 126
10-22 00:13:14.856  1385  1385 I CurrentMicStatusHolder: CurrentMicStatusHolder.onStartInputView():79 Current Mic status = {MicIconHidden-SettingOff,MicIconHidden-PasswordOrNumberOrDateInputType,}
10-22 00:13:14.859  1385  1385 I VoiceImeExtension: VoiceImeExtension.shouldStartVoiceInputAutomatically():354 No private IME option set to start voice input.
10-22 00:13:14.862 21439 21439 D InsetsController: show(ime(), fromIme=true)
10-22 00:13:14.867 21439 21439 D InsetsController: show(ime(), fromIme=true)
10-22 00:13:14.875  1385  2053 D EGL_emulation: app_time_stats: avg=198.01ms min=20.65ms max=518.48ms count=6
10-22 00:13:14.880  8529  8529 D BoundBrokerSvc: onBind: Intent { act=com.google.android.gms.common.BIND_SHARED_PREFS pkg=com.google.android.gms }
10-22 00:13:14.880  8529  8529 D BoundBrokerSvc: Loading bound service for intent: Intent { act=com.google.android.gms.common.BIND_SHARED_PREFS pkg=com.google.android.gms }
10-22 00:13:14.892  8529  8529 D BoundBrokerSvc: onUnbind: Intent { act=com.google.android.gms.common.BIND_SHARED_PREFS pkg=com.google.android.gms }
10-22 00:13:14.897  8529  8529 D BoundBrokerSvc: onBind: Intent { act=com.google.android.gms.common.BIND_SHARED_PREFS pkg=com.google.android.gms }
10-22 00:13:14.897  8529  8529 D BoundBrokerSvc: Loading bound service for intent: Intent { act=com.google.android.gms.common.BIND_SHARED_PREFS pkg=com.google.android.gms }
10-22 00:13:14.903  8529  8529 D BoundBrokerSvc: onUnbind: Intent { act=com.google.android.gms.common.BIND_SHARED_PREFS pkg=com.google.android.gms }
10-22 00:13:15.031 21439 21439 D UiControllerImpl: Injecting string: "pppppppppppppppppppppppppppppp"
10-22 00:13:15.081   361   403 D goldfish-address-space: claimShared: Ask to claim region [0x3efd53000 0x3efda0000]
10-22 00:13:15.086   361   403 D goldfish-address-space: claimShared: Ask to claim region [0x3efda0000 0x3efded000]
10-22 00:13:15.098   361   403 D goldfish-address-space: claimShared: Ask to claim region [0x3efded000 0x3efe3a000]
10-22 00:13:15.216   572  1656 W InputManager-JNI: Input channel object '5d63997 PopupWindow:d738350 (client)' was disposed without first being removed with the input manager!
10-22 00:13:15.324 21439 21462 D EGL_emulation: app_time_stats: avg=55.09ms min=7.17ms max=253.28ms count=19
10-22 00:13:16.226 21439 21439 I ViewInteraction: Checking 'MatchesViewAssertion{viewMatcher=an instance of android.widget.TextView and view.getText() with or without transformation to match: is "AAAAAAAAAAAAAAAAAAAAAAAAAAAAAA"}' assertion on view view.getId() is <2131296469/com.example.cocktailsdbapp:id/et_name_input>
10-22 00:13:16.240 21439 21439 I ViewInteraction: Checking 'MatchesViewAssertion{viewMatcher=an instance of android.widget.TextView and view.getText() with or without transformation to match: is "aaaaaaaaaaaaaaaaaaaa@example.com"}' assertion on view view.getId() is <2131296468/com.example.cocktailsdbapp:id/et_email_input>
10-22 00:13:16.248 21439 21439 I ViewInteraction: Checking 'MatchesViewAssertion{viewMatcher=an instance of android.widget.TextView and view.getText() with or without transformation to match: is "pppppppppppppppppppppppppppppp"}' assertion on view view.getId() is <2131296470/com.example.cocktailsdbapp:id/et_password_input>
10-22 00:13:16.296 21439 21439 D LifecycleMonitor: Lifecycle status change: com.example.cocktailsdbapp.MainActivity@a218fc9 in: PAUSED
10-22 00:13:16.298 21439 21439 V ActivityScenario: Update currentActivityStage to PAUSED, currentActivity=com.example.cocktailsdbapp.MainActivity@a218fc9
10-22 00:13:16.314   361   403 D goldfish-address-space: claimShared: Ask to claim region [0x3eecd8000 0x3ef679000]
10-22 00:13:16.351 21439 21439 D LifecycleMonitor: Lifecycle status change: androidx.test.core.app.InstrumentationActivityInvoker$EmptyActivity@adc528e in: PRE_ON_CREATE
10-22 00:13:16.353 21439 21439 V ActivityScenario: Activity lifecycle changed event received but ignored because the intent does not match. startActivityIntent=Intent { act=android.intent.action.MAIN cat=[android.intent.category.LAUNCHER] flg=0x10008000 cmp=com.example.cocktailsdbapp/.MainActivity }, activity.getIntent()=Intent { act=android.intent.action.MAIN cat=[android.intent.category.LAUNCHER] flg=0x10000000 cmp=com.example.cocktailsdbapp/androidx.test.core.app.InstrumentationActivityInvoker$EmptyActivity }, activity=androidx.test.core.app.InstrumentationActivityInvoker$EmptyActivity@adc528e
10-22 00:13:16.395 21439 21439 D LifecycleMonitor: Lifecycle status change: androidx.test.core.app.InstrumentationActivityInvoker$EmptyActivity@adc528e in: CREATED
10-22 00:13:16.396 21439 21439 V ActivityScenario: Activity lifecycle changed event received but ignored because the intent does not match. startActivityIntent=Intent { act=android.intent.action.MAIN cat=[android.intent.category.LAUNCHER] flg=0x10008000 cmp=com.example.cocktailsdbapp/.MainActivity }, activity.getIntent()=Intent { act=android.intent.action.MAIN cat=[android.intent.category.LAUNCHER] flg=0x10000000 cmp=com.example.cocktailsdbapp/androidx.test.core.app.InstrumentationActivityInvoker$EmptyActivity }, activity=androidx.test.core.app.InstrumentationActivityInvoker$EmptyActivity@adc528e
10-22 00:13:16.402 21439 21439 D LifecycleMonitor: Lifecycle status change: androidx.test.core.app.InstrumentationActivityInvoker$EmptyActivity@adc528e in: STARTED
10-22 00:13:16.403 21439 21439 V ActivityScenario: Activity lifecycle changed event received but ignored because the intent does not match. startActivityIntent=Intent { act=android.intent.action.MAIN cat=[android.intent.category.LAUNCHER] flg=0x10008000 cmp=com.example.cocktailsdbapp/.MainActivity }, activity.getIntent()=Intent { act=android.intent.action.MAIN cat=[android.intent.category.LAUNCHER] flg=0x10000000 cmp=com.example.cocktailsdbapp/androidx.test.core.app.InstrumentationActivityInvoker$EmptyActivity }, activity=androidx.test.core.app.InstrumentationActivityInvoker$EmptyActivity@adc528e
10-22 00:13:16.411 21439 21439 D LifecycleMonitor: Lifecycle status change: androidx.test.core.app.InstrumentationActivityInvoker$EmptyActivity@adc528e in: RESUMED
10-22 00:13:16.412 21439 21439 V ActivityScenario: Activity lifecycle changed event received but ignored because the intent does not match. startActivityIntent=Intent { act=android.intent.action.MAIN cat=[android.intent.category.LAUNCHER] flg=0x10008000 cmp=com.example.cocktailsdbapp/.MainActivity }, activity.getIntent()=Intent { act=android.intent.action.MAIN cat=[android.intent.category.LAUNCHER] flg=0x10000000 cmp=com.example.cocktailsdbapp/androidx.test.core.app.InstrumentationActivityInvoker$EmptyActivity }, activity=androidx.test.core.app.InstrumentationActivityInvoker$EmptyActivity@adc528e
10-22 00:13:16.463   361   403 D goldfish-address-space: claimShared: Ask to claim region [0x3f354f000 0x3f3f33000]
10-22 00:13:16.470   361   403 D goldfish-address-space: claimShared: Ask to claim region [0x3f0ca8000 0x3f168c000]
10-22 00:13:16.476   361   403 D goldfish-address-space: claimShared: Ask to claim region [0x3f168c000 0x3f2070000]
10-22 00:13:16.499   572   599 I ActivityTaskManager: Displayed com.example.cocktailsdbapp/androidx.test.core.app.InstrumentationActivityInvoker$EmptyActivity: +231ms
10-22 00:13:16.548 21439 21439 D LifecycleMonitor: Lifecycle status change: com.example.cocktailsdbapp.MainActivity@a218fc9 in: STOPPED
10-22 00:13:16.548 21439 21439 V ActivityScenario: Update currentActivityStage to STOPPED, currentActivity=com.example.cocktailsdbapp.MainActivity@a218fc9
10-22 00:13:16.552 21439 21439 D AutofillManager: onActivityFinishing(): calling cancelLocked()
10-22 00:13:16.565 21439 21439 D LifecycleMonitor: Lifecycle status change: com.example.cocktailsdbapp.MainActivity@a218fc9 in: DESTROYED
10-22 00:13:16.565 21439 21439 V ActivityScenario: Update currentActivityStage to DESTROYED, currentActivity=null
10-22 00:13:16.579   572  2081 W InputManager-JNI: Input channel object 'db67c85 com.example.cocktailsdbapp/com.example.cocktailsdbapp.MainActivity (client)' was disposed without first being removed with the input manager!
10-22 00:13:16.615  1385  1385 I GoogleInputMethodService: GoogleInputMethodService.onFinishInputView():2365
10-22 00:13:16.618  1385  1385 I AndroidIME: AbstractIme.onDeactivate():207 PasswordIme.onDeactivate()
10-22 00:13:16.637   361   403 D goldfish-address-space: claimShared: Ask to claim region [0x3f2070000 0x3f26c4000]
10-22 00:13:16.645  1385  1385 I GoogleInputMethodService: GoogleInputMethodService.onFinishInput():3420
10-22 00:13:16.645  1385  1385 I GoogleInputMethodService: GoogleInputMethodService.onStartInput():2002
10-22 00:13:16.649  1385  1385 I DeviceUnlockedTag: DeviceUnlockedTag.notifyDeviceLockStatusChanged():31 Notify device unlocked.
10-22 00:13:16.657  1385  2053 D EGL_emulation: app_time_stats: avg=889.91ms min=15.29ms max=1764.54ms count=2
10-22 00:13:16.697 21439 21439 D LifecycleMonitor: Lifecycle status change: androidx.test.core.app.InstrumentationActivityInvoker$EmptyActivity@adc528e in: PAUSED
10-22 00:13:16.698 21439 21439 V ActivityScenario: Activity lifecycle changed event received but ignored because the intent does not match. startActivityIntent=Intent { act=android.intent.action.MAIN cat=[android.intent.category.LAUNCHER] flg=0x10008000 cmp=com.example.cocktailsdbapp/.MainActivity }, activity.getIntent()=Intent { act=android.intent.action.MAIN cat=[android.intent.category.LAUNCHER] flg=0x10000000 cmp=com.example.cocktailsdbapp/androidx.test.core.app.InstrumentationActivityInvoker$EmptyActivity }, activity=androidx.test.core.app.InstrumentationActivityInvoker$EmptyActivity@adc528e
10-22 00:13:16.794 21439 21456 I TestRunner: finished: testRegistrationWithLongInputs(com.example.cocktailsdbapp.ui.authorization.RegistrationFragmentTest)
