10-22 00:14:10.348 21439 21456 I TestRunner: started: testCocktailsRecyclerViewIsScrollable(com.example.cocktailsdbapp.ui.cocktails.CocktailsFragmentTest)
10-22 00:14:10.385 21439 21456 W Settings: Setting always_finish_activities has moved from android.provider.Settings.System to android.provider.Settings.Global, returning read-only value.
10-22 00:14:10.409   774   863 D SplashScreenView: Build android.window.SplashScreenView{b515e9f V.E...... ......ID 0,0-0,0}
10-22 00:14:10.409   774   863 D SplashScreenView: Icon: view: null drawable: null size: 0
10-22 00:14:10.409   774   863 D SplashScreenView: Branding: view: android.view.View{a73ebec G.ED..... ......I. 0,0-0,0 #10204a6 android:id/splashscreen_branding_view} drawable: null size w: 0 h: 0
10-22 00:14:10.444   361   403 D goldfish-address-space: claimShared: Ask to claim region [0x3f2400000 0x3f2de4000]
10-22 00:14:10.454 21439 21439 D LifecycleMonitor: Lifecycle status change: com.example.cocktailsdbapp.MainActivity@c00b883 in: PRE_ON_CREATE
10-22 00:14:10.454 21439 21439 V ActivityScenario: Activity lifecycle changed event received but ignored because the reported transition was not ON_CREATE while the last known transition was PRE_ON_CREATE
10-22 00:14:10.506   361   403 D goldfish-address-space: claimShared: Ask to claim region [0x3f0000000 0x3f09e4000]
10-22 00:14:10.516   361   403 D goldfish-address-space: claimShared: Ask to claim region [0x3f09e4000 0x3f13c8000]
10-22 00:14:10.531  1506  1506 I GsaVoiceInteractionSrv: Handling ACTION_STOP_HOTWORD
10-22 00:14:10.531  1506  1506 E HwDetectorWithState: a: 3
10-22 00:14:10.568   774   875 D EGL_emulation: app_time_stats: avg=2015.54ms min=10.74ms max=4020.35ms count=2
10-22 00:14:10.864  1718  1718 I A       : onApplyWindowInsets: systemWindowInsets=Insets{left=0, top=63, right=0, bottom=126}
10-22 00:14:10.865  1718  1718 I A       : onApplyWindowInsets: systemWindowInsets=Insets{left=0, top=63, right=0, bottom=126}
10-22 00:14:10.912 21439 21439 D LifecycleMonitor: Lifecycle status change: com.example.cocktailsdbapp.MainActivity@c00b883 in: CREATED
10-22 00:14:10.912 21439 21439 V ActivityScenario: Update currentActivityStage to CREATED, currentActivity=com.example.cocktailsdbapp.MainActivity@c00b883
10-22 00:14:10.918 21439 21439 D LifecycleMonitor: Lifecycle status change: com.example.cocktailsdbapp.MainActivity@c00b883 in: STARTED
10-22 00:14:10.918 21439 21439 V ActivityScenario: Update currentActivityStage to STARTED, currentActivity=com.example.cocktailsdbapp.MainActivity@c00b883
10-22 00:14:10.922 21439 21439 D LifecycleMonitor: Lifecycle status change: com.example.cocktailsdbapp.MainActivity@c00b883 in: RESUMED
10-22 00:14:10.923 21439 21439 V ActivityScenario: Update currentActivityStage to RESUMED, currentActivity=com.example.cocktailsdbapp.MainActivity@c00b883
10-22 00:14:11.023   361   403 D goldfish-address-space: claimShared: Ask to claim region [0x3ef32c000 0x3efd10000]
10-22 00:14:11.030   361   403 D goldfish-address-space: claimShared: Ask to claim region [0x3f354f000 0x3f3f33000]
10-22 00:14:11.038   361   403 D goldfish-address-space: claimShared: Ask to claim region [0x3f4654000 0x3f5038000]
10-22 00:14:11.129   572   599 I ActivityTaskManager: Displayed com.example.cocktailsdbapp/.MainActivity: +734ms
10-22 00:14:11.366  1385  1385 I GoogleInputMethodService: GoogleInputMethodService.onFinishInput():3420
10-22 00:14:11.368  1385  1385 I GoogleInputMethodService: GoogleInputMethodService.onStartInput():2002
10-22 00:14:11.371  1385  1385 I DeviceUnlockedTag: DeviceUnlockedTag.notifyDeviceLockStatusChanged():31 Notify device unlocked.
10-22 00:14:11.445 21439 21439 I ViewInteraction: Performing 'single click' action on view view.getId() is <2131296379/com.example.cocktailsdbapp:id/bt_register>
10-22 00:14:11.584   572  2086 W InputManager-JNI: Input channel object '2f5be72 Splash Screen com.example.cocktailsdbapp (client)' was disposed without first being removed with the input manager!
10-22 00:14:11.773   774   875 D EGL_emulation: app_time_stats: avg=146.83ms min=6.99ms max=1045.16ms count=8
10-22 00:14:11.805   774   875 D EGL_emulation: app_time_stats: avg=84.74ms min=9.44ms max=1071.29ms count=21
10-22 00:14:11.970   774   923 D ControlsListingControllerImpl: Subscribing callback, service count: 0
10-22 00:14:12.001   774   923 D ControlsListingControllerImpl: Unsubscribing callback
10-22 00:14:12.763   511   511 W livelock: sample 2.080s
10-22 00:14:12.998 21439 21439 I ViewInteraction: Performing 'replace text()' action on view view.getId() is <2131296469/com.example.cocktailsdbapp:id/et_name_input>
10-22 00:14:13.027 21439 21462 D EGL_emulation: app_time_stats: avg=141.66ms min=6.41ms max=1179.19ms count=13
10-22 00:14:13.028 21439 21439 I ViewInteraction: Performing 'type text(Cocktails Test User)' action on view view.getId() is <2131296469/com.example.cocktailsdbapp:id/et_name_input>
10-22 00:14:13.108  1385  1385 I GoogleInputMethodService: GoogleInputMethodService.onFinishInput():3420
10-22 00:14:13.112 21439 21439 D InputMethodManager: showSoftInput() view=androidx.appcompat.widget.AppCompatEditText{334db53 VFED..CL. .F.P..ID 119,284-959,392 #7f0900d5 app:id/et_name_input aid=1073741827} flags=0 reason=SHOW_SOFT_INPUT
10-22 00:14:13.126  1385  1385 I GoogleInputMethodService: GoogleInputMethodService.onStartInput():2002
10-22 00:14:13.139  1385  1385 I DeviceUnlockedTag: DeviceUnlockedTag.notifyDeviceLockStatusChanged():31 Notify device unlocked.
10-22 00:14:13.144  1385  1385 I GoogleInputMethodService: GoogleInputMethodService.onStartInputView():2148
10-22 00:14:13.158 21439 21439 I AssistStructure: Flattened final assist data: 2988 bytes, containing 1 windows, 17 views
10-22 00:14:13.177  1385  1385 I DeviceUnlockedTag: DeviceUnlockedTag.notifyDeviceLockStatusChanged():31 Notify device unlocked.
10-22 00:14:13.179  1385  1385 I KeyboardViewUtil: KeyboardViewUtil.getKeyboardHeightRatio():166 systemKeyboardHeightRatio:1.000000; userKeyboardHeightRatio:1.000000.
10-22 00:14:13.183  1385  1385 I AndroidIME: AbstractIme.onActivate():86 LatinIme.onActivate() : EditorInfo = inputType=Text imeActionName=NEXT dump=[inputType=0x61 imeOptions=0x8000005 privateImeOptions=null actionLabel=null actionId=0 initialSelStart=0 initialSelEnd=0 initialCapsMode=0x0 hintText=name label=null packageName=com.example.cocktailsdbapp autofillId=1073741827 fieldId=2131296469 fieldName=null extras=Bundle[{android.support.text.emoji.emojiCompat_metadataVersion=8, android.support.text.emoji.emojiCompat_replaceAll=false}] hintLocales=null contentMimeTypes=null ], IncognitoMode = false, DeviceLocked = false
10-22 00:14:13.183  1385  1385 I Delight5Facilitator: Delight5Facilitator.initializeForIme():718 initializeForIme() : Locale = [en_US], layout = qwerty
10-22 00:14:13.186  1385  1385 I VoiceInputManagerWrapper: VoiceInputManagerWrapper.cancelShutdown():54 cancelShutdown()
10-22 00:14:13.187  1385  1385 I VoiceInputManagerWrapper: VoiceInputManagerWrapper.syncLanguagePacks():66 syncLanguagePacks()
10-22 00:14:13.191  1385  1385 I LatinIme: LatinIme.updateEnableInlineSuggestionsOnDecoderSideFlags():1293 inline flag updated to:false
10-22 00:14:13.193  1385  5303 I SpeechFactory: SpeechRecognitionFactory.maybeScheduleAutoPackDownloadForFallback():182 maybeScheduleAutoPackDownloadForFallback()
10-22 00:14:13.193  1385  5303 I FallbackOnDeviceRecognitionProvider: FallbackOnDeviceRecognitionProvider.maybeScheduleAutoPackDownload():194 maybeScheduleAutoPackDownload() for language tag en-US
10-22 00:14:13.215  1385  1385 I KeyboardWrapper: KeyboardWrapper.consumeEvent():287 Skip consuming an event as current keyboard is deactivated (state=0, keyboard existence=true)
10-22 00:14:13.219  1385  1385 I KeyboardViewUtil: KeyboardViewUtil.calculateMaxKeyboardBodyHeight():62 leave 354 height for app when screen height:2274, header height:116 and isFullscreenMode:false, so the max keyboard body height is:1804
10-22 00:14:13.226  3983  3983 W svc     : Pending fill request while another request in the same session was triggered. [CONTEXT service_id=177 ]
10-22 00:14:13.226  1385  1385 I NormalModeController: NormalModeController.getKeyboardBodyViewHolderPaddingBottom():109 currentPrimeKeyboardType:SOFT systemPaddingBottom:-1
10-22 00:14:13.227  1385  1385 I KeyboardViewUtil: KeyboardViewUtil.calculateMaxKeyboardBodyHeight():62 leave 354 height for app when screen height:2274, header height:116 and isFullscreenMode:false, so the max keyboard body height is:1804
10-22 00:14:13.228  1385  2206 I Delight5Decoder: Delight5DecoderWrapper.setKeyboardLayout():434 setKeyboardLayout()
10-22 00:14:13.232  1385  1385 I NormalModeController: NormalModeController.getKeyboardBodyViewHolderPaddingBottom():109 currentPrimeKeyboardType:SOFT systemPaddingBottom:-1
10-22 00:14:13.234  1385  1385 I AndroidIME: KeyboardViewManager.updateKeyboardBodyViewHolderPaddingBottom():513 Set finalPaddingBottom = 0 while keyboardBottomGapFromScreen = 0; navigationHeight = 126
10-22 00:14:13.234  1385  1385 I NormalModeController: NormalModeController.getKeyboardBodyViewHolderPaddingBottom():109 currentPrimeKeyboardType:SOFT systemPaddingBottom:-1
10-22 00:14:13.237  1385  1385 I AndroidIME: KeyboardViewManager.updateKeyboardBodyViewHolderPaddingBottom():513 Set finalPaddingBottom = 0 while keyboardBottomGapFromScreen = 0; navigationHeight = 126
10-22 00:14:13.239  1385  1385 I VoiceImeExtension: VoiceImeExtension.shouldStartVoiceInputAutomatically():354 No private IME option set to start voice input.
10-22 00:14:13.276   774   875 D EGL_emulation: app_time_stats: avg=242.48ms min=17.84ms max=1342.40ms count=6
10-22 00:14:13.277  1008  1008 V InlineSuggestionRenderService: handleDestroySuggestionViews called for 0:1454538997
10-22 00:14:13.287  8529  8529 D BoundBrokerSvc: onBind: Intent { act=com.google.android.gms.common.BIND_SHARED_PREFS pkg=com.google.android.gms }
10-22 00:14:13.287  8529  8529 D BoundBrokerSvc: Loading bound service for intent: Intent { act=com.google.android.gms.common.BIND_SHARED_PREFS pkg=com.google.android.gms }
10-22 00:14:13.288 21439 21439 D InsetsController: show(ime(), fromIme=true)
10-22 00:14:13.308  1385  2053 D EGL_emulation: app_time_stats: avg=3314.83ms min=3314.83ms max=3314.83ms count=1
10-22 00:14:13.349  8529  8529 D BoundBrokerSvc: onUnbind: Intent { act=com.google.android.gms.common.BIND_SHARED_PREFS pkg=com.google.android.gms }
10-22 00:14:13.367  8529  8529 D BoundBrokerSvc: onBind: Intent { act=com.google.android.gms.common.BIND_SHARED_PREFS pkg=com.google.android.gms }
10-22 00:14:13.369  8529  8529 D BoundBrokerSvc: Loading bound service for intent: Intent { act=com.google.android.gms.common.BIND_SHARED_PREFS pkg=com.google.android.gms }
10-22 00:14:13.398  8529  8529 D BoundBrokerSvc: onUnbind: Intent { act=com.google.android.gms.common.BIND_SHARED_PREFS pkg=com.google.android.gms }
10-22 00:14:13.412 21439 21439 D UiControllerImpl: Injecting string: "Cocktails Test User"
10-22 00:14:13.730  1385  1385 I InlineSuggestionCandidateViewController: InlineSuggestionCandidateViewController.textCandidatesUpdated():621 Not showing inline suggestion tooltip v2; has candidates
10-22 00:14:13.990  1385  1385 W InputContextProxyV4: InputContextProxyV4.applyClientDiffInternal():880 Ignore [FetchSuggestions] diff due to stale request: 8244<8245, inputStateId=7920, lastInputStateId=7921
10-22 00:14:14.041 21439 21462 D EGL_emulation: app_time_stats: avg=91.77ms min=20.81ms max=370.64ms count=11
10-22 00:14:14.054  1385  1385 I InlineSuggestionCandidateViewController: InlineSuggestionCandidateViewController.textCandidatesUpdated():621 Not showing inline suggestion tooltip v2; has candidates
10-22 00:14:14.133  1385  1385 W InputContextProxyV4: InputContextProxyV4.applyClientDiffInternal():880 Ignore [FetchSuggestions] diff due to stale request: 8248<8250, inputStateId=7924, lastInputStateId=7925
10-22 00:14:14.194  1385  1385 W InputContextProxyV4: InputContextProxyV4.applyClientDiffInternal():880 Ignore [FetchSuggestions] diff due to stale request: 8250<8251, inputStateId=7926, lastInputStateId=7927
10-22 00:14:14.251  1385  1385 W InputContextProxyV4: InputContextProxyV4.applyClientDiffInternal():880 Ignore [FetchSuggestions] diff due to stale request: 8252<8254, inputStateId=7928, lastInputStateId=7929
10-22 00:14:14.303  1385  1385 I InlineSuggestionCandidateViewController: InlineSuggestionCandidateViewController.textCandidatesUpdated():621 Not showing inline suggestion tooltip v2; has candidates
10-22 00:14:14.342  1385  2053 D EGL_emulation: app_time_stats: avg=160.01ms min=26.78ms max=247.98ms count=6
10-22 00:14:14.403  1385  1385 W InputContextProxyV4: InputContextProxyV4.applyClientDiffInternal():880 Ignore [FetchSuggestions] diff due to stale request: 8256<8258, inputStateId=7932, lastInputStateId=7933
10-22 00:14:14.407  1385  1385 I InlineSuggestionCandidateViewController: InlineSuggestionCandidateViewController.textCandidatesUpdated():621 Not showing inline suggestion tooltip v2; has candidates
10-22 00:14:14.498  1385  2206 I native  : I1022 00:14:14.497918    2206 input-context-store.cc:178] Using roll back input context for operation: [FetchSuggestions] rolled back operation: [OverrideDecodedCandidates] reason: client [7935] vs decoder [7937]
10-22 00:14:14.503  1385  1385 W InputContextProxyV4: InputContextProxyV4.applyClientDiffInternal():880 Ignore [FetchSuggestions] diff due to stale request: 8260<8261, inputStateId=7937, lastInputStateId=7935
10-22 00:14:14.511  1385  1385 I InlineSuggestionCandidateViewController: InlineSuggestionCandidateViewController.textCandidatesUpdated():621 Not showing inline suggestion tooltip v2; has candidates
10-22 00:14:14.714  1385  1385 W InputContextProxyV4: InputContextProxyV4.applyClientDiffInternal():880 Ignore [FetchSuggestions] diff due to stale request: 8263<8266, inputStateId=7941, lastInputStateId=7943
10-22 00:14:14.722  1385  2206 I native  : I1022 00:14:14.722875    2206 input-context-store.cc:238] Ignoring stale client request for FetchSuggestions
10-22 00:14:14.726  1385  1385 W InputContextProxyV4: InputContextProxyV4.applyClientDiffInternal():880 Ignore [FetchSuggestions] diff due to stale request: 8266<8268, inputStateId=7944, lastInputStateId=7944
10-22 00:14:14.732  1385  1385 I InlineSuggestionCandidateViewController: InlineSuggestionCandidateViewController.textCandidatesUpdated():621 Not showing inline suggestion tooltip v2; has candidates
10-22 00:14:14.789  1385  1385 I KeyboardViewController: KeyboardViewController.lambda$showSelfAndAncestors$6():594 current view doesn't has the priority com.google.android.apps.inputmethod.libs.framework.keyboard.widget.AccessPointsBar{38333e6 I.E...... ......ID 95,0-975,116 #7f0b0017 app:id/0_resource_name_obfuscated} to show itself, DEFAULT
10-22 00:14:14.854  1385  1385 W InputContextProxyV4: InputContextProxyV4.applyClientDiffInternal():880 Ignore [FetchSuggestions] diff due to stale request: 8270<8272, inputStateId=7947, lastInputStateId=7948
10-22 00:14:14.913  1385  1385 W InputContextProxyV4: InputContextProxyV4.applyClientDiffInternal():880 Ignore [FetchSuggestions] diff due to stale request: 8272<8274, inputStateId=7949, lastInputStateId=7950
10-22 00:14:14.923  1385  2206 I native  : I1022 00:14:14.923436    2206 input-context-store.cc:178] Using roll back input context for operation: [FetchSuggestions] rolled back operation: [OverrideDecodedCandidates] reason: client [7950] vs decoder [7952]
10-22 00:14:14.931  1385  1385 W InputContextProxyV4: InputContextProxyV4.applyClientDiffInternal():880 Ignore [FetchSuggestions] diff due to stale request: 8274<8275, inputStateId=7952, lastInputStateId=7950
10-22 00:14:14.941  1385  1385 I InlineSuggestionCandidateViewController: InlineSuggestionCandidateViewController.textCandidatesUpdated():621 Not showing inline suggestion tooltip v2; has candidates
10-22 00:14:15.063 21439 21462 D EGL_emulation: app_time_stats: avg=45.81ms min=11.65ms max=100.03ms count=21
10-22 00:14:15.091  1385  1385 W InputContextProxyV4: InputContextProxyV4.applyClientDiffInternal():880 Ignore [FetchSuggestions] diff due to stale request: 8277<8281, inputStateId=7956, lastInputStateId=7959
10-22 00:14:15.095  1385  2206 I native  : I1022 00:14:15.095394    2206 input-context-store.cc:161] Ignoring stale client request for FetchSuggestions
10-22 00:14:15.097  1385  1385 W InputContextProxyV4: InputContextProxyV4.applyClientDiffInternal():880 Ignore [FetchSuggestions] diff due to stale request: 8280<8282, inputStateId=0, lastInputStateId=7959
10-22 00:14:15.111  1385  1385 I InlineSuggestionCandidateViewController: InlineSuggestionCandidateViewController.textCandidatesUpdated():621 Not showing inline suggestion tooltip v2; has candidates
10-22 00:14:15.181  1385  1385 I KeyboardViewController: KeyboardViewController.lambda$showSelfAndAncestors$6():594 current view doesn't has the priority com.google.android.apps.inputmethod.libs.framework.keyboard.widget.AccessPointsBar{38333e6 I.E...... ......ID 95,0-975,116 #7f0b0017 app:id/0_resource_name_obfuscated} to show itself, DEFAULT
10-22 00:14:15.218 21439 21439 I ViewInteraction: Performing 'replace text()' action on view view.getId() is <2131296468/com.example.cocktailsdbapp:id/et_email_input>
10-22 00:14:15.227  1385  1385 I InlineSuggestionCandidateViewController: InlineSuggestionCandidateViewController.textCandidatesUpdated():621 Not showing inline suggestion tooltip v2; has candidates
10-22 00:14:15.253 21439 21439 I ViewInteraction: Performing 'type text(cocktailstest@example.com)' action on view view.getId() is <2131296468/com.example.cocktailsdbapp:id/et_email_input>
10-22 00:14:15.340  1385  1385 I GoogleInputMethodService: GoogleInputMethodService.onFinishInputView():2365
10-22 00:14:15.345 21439 21439 D InputMethodManager: showSoftInput() view=androidx.appcompat.widget.AppCompatEditText{d86dc90 VFED..CL. .F.P..ID 119,418-959,526 #7f0900d4 app:id/et_email_input aid=1073741828} flags=0 reason=SHOW_SOFT_INPUT
10-22 00:14:15.347  1385  1385 I InlineSuggestionCandidateViewController: InlineSuggestionCandidateViewController.setInlineSuggestionCandidateImpl():1163 set  to inlineSuggestionTextView
10-22 00:14:15.378  1385  1385 I KeyboardWrapper: KeyboardWrapper.consumeEvent():287 Skip consuming an event as current keyboard is deactivated (state=0, keyboard existence=true)
10-22 00:14:15.379  1385  1385 I VoiceInputManagerWrapper: VoiceInputManagerWrapper.shutdown():76 shutdown()
10-22 00:14:15.383  1385  1385 I AndroidIME: AbstractIme.onDeactivate():207 LatinIme.onDeactivate()
10-22 00:14:15.385  1385  1385 I GoogleInputMethodService: GoogleInputMethodService.onFinishInput():3420
10-22 00:14:15.387  1385  1385 I GoogleInputMethodService: GoogleInputMethodService.onStartInput():2002
10-22 00:14:15.389  1385  2206 W Delight5Decoder: Delight5DecoderWrapper.shouldAbandonMessage():1874 Detected old [FetchSuggestions] request in background: 8286<8287
10-22 00:14:15.401  1385  1385 I DeviceUnlockedTag: DeviceUnlockedTag.notifyDeviceLockStatusChanged():31 Notify device unlocked.
10-22 00:14:15.402  1385  1385 I GoogleInputMethodService: GoogleInputMethodService.onStartInputView():2148
10-22 00:14:15.410  1385  1385 I DeviceUnlockedTag: DeviceUnlockedTag.notifyDeviceLockStatusChanged():31 Notify device unlocked.
10-22 00:14:15.411  1385  1385 I KeyboardViewUtil: KeyboardViewUtil.getKeyboardHeightRatio():166 systemKeyboardHeightRatio:1.000000; userKeyboardHeightRatio:1.000000.
10-22 00:14:15.412   361   403 D goldfish-address-space: claimShared: Ask to claim region [0x3efd10000 0x3efd5d000]
10-22 00:14:15.412  1385  1385 I AndroidIME: AbstractIme.onActivate():86 LatinIme.onActivate() : EditorInfo = inputType=Email imeActionName=NEXT dump=[inputType=0x21 imeOptions=0xc000005 privateImeOptions=null actionLabel=null actionId=0 initialSelStart=0 initialSelEnd=0 initialCapsMode=0x0 hintText=email label=null packageName=com.example.cocktailsdbapp autofillId=1073741828 fieldId=2131296468 fieldName=null extras=Bundle[{android.support.text.emoji.emojiCompat_metadataVersion=8, android.support.text.emoji.emojiCompat_replaceAll=false}] hintLocales=null contentMimeTypes=null ], IncognitoMode = false, DeviceLocked = false
10-22 00:14:15.413  1385  1385 I Delight5Facilitator: Delight5Facilitator.initializeForIme():718 initializeForIme() : Locale = [en_US], layout = qwerty
10-22 00:14:15.419   361   403 D goldfish-address-space: claimShared: Ask to claim region [0x3efd5d000 0x3efdaa000]
10-22 00:14:15.419  1385  1385 I VoiceInputManagerWrapper: VoiceInputManagerWrapper.cancelShutdown():54 cancelShutdown()
10-22 00:14:15.420  1385  1385 I VoiceInputManagerWrapper: VoiceInputManagerWrapper.syncLanguagePacks():66 syncLanguagePacks()
10-22 00:14:15.421  1385  5303 I SpeechFactory: SpeechRecognitionFactory.maybeScheduleAutoPackDownloadForFallback():182 maybeScheduleAutoPackDownloadForFallback()
10-22 00:14:15.422  1385  5303 I FallbackOnDeviceRecognitionProvider: FallbackOnDeviceRecognitionProvider.maybeScheduleAutoPackDownload():194 maybeScheduleAutoPackDownload() for language tag en-US
10-22 00:14:15.423  1385  1385 I LatinIme: LatinIme.updateEnableInlineSuggestionsOnDecoderSideFlags():1293 inline flag updated to:false
10-22 00:14:15.427   361   403 D goldfish-address-space: claimShared: Ask to claim region [0x3efdaa000 0x3efdf7000]
10-22 00:14:15.449  1385  1385 I KeyboardWrapper: KeyboardWrapper.consumeEvent():287 Skip consuming an event as current keyboard is deactivated (state=0, keyboard existence=true)
10-22 00:14:15.463 21439 21439 W IInputConnectionWrapper: setComposingRegion on inactive InputConnection
10-22 00:14:15.469  1385  1385 I KeyboardViewUtil: KeyboardViewUtil.calculateMaxKeyboardBodyHeight():62 leave 354 height for app when screen height:2274, header height:116 and isFullscreenMode:false, so the max keyboard body height is:1804
10-22 00:14:15.474  1385  1385 I NormalModeController: NormalModeController.getKeyboardBodyViewHolderPaddingBottom():109 currentPrimeKeyboardType:SOFT systemPaddingBottom:-1
10-22 00:14:15.476  1385  1385 I KeyboardViewUtil: KeyboardViewUtil.calculateMaxKeyboardBodyHeight():62 leave 354 height for app when screen height:2274, header height:116 and isFullscreenMode:false, so the max keyboard body height is:1804
10-22 00:14:15.480  1385  2206 I Delight5Decoder: Delight5DecoderWrapper.setKeyboardLayout():434 setKeyboardLayout()
10-22 00:14:15.483  1385  1385 I NormalModeController: NormalModeController.getKeyboardBodyViewHolderPaddingBottom():109 currentPrimeKeyboardType:SOFT systemPaddingBottom:-1
10-22 00:14:15.486  1385  1385 I AndroidIME: KeyboardViewManager.updateKeyboardBodyViewHolderPaddingBottom():513 Set finalPaddingBottom = 0 while keyboardBottomGapFromScreen = 0; navigationHeight = 126
10-22 00:14:15.487  1385  1385 I NormalModeController: NormalModeController.getKeyboardBodyViewHolderPaddingBottom():109 currentPrimeKeyboardType:SOFT systemPaddingBottom:-1
10-22 00:14:15.490  1385  1385 I AndroidIME: KeyboardViewManager.updateKeyboardBodyViewHolderPaddingBottom():513 Set finalPaddingBottom = 0 while keyboardBottomGapFromScreen = 0; navigationHeight = 126
10-22 00:14:15.495  1385  1385 I CurrentMicStatusHolder: CurrentMicStatusHolder.onStartInputView():79 Current Mic status = {MicIconHidden-EmailInputType,}
10-22 00:14:15.496  1385  1385 I VoiceImeExtension: VoiceImeExtension.shouldStartVoiceInputAutomatically():354 No private IME option set to start voice input.
10-22 00:14:15.514 21439 21439 D InsetsController: show(ime(), fromIme=true)
10-22 00:14:15.529 21439 21439 D InsetsController: show(ime(), fromIme=true)
10-22 00:14:15.541  1385  2053 D EGL_emulation: app_time_stats: avg=90.66ms min=7.49ms max=298.31ms count=13
10-22 00:14:15.555  8529  8529 D BoundBrokerSvc: onBind: Intent { act=com.google.android.gms.common.BIND_SHARED_PREFS pkg=com.google.android.gms }
10-22 00:14:15.555  8529  8529 D BoundBrokerSvc: Loading bound service for intent: Intent { act=com.google.android.gms.common.BIND_SHARED_PREFS pkg=com.google.android.gms }
10-22 00:14:15.568  8529  8529 D BoundBrokerSvc: onUnbind: Intent { act=com.google.android.gms.common.BIND_SHARED_PREFS pkg=com.google.android.gms }
10-22 00:14:15.602  8529  8529 D BoundBrokerSvc: onBind: Intent { act=com.google.android.gms.common.BIND_SHARED_PREFS pkg=com.google.android.gms }
10-22 00:14:15.602  8529  8529 D BoundBrokerSvc: Loading bound service for intent: Intent { act=com.google.android.gms.common.BIND_SHARED_PREFS pkg=com.google.android.gms }
10-22 00:14:15.616  8529  8529 D BoundBrokerSvc: onUnbind: Intent { act=com.google.android.gms.common.BIND_SHARED_PREFS pkg=com.google.android.gms }
10-22 00:14:15.701 21439 21439 D UiControllerImpl: Injecting string: "cocktailstest@example.com"
10-22 00:14:15.858  1385  1385 W InputContextProxyV4: InputContextProxyV4.applyClientDiffInternal():880 Ignore [FetchSuggestions] diff due to stale request: 8291<8294, inputStateId=7968, lastInputStateId=7970
10-22 00:14:15.868  1385  1385 I InlineSuggestionCandidateViewController: InlineSuggestionCandidateViewController.textCandidatesUpdated():621 Not showing inline suggestion tooltip v2; has candidates
10-22 00:14:15.887  1385  1385 I InlineSuggestionCandidateViewController: InlineSuggestionCandidateViewController.textCandidatesUpdated():621 Not showing inline suggestion tooltip v2; has candidates
10-22 00:14:15.900   572   893 W InputManager-JNI: Input channel object 'ab938c4 PopupWindow:af72a6a (client)' was disposed without first being removed with the input manager!
10-22 00:14:16.062  1385  1385 W InputContextProxyV4: InputContextProxyV4.applyClientDiffInternal():880 Ignore [FetchSuggestions] diff due to stale request: 8298<8299, inputStateId=7975, lastInputStateId=7976
10-22 00:14:16.095 21439 21462 D EGL_emulation: app_time_stats: avg=62.55ms min=4.86ms max=288.81ms count=16
10-22 00:14:16.112  1385  1385 W InputContextProxyV4: InputContextProxyV4.applyClientDiffInternal():880 Ignore [FetchSuggestions] diff due to stale request: 8300<8301, inputStateId=7977, lastInputStateId=7978
10-22 00:14:16.163  1385  2206 I native  : I1022 00:14:16.163219    2206 input-context-store.cc:238] Ignoring stale client request for FetchSuggestions
10-22 00:14:16.164  1385  1385 W InputContextProxyV4: InputContextProxyV4.applyClientDiffInternal():880 Ignore [FetchSuggestions] diff due to stale request: 8302<8304, inputStateId=7979, lastInputStateId=7979
10-22 00:14:16.223  1385  1385 W InputContextProxyV4: InputContextProxyV4.applyClientDiffInternal():880 Ignore [FetchSuggestions] diff due to stale request: 8304<8305, inputStateId=7980, lastInputStateId=7981
10-22 00:14:16.259  1385  1385 I InlineSuggestionCandidateViewController: InlineSuggestionCandidateViewController.textCandidatesUpdated():621 Not showing inline suggestion tooltip v2; has candidates
10-22 00:14:16.308  1385  1385 W InputContextProxyV4: InputContextProxyV4.applyClientDiffInternal():880 Ignore [FetchSuggestions] diff due to stale request: 8308<8310, inputStateId=7984, lastInputStateId=7985
10-22 00:14:16.345  1385  1385 I InlineSuggestionCandidateViewController: InlineSuggestionCandidateViewController.textCandidatesUpdated():621 Not showing inline suggestion tooltip v2; has candidates
10-22 00:14:16.390  1385  1385 I InlineSuggestionCandidateViewController: InlineSuggestionCandidateViewController.textCandidatesUpdated():621 Not showing inline suggestion tooltip v2; has candidates
10-22 00:14:16.527  1385  1385 W InputContextProxyV4: InputContextProxyV4.applyClientDiffInternal():880 Ignore [FetchSuggestions] diff due to stale request: 8314<8316, inputStateId=7990, lastInputStateId=7991
10-22 00:14:16.659  1385  1385 W InputContextProxyV4: InputContextProxyV4.applyClientDiffInternal():880 Ignore [FetchSuggestions] diff due to stale request: 8316<8318, inputStateId=7992, lastInputStateId=7993
10-22 00:14:16.686  1385  2053 D EGL_emulation: app_time_stats: avg=190.38ms min=45.89ms max=349.37ms count=6
10-22 00:14:16.830  1385  1385 W InputContextProxyV4: InputContextProxyV4.applyClientDiffInternal():880 Ignore [FetchSuggestions] diff due to stale request: 8318<8319, inputStateId=7994, lastInputStateId=7993
10-22 00:14:16.831  1385  1385 I InlineSuggestionCandidateViewController: InlineSuggestionCandidateViewController.textCandidatesUpdated():621 Not showing inline suggestion tooltip v2; has candidates
10-22 00:14:17.097 21439 21462 D EGL_emulation: app_time_stats: avg=45.42ms min=24.61ms max=131.87ms count=22
10-22 00:14:17.248 21439 21439 I ViewInteraction: Performing 'replace text()' action on view view.getId() is <2131296470/com.example.cocktailsdbapp:id/et_password_input>
10-22 00:14:17.280 21439 21439 I ViewInteraction: Performing 'type text(password123)' action on view view.getId() is <2131296470/com.example.cocktailsdbapp:id/et_password_input>
10-22 00:14:17.345  1385  1385 I GoogleInputMethodService: GoogleInputMethodService.onFinishInputView():2365
10-22 00:14:17.346 21439 21439 D InputMethodManager: showSoftInput() view=androidx.appcompat.widget.AppCompatEditText{fff989 VFED..CL. .F.P..ID 119,552-959,660 #7f0900d6 app:id/et_password_input aid=1073741829} flags=0 reason=SHOW_SOFT_INPUT
10-22 00:14:17.347  1385  1385 I InlineSuggestionCandidateViewController: InlineSuggestionCandidateViewController.setInlineSuggestionCandidateImpl():1163 set  to inlineSuggestionTextView
10-22 00:14:17.352  1385  1385 I KeyboardWrapper: KeyboardWrapper.consumeEvent():287 Skip consuming an event as current keyboard is deactivated (state=0, keyboard existence=true)
10-22 00:14:17.355  1385  1385 I VoiceInputManagerWrapper: VoiceInputManagerWrapper.shutdown():76 shutdown()
10-22 00:14:17.356  1385  1385 I AndroidIME: AbstractIme.onDeactivate():207 LatinIme.onDeactivate()
10-22 00:14:17.358  1385  1385 I GoogleInputMethodService: GoogleInputMethodService.onFinishInput():3420
10-22 00:14:17.359  1385  1385 I GoogleInputMethodService: GoogleInputMethodService.onStartInput():2002
10-22 00:14:17.363  1385  1385 I DeviceUnlockedTag: DeviceUnlockedTag.notifyDeviceLockStatusChanged():31 Notify device unlocked.
10-22 00:14:17.366  1385  1385 I GoogleInputMethodService: GoogleInputMethodService.onStartInputView():2148
10-22 00:14:17.367  1385  1385 I DeviceUnlockedTag: DeviceUnlockedTag.notifyDeviceLockStatusChanged():31 Notify device unlocked.
10-22 00:14:17.377   361   403 D goldfish-address-space: claimShared: Ask to claim region [0x3efd10000 0x3efd5d000]
10-22 00:14:17.381   361   403 D goldfish-address-space: claimShared: Ask to claim region [0x3efd5d000 0x3efdaa000]
10-22 00:14:17.385   361   403 D goldfish-address-space: claimShared: Ask to claim region [0x3efdaa000 0x3efdf7000]
10-22 00:14:17.407  1385  1385 I KeyboardViewUtil: KeyboardViewUtil.getKeyboardHeightRatio():166 systemKeyboardHeightRatio:1.000000; userKeyboardHeightRatio:1.000000.
10-22 00:14:17.409  1385  1385 I AndroidIME: AbstractIme.onActivate():86 PasswordIme.onActivate() : EditorInfo = inputType=Password imeActionName=DONE dump=[inputType=0x81 imeOptions=0x4000006 privateImeOptions=null actionLabel=null actionId=0 initialSelStart=0 initialSelEnd=0 initialCapsMode=0x0 hintText=password label=null packageName=com.example.cocktailsdbapp autofillId=1073741829 fieldId=2131296470 fieldName=null extras=Bundle[{android.support.text.emoji.emojiCompat_metadataVersion=8, android.support.text.emoji.emojiCompat_replaceAll=false}] hintLocales=null contentMimeTypes=null ], IncognitoMode = false, DeviceLocked = false
10-22 00:14:17.416  1385  1385 I KeyboardViewHelper: KeyboardViewHelper.getView():167 Get view with height ratio:1.000000
10-22 00:14:17.426  1385  1385 I KeyboardViewUtil: KeyboardViewUtil.calculateMaxKeyboardBodyHeight():62 leave 354 height for app when screen height:2274, header height:116 and isFullscreenMode:false, so the max keyboard body height is:1804
10-22 00:14:17.426  1385  1385 I InlineSuggestionCandidateViewController: InlineSuggestionCandidateViewController.setInlineSuggestionCandidateImpl():1163 set  to inlineSuggestionTextView
10-22 00:14:17.427  1385  1385 I KeyboardViewUtil: KeyboardViewUtil.calculateMaxKeyboardBodyHeight():62 leave 354 height for app when screen height:2274, header height:116 and isFullscreenMode:false, so the max keyboard body height is:1804
10-22 00:14:17.429  1385  1385 I NormalModeController: NormalModeController.getKeyboardBodyViewHolderPaddingBottom():109 currentPrimeKeyboardType:SOFT systemPaddingBottom:-1
10-22 00:14:17.430  1385  1385 I AndroidIME: KeyboardViewManager.updateKeyboardBodyViewHolderPaddingBottom():513 Set finalPaddingBottom = 0 while keyboardBottomGapFromScreen = 0; navigationHeight = 126
10-22 00:14:17.431  1385  1385 I NormalModeController: NormalModeController.getKeyboardBodyViewHolderPaddingBottom():109 currentPrimeKeyboardType:SOFT systemPaddingBottom:-1
10-22 00:14:17.432  1385  1385 I AndroidIME: KeyboardViewManager.updateKeyboardBodyViewHolderPaddingBottom():513 Set finalPaddingBottom = 0 while keyboardBottomGapFromScreen = 0; navigationHeight = 126
10-22 00:14:17.434  1385  1385 I CurrentMicStatusHolder: CurrentMicStatusHolder.onStartInputView():79 Current Mic status = {MicIconHidden-SettingOff,MicIconHidden-PasswordOrNumberOrDateInputType,}
10-22 00:14:17.434  1385  1385 I VoiceImeExtension: VoiceImeExtension.shouldStartVoiceInputAutomatically():354 No private IME option set to start voice input.
10-22 00:14:17.442 21439 21439 D InsetsController: show(ime(), fromIme=true)
10-22 00:14:17.463  8529  8529 D BoundBrokerSvc: onBind: Intent { act=com.google.android.gms.common.BIND_SHARED_PREFS pkg=com.google.android.gms }
10-22 00:14:17.463  8529  8529 D BoundBrokerSvc: Loading bound service for intent: Intent { act=com.google.android.gms.common.BIND_SHARED_PREFS pkg=com.google.android.gms }
10-22 00:14:17.464 21439 21439 D InsetsController: show(ime(), fromIme=true)
10-22 00:14:17.478  8529  8529 D BoundBrokerSvc: onUnbind: Intent { act=com.google.android.gms.common.BIND_SHARED_PREFS pkg=com.google.android.gms }
10-22 00:14:17.499  8529  8529 D BoundBrokerSvc: onBind: Intent { act=com.google.android.gms.common.BIND_SHARED_PREFS pkg=com.google.android.gms }
10-22 00:14:17.499  8529  8529 D BoundBrokerSvc: Loading bound service for intent: Intent { act=com.google.android.gms.common.BIND_SHARED_PREFS pkg=com.google.android.gms }
10-22 00:14:17.508  8529  8529 D BoundBrokerSvc: onUnbind: Intent { act=com.google.android.gms.common.BIND_SHARED_PREFS pkg=com.google.android.gms }
10-22 00:14:17.626 21439 21439 D UiControllerImpl: Injecting string: "password123"
10-22 00:14:17.751   572  2086 W InputManager-JNI: Input channel object 'ade7fde PopupWindow:5fce584 (client)' was disposed without first being removed with the input manager!
10-22 00:14:17.913   774   875 D EGL_emulation: app_time_stats: avg=1020.65ms min=18.32ms max=5994.84ms count=6
10-22 00:14:18.114 21439 21439 I ViewInteraction: Performing 'single click' action on view view.getId() is <2131296379/com.example.cocktailsdbapp:id/bt_register>
10-22 00:14:18.151 21439 21462 D EGL_emulation: app_time_stats: avg=49.25ms min=3.40ms max=256.41ms count=21
10-22 00:14:18.365   361   403 D goldfish-address-space: claimShared: Ask to claim region [0x3efd10000 0x3efed1000]
10-22 00:14:18.380   361   403 D goldfish-address-space: claimShared: Ask to claim region [0x3ec9a1000 0x3ecb62000]
10-22 00:14:18.382   361   403 D goldfish-address-space: claimShared: Ask to claim region [0x3ecb62000 0x3ecd23000]
10-22 00:14:18.511   774   875 D EGL_emulation: app_time_stats: avg=519.54ms min=10.65ms max=4861.65ms count=10
10-22 00:14:19.592 21439 21462 D EGL_emulation: app_time_stats: avg=19.82ms min=3.49ms max=480.28ms count=54
10-22 00:14:19.771 21439 21439 I ViewInteraction: Checking 'MatchesViewAssertion{viewMatcher=(view has effective visibility <VISIBLE> and view.getGlobalVisibleRect() to return non-empty rectangle)}' assertion on view an instance of android.widget.TextView and view.getText() with or without transformation to match: is "Registration Successful!"
10-22 00:14:19.777 21439 21439 I ViewInteraction: Performing 'single click' action on view an instance of android.widget.TextView and view.getText() with or without transformation to match: is "OK"
10-22 00:14:19.849 21439 21462 D EGL_emulation: app_time_stats: avg=158.51ms min=15.28ms max=1215.26ms count=9
10-22 00:14:19.876 21439 21462 D OpenGLRenderer: endAllActiveAnimators on 0x7a172f10a520 (RippleDrawable) with handle 0x7a163ef42590
10-22 00:14:19.882   407   533 D AudioFlinger: mixer(0x78d16b108a70) throttle end: throttle time(42)
10-22 00:14:19.895   572  2086 W InputManager-JNI: Input channel object '405f39a com.example.cocktailsdbapp/com.example.cocktailsdbapp.MainActivity (client)' was disposed without first being removed with the input manager!
10-22 00:14:19.932   774   875 D EGL_emulation: app_time_stats: avg=156.36ms min=12.60ms max=1287.23ms count=9
10-22 00:14:20.030 21439 21767 I okhttp.OkHttpClient: --> GET https://www.thecocktaildb.com/api/json/v1/1/filter.php?a=Alcoholic
10-22 00:14:20.030 21439 21767 I okhttp.OkHttpClient: --> END GET
10-22 00:14:20.079 21439 21439 E RecyclerView: No adapter attached; skipping layout
10-22 00:14:20.096  1385  1385 I GoogleInputMethodService: GoogleInputMethodService.onFinishInputView():2365
10-22 00:14:20.097  1385  1385 I AndroidIME: AbstractIme.onDeactivate():207 PasswordIme.onDeactivate()
10-22 00:14:20.099  1385  1385 I GoogleInputMethodService: GoogleInputMethodService.onFinishInput():3420
10-22 00:14:20.099  1385  1385 I GoogleInputMethodService: GoogleInputMethodService.onStartInput():2002
10-22 00:14:20.105  1385  1385 I DeviceUnlockedTag: DeviceUnlockedTag.notifyDeviceLockStatusChanged():31 Notify device unlocked.
10-22 00:14:20.158  1385  2053 D EGL_emulation: app_time_stats: avg=578.13ms min=37.87ms max=2656.44ms count=6
10-22 00:14:20.173 21439 21767 I okhttp.OkHttpClient: <-- 200 https://www.thecocktaildb.com/api/json/v1/1/filter.php?a=Alcoholic (142ms)
10-22 00:14:20.173 21439 21767 I okhttp.OkHttpClient: date: Tue, 21 Oct 2025 22:14:20 GMT
10-22 00:14:20.174 21439 21767 I okhttp.OkHttpClient: content-type: application/json
10-22 00:14:20.174 21439 21767 I okhttp.OkHttpClient: server: cloudflare
10-22 00:14:20.174 21439 21767 I okhttp.OkHttpClient: x-powered-by: PHP/7.4.33
10-22 00:14:20.175 21439 21767 I okhttp.OkHttpClient: access-control-allow-origin: *
10-22 00:14:20.175 21439 21767 I okhttp.OkHttpClient: cf-cache-status: DYNAMIC
10-22 00:14:20.177 21439 21767 I okhttp.OkHttpClient: nel: {"report_to":"cf-nel","success_fraction":0.0,"max_age":604800}
10-22 00:14:20.178 21439 21767 I okhttp.OkHttpClient: server-timing: cfCacheStatus;desc="DYNAMIC"
10-22 00:14:20.178 21439 21767 I okhttp.OkHttpClient: server-timing: cfEdge;dur=5,cfOrigin;dur=76
10-22 00:14:20.181 21439 21767 I okhttp.OkHttpClient: report-to: {"group":"cf-nel","max_age":604800,"endpoints":[{"url":"https://a.nel.cloudflare.com/report/v4?s=mH4krP2tb1uVy39%2FdzvqlojjP7NPJn%2FEtQ%2BM0%2BujIE6kFnxlt71Ej3kfYy8eeE4R42famotG%2BbIJ0CPIqMUik9vUa7NVhwRfZymJcfIC8mNPq9Q%3D"}]}
10-22 00:14:20.182 21439 21767 I okhttp.OkHttpClient: cf-ray: 99241b7c4ba4fa43-BEG
10-22 00:14:20.182 21439 21767 I okhttp.OkHttpClient: alt-svc: h3=":443"; ma=86400
10-22 00:14:20.191 21439 21767 I okhttp.OkHttpClient: {"drinks":[{"strDrink":"110 in the shade","strDrinkThumb":"https:\/\/www.thecocktaildb.com\/images\/media\/drink\/xxyywq1454511117.jpg","idDrink":"15423"},{"strDrink":"151 Florida Bushwacker","strDrinkThumb":"https:\/\/www.thecocktaildb.com\/images\/media\/drink\/rvwrvv1468877323.jpg","idDrink":"14588"},{"strDrink":"155 Belmont","strDrinkThumb":"https:\/\/www.thecocktaildb.com\/images\/media\/drink\/yqvvqs1475667388.jpg","idDrink":"15346"},{"strDrink":"24k nightmare","strDrinkThumb":"https:\/\/www.thecocktaildb.com\/images\/media\/drink\/yyrwty1468877498.jpg","idDrink":"17060"},{"strDrink":"252","strDrinkThumb":"https:\/\/www.thecocktaildb.com\/images\/media\/drink\/rtpxqw1468877562.jpg","idDrink":"15288"},{"strDrink":"3 Wise Men","strDrinkThumb":"https:\/\/www.thecocktaildb.com\/images\/media\/drink\/wxqpyw1468877677.jpg","idDrink":"13899"},{"strDrink":"3-Mile Long Island Iced Tea","strDrinkThumb":"https:\/\/www.thecocktaildb.com\/images\/media\/drink\/rrtssw1472668972.jpg","idDrink":"15300"},{"strDrink":"410 Gone","strDrinkThumb":"https:\/\/www.thecocktaildb.com\/images\/media\/drink\/xtuyqv1472669026.jpg","idDrink":"13581"},{"strDrink":"50\/50","strDrinkThumb":"https:\/\/www.thecocktaildb.com\/images\/media\/drink\/wwpyvr1461919316.jpg","idDrink":"14598"},{"strDrink":"501 Blue","strDrinkThumb":"https:\/\/www.thecocktaildb.com\/images\/media\/drink\/ywxwqs1461867097.jpg","idDrink":"17105"},{"strDrink":"57 Chevy with a White License Plate","strDrinkThumb":"https:\/\/www.thecocktaildb.com\/images\/media\/drink\/qyyvtu1468878544.jpg","idDrink":"14029"},{"strDrink":"69 Special","strDrinkThumb":"https:\/\/www.thecocktaildb.com\/images\/media\/drink\/vqyxqx1472669095.jpg","idDrink":"13940"},{"strDrink":"747","strDrinkThumb":"https:\/\/www.thecocktaildb.com\/images\/media\/drink\/xxsxqy1472668106.jpg","idDrink":"14229"},{"strDrink":"747 Drink","strDrinkThumb":"https:\/\/www.thecocktaildb.com\/images\/media\/drink\/i9suxb1582474926.jpg","idDrink":"178318"},{"strDrink":"9 1\/2 Weeks","strDrinkThumb":"https:\/\/www.thecocktaildb.com\/images\/media\/drink\/xvwusr1472669302.jpg","idDrink":"16108"},{"strDrink":"A Day at the Beach","strDrinkThumb":"https:\/\/www.thecocktaildb.com\/images\/media\/drink\/trptts1454514474.jpg","idDrink":"15200"},{"strDrink":"A Furlong Too Late","strDrinkThumb":"https:\/\/www.thecocktaildb.com\/images\/media\/drink\/ssxvww1472669166.jpg","idDrink":"17831"},{"strDrink":"A Gilligan's Island","strDrinkThumb":"https:\/\/www.thecocktaildb.com\/images\/media\/drink\/wysqut1461867176.jpg","idDrink":"16943"},{"strDrink":"A midsummernight dream","strDrinkThumb":"https:\/\/www.thecocktaildb.com\/images\/media\/drink\/ysqvqp1461867292.jpg","idDrink":"15675"},{"strDrink":"A Night In Old Mandalay","strDrinkThumb":"https:\/\/www.thecocktaildb.com\/images\/media\/drink\/vyrvxt1461919380.jpg","idDrink":"17832"},{"strDrink":"A Piece of Ass","strDrinkThumb":"https:\/\/www.thecocktaildb.com\/images\/media\/drink\/tqxyxx1472719737.jpg","idDrink":"16405"},{"strDrink":"A Splash of Nash","strDrinkThumb":"https:\/\/www.thecocktaildb.com\/images\/media\/drink\/rsvtrr1472668201.jpg","idDrink":"14564"},{"strDrink":"A True Amaretto Sour","strDrinkThumb":"https:\/\/www.thecocktaildb.com\/images\/media\/drink\/rptuxy1472669372.jpg","idDrink":"17005"},{"strDrink":"A. J.","strDrinkThumb":"https:\/\/www.thecocktaildb.com\/images\/media\/drink\/l74qo91582480316.jpg","idDrink":"17833"},{"strDrink":"A.D.M. (After Dinner Mint)","strDrinkThumb":"https:\/\/www.thecocktaildb.com\/images\/media\/drink\/ruxuvp1472669600.jpg","idDrink":"14560"},{"strDrink":"A1","strDrinkThumb":"https:\/\/www.thecocktaildb.com\/images\/media\/drink\/2x8thr1504816928.jpg","idDrink":"17222"},{"strDrink":"Abbey Cocktail","strDrinkThumb":"https:\/\/www.thecocktaildb.com\/images\/media\/drink\/mr30ob1582479875.jpg","idDrink":"17834"},{"strDrink":"Abbey Martini","strDrinkThumb":"https:\/\/www.thecocktaildb.com\/images\/media\/drink\/2mcozt1504817403.jpg","idDrink":"17223"},{
10-22 00:14:20.192 21439 21767 I okhttp.OkHttpClient: "strDrink":"ABC","strDrinkThumb":"https:\/\/www.thecocktaildb.com\/images\/media\/drink\/tqpvqp1472668328.jpg","idDrink":"13501"},{"strDrink":"Abilene","strDrinkThumb":"https:\/\/www.thecocktaildb.com\/images\/media\/drink\/smb2oe1582479072.jpg","idDrink":"17835"},{"strDrink":"Absinthe #2","strDrinkThumb":"https:\/\/www.thecocktaildb.com\/images\/media\/drink\/uxxtrt1472667197.jpg","idDrink":"12790"},{"strDrink":"Absolut Evergreen","strDrinkThumb":"https:\/\/www.thecocktaildb.com\/images\/media\/drink\/wrxrxp1472812609.jpg","idDrink":"14374"},{"strDrink":"Absolut limousine","strDrinkThumb":"https:\/\/www.thecocktaildb.com\/images\/media\/drink\/ssqpyw1472719844.jpg","idDrink":"14372"},{"strDrink":"Absolut Sex","strDrinkThumb":"https:\/\/www.thecocktaildb.com\/images\/media\/drink\/xtrvtx1472668436.jpg","idDrink":"14360"},{"strDrink":"Absolut Stress #2","strDrinkThumb":"https:\/\/www.thecocktaildb.com\/images\/media\/drink\/xuyqrw1472811825.jpg","idDrink":"15597"},{"strDrink":"Absolut Summertime","strDrinkThumb":"https:\/\/www.thecocktaildb.com\/images\/media\/drink\/trpxxs1472669662.jpg","idDrink":"14107"},{"strDrink":"Absolutely Cranberry Smash","strDrinkThumb":"https:\/\/www.thecocktaildb.com\/images\/media\/drink\/vqwstv1472811884.jpg","idDrink":"15024"},{"strDrink":"Absolutely Fabulous","strDrinkThumb":"https:\/\/www.thecocktaildb.com\/images\/media\/drink\/abcpwr1504817734.jpg","idDrink":"17224"},{"strDrink":"Absolutly Screwed Up","strDrinkThumb":"https:\/\/www.thecocktaildb.com\/images\/media\/drink\/yvxrwv1472669728.jpg","idDrink":"16134"},{"strDrink":"Acapulco","strDrinkThumb":"https:\/\/www.thecocktaildb.com\/images\/media\/drink\/il9e0r1582478841.jpg","idDrink":"17836"},{"strDrink":"Ace","strDrinkThumb":"https:\/\/www.thecocktaildb.com\/images\/media\/drink\/l3cd7f1504818306.jpg","idDrink":"17225"},{"strDrink":"ACID","strDrinkThumb":"https:\/\/www.thecocktaildb.com\/images\/media\/drink\/xuxpxt1479209317.jpg","idDrink":"14610"},{"strDrink":"Adam","strDrinkThumb":"https:\/\/www.thecocktaildb.com\/images\/media\/drink\/v0at4i1582478473.jpg","idDrink":"17837"},{"strDrink":"Adam & Eve","strDrinkThumb":"https:\/\/www.thecocktaildb.com\/images\/media\/drink\/vfeumw1504819077.jpg","idDrink":"17226"},{"strDrink":"Adam Bomb","strDrinkThumb":"https:\/\/www.thecocktaildb.com\/images\/media\/drink\/tpxurs1454513016.jpg","idDrink":"16333"},{"strDrink":"Adam Sunrise","strDrinkThumb":"https:\/\/www.thecocktaildb.com\/images\/media\/drink\/vtuyvu1472812112.jpg","idDrink":"15567"},{"strDrink":"Addington","strDrinkThumb":"https:\/\/www.thecocktaildb.com\/images\/media\/drink\/ib0b7g1504818925.jpg","idDrink":"17227"},{"strDrink":"Addison","strDrinkThumb":"https:\/\/www.thecocktaildb.com\/images\/media\/drink\/yzva7x1504820300.jpg","idDrink":"17228"},{"strDrink":"Addison Special","strDrinkThumb":"https:\/\/www.thecocktaildb.com\/images\/media\/drink\/4vo5651493068493.jpg","idDrink":"14272"},{"strDrink":"Adios Amigos Cocktail","strDrinkThumb":"https:\/\/www.thecocktaildb.com\/images\/media\/drink\/8nk2mp1504819893.jpg","idDrink":"17229"},{"strDrink":"Adonis Cocktail","strDrinkThumb":"https:\/\/www.thecocktaildb.com\/images\/media\/drink\/xrvruq1472812030.jpg","idDrink":"17838"},{"strDrink":"Affair","strDrinkThumb":"https:\/\/www.thecocktaildb.com\/images\/media\/drink\/h5za6y1582477994.jpg","idDrink":"17839"},{"strDrink":"Affinity","strDrinkThumb":"https:\/\/www.thecocktaildb.com\/images\/media\/drink\/wzdtnn1582477684.jpg","idDrink":"17840"},{"strDrink":"After Dinner Cocktail","strDrinkThumb":"https:\/\/www.thecocktaildb.com\/images\/media\/drink\/vtytxq1483387578.jpg","idDrink":"11010"},{"strDrink":"After Five","strDrinkThumb":"https:\/\/www.thecocktaildb.com\/images\/media\/drink\/sk3lr91493068595.jpg","idDrink":"13807"},{"strDrink":"After sex","strDrinkThumb":"https:\/\/www.thecocktaildb.com\/images\/media\/drink\/xrl66i1493068702.jpg","idDrink":"15182"},{"strDrink":"After Supper Cocktail","strDrinkThumb":"https:\/\/www.thecocktaildb
