10-22 00:14:36.798 21439 21456 I TestRunner: started: testCocktailsItemClick(com.example.cocktailsdbapp.ui.cocktails.CocktailsFragmentTest)
10-22 00:14:36.814 21439 21456 W Settings: Setting always_finish_activities has moved from android.provider.Settings.System to android.provider.Settings.Global, returning read-only value.
10-22 00:14:36.841   774   863 D SplashScreenView: Build android.window.SplashScreenView{e09c2a6 V.E...... ......ID 0,0-0,0}
10-22 00:14:36.841   774   863 D SplashScreenView: Icon: view: null drawable: null size: 0
10-22 00:14:36.841   774   863 D SplashScreenView: Branding: view: android.view.View{5daa4e7 G.ED..... ......I. 0,0-0,0 #10204a6 android:id/splashscreen_branding_view} drawable: null size w: 0 h: 0
10-22 00:14:36.888   361   405 D goldfish-address-space: claimShared: Ask to claim region [0x3f0000000 0x3f09e4000]
10-22 00:14:36.902   361   405 D goldfish-address-space: claimShared: Ask to claim region [0x3f1a1c000 0x3f2400000]
10-22 00:14:36.905 21439 21439 D LifecycleMonitor: Lifecycle status change: com.example.cocktailsdbapp.MainActivity@d89ba89 in: PRE_ON_CREATE
10-22 00:14:36.906 21439 21439 V ActivityScenario: Activity lifecycle changed event received but ignored because the reported transition was not ON_CREATE while the last known transition was PRE_ON_CREATE
10-22 00:14:36.908   361   405 D goldfish-address-space: claimShared: Ask to claim region [0x3f2400000 0x3f2de4000]
10-22 00:14:36.969   774   875 D EGL_emulation: app_time_stats: avg=1586.41ms min=15.55ms max=10967.25ms count=7
10-22 00:14:36.982   774   875 D EGL_emulation: app_time_stats: avg=171.11ms min=2.89ms max=3459.45ms count=22
10-22 00:14:36.985  1506  1506 I GsaVoiceInteractionSrv: Handling ACTION_STOP_HOTWORD
10-22 00:14:36.985  1506  1506 E HwDetectorWithState: a: 3
10-22 00:14:37.265  1718  1718 I A       : onApplyWindowInsets: systemWindowInsets=Insets{left=0, top=63, right=0, bottom=126}
10-22 00:14:37.268  1718  1718 I A       : onApplyWindowInsets: systemWindowInsets=Insets{left=0, top=63, right=0, bottom=126}
10-22 00:14:37.343 21439 21439 D LifecycleMonitor: Lifecycle status change: com.example.cocktailsdbapp.MainActivity@d89ba89 in: CREATED
10-22 00:14:37.343 21439 21439 V ActivityScenario: Update currentActivityStage to CREATED, currentActivity=com.example.cocktailsdbapp.MainActivity@d89ba89
10-22 00:14:37.346 21439 21439 D LifecycleMonitor: Lifecycle status change: com.example.cocktailsdbapp.MainActivity@d89ba89 in: STARTED
10-22 00:14:37.347 21439 21439 V ActivityScenario: Update currentActivityStage to STARTED, currentActivity=com.example.cocktailsdbapp.MainActivity@d89ba89
10-22 00:14:37.354 21439 21439 D LifecycleMonitor: Lifecycle status change: com.example.cocktailsdbapp.MainActivity@d89ba89 in: RESUMED
10-22 00:14:37.354 21439 21439 V ActivityScenario: Update currentActivityStage to RESUMED, currentActivity=com.example.cocktailsdbapp.MainActivity@d89ba89
10-22 00:14:37.455   361   405 D goldfish-address-space: claimShared: Ask to claim region [0x3f354f000 0x3f3f33000]
10-22 00:14:37.476   361   405 D goldfish-address-space: claimShared: Ask to claim region [0x3f7177000 0x3f7b5b000]
10-22 00:14:37.479   361   405 D goldfish-address-space: claimShared: Ask to claim region [0x3f6400000 0x3f6de4000]
10-22 00:14:37.554   572   599 I ActivityTaskManager: Displayed com.example.cocktailsdbapp/.MainActivity: +724ms
10-22 00:14:37.639  1385  1385 I GoogleInputMethodService: GoogleInputMethodService.onFinishInput():3420
10-22 00:14:37.639  1385  1385 I GoogleInputMethodService: GoogleInputMethodService.onStartInput():2002
10-22 00:14:37.645  1385  1385 I DeviceUnlockedTag: DeviceUnlockedTag.notifyDeviceLockStatusChanged():31 Notify device unlocked.
10-22 00:14:37.679 21439 21439 I ViewInteraction: Performing 'single click' action on view view.getId() is <2131296379/com.example.cocktailsdbapp:id/bt_register>
10-22 00:14:37.853   572  1094 W InputManager-JNI: Input channel object '8b0f133 Splash Screen com.example.cocktailsdbapp (client)' was disposed without first being removed with the input manager!
10-22 00:14:38.035   774   875 D EGL_emulation: app_time_stats: avg=265.28ms min=40.53ms max=908.63ms count=4
10-22 00:14:38.047   774   875 D EGL_emulation: app_time_stats: avg=265.81ms min=20.26ms max=911.95ms count=4
10-22 00:14:39.152 21439 21439 I ViewInteraction: Performing 'replace text()' action on view view.getId() is <2131296469/com.example.cocktailsdbapp:id/et_name_input>
10-22 00:14:39.176 21439 21439 I ViewInteraction: Performing 'type text(Cocktails Test User)' action on view view.getId() is <2131296469/com.example.cocktailsdbapp:id/et_name_input>
10-22 00:14:39.178 21439 21462 D EGL_emulation: app_time_stats: avg=103.29ms min=2.87ms max=1201.91ms count=15
10-22 00:14:39.240  1385  1385 I GoogleInputMethodService: GoogleInputMethodService.onFinishInput():3420
10-22 00:14:39.242  1385  1385 W KeyboardViewController: KeyboardViewController.show():477 Requesting to show sub view with id 2131428268(#0x7f0b03ac) when keyboard HEADER view is not ready to show
10-22 00:14:39.242 21439 21439 D InputMethodManager: showSoftInput() view=androidx.appcompat.widget.AppCompatEditText{d5888fe VFED..CL. .F.P..ID 119,284-959,392 #7f0900d5 app:id/et_name_input aid=1073741827} flags=0 reason=SHOW_SOFT_INPUT
10-22 00:14:39.247  1385  1385 I GoogleInputMethodService: GoogleInputMethodService.onStartInput():2002
10-22 00:14:39.247  1385  1385 I DeviceUnlockedTag: DeviceUnlockedTag.notifyDeviceLockStatusChanged():31 Notify device unlocked.
10-22 00:14:39.250  1385  1385 I GoogleInputMethodService: GoogleInputMethodService.onStartInputView():2148
10-22 00:14:39.259  1385  1385 I DeviceUnlockedTag: DeviceUnlockedTag.notifyDeviceLockStatusChanged():31 Notify device unlocked.
10-22 00:14:39.261  1385  1385 I KeyboardViewUtil: KeyboardViewUtil.getKeyboardHeightRatio():166 systemKeyboardHeightRatio:1.000000; userKeyboardHeightRatio:1.000000.
10-22 00:14:39.261  1385  1385 I AndroidIME: AbstractIme.onActivate():86 LatinIme.onActivate() : EditorInfo = inputType=Text imeActionName=NEXT dump=[inputType=0x61 imeOptions=0x8000005 privateImeOptions=null actionLabel=null actionId=0 initialSelStart=0 initialSelEnd=0 initialCapsMode=0x0 hintText=name label=null packageName=com.example.cocktailsdbapp autofillId=1073741827 fieldId=2131296469 fieldName=null extras=Bundle[{android.support.text.emoji.emojiCompat_metadataVersion=8, android.support.text.emoji.emojiCompat_replaceAll=false}] hintLocales=null contentMimeTypes=null ], IncognitoMode = false, DeviceLocked = false
10-22 00:14:39.262  1385  1385 I Delight5Facilitator: Delight5Facilitator.initializeForIme():718 initializeForIme() : Locale = [en_US], layout = qwerty
10-22 00:14:39.263  1385  1385 I VoiceInputManagerWrapper: VoiceInputManagerWrapper.cancelShutdown():54 cancelShutdown()
10-22 00:14:39.264  1385  1385 I VoiceInputManagerWrapper: VoiceInputManagerWrapper.syncLanguagePacks():66 syncLanguagePacks()
10-22 00:14:39.265 21439 21439 I AssistStructure: Flattened final assist data: 2988 bytes, containing 1 windows, 17 views
10-22 00:14:39.266  1385  1385 I LatinIme: LatinIme.updateEnableInlineSuggestionsOnDecoderSideFlags():1293 inline flag updated to:false
10-22 00:14:39.268  1385  5303 I SpeechFactory: SpeechRecognitionFactory.maybeScheduleAutoPackDownloadForFallback():182 maybeScheduleAutoPackDownloadForFallback()
10-22 00:14:39.268  1385  5303 I FallbackOnDeviceRecognitionProvider: FallbackOnDeviceRecognitionProvider.maybeScheduleAutoPackDownload():194 maybeScheduleAutoPackDownload() for language tag en-US
10-22 00:14:39.289  1385  1385 I KeyboardWrapper: KeyboardWrapper.consumeEvent():287 Skip consuming an event as current keyboard is deactivated (state=0, keyboard existence=true)
10-22 00:14:39.313  3983  3983 W svc     : Pending fill request while another request in the same session was triggered. [CONTEXT service_id=177 ]
10-22 00:14:39.331  1385  1385 I KeyboardViewHelper: KeyboardViewHelper.getView():167 Get view with height ratio:1.000000
10-22 00:14:39.352  1385  1385 I KeyboardViewUtil: KeyboardViewUtil.calculateMaxKeyboardBodyHeight():62 leave 354 height for app when screen height:2274, header height:116 and isFullscreenMode:false, so the max keyboard body height is:1804
10-22 00:14:39.358  1385  1385 I NormalModeController: NormalModeController.getKeyboardBodyViewHolderPaddingBottom():109 currentPrimeKeyboardType:SOFT systemPaddingBottom:-1
10-22 00:14:39.359  1385  2206 I Delight5Decoder: Delight5DecoderWrapper.setKeyboardLayout():434 setKeyboardLayout()
10-22 00:14:39.359  1385  1385 I KeyboardViewUtil: KeyboardViewUtil.calculateMaxKeyboardBodyHeight():62 leave 354 height for app when screen height:2274, header height:116 and isFullscreenMode:false, so the max keyboard body height is:1804
10-22 00:14:39.365  1385  1385 I NormalModeController: NormalModeController.getKeyboardBodyViewHolderPaddingBottom():109 currentPrimeKeyboardType:SOFT systemPaddingBottom:-1
10-22 00:14:39.365  1385  1385 I AndroidIME: KeyboardViewManager.updateKeyboardBodyViewHolderPaddingBottom():513 Set finalPaddingBottom = 0 while keyboardBottomGapFromScreen = 0; navigationHeight = 126
10-22 00:14:39.366  1385  1385 I NormalModeController: NormalModeController.getKeyboardBodyViewHolderPaddingBottom():109 currentPrimeKeyboardType:SOFT systemPaddingBottom:-1
10-22 00:14:39.370  1385  1385 I AndroidIME: KeyboardViewManager.updateKeyboardBodyViewHolderPaddingBottom():513 Set finalPaddingBottom = 0 while keyboardBottomGapFromScreen = 0; navigationHeight = 126
10-22 00:14:39.376  1385  1385 I VoiceImeExtension: VoiceImeExtension.shouldStartVoiceInputAutomatically():354 No private IME option set to start voice input.
10-22 00:14:39.398  8529  8529 D BoundBrokerSvc: onBind: Intent { act=com.google.android.gms.common.BIND_SHARED_PREFS pkg=com.google.android.gms }
10-22 00:14:39.399  8529  8529 D BoundBrokerSvc: Loading bound service for intent: Intent { act=com.google.android.gms.common.BIND_SHARED_PREFS pkg=com.google.android.gms }
10-22 00:14:39.401   361   405 D goldfish-address-space: claimShared: Ask to claim region [0x3ee98b000 0x3ef32c000]
10-22 00:14:39.410  8529  8529 D BoundBrokerSvc: onUnbind: Intent { act=com.google.android.gms.common.BIND_SHARED_PREFS pkg=com.google.android.gms }
10-22 00:14:39.410  1385  1385 I NormalModeController: NormalModeController.getKeyboardBodyViewHolderPaddingBottom():109 currentPrimeKeyboardType:SOFT systemPaddingBottom:-1
10-22 00:14:39.411  1385  2206 I Delight5Decoder: Delight5DecoderWrapper.setKeyboardLayout():434 setKeyboardLayout()
10-22 00:14:39.418  1008  1008 V InlineSuggestionRenderService: handleDestroySuggestionViews called for 0:981460316
10-22 00:14:39.421   774   875 D EGL_emulation: app_time_stats: avg=152.49ms min=12.08ms max=1243.25ms count=9
10-22 00:14:39.437   361   405 D goldfish-address-space: claimShared: Ask to claim region [0x3ef32c000 0x3efccd000]
10-22 00:14:39.446 21439 21439 D InsetsController: show(ime(), fromIme=true)
10-22 00:14:39.460   361   405 D goldfish-address-space: claimShared: Ask to claim region [0x3ecff5000 0x3ed996000]
10-22 00:14:39.467  8529  8529 D BoundBrokerSvc: onBind: Intent { act=com.google.android.gms.common.BIND_SHARED_PREFS pkg=com.google.android.gms }
10-22 00:14:39.468  8529  8529 D BoundBrokerSvc: Loading bound service for intent: Intent { act=com.google.android.gms.common.BIND_SHARED_PREFS pkg=com.google.android.gms }
10-22 00:14:39.478  8529  8529 D BoundBrokerSvc: onUnbind: Intent { act=com.google.android.gms.common.BIND_SHARED_PREFS pkg=com.google.android.gms }
10-22 00:14:39.543 21439 21439 D UiControllerImpl: Injecting string: "Cocktails Test User"
10-22 00:14:39.615  1385  1385 I InlineSuggestionCandidateViewController: InlineSuggestionCandidateViewController.textCandidatesUpdated():621 Not showing inline suggestion tooltip v2; has candidates
10-22 00:14:39.697  1385  1385 I InlineSuggestionCandidateViewController: InlineSuggestionCandidateViewController.textCandidatesUpdated():621 Not showing inline suggestion tooltip v2; has candidates
10-22 00:14:39.745  1385  1385 W InputContextProxyV4: InputContextProxyV4.applyClientDiffInternal():880 Ignore [FetchSuggestions] diff due to stale request: 8461<8463, inputStateId=8130, lastInputStateId=8131
10-22 00:14:39.771  1385  1385 I InlineSuggestionCandidateViewController: InlineSuggestionCandidateViewController.textCandidatesUpdated():621 Not showing inline suggestion tooltip v2; has candidates
10-22 00:14:39.824  1385  1385 W InputContextProxyV4: InputContextProxyV4.applyClientDiffInternal():880 Ignore [FetchSuggestions] diff due to stale request: 8465<8466, inputStateId=8134, lastInputStateId=8135
10-22 00:14:39.850  1385  1385 I InlineSuggestionCandidateViewController: InlineSuggestionCandidateViewController.textCandidatesUpdated():621 Not showing inline suggestion tooltip v2; has candidates
10-22 00:14:39.891  1385  1385 W InputContextProxyV4: InputContextProxyV4.applyClientDiffInternal():880 Ignore [FetchSuggestions] diff due to stale request: 8469<8470, inputStateId=8138, lastInputStateId=8139
10-22 00:14:39.917  1385  1385 W InputContextProxyV4: InputContextProxyV4.applyClientDiffInternal():880 Ignore [FetchSuggestions] diff due to stale request: 8471<8473, inputStateId=8140, lastInputStateId=8141
10-22 00:14:39.920  1385  1385 I InlineSuggestionCandidateViewController: InlineSuggestionCandidateViewController.textCandidatesUpdated():621 Not showing inline suggestion tooltip v2; has candidates
10-22 00:14:39.958  1385  1385 I InlineSuggestionCandidateViewController: InlineSuggestionCandidateViewController.textCandidatesUpdated():621 Not showing inline suggestion tooltip v2; has candidates
10-22 00:14:40.026  1385  1385 W InputContextProxyV4: InputContextProxyV4.applyClientDiffInternal():880 Ignore [FetchSuggestions] diff due to stale request: 8478<8482, inputStateId=8147, lastInputStateId=8150
10-22 00:14:40.033  1385  2206 I native  : I1022 00:14:40.033023    2206 input-context-store.cc:238] Ignoring stale client request for FetchSuggestions
10-22 00:14:40.061  1385  1385 W InputContextProxyV4: InputContextProxyV4.applyClientDiffInternal():880 Ignore [FetchSuggestions] diff due to stale request: 8481<8483, inputStateId=8150, lastInputStateId=8150
10-22 00:14:40.062  1385  1385 I InlineSuggestionCandidateViewController: InlineSuggestionCandidateViewController.textCandidatesUpdated():621 Not showing inline suggestion tooltip v2; has candidates
10-22 00:14:40.105  1385  1385 W InputContextProxyV4: InputContextProxyV4.applyClientDiffInternal():880 Ignore [FetchSuggestions] diff due to stale request: 8485<8487, inputStateId=8153, lastInputStateId=8154
10-22 00:14:40.144  1385  1385 I KeyboardViewController: KeyboardViewController.lambda$showSelfAndAncestors$6():594 current view doesn't has the priority com.google.android.apps.inputmethod.libs.framework.keyboard.widget.AccessPointsBar{38333e6 I.E...... ......ID 95,0-975,116 #7f0b0017 app:id/0_resource_name_obfuscated} to show itself, DEFAULT
10-22 00:14:40.151  1385  1385 I InlineSuggestionCandidateViewController: InlineSuggestionCandidateViewController.textCandidatesUpdated():621 Not showing inline suggestion tooltip v2; has candidates
10-22 00:14:40.167  1385  1385 I InlineSuggestionCandidateViewController: InlineSuggestionCandidateViewController.textCandidatesUpdated():621 Not showing inline suggestion tooltip v2; has candidates
10-22 00:14:40.179 21439 21462 D EGL_emulation: app_time_stats: avg=35.49ms min=10.66ms max=278.87ms count=28
10-22 00:14:40.268  1385  1385 W InputContextProxyV4: InputContextProxyV4.applyClientDiffInternal():880 Ignore [FetchSuggestions] diff due to stale request: 8492<8493, inputStateId=8160, lastInputStateId=8161
10-22 00:14:40.294  1385  2206 I native  : I1022 00:14:40.294566    2206 input-context-store.cc:238] Ignoring stale client request for FetchSuggestions
10-22 00:14:40.296  1385  1385 W InputContextProxyV4: InputContextProxyV4.applyClientDiffInternal():880 Ignore [FetchSuggestions] diff due to stale request: 8495<8497, inputStateId=8163, lastInputStateId=8163
10-22 00:14:40.328  1385  1385 I InlineSuggestionCandidateViewController: InlineSuggestionCandidateViewController.textCandidatesUpdated():621 Not showing inline suggestion tooltip v2; has candidates
10-22 00:14:40.370 21439 21439 I ViewInteraction: Performing 'replace text()' action on view view.getId() is <2131296468/com.example.cocktailsdbapp:id/et_email_input>
10-22 00:14:40.372  1385  1385 I InlineSuggestionCandidateViewController: InlineSuggestionCandidateViewController.textCandidatesUpdated():621 Not showing inline suggestion tooltip v2; has candidates
10-22 00:14:40.375  1385  1385 I KeyboardViewController: KeyboardViewController.lambda$showSelfAndAncestors$6():594 current view doesn't has the priority com.google.android.apps.inputmethod.libs.framework.keyboard.widget.AccessPointsBar{38333e6 I.E...... ......ID 95,0-975,116 #7f0b0017 app:id/0_resource_name_obfuscated} to show itself, DEFAULT
10-22 00:14:40.398 21439 21439 I ViewInteraction: Performing 'type text(cocktailstest@example.com)' action on view view.getId() is <2131296468/com.example.cocktailsdbapp:id/et_email_input>
10-22 00:14:40.464  1385  1385 I GoogleInputMethodService: GoogleInputMethodService.onFinishInputView():2365
10-22 00:14:40.465  1385  1385 I InlineSuggestionCandidateViewController: InlineSuggestionCandidateViewController.setInlineSuggestionCandidateImpl():1163 set  to inlineSuggestionTextView
10-22 00:14:40.469  1385  1385 I KeyboardWrapper: KeyboardWrapper.consumeEvent():287 Skip consuming an event as current keyboard is deactivated (state=0, keyboard existence=true)
10-22 00:14:40.470  1385  1385 I VoiceInputManagerWrapper: VoiceInputManagerWrapper.shutdown():76 shutdown()
10-22 00:14:40.470  1385  1385 I AndroidIME: AbstractIme.onDeactivate():207 LatinIme.onDeactivate()
10-22 00:14:40.471  1385  1385 I GoogleInputMethodService: GoogleInputMethodService.onFinishInput():3420
10-22 00:14:40.472  1385  1385 I GoogleInputMethodService: GoogleInputMethodService.onStartInput():2002
10-22 00:14:40.472  1385  1385 I DeviceUnlockedTag: DeviceUnlockedTag.notifyDeviceLockStatusChanged():31 Notify device unlocked.
10-22 00:14:40.473  1385  1385 I GoogleInputMethodService: GoogleInputMethodService.onStartInputView():2148
10-22 00:14:40.474  1385  1385 I DeviceUnlockedTag: DeviceUnlockedTag.notifyDeviceLockStatusChanged():31 Notify device unlocked.
10-22 00:14:40.475  1385  1385 I KeyboardViewUtil: KeyboardViewUtil.getKeyboardHeightRatio():166 systemKeyboardHeightRatio:1.000000; userKeyboardHeightRatio:1.000000.
10-22 00:14:40.475  1385  1385 I AndroidIME: AbstractIme.onActivate():86 LatinIme.onActivate() : EditorInfo = inputType=Email imeActionName=NEXT dump=[inputType=0x21 imeOptions=0xc000005 privateImeOptions=null actionLabel=null actionId=0 initialSelStart=0 initialSelEnd=0 initialCapsMode=0x0 hintText=email label=null packageName=com.example.cocktailsdbapp autofillId=1073741828 fieldId=2131296468 fieldName=null extras=Bundle[{android.support.text.emoji.emojiCompat_metadataVersion=8, android.support.text.emoji.emojiCompat_replaceAll=false}] hintLocales=null contentMimeTypes=null ], IncognitoMode = false, DeviceLocked = false
10-22 00:14:40.476  1385  1385 I Delight5Facilitator: Delight5Facilitator.initializeForIme():718 initializeForIme() : Locale = [en_US], layout = qwerty
10-22 00:14:40.476  1385  1385 I VoiceInputManagerWrapper: VoiceInputManagerWrapper.cancelShutdown():54 cancelShutdown()
10-22 00:14:40.476  1385  1385 I VoiceInputManagerWrapper: VoiceInputManagerWrapper.syncLanguagePacks():66 syncLanguagePacks()
10-22 00:14:40.477  1385  5303 I SpeechFactory: SpeechRecognitionFactory.maybeScheduleAutoPackDownloadForFallback():182 maybeScheduleAutoPackDownloadForFallback()
10-22 00:14:40.477  1385  5303 I FallbackOnDeviceRecognitionProvider: FallbackOnDeviceRecognitionProvider.maybeScheduleAutoPackDownload():194 maybeScheduleAutoPackDownload() for language tag en-US
10-22 00:14:40.478  1385  1385 I LatinIme: LatinIme.updateEnableInlineSuggestionsOnDecoderSideFlags():1293 inline flag updated to:false
10-22 00:14:40.479 21439 21439 D InputMethodManager: showSoftInput() view=androidx.appcompat.widget.AppCompatEditText{ae3e85f VFED..CL. .F.P..ID 119,418-959,526 #7f0900d4 app:id/et_email_input aid=1073741828} flags=0 reason=SHOW_SOFT_INPUT
10-22 00:14:40.501   361   405 D goldfish-address-space: claimShared: Ask to claim region [0x3efccd000 0x3efd1a000]
10-22 00:14:40.505   361   405 D goldfish-address-space: claimShared: Ask to claim region [0x3efd1a000 0x3efd67000]
10-22 00:14:40.513  1385  1385 I KeyboardWrapper: KeyboardWrapper.consumeEvent():287 Skip consuming an event as current keyboard is deactivated (state=0, keyboard existence=true)
10-22 00:14:40.513   361   405 D goldfish-address-space: claimShared: Ask to claim region [0x3efd67000 0x3efdb4000]
10-22 00:14:40.517  1385  1385 I KeyboardViewUtil: KeyboardViewUtil.calculateMaxKeyboardBodyHeight():62 leave 354 height for app when screen height:2274, header height:116 and isFullscreenMode:false, so the max keyboard body height is:1804
10-22 00:14:40.519 21439 21439 W IInputConnectionWrapper: setComposingRegion on inactive InputConnection
10-22 00:14:40.519  1385  2206 I native  : I1022 00:14:40.519446    2206 input-context-store.cc:238] Ignoring stale client request for FetchSuggestions
10-22 00:14:40.543  1385  1385 I NormalModeController: NormalModeController.getKeyboardBodyViewHolderPaddingBottom():109 currentPrimeKeyboardType:SOFT systemPaddingBottom:-1
10-22 00:14:40.544  1385  1385 I KeyboardViewUtil: KeyboardViewUtil.calculateMaxKeyboardBodyHeight():62 leave 354 height for app when screen height:2274, header height:116 and isFullscreenMode:false, so the max keyboard body height is:1804
10-22 00:14:40.545  1385  2206 I Delight5Decoder: Delight5DecoderWrapper.setKeyboardLayout():434 setKeyboardLayout()
10-22 00:14:40.549  1385  1385 I NormalModeController: NormalModeController.getKeyboardBodyViewHolderPaddingBottom():109 currentPrimeKeyboardType:SOFT systemPaddingBottom:-1
10-22 00:14:40.549  1385  1385 I AndroidIME: KeyboardViewManager.updateKeyboardBodyViewHolderPaddingBottom():513 Set finalPaddingBottom = 0 while keyboardBottomGapFromScreen = 0; navigationHeight = 126
10-22 00:14:40.550  1385  1385 I NormalModeController: NormalModeController.getKeyboardBodyViewHolderPaddingBottom():109 currentPrimeKeyboardType:SOFT systemPaddingBottom:-1
10-22 00:14:40.552  1385  1385 I AndroidIME: KeyboardViewManager.updateKeyboardBodyViewHolderPaddingBottom():513 Set finalPaddingBottom = 0 while keyboardBottomGapFromScreen = 0; navigationHeight = 126
10-22 00:14:40.557  1385  1385 I CurrentMicStatusHolder: CurrentMicStatusHolder.onStartInputView():79 Current Mic status = {MicIconHidden-EmailInputType,}
10-22 00:14:40.558  1385  1385 I VoiceImeExtension: VoiceImeExtension.shouldStartVoiceInputAutomatically():354 No private IME option set to start voice input.
10-22 00:14:40.563 21439 21439 D InsetsController: show(ime(), fromIme=true)
10-22 00:14:40.573  1385  2053 D EGL_emulation: app_time_stats: avg=53.27ms min=11.44ms max=178.24ms count=21
10-22 00:14:40.576  1385  1385 W InputContextProxyV4: InputContextProxyV4.applyClientDiffInternal():880 Ignore [FetchSuggestions] diff due to stale request: 8501<8504, inputStateId=8169, lastInputStateId=8169
10-22 00:14:40.579 21439 21439 D InsetsController: show(ime(), fromIme=true)
10-22 00:14:40.593  8529  8529 D BoundBrokerSvc: onBind: Intent { act=com.google.android.gms.common.BIND_SHARED_PREFS pkg=com.google.android.gms }
10-22 00:14:40.594  8529  8529 D BoundBrokerSvc: Loading bound service for intent: Intent { act=com.google.android.gms.common.BIND_SHARED_PREFS pkg=com.google.android.gms }
10-22 00:14:40.602  8529  8529 D BoundBrokerSvc: onUnbind: Intent { act=com.google.android.gms.common.BIND_SHARED_PREFS pkg=com.google.android.gms }
10-22 00:14:40.613  8529  8529 D BoundBrokerSvc: onBind: Intent { act=com.google.android.gms.common.BIND_SHARED_PREFS pkg=com.google.android.gms }
10-22 00:14:40.613  8529  8529 D BoundBrokerSvc: Loading bound service for intent: Intent { act=com.google.android.gms.common.BIND_SHARED_PREFS pkg=com.google.android.gms }
10-22 00:14:40.619  8529  8529 D BoundBrokerSvc: onUnbind: Intent { act=com.google.android.gms.common.BIND_SHARED_PREFS pkg=com.google.android.gms }
10-22 00:14:40.747 21439 21439 D UiControllerImpl: Injecting string: "cocktailstest@example.com"
10-22 00:14:40.850  1385  1385 W InputContextProxyV4: InputContextProxyV4.applyClientDiffInternal():880 Ignore [FetchSuggestions] diff due to stale request: 8506<8507, inputStateId=8172, lastInputStateId=8173
10-22 00:14:40.871  1385  2206 I native  : I1022 00:14:40.871607    2206 input-context-store.cc:238] Ignoring stale client request for FetchSuggestions
10-22 00:14:40.872   572  1815 W InputManager-JNI: Input channel object '66cc686 PopupWindow:d16efdf (client)' was disposed without first being removed with the input manager!
10-22 00:14:40.874  1385  1385 W InputContextProxyV4: InputContextProxyV4.applyClientDiffInternal():880 Ignore [FetchSuggestions] diff due to stale request: 8509<8511, inputStateId=8175, lastInputStateId=8175
10-22 00:14:40.907  1385  1385 I InlineSuggestionCandidateViewController: InlineSuggestionCandidateViewController.textCandidatesUpdated():621 Not showing inline suggestion tooltip v2; has candidates
10-22 00:14:40.952  1385  2206 I native  : I1022 00:14:40.952524    2206 input-context-store.cc:238] Ignoring stale client request for FetchSuggestions
10-22 00:14:40.958  1385  1385 W InputContextProxyV4: InputContextProxyV4.applyClientDiffInternal():880 Ignore [FetchSuggestions] diff due to stale request: 8513<8515, inputStateId=8178, lastInputStateId=8178
10-22 00:14:40.999  1385  1385 I InlineSuggestionCandidateViewController: InlineSuggestionCandidateViewController.textCandidatesUpdated():621 Not showing inline suggestion tooltip v2; has candidates
10-22 00:14:41.053  1385  1385 I InlineSuggestionCandidateViewController: InlineSuggestionCandidateViewController.textCandidatesUpdated():621 Not showing inline suggestion tooltip v2; has candidates
10-22 00:14:41.099  1385  1385 W InputContextProxyV4: InputContextProxyV4.applyClientDiffInternal():880 Ignore [FetchSuggestions] diff due to stale request: 8519<8521, inputStateId=8183, lastInputStateId=8184
10-22 00:14:41.134  1385  2206 I native  : I1022 00:14:41.134286    2206 input-context-store.cc:238] Ignoring stale client request for FetchSuggestions
10-22 00:14:41.135  1385  1385 W InputContextProxyV4: InputContextProxyV4.applyClientDiffInternal():880 Ignore [FetchSuggestions] diff due to stale request: 8521<8523, inputStateId=8185, lastInputStateId=8185
10-22 00:14:41.172  1385  1385 I InlineSuggestionCandidateViewController: InlineSuggestionCandidateViewController.textCandidatesUpdated():621 Not showing inline suggestion tooltip v2; has candidates
10-22 00:14:41.197 21439 21462 D EGL_emulation: app_time_stats: avg=36.24ms min=5.72ms max=252.35ms count=27
10-22 00:14:41.214  1385  1385 I InlineSuggestionCandidateViewController: InlineSuggestionCandidateViewController.textCandidatesUpdated():621 Not showing inline suggestion tooltip v2; has candidates
10-22 00:14:41.263  1385  2206 I native  : I1022 00:14:41.263253    2206 input-context-store.cc:238] Ignoring stale client request for FetchSuggestions
10-22 00:14:41.266  1385  1385 W InputContextProxyV4: InputContextProxyV4.applyClientDiffInternal():880 Ignore [FetchSuggestions] diff due to stale request: 8527<8529, inputStateId=8190, lastInputStateId=8190
10-22 00:14:41.292  1385  2206 I native  : I1022 00:14:41.292524    2206 input-context-store.cc:238] Ignoring stale client request for FetchSuggestions
10-22 00:14:41.294  1385  1385 W InputContextProxyV4: InputContextProxyV4.applyClientDiffInternal():880 Ignore [FetchSuggestions] diff due to stale request: 8529<8531, inputStateId=8191, lastInputStateId=8191
10-22 00:14:41.322  1385  1385 I InlineSuggestionCandidateViewController: InlineSuggestionCandidateViewController.textCandidatesUpdated():621 Not showing inline suggestion tooltip v2; has candidates
10-22 00:14:41.367  1385  1385 W InputContextProxyV4: InputContextProxyV4.applyClientDiffInternal():880 Ignore [FetchSuggestions] diff due to stale request: 8533<8534, inputStateId=8194, lastInputStateId=8193
10-22 00:14:41.369  1385  1385 I InlineSuggestionCandidateViewController: InlineSuggestionCandidateViewController.textCandidatesUpdated():621 Not showing inline suggestion tooltip v2; has candidates
10-22 00:14:41.437  1385  1385 W InputContextProxyV4: InputContextProxyV4.applyClientDiffInternal():880 Ignore [FetchSuggestions] diff due to stale request: 8538<8540, inputStateId=8199, lastInputStateId=8201
10-22 00:14:41.803 21439 21439 I ViewInteraction: Performing 'replace text()' action on view view.getId() is <2131296470/com.example.cocktailsdbapp:id/et_password_input>
10-22 00:14:41.828 21439 21439 I ViewInteraction: Performing 'type text(password123)' action on view view.getId() is <2131296470/com.example.cocktailsdbapp:id/et_password_input>
10-22 00:14:41.891  1385  1385 I GoogleInputMethodService: GoogleInputMethodService.onFinishInputView():2365
10-22 00:14:41.891  1385  1385 I InlineSuggestionCandidateViewController: InlineSuggestionCandidateViewController.setInlineSuggestionCandidateImpl():1163 set  to inlineSuggestionTextView
10-22 00:14:41.895  1385  1385 I KeyboardWrapper: KeyboardWrapper.consumeEvent():287 Skip consuming an event as current keyboard is deactivated (state=0, keyboard existence=true)
10-22 00:14:41.895  1385  1385 I VoiceInputManagerWrapper: VoiceInputManagerWrapper.shutdown():76 shutdown()
10-22 00:14:41.895  1385  1385 I AndroidIME: AbstractIme.onDeactivate():207 LatinIme.onDeactivate()
10-22 00:14:41.898  1385  1385 I GoogleInputMethodService: GoogleInputMethodService.onFinishInput():3420
10-22 00:14:41.900  1385  1385 I GoogleInputMethodService: GoogleInputMethodService.onStartInput():2002
10-22 00:14:41.902  1385  1385 I DeviceUnlockedTag: DeviceUnlockedTag.notifyDeviceLockStatusChanged():31 Notify device unlocked.
10-22 00:14:41.902  1385  1385 I GoogleInputMethodService: GoogleInputMethodService.onStartInputView():2148
10-22 00:14:41.904 21439 21439 D InputMethodManager: showSoftInput() view=androidx.appcompat.widget.AppCompatEditText{c5112ac VFED..CL. .F.P..ID 119,552-959,660 #7f0900d6 app:id/et_password_input aid=1073741829} flags=0 reason=SHOW_SOFT_INPUT
10-22 00:14:41.905  1385  1385 I DeviceUnlockedTag: DeviceUnlockedTag.notifyDeviceLockStatusChanged():31 Notify device unlocked.
10-22 00:14:41.934   361   405 D goldfish-address-space: claimShared: Ask to claim region [0x3efccd000 0x3efd1a000]
10-22 00:14:41.951   361   405 D goldfish-address-space: claimShared: Ask to claim region [0x3efd1a000 0x3efd67000]
10-22 00:14:41.958   361   405 D goldfish-address-space: claimShared: Ask to claim region [0x3efd67000 0x3efdb4000]
10-22 00:14:41.986  1385  1385 I KeyboardViewUtil: KeyboardViewUtil.getKeyboardHeightRatio():166 systemKeyboardHeightRatio:1.000000; userKeyboardHeightRatio:1.000000.
10-22 00:14:41.988  1385  1385 I AndroidIME: AbstractIme.onActivate():86 PasswordIme.onActivate() : EditorInfo = inputType=Password imeActionName=DONE dump=[inputType=0x81 imeOptions=0x4000006 privateImeOptions=null actionLabel=null actionId=0 initialSelStart=0 initialSelEnd=0 initialCapsMode=0x0 hintText=password label=null packageName=com.example.cocktailsdbapp autofillId=1073741829 fieldId=2131296470 fieldName=null extras=Bundle[{android.support.text.emoji.emojiCompat_metadataVersion=8, android.support.text.emoji.emojiCompat_replaceAll=false}] hintLocales=null contentMimeTypes=null ], IncognitoMode = false, DeviceLocked = false
10-22 00:14:41.997  1385  1385 I KeyboardViewHelper: KeyboardViewHelper.getView():167 Get view with height ratio:1.000000
10-22 00:14:42.016  1385  1385 I KeyboardViewUtil: KeyboardViewUtil.calculateMaxKeyboardBodyHeight():62 leave 354 height for app when screen height:2274, header height:116 and isFullscreenMode:false, so the max keyboard body height is:1804
10-22 00:14:42.018  1385  1385 I InlineSuggestionCandidateViewController: InlineSuggestionCandidateViewController.setInlineSuggestionCandidateImpl():1163 set  to inlineSuggestionTextView
10-22 00:14:42.027  1385  1385 I KeyboardViewUtil: KeyboardViewUtil.calculateMaxKeyboardBodyHeight():62 leave 354 height for app when screen height:2274, header height:116 and isFullscreenMode:false, so the max keyboard body height is:1804
10-22 00:14:42.033  1385  1385 I NormalModeController: NormalModeController.getKeyboardBodyViewHolderPaddingBottom():109 currentPrimeKeyboardType:SOFT systemPaddingBottom:-1
10-22 00:14:42.035  1385  1385 I AndroidIME: KeyboardViewManager.updateKeyboardBodyViewHolderPaddingBottom():513 Set finalPaddingBottom = 0 while keyboardBottomGapFromScreen = 0; navigationHeight = 126
10-22 00:14:42.036  1385  1385 I NormalModeController: NormalModeController.getKeyboardBodyViewHolderPaddingBottom():109 currentPrimeKeyboardType:SOFT systemPaddingBottom:-1
10-22 00:14:42.041  1385  1385 I AndroidIME: KeyboardViewManager.updateKeyboardBodyViewHolderPaddingBottom():513 Set finalPaddingBottom = 0 while keyboardBottomGapFromScreen = 0; navigationHeight = 126
10-22 00:14:42.043  1385  1385 I CurrentMicStatusHolder: CurrentMicStatusHolder.onStartInputView():79 Current Mic status = {MicIconHidden-SettingOff,MicIconHidden-PasswordOrNumberOrDateInputType,}
10-22 00:14:42.044  1385  1385 I VoiceImeExtension: VoiceImeExtension.shouldStartVoiceInputAutomatically():354 No private IME option set to start voice input.
10-22 00:14:42.050 21439 21439 D InsetsController: show(ime(), fromIme=true)
10-22 00:14:42.076  8529  8529 D BoundBrokerSvc: onBind: Intent { act=com.google.android.gms.common.BIND_SHARED_PREFS pkg=com.google.android.gms }
10-22 00:14:42.076  1385  2053 D EGL_emulation: app_time_stats: avg=149.34ms min=9.79ms max=564.65ms count=10
10-22 00:14:42.079 21439 21439 D InsetsController: show(ime(), fromIme=true)
10-22 00:14:42.080  8529  8529 D BoundBrokerSvc: Loading bound service for intent: Intent { act=com.google.android.gms.common.BIND_SHARED_PREFS pkg=com.google.android.gms }
10-22 00:14:42.092  8529  8529 D BoundBrokerSvc: onUnbind: Intent { act=com.google.android.gms.common.BIND_SHARED_PREFS pkg=com.google.android.gms }
10-22 00:14:42.121  8529  8529 D BoundBrokerSvc: onBind: Intent { act=com.google.android.gms.common.BIND_SHARED_PREFS pkg=com.google.android.gms }
10-22 00:14:42.121  8529  8529 D BoundBrokerSvc: Loading bound service for intent: Intent { act=com.google.android.gms.common.BIND_SHARED_PREFS pkg=com.google.android.gms }
10-22 00:14:42.135  8529  8529 D BoundBrokerSvc: onUnbind: Intent { act=com.google.android.gms.common.BIND_SHARED_PREFS pkg=com.google.android.gms }
10-22 00:14:42.201 21439 21439 D UiControllerImpl: Injecting string: "password123"
10-22 00:14:42.234 21439 21462 D EGL_emulation: app_time_stats: avg=44.92ms min=14.30ms max=250.38ms count=23
10-22 00:14:42.326   572   898 W InputManager-JNI: Input channel object '2fca010 PopupWindow:4bd460e (client)' was disposed without first being removed with the input manager!
10-22 00:14:42.686 21439 21439 I ViewInteraction: Performing 'single click' action on view view.getId() is <2131296379/com.example.cocktailsdbapp:id/bt_register>
10-22 00:14:42.882   361   405 D goldfish-address-space: claimShared: Ask to claim region [0x3efccd000 0x3efe8e000]
10-22 00:14:42.886   361   405 D goldfish-address-space: claimShared: Ask to claim region [0x3ed996000 0x3edb57000]
10-22 00:14:42.891   361   403 D goldfish-address-space: claimShared: Ask to claim region [0x3edb57000 0x3edd18000]
10-22 00:14:42.979   774   875 D EGL_emulation: app_time_stats: avg=196.42ms min=5.72ms max=3235.60ms count=18
10-22 00:14:43.247 21439 21462 D EGL_emulation: app_time_stats: avg=23.06ms min=4.37ms max=66.65ms count=41
10-22 00:14:44.254 21439 21439 I ViewInteraction: Checking 'MatchesViewAssertion{viewMatcher=(view has effective visibility <VISIBLE> and view.getGlobalVisibleRect() to return non-empty rectangle)}' assertion on view an instance of android.widget.TextView and view.getText() with or without transformation to match: is "Registration Successful!"
10-22 00:14:44.259 21439 21439 I ViewInteraction: Performing 'single click' action on view an instance of android.widget.TextView and view.getText() with or without transformation to match: is "OK"
10-22 00:14:44.329 21439 21462 D EGL_emulation: app_time_stats: avg=155.65ms min=3.42ms max=1204.28ms count=9
10-22 00:14:44.348 21439 21462 D OpenGLRenderer: endAllActiveAnimators on 0x7a172ef860f0 (RippleDrawable) with handle 0x7a163ef71720
10-22 00:14:44.351   572  1656 W InputManager-JNI: Input channel object '1add6c com.example.cocktailsdbapp/com.example.cocktailsdbapp.MainActivity (client)' was disposed without first being removed with the input manager!
10-22 00:14:44.375   774   875 D EGL_emulation: app_time_stats: avg=153.39ms min=9.15ms max=1258.92ms count=9
10-22 00:14:44.397 21439 21462 D EGL_emulation: app_time_stats: avg=36.75ms min=3.13ms max=550.06ms count=24
10-22 00:14:44.413 21439 21767 I okhttp.OkHttpClient: --> GET https://www.thecocktaildb.com/api/json/v1/1/filter.php?a=Alcoholic
10-22 00:14:44.413 21439 21767 I okhttp.OkHttpClient: --> END GET
10-22 00:14:44.460 21439 21439 E RecyclerView: No adapter attached; skipping layout
10-22 00:14:44.470  1385  1385 I GoogleInputMethodService: GoogleInputMethodService.onFinishInputView():2365
10-22 00:14:44.473  1385  1385 I AndroidIME: AbstractIme.onDeactivate():207 PasswordIme.onDeactivate()
10-22 00:14:44.484 21439 21767 I okhttp.OkHttpClient: <-- 200 https://www.thecocktaildb.com/api/json/v1/1/filter.php?a=Alcoholic (68ms)
10-22 00:14:44.485 21439 21767 I okhttp.OkHttpClient: date: Tue, 21 Oct 2025 22:14:45 GMT
10-22 00:14:44.486 21439 21767 I okhttp.OkHttpClient: content-type: application/json
10-22 00:14:44.498 21439 21767 I okhttp.OkHttpClient: server: cloudflare
10-22 00:14:44.499  1385  1385 I GoogleInputMethodService: GoogleInputMethodService.onFinishInput():3420
10-22 00:14:44.499 21439 21767 I okhttp.OkHttpClient: x-powered-by: PHP/7.4.33
10-22 00:14:44.499  1385  1385 I GoogleInputMethodService: GoogleInputMethodService.onStartInput():2002
10-22 00:14:44.499 21439 21767 I okhttp.OkHttpClient: access-control-allow-origin: *
10-22 00:14:44.500 21439 21767 I okhttp.OkHttpClient: cf-cache-status: DYNAMIC
10-22 00:14:44.500 21439 21767 I okhttp.OkHttpClient: nel: {"report_to":"cf-nel","success_fraction":0.0,"max_age":604800}
10-22 00:14:44.501  1385  1385 I DeviceUnlockedTag: DeviceUnlockedTag.notifyDeviceLockStatusChanged():31 Notify device unlocked.
10-22 00:14:44.502  1385  2053 D EGL_emulation: app_time_stats: avg=1212.51ms min=29.05ms max=2395.97ms count=2
10-22 00:14:44.500 21439 21767 I okhttp.OkHttpClient: server-timing: cfCacheStatus;desc="DYNAMIC"
10-22 00:14:44.527 21439 21767 I okhttp.OkHttpClient: server-timing: cfEdge;dur=3,cfOrigin;dur=41
10-22 00:14:44.531 21439 21767 I okhttp.OkHttpClient: report-to: {"group":"cf-nel","max_age":604800,"endpoints":[{"url":"https://a.nel.cloudflare.com/report/v4?s=K28h0qCVuo686m84Nq40Ihh3G3ssfgXqZdK7R2Oo0wrya2gXsKEalLdEwBzj6sVauromB62J8%2BIPb35vCcKJdkDn8v%2B7UIpnXXDPvp3Y5gvBVFw%3D"}]}
10-22 00:14:44.532 21439 21767 I okhttp.OkHttpClient: cf-ray: 99241c147ddbfa43-BEG
10-22 00:14:44.532 21439 21767 I okhttp.OkHttpClient: alt-svc: h3=":443"; ma=86400
10-22 00:14:44.539 21439 21767 I okhttp.OkHttpClient: {"drinks":[{"strDrink":"110 in the shade","strDrinkThumb":"https:\/\/www.thecocktaildb.com\/images\/media\/drink\/xxyywq1454511117.jpg","idDrink":"15423"},{"strDrink":"151 Florida Bushwacker","strDrinkThumb":"https:\/\/www.thecocktaildb.com\/images\/media\/drink\/rvwrvv1468877323.jpg","idDrink":"14588"},{"strDrink":"155 Belmont","strDrinkThumb":"https:\/\/www.thecocktaildb.com\/images\/media\/drink\/yqvvqs1475667388.jpg","idDrink":"15346"},{"strDrink":"24k nightmare","strDrinkThumb":"https:\/\/www.thecocktaildb.com\/images\/media\/drink\/yyrwty1468877498.jpg","idDrink":"17060"},{"strDrink":"252","strDrinkThumb":"https:\/\/www.thecocktaildb.com\/images\/media\/drink\/rtpxqw1468877562.jpg","idDrink":"15288"},{"strDrink":"3 Wise Men","strDrinkThumb":"https:\/\/www.thecocktaildb.com\/images\/media\/drink\/wxqpyw1468877677.jpg","idDrink":"13899"},{"strDrink":"3-Mile Long Island Iced Tea","strDrinkThumb":"https:\/\/www.thecocktaildb.com\/images\/media\/drink\/rrtssw1472668972.jpg","idDrink":"15300"},{"strDrink":"410 Gone","strDrinkThumb":"https:\/\/www.thecocktaildb.com\/images\/media\/drink\/xtuyqv1472669026.jpg","idDrink":"13581"},{"strDrink":"50\/50","strDrinkThumb":"https:\/\/www.thecocktaildb.com\/images\/media\/drink\/wwpyvr1461919316.jpg","idDrink":"14598"},{"strDrink":"501 Blue","strDrinkThumb":"https:\/\/www.thecocktaildb.com\/images\/media\/drink\/ywxwqs1461867097.jpg","idDrink":"17105"},{"strDrink":"57 Chevy with a White License Plate","strDrinkThumb":"https:\/\/www.thecocktaildb.com\/images\/media\/drink\/qyyvtu1468878544.jpg","idDrink":"14029"},{"strDrink":"69 Special","strDrinkThumb":"https:\/\/www.thecocktaildb.com\/images\/media\/drink\/vqyxqx1472669095.jpg","idDrink":"13940"},{"strDrink":"747","strDrinkThumb":"https:\/\/www.thecocktaildb.com\/images\/media\/drink\/xxsxqy1472668106.jpg","idDrink":"14229"},{"strDrink":"747 Drink","strDrinkThumb":"https:\/\/www.thecocktaildb.com\/images\/media\/drink\/i9suxb1582474926.jpg","idDrink":"178318"},{"strDrink":"9 1\/2 Weeks","strDrinkThumb":"https:\/\/www.thecocktaildb.com\/images\/media\/drink\/xvwusr1472669302.jpg","idDrink":"16108"},{"strDrink":"A Day at the Beach","strDrinkThumb":"https:\/\/www.thecocktaildb.com\/images\/media\/drink\/trptts1454514474.jpg","idDrink":"15200"},{"strDrink":"A Furlong Too Late","strDrinkThumb":"https:\/\/www.thecocktaildb.com\/images\/media\/drink\/ssxvww1472669166.jpg","idDrink":"17831"},{"strDrink":"A Gilligan's Island","strDrinkThumb":"https:\/\/www.thecocktaildb.com\/images\/media\/drink\/wysqut1461867176.jpg","idDrink":"16943"},{"strDrink":"A midsummernight dream","strDrinkThumb":"https:\/\/www.thecocktaildb.com\/images\/media\/drink\/ysqvqp1461867292.jpg","idDrink":"15675"},{"strDrink":"A Night In Old Mandalay","strDrinkThumb":"https:\/\/www.thecocktaildb.com\/images\/media\/drink\/vyrvxt1461919380.jpg","idDrink":"17832"},{"strDrink":"A Piece of Ass","strDrinkThumb":"https:\/\/www.thecocktaildb.com\/images\/media\/drink\/tqxyxx1472719737.jpg","idDrink":"16405"},{"strDrink":"A Splash of Nash","strDrinkThumb":"https:\/\/www.thecocktaildb.com\/images\/media\/drink\/rsvtrr1472668201.jpg","idDrink":"14564"},{"strDrink":"A True Amaretto Sour","strDrinkThumb":"https:\/\/www.thecocktaildb.com\/images\/media\/drink\/rptuxy1472669372.jpg","idDrink":"17005"},{"strDrink":"A. J.","strDrinkThumb":"https:\/\/www.thecocktaildb.com\/images\/media\/drink\/l74qo91582480316.jpg","idDrink":"17833"},{"strDrink":"A.D.M. (After Dinner Mint)","strDrinkThumb":"https:\/\/www.thecocktaildb.com\/images\/media\/drink\/ruxuvp1472669600.jpg","idDrink":"14560"},{"strDrink":"A1","strDrinkThumb":"https:\/\/www.thecocktaildb.com\/images\/media\/drink\/2x8thr1504816928.jpg","idDrink":"17222"},{"strDrink":"Abbey Cocktail","strDrinkThumb":"https:\/\/www.thecocktaildb.com\/images\/media\/drink\/mr30ob1582479875.jpg","idDrink":"17834"},{"strDrink":"Abbey Martini","strDrinkThumb":"https:\/\/www.thecocktaildb.com\/images\/media\/drink\/2mcozt1504817403.jpg","idDrink":"17223"},{
10-22 00:14:44.542 21439 21767 I okhttp.OkHttpClient: "strDrink":"ABC","strDrinkThumb":"https:\/\/www.thecocktaildb.com\/images\/media\/drink\/tqpvqp1472668328.jpg","idDrink":"13501"},{"strDrink":"Abilene","strDrinkThumb":"https:\/\/www.thecocktaildb.com\/images\/media\/drink\/smb2oe1582479072.jpg","idDrink":"17835"},{"strDrink":"Absinthe #2","strDrinkThumb":"https:\/\/www.thecocktaildb.com\/images\/media\/drink\/uxxtrt1472667197.jpg","idDrink":"12790"},{"strDrink":"Absolut Evergreen","strDrinkThumb":"https:\/\/www.thecocktaildb.com\/images\/media\/drink\/wrxrxp1472812609.jpg","idDrink":"14374"},{"strDrink":"Absolut limousine","strDrinkThumb":"https:\/\/www.thecocktaildb.com\/images\/media\/drink\/ssqpyw1472719844.jpg","idDrink":"14372"},{"strDrink":"Absolut Sex","strDrinkThumb":"https:\/\/www.thecocktaildb.com\/images\/media\/drink\/xtrvtx1472668436.jpg","idDrink":"14360"},{"strDrink":"Absolut Stress #2","strDrinkThumb":"https:\/\/www.thecocktaildb.com\/images\/media\/drink\/xuyqrw1472811825.jpg","idDrink":"15597"},{"strDrink":"Absolut Summertime","strDrinkThumb":"https:\/\/www.thecocktaildb.com\/images\/media\/drink\/trpxxs1472669662.jpg","idDrink":"14107"},{"strDrink":"Absolutely Cranberry Smash","strDrinkThumb":"https:\/\/www.thecocktaildb.com\/images\/media\/drink\/vqwstv1472811884.jpg","idDrink":"15024"},{"strDrink":"Absolutely Fabulous","strDrinkThumb":"https:\/\/www.thecocktaildb.com\/images\/media\/drink\/abcpwr1504817734.jpg","idDrink":"17224"},{"strDrink":"Absolutly Screwed Up","strDrinkThumb":"https:\/\/www.thecocktaildb.com\/images\/media\/drink\/yvxrwv1472669728.jpg","idDrink":"16134"},{"strDrink":"Acapulco","strDrinkThumb":"https:\/\/www.thecocktaildb.com\/images\/media\/drink\/il9e0r1582478841.jpg","idDrink":"17836"},{"strDrink":"Ace","strDrinkThumb":"https:\/\/www.thecocktaildb.com\/images\/media\/drink\/l3cd7f1504818306.jpg","idDrink":"17225"},{"strDrink":"ACID","strDrinkThumb":"https:\/\/www.thecocktaildb.com\/images\/media\/drink\/xuxpxt1479209317.jpg","idDrink":"14610"},{"strDrink":"Adam","strDrinkThumb":"https:\/\/www.thecocktaildb.com\/images\/media\/drink\/v0at4i1582478473.jpg","idDrink":"17837"},{"strDrink":"Adam & Eve","strDrinkThumb":"https:\/\/www.thecocktaildb.com\/images\/media\/drink\/vfeumw1504819077.jpg","idDrink":"17226"},{"strDrink":"Adam Bomb","strDrinkThumb":"https:\/\/www.thecocktaildb.com\/images\/media\/drink\/tpxurs1454513016.jpg","idDrink":"16333"},{"strDrink":"Adam Sunrise","strDrinkThumb":"https:\/\/www.thecocktaildb.com\/images\/media\/drink\/vtuyvu1472812112.jpg","idDrink":"15567"},{"strDrink":"Addington","strDrinkThumb":"https:\/\/www.thecocktaildb.com\/images\/media\/drink\/ib0b7g1504818925.jpg","idDrink":"17227"},{"strDrink":"Addison","strDrinkThumb":"https:\/\/www.thecocktaildb.com\/images\/media\/drink\/yzva7x1504820300.jpg","idDrink":"17228"},{"strDrink":"Addison Special","strDrinkThumb":"https:\/\/www.thecocktaildb.com\/images\/media\/drink\/4vo5651493068493.jpg","idDrink":"14272"},{"strDrink":"Adios Amigos Cocktail","strDrinkThumb":"https:\/\/www.thecocktaildb.com\/images\/media\/drink\/8nk2mp1504819893.jpg","idDrink":"17229"},{"strDrink":"Adonis Cocktail","strDrinkThumb":"https:\/\/www.thecocktaildb.com\/images\/media\/drink\/xrvruq1472812030.jpg","idDrink":"17838"},{"strDrink":"Affair","strDrinkThumb":"https:\/\/www.thecocktaildb.com\/images\/media\/drink\/h5za6y1582477994.jpg","idDrink":"17839"},{"strDrink":"Affinity","strDrinkThumb":"https:\/\/www.thecocktaildb.com\/images\/media\/drink\/wzdtnn1582477684.jpg","idDrink":"17840"},{"strDrink":"After Dinner Cocktail","strDrinkThumb":"https:\/\/www.thecocktaildb.com\/images\/media\/drink\/vtytxq1483387578.jpg","idDrink":"11010"},{"strDrink":"After Five","strDrinkThumb":"https:\/\/www.thecocktaildb.com\/images\/media\/drink\/sk3lr91493068595.jpg","idDrink":"13807"},{"strDrink":"After sex","strDrinkThumb":"https:\/\/www.thecocktaildb.com\/images\/media\/drink\/xrl66i1493068702.jpg","idDrink":"15182"},{"strDrink":"After Supper Cocktail","strDrinkThumb":"https:\/\/www.thecocktaildb
