10-22 00:13:17.514 21439 21456 I TestRunner: started: testRegisterButtonWithValidInput(com.example.cocktailsdbapp.ui.authorization.RegistrationFragmentTest)
10-22 00:13:17.543 21439 21456 W Settings: Setting always_finish_activities has moved from android.provider.Settings.System to android.provider.Settings.Global, returning read-only value.
10-22 00:13:17.611   774   863 D SplashScreenView: Build android.window.SplashScreenView{4e0c81f V.E...... ......ID 0,0-0,0}
10-22 00:13:17.611   774   863 D SplashScreenView: Icon: view: null drawable: null size: 0
10-22 00:13:17.611   774   863 D SplashScreenView: Branding: view: android.view.View{7a8d76c G.ED..... ......I. 0,0-0,0 #10204a6 android:id/splashscreen_branding_view} drawable: null size w: 0 h: 0
10-22 00:13:17.678   361   403 D goldfish-address-space: claimShared: Ask to claim region [0x3f354f000 0x3f3f33000]
10-22 00:13:17.686   361   403 D goldfish-address-space: claimShared: Ask to claim region [0x3f0ca8000 0x3f168c000]
10-22 00:13:17.694 21439 21439 D LifecycleMonitor: Lifecycle status change: com.example.cocktailsdbapp.MainActivity@3a00e87 in: PRE_ON_CREATE
10-22 00:13:17.695 21439 21439 V ActivityScenario: Activity lifecycle changed event received but ignored because the reported transition was not ON_CREATE while the last known transition was PRE_ON_CREATE
10-22 00:13:17.698   361   403 D goldfish-address-space: claimShared: Ask to claim region [0x3f168c000 0x3f2070000]
10-22 00:13:17.738  1506  1506 I GsaVoiceInteractionSrv: Handling ACTION_STOP_HOTWORD
10-22 00:13:17.738  1506  1506 E HwDetectorWithState: a: 3
10-22 00:13:17.827   774   875 D EGL_emulation: app_time_stats: avg=2402.12ms min=11.63ms max=14328.58ms count=6
10-22 00:13:17.835   774   875 D EGL_emulation: app_time_stats: avg=99.27ms min=5.72ms max=585.75ms count=10
10-22 00:13:17.986 21439 21439 D LifecycleMonitor: Lifecycle status change: com.example.cocktailsdbapp.MainActivity@3a00e87 in: CREATED
10-22 00:13:17.987 21439 21439 V ActivityScenario: Update currentActivityStage to CREATED, currentActivity=com.example.cocktailsdbapp.MainActivity@3a00e87
10-22 00:13:17.991 21439 21439 D LifecycleMonitor: Lifecycle status change: com.example.cocktailsdbapp.MainActivity@3a00e87 in: STARTED
10-22 00:13:17.992 21439 21439 V ActivityScenario: Update currentActivityStage to STARTED, currentActivity=com.example.cocktailsdbapp.MainActivity@3a00e87
10-22 00:13:17.994 21439 21439 D LifecycleMonitor: Lifecycle status change: com.example.cocktailsdbapp.MainActivity@3a00e87 in: RESUMED
10-22 00:13:17.995 21439 21439 V ActivityScenario: Update currentActivityStage to RESUMED, currentActivity=com.example.cocktailsdbapp.MainActivity@3a00e87
10-22 00:13:18.050   361   403 D goldfish-address-space: claimShared: Ask to claim region [0x3fafa7000 0x3fb98b000]
10-22 00:13:18.059   361   403 D goldfish-address-space: claimShared: Ask to claim region [0x3f4000000 0x3f49e4000]
10-22 00:13:18.065   361   403 D goldfish-address-space: claimShared: Ask to claim region [0x3f49e4000 0x3f53c8000]
10-22 00:13:18.084  1718  1718 I A       : onApplyWindowInsets: systemWindowInsets=Insets{left=0, top=63, right=0, bottom=126}
10-22 00:13:18.098  1718  1718 I A       : onApplyWindowInsets: systemWindowInsets=Insets{left=0, top=63, right=0, bottom=126}
10-22 00:13:18.147   572   599 I ActivityTaskManager: Displayed com.example.cocktailsdbapp/.MainActivity: +571ms
10-22 00:13:18.210 21439 21439 I AssistStructure: Flattened final assist data: 2668 bytes, containing 1 windows, 16 views
10-22 00:13:18.226  1385  1385 I GoogleInputMethodService: GoogleInputMethodService.onFinishInput():3420
10-22 00:13:18.226  1385  1385 W KeyboardViewController: KeyboardViewController.show():477 Requesting to show sub view with id 2131428268(#0x7f0b03ac) when keyboard HEADER view is not ready to show
10-22 00:13:18.239  1385  1385 I GoogleInputMethodService: GoogleInputMethodService.onStartInput():2002
10-22 00:13:18.243  1385  1385 I DeviceUnlockedTag: DeviceUnlockedTag.notifyDeviceLockStatusChanged():31 Notify device unlocked.
10-22 00:13:18.314 21439 21439 I ViewInteraction: Performing 'single click' action on view view.getId() is <2131296379/com.example.cocktailsdbapp:id/bt_register>
10-22 00:13:18.467  3983  3983 W svc     : Pending fill request while another request in the same session was triggered. [CONTEXT service_id=177 ]
10-22 00:13:18.484   572  2188 W InputManager-JNI: Input channel object 'df3e262 Splash Screen com.example.cocktailsdbapp (client)' was disposed without first being removed with the input manager!
10-22 00:13:18.559  1008  1008 V InlineSuggestionRenderService: handleDestroySuggestionViews called for 0:370321102
10-22 00:13:18.868   774   875 D EGL_emulation: app_time_stats: avg=127.94ms min=17.94ms max=779.23ms count=8
10-22 00:13:18.922   774   875 D EGL_emulation: app_time_stats: avg=121.28ms min=17.64ms max=729.85ms count=9
10-22 00:13:20.206 21439 21439 I ViewInteraction: Performing 'type text(John Doe)' action on view view.getId() is <2131296469/com.example.cocktailsdbapp:id/et_name_input>
10-22 00:13:20.226 21439 21462 D EGL_emulation: app_time_stats: avg=166.79ms min=7.23ms max=1202.44ms count=12
10-22 00:13:20.265  1385  1385 I GoogleInputMethodService: GoogleInputMethodService.onFinishInput():3420
10-22 00:13:20.266  1385  1385 W KeyboardViewController: KeyboardViewController.show():477 Requesting to show sub view with id 2131428268(#0x7f0b03ac) when keyboard HEADER view is not ready to show
10-22 00:13:20.267 21439 21439 D InputMethodManager: showSoftInput() view=androidx.appcompat.widget.AppCompatEditText{c1e26f3 VFED..CL. .F.P..ID 119,284-959,392 #7f0900d5 app:id/et_name_input aid=1073741840} flags=0 reason=SHOW_SOFT_INPUT
10-22 00:13:20.270  1385  1385 I GoogleInputMethodService: GoogleInputMethodService.onStartInput():2002
10-22 00:13:20.272  1385  1385 I DeviceUnlockedTag: DeviceUnlockedTag.notifyDeviceLockStatusChanged():31 Notify device unlocked.
10-22 00:13:20.274  1385  1385 I GoogleInputMethodService: GoogleInputMethodService.onStartInputView():2148
10-22 00:13:20.285  1385  1385 I DeviceUnlockedTag: DeviceUnlockedTag.notifyDeviceLockStatusChanged():31 Notify device unlocked.
10-22 00:13:20.286  1385  1385 I KeyboardViewUtil: KeyboardViewUtil.getKeyboardHeightRatio():166 systemKeyboardHeightRatio:1.000000; userKeyboardHeightRatio:1.000000.
10-22 00:13:20.287  1385  1385 I AndroidIME: AbstractIme.onActivate():86 LatinIme.onActivate() : EditorInfo = inputType=Text imeActionName=NEXT dump=[inputType=0x61 imeOptions=0x8000005 privateImeOptions=null actionLabel=null actionId=0 initialSelStart=0 initialSelEnd=0 initialCapsMode=0x0 hintText=name label=null packageName=com.example.cocktailsdbapp autofillId=1073741840 fieldId=2131296469 fieldName=null extras=Bundle[{android.support.text.emoji.emojiCompat_metadataVersion=8, android.support.text.emoji.emojiCompat_replaceAll=false}] hintLocales=null contentMimeTypes=null ], IncognitoMode = false, DeviceLocked = false
10-22 00:13:20.287  1385  1385 I Delight5Facilitator: Delight5Facilitator.initializeForIme():718 initializeForIme() : Locale = [en_US], layout = qwerty
10-22 00:13:20.288  1385  1385 I VoiceInputManagerWrapper: VoiceInputManagerWrapper.cancelShutdown():54 cancelShutdown()
10-22 00:13:20.288  1385  1385 I VoiceInputManagerWrapper: VoiceInputManagerWrapper.syncLanguagePacks():66 syncLanguagePacks()
10-22 00:13:20.289  1385  5303 I SpeechFactory: SpeechRecognitionFactory.maybeScheduleAutoPackDownloadForFallback():182 maybeScheduleAutoPackDownloadForFallback()
10-22 00:13:20.289  1385  5303 I FallbackOnDeviceRecognitionProvider: FallbackOnDeviceRecognitionProvider.maybeScheduleAutoPackDownload():194 maybeScheduleAutoPackDownload() for language tag en-US
10-22 00:13:20.294 21439 21439 I AssistStructure: Flattened final assist data: 2988 bytes, containing 1 windows, 17 views
10-22 00:13:20.295  1385  1385 I LatinIme: LatinIme.updateEnableInlineSuggestionsOnDecoderSideFlags():1293 inline flag updated to:false
10-22 00:13:20.308  1385  1385 I KeyboardWrapper: KeyboardWrapper.consumeEvent():287 Skip consuming an event as current keyboard is deactivated (state=0, keyboard existence=true)
10-22 00:13:20.330  1385  1385 I KeyboardViewHelper: KeyboardViewHelper.getView():167 Get view with height ratio:1.000000
10-22 00:13:20.337  3983  3983 W svc     : Pending fill request while another request in the same session was triggered. [CONTEXT service_id=177 ]
10-22 00:13:20.360  1385  1385 I KeyboardViewUtil: KeyboardViewUtil.calculateMaxKeyboardBodyHeight():62 leave 354 height for app when screen height:2274, header height:116 and isFullscreenMode:false, so the max keyboard body height is:1804
10-22 00:13:20.364  1008  1008 V InlineSuggestionRenderService: handleDestroySuggestionViews called for 0:622536285
10-22 00:13:20.402  1385  1385 I NormalModeController: NormalModeController.getKeyboardBodyViewHolderPaddingBottom():109 currentPrimeKeyboardType:SOFT systemPaddingBottom:-1
10-22 00:13:20.407  1385  2206 I Delight5Decoder: Delight5DecoderWrapper.setKeyboardLayout():434 setKeyboardLayout()
10-22 00:13:20.413  1385  1385 I KeyboardViewUtil: KeyboardViewUtil.calculateMaxKeyboardBodyHeight():62 leave 354 height for app when screen height:2274, header height:116 and isFullscreenMode:false, so the max keyboard body height is:1804
10-22 00:13:20.418  1385  1385 I NormalModeController: NormalModeController.getKeyboardBodyViewHolderPaddingBottom():109 currentPrimeKeyboardType:SOFT systemPaddingBottom:-1
10-22 00:13:20.419  1385  1385 I AndroidIME: KeyboardViewManager.updateKeyboardBodyViewHolderPaddingBottom():513 Set finalPaddingBottom = 0 while keyboardBottomGapFromScreen = 0; navigationHeight = 126
10-22 00:13:20.421  1385  1385 I NormalModeController: NormalModeController.getKeyboardBodyViewHolderPaddingBottom():109 currentPrimeKeyboardType:SOFT systemPaddingBottom:-1
10-22 00:13:20.424  1385  1385 I AndroidIME: KeyboardViewManager.updateKeyboardBodyViewHolderPaddingBottom():513 Set finalPaddingBottom = 0 while keyboardBottomGapFromScreen = 0; navigationHeight = 126
10-22 00:13:20.427  1385  1385 I VoiceImeExtension: VoiceImeExtension.shouldStartVoiceInputAutomatically():354 No private IME option set to start voice input.
10-22 00:13:20.439  1385  1385 I NormalModeController: NormalModeController.getKeyboardBodyViewHolderPaddingBottom():109 currentPrimeKeyboardType:SOFT systemPaddingBottom:-1
10-22 00:13:20.439  1385  2206 I Delight5Decoder: Delight5DecoderWrapper.setKeyboardLayout():434 setKeyboardLayout()
10-22 00:13:20.445   774   875 D EGL_emulation: app_time_stats: avg=786.43ms min=80.32ms max=1492.54ms count=2
10-22 00:13:20.452  8529  8529 D BoundBrokerSvc: onBind: Intent { act=com.google.android.gms.common.BIND_SHARED_PREFS pkg=com.google.android.gms }
10-22 00:13:20.453  8529  8529 D BoundBrokerSvc: Loading bound service for intent: Intent { act=com.google.android.gms.common.BIND_SHARED_PREFS pkg=com.google.android.gms }
10-22 00:13:20.465 21439 21439 D InsetsController: show(ime(), fromIme=true)
10-22 00:13:20.466  1385  2053 D EGL_emulation: app_time_stats: avg=628.43ms min=9.10ms max=3716.17ms count=6
10-22 00:13:20.471  8529  8529 D BoundBrokerSvc: onUnbind: Intent { act=com.google.android.gms.common.BIND_SHARED_PREFS pkg=com.google.android.gms }
10-22 00:13:20.543  8529  8529 D BoundBrokerSvc: onBind: Intent { act=com.google.android.gms.common.BIND_SHARED_PREFS pkg=com.google.android.gms }
10-22 00:13:20.559  8529  8529 D BoundBrokerSvc: Loading bound service for intent: Intent { act=com.google.android.gms.common.BIND_SHARED_PREFS pkg=com.google.android.gms }
10-22 00:13:20.573 21439 21439 D UiControllerImpl: Injecting string: "John Doe"
10-22 00:13:20.599  8529  8529 D BoundBrokerSvc: onUnbind: Intent { act=com.google.android.gms.common.BIND_SHARED_PREFS pkg=com.google.android.gms }
10-22 00:13:20.847  1385  1385 I InlineSuggestionCandidateViewController: InlineSuggestionCandidateViewController.textCandidatesUpdated():621 Not showing inline suggestion tooltip v2; has candidates
10-22 00:13:20.931  1385  2206 I native  : I1022 00:13:20.931247    2206 input-context-store.cc:238] Ignoring stale client request for FetchSuggestions
10-22 00:13:20.934  1385  1385 W InputContextProxyV4: InputContextProxyV4.applyClientDiffInternal():880 Ignore [FetchSuggestions] diff due to stale request: 7983<7985, inputStateId=7671, lastInputStateId=7671
10-22 00:13:20.985  1385  1385 I InlineSuggestionCandidateViewController: InlineSuggestionCandidateViewController.textCandidatesUpdated():621 Not showing inline suggestion tooltip v2; has candidates
10-22 00:13:21.007  1385  1385 I InlineSuggestionCandidateViewController: InlineSuggestionCandidateViewController.textCandidatesUpdated():621 Not showing inline suggestion tooltip v2; has candidates
10-22 00:13:21.071  1385  2206 I native  : I1022 00:13:21.070953    2206 input-context-store.cc:178] Using roll back input context for operation: [FetchSuggestions] rolled back operation: [OverrideDecodedCandidates] reason: client [7675] vs decoder [7677]
10-22 00:13:21.076  1385  1385 W InputContextProxyV4: InputContextProxyV4.applyClientDiffInternal():880 Ignore [FetchSuggestions] diff due to stale request: 7989<7990, inputStateId=7677, lastInputStateId=7675
10-22 00:13:21.103  1385  1385 I InlineSuggestionCandidateViewController: InlineSuggestionCandidateViewController.textCandidatesUpdated():621 Not showing inline suggestion tooltip v2; has candidates
10-22 00:13:21.199  1385  1385 W InputContextProxyV4: InputContextProxyV4.applyClientDiffInternal():880 Ignore [FetchSuggestions] diff due to stale request: 7992<7996, inputStateId=7681, lastInputStateId=7684
10-22 00:13:21.210  1385  2206 I native  : I1022 00:13:21.210328    2206 input-context-store.cc:238] Ignoring stale client request for FetchSuggestions
10-22 00:13:21.231 21439 21462 D EGL_emulation: app_time_stats: avg=62.64ms min=12.41ms max=346.40ms count=16
10-22 00:13:21.249  1385  1385 W InputContextProxyV4: InputContextProxyV4.applyClientDiffInternal():880 Ignore [FetchSuggestions] diff due to stale request: 7995<7997, inputStateId=7684, lastInputStateId=7684
10-22 00:13:21.264  1385  1385 I InlineSuggestionCandidateViewController: InlineSuggestionCandidateViewController.textCandidatesUpdated():621 Not showing inline suggestion tooltip v2; has candidates
10-22 00:13:21.265 21439 21448 I .cocktailsdbap: Background young concurrent copying GC freed 203064(9003KB) AllocSpace objects, 1(20KB) LOS objects, 40% free, 12MB/21MB, paused 122us,19us total 230.453ms
10-22 00:13:21.277 21439 21439 I ViewInteraction: Performing 'type text(john.doe@example.com)' action on view view.getId() is <2131296468/com.example.cocktailsdbapp:id/et_email_input>
10-22 00:13:21.283  1385  1385 I KeyboardViewController: KeyboardViewController.lambda$showSelfAndAncestors$6():594 current view doesn't has the priority com.google.android.apps.inputmethod.libs.framework.keyboard.widget.AccessPointsBar{38333e6 I.E...... ......ID 95,0-975,116 #7f0b0017 app:id/0_resource_name_obfuscated} to show itself, DEFAULT
10-22 00:13:21.345 21439 21439 D InputMethodManager: showSoftInput() view=androidx.appcompat.widget.AppCompatEditText{ba6cfb0 VFED..CL. .F.P..ID 119,418-959,526 #7f0900d4 app:id/et_email_input aid=1073741841} flags=0 reason=SHOW_SOFT_INPUT
10-22 00:13:21.348  1385  1385 I GoogleInputMethodService: GoogleInputMethodService.onFinishInputView():2365
10-22 00:13:21.353  1385  1385 I InlineSuggestionCandidateViewController: InlineSuggestionCandidateViewController.setInlineSuggestionCandidateImpl():1163 set  to inlineSuggestionTextView
10-22 00:13:21.359  1385  1385 I KeyboardWrapper: KeyboardWrapper.consumeEvent():287 Skip consuming an event as current keyboard is deactivated (state=0, keyboard existence=true)
10-22 00:13:21.364  1385  1385 I VoiceInputManagerWrapper: VoiceInputManagerWrapper.shutdown():76 shutdown()
10-22 00:13:21.367  1385  1385 I AndroidIME: AbstractIme.onDeactivate():207 LatinIme.onDeactivate()
10-22 00:13:21.371  1385  1385 I GoogleInputMethodService: GoogleInputMethodService.onFinishInput():3420
10-22 00:13:21.374  1385  1385 I GoogleInputMethodService: GoogleInputMethodService.onStartInput():2002
10-22 00:13:21.374  1385  2206 W Delight5Decoder: Delight5DecoderWrapper.shouldAbandonMessage():1874 Detected old [FetchSuggestions] request in background: 7999<8000
10-22 00:13:21.381 21439 21439 W IInputConnectionWrapper: setComposingRegion on inactive InputConnection
10-22 00:13:21.385  1385  1385 I DeviceUnlockedTag: DeviceUnlockedTag.notifyDeviceLockStatusChanged():31 Notify device unlocked.
10-22 00:13:21.389  1385  1385 I GoogleInputMethodService: GoogleInputMethodService.onStartInputView():2148
10-22 00:13:21.392  1385  1385 I DeviceUnlockedTag: DeviceUnlockedTag.notifyDeviceLockStatusChanged():31 Notify device unlocked.
10-22 00:13:21.393  1385  1385 I KeyboardViewUtil: KeyboardViewUtil.getKeyboardHeightRatio():166 systemKeyboardHeightRatio:1.000000; userKeyboardHeightRatio:1.000000.
10-22 00:13:21.395  1385  1385 I AndroidIME: AbstractIme.onActivate():86 LatinIme.onActivate() : EditorInfo = inputType=Email imeActionName=NEXT dump=[inputType=0x21 imeOptions=0xc000005 privateImeOptions=null actionLabel=null actionId=0 initialSelStart=0 initialSelEnd=0 initialCapsMode=0x0 hintText=email label=null packageName=com.example.cocktailsdbapp autofillId=1073741841 fieldId=2131296468 fieldName=null extras=Bundle[{android.support.text.emoji.emojiCompat_metadataVersion=8, android.support.text.emoji.emojiCompat_replaceAll=false}] hintLocales=null contentMimeTypes=null ], IncognitoMode = false, DeviceLocked = false
10-22 00:13:21.396  1385  1385 I Delight5Facilitator: Delight5Facilitator.initializeForIme():718 initializeForIme() : Locale = [en_US], layout = qwerty
10-22 00:13:21.398  1385  1385 I VoiceInputManagerWrapper: VoiceInputManagerWrapper.cancelShutdown():54 cancelShutdown()
10-22 00:13:21.399  1385  1385 I VoiceInputManagerWrapper: VoiceInputManagerWrapper.syncLanguagePacks():66 syncLanguagePacks()
10-22 00:13:21.400  1385  5303 I SpeechFactory: SpeechRecognitionFactory.maybeScheduleAutoPackDownloadForFallback():182 maybeScheduleAutoPackDownloadForFallback()
10-22 00:13:21.401  1385  5303 I FallbackOnDeviceRecognitionProvider: FallbackOnDeviceRecognitionProvider.maybeScheduleAutoPackDownload():194 maybeScheduleAutoPackDownload() for language tag en-US
10-22 00:13:21.404  1385  1385 I LatinIme: LatinIme.updateEnableInlineSuggestionsOnDecoderSideFlags():1293 inline flag updated to:false
10-22 00:13:21.413  1385  1385 I KeyboardWrapper: KeyboardWrapper.consumeEvent():287 Skip consuming an event as current keyboard is deactivated (state=0, keyboard existence=true)
10-22 00:13:21.422  1385  1385 I KeyboardViewUtil: KeyboardViewUtil.calculateMaxKeyboardBodyHeight():62 leave 354 height for app when screen height:2274, header height:116 and isFullscreenMode:false, so the max keyboard body height is:1804
10-22 00:13:21.441  1385  1385 I NormalModeController: NormalModeController.getKeyboardBodyViewHolderPaddingBottom():109 currentPrimeKeyboardType:SOFT systemPaddingBottom:-1
10-22 00:13:21.442  1385  1385 I KeyboardViewUtil: KeyboardViewUtil.calculateMaxKeyboardBodyHeight():62 leave 354 height for app when screen height:2274, header height:116 and isFullscreenMode:false, so the max keyboard body height is:1804
10-22 00:13:21.444  1385  2206 I Delight5Decoder: Delight5DecoderWrapper.setKeyboardLayout():434 setKeyboardLayout()
10-22 00:13:21.448  1385  1385 I NormalModeController: NormalModeController.getKeyboardBodyViewHolderPaddingBottom():109 currentPrimeKeyboardType:SOFT systemPaddingBottom:-1
10-22 00:13:21.451  1385  1385 I AndroidIME: KeyboardViewManager.updateKeyboardBodyViewHolderPaddingBottom():513 Set finalPaddingBottom = 0 while keyboardBottomGapFromScreen = 0; navigationHeight = 126
10-22 00:13:21.451  1385  1385 I NormalModeController: NormalModeController.getKeyboardBodyViewHolderPaddingBottom():109 currentPrimeKeyboardType:SOFT systemPaddingBottom:-1
10-22 00:13:21.456  1385  1385 I AndroidIME: KeyboardViewManager.updateKeyboardBodyViewHolderPaddingBottom():513 Set finalPaddingBottom = 0 while keyboardBottomGapFromScreen = 0; navigationHeight = 126
10-22 00:13:21.458  1385  1385 I CurrentMicStatusHolder: CurrentMicStatusHolder.onStartInputView():79 Current Mic status = {MicIconHidden-EmailInputType,}
10-22 00:13:21.459  1385  1385 I VoiceImeExtension: VoiceImeExtension.shouldStartVoiceInputAutomatically():354 No private IME option set to start voice input.
10-22 00:13:21.469 21439 21439 D InsetsController: show(ime(), fromIme=true)
10-22 00:13:21.476  1385  2053 D EGL_emulation: app_time_stats: avg=66.52ms min=12.40ms max=194.04ms count=15
10-22 00:13:21.479 21439 21439 D InsetsController: show(ime(), fromIme=true)
10-22 00:13:21.482  8529  8529 D BoundBrokerSvc: onBind: Intent { act=com.google.android.gms.common.BIND_SHARED_PREFS pkg=com.google.android.gms }
10-22 00:13:21.483  8529  8529 D BoundBrokerSvc: Loading bound service for intent: Intent { act=com.google.android.gms.common.BIND_SHARED_PREFS pkg=com.google.android.gms }
10-22 00:13:21.490  8529  8529 D BoundBrokerSvc: onUnbind: Intent { act=com.google.android.gms.common.BIND_SHARED_PREFS pkg=com.google.android.gms }
10-22 00:13:21.507  8529  8529 D BoundBrokerSvc: onBind: Intent { act=com.google.android.gms.common.BIND_SHARED_PREFS pkg=com.google.android.gms }
10-22 00:13:21.507  8529  8529 D BoundBrokerSvc: Loading bound service for intent: Intent { act=com.google.android.gms.common.BIND_SHARED_PREFS pkg=com.google.android.gms }
10-22 00:13:21.517  8529  8529 D BoundBrokerSvc: onUnbind: Intent { act=com.google.android.gms.common.BIND_SHARED_PREFS pkg=com.google.android.gms }
10-22 00:13:21.625 21439 21439 D UiControllerImpl: Injecting string: "john.doe@example.com"
10-22 00:13:21.808   361   403 D goldfish-address-space: claimShared: Ask to claim region [0x3efd53000 0x3efda0000]
10-22 00:13:21.825   361   403 D goldfish-address-space: claimShared: Ask to claim region [0x3efda0000 0x3efded000]
10-22 00:13:21.829  1385  1385 E InputConnectionWrapper: InputConnectionWrapper.waitForInputConnectionFutureInternal():1486 Failed to get the input connection call's result.
10-22 00:13:21.829  1385  1385 E InputConnectionWrapper: java.util.concurrent.TimeoutException: Waited 100 milliseconds (plus 3 milliseconds, 673218 nanoseconds delay) for ott@dd3388b[status=PENDING, info=[task=[running=[RUNNING ON ICWrapper-1], jeu@4ab9d68]]]
10-22 00:13:21.829  1385  1385 E InputConnectionWrapper: 	at oqk.get(PG:50)
10-22 00:13:21.829  1385  1385 E InputConnectionWrapper: 	at jfe.u(PG:2)
10-22 00:13:21.829  1385  1385 E InputConnectionWrapper: 	at jfe.t(PG:2)
10-22 00:13:21.829  1385  1385 E InputConnectionWrapper: 	at jfd.e(PG:8)
10-22 00:13:21.829  1385  1385 E InputConnectionWrapper: 	at jfm.D(PG:1)
10-22 00:13:21.829  1385  1385 E InputConnectionWrapper: 	at jfm.x(PG:1)
10-22 00:13:21.829  1385  1385 E InputConnectionWrapper: 	at jfm.c(PG:5)
10-22 00:13:21.829  1385  1385 E InputConnectionWrapper: 	at jfe.b(PG:14)
10-22 00:13:21.829  1385  1385 E InputConnectionWrapper: 	at dro.onUpdateSelection(PG:5)
10-22 00:13:21.829  1385  1385 E InputConnectionWrapper: 	at android.inputmethodservice.InputMethodService$InputMethodSessionImpl.updateSelection(InputMethodService.java:1020)
10-22 00:13:21.829  1385  1385 E InputConnectionWrapper: 	at android.inputmethodservice.IInputMethodSessionWrapper.executeMessage(IInputMethodSessionWrapper.java:105)
10-22 00:13:21.829  1385  1385 E InputConnectionWrapper: 	at com.android.internal.os.HandlerCaller$MyHandler.handleMessage(HandlerCaller.java:44)
10-22 00:13:21.829  1385  1385 E InputConnectionWrapper: 	at android.os.Handler.dispatchMessage(Handler.java:106)
10-22 00:13:21.829  1385  1385 E InputConnectionWrapper: 	at android.os.Looper.loopOnce(Looper.java:201)
10-22 00:13:21.829  1385  1385 E InputConnectionWrapper: 	at android.os.Looper.loop(Looper.java:288)
10-22 00:13:21.829  1385  1385 E InputConnectionWrapper: 	at android.app.ActivityThread.main(ActivityThread.java:7839)
10-22 00:13:21.829  1385  1385 E InputConnectionWrapper: 	at java.lang.reflect.Method.invoke(Native Method)
10-22 00:13:21.829  1385  1385 E InputConnectionWrapper: 	at com.android.internal.os.RuntimeInit$MethodAndArgsCaller.run(RuntimeInit.java:548)
10-22 00:13:21.829  1385  1385 E InputConnectionWrapper: 	at com.android.internal.os.ZygoteInit.main(ZygoteInit.java:1003)
10-22 00:13:21.832  1385  1385 W InputConnectionWrapper: InputConnectionWrapper.recordDuration():1449 IPC IC_GET_SURROUNDING_TEXT took 113 ms
10-22 00:13:21.848   361   403 D goldfish-address-space: claimShared: Ask to claim region [0x3efded000 0x3efe3a000]
10-22 00:13:21.951  1385  1385 E InputConnectionWrapper: InputConnectionWrapper.waitForInputConnectionFutureInternal():1486 Failed to get the input connection call's result.
10-22 00:13:21.951  1385  1385 E InputConnectionWrapper: java.util.concurrent.TimeoutException: Waited 100 milliseconds (plus 11 milliseconds, 832044 nanoseconds delay) for ott@6c03626[status=PENDING, info=[task=[running=[NOT STARTED YET], jek@7bad267]]]
10-22 00:13:21.951  1385  1385 E InputConnectionWrapper: 	at oqk.get(PG:50)
10-22 00:13:21.951  1385  1385 E InputConnectionWrapper: 	at jfe.u(PG:2)
10-22 00:13:21.951  1385  1385 E InputConnectionWrapper: 	at jfe.t(PG:2)
10-22 00:13:21.951  1385  1385 E InputConnectionWrapper: 	at jfd.a(PG:4)
10-22 00:13:21.951  1385  1385 E InputConnectionWrapper: 	at jfm.r(PG:17)
10-22 00:13:21.951  1385  1385 E InputConnectionWrapper: 	at dro.ah(PG:2)
10-22 00:13:21.951  1385  1385 E InputConnectionWrapper: 	at jdq.W(PG:1)
10-22 00:13:21.951  1385  1385 E InputConnectionWrapper: 	at izv.call(PG:1)
10-22 00:13:21.951  1385  1385 E InputConnectionWrapper: 	at jao.p(PG:2)
10-22 00:13:21.951  1385  1385 E InputConnectionWrapper: 	at jao.W(PG:2)
10-22 00:13:21.951  1385  1385 E InputConnectionWrapper: 	at izs.W(PG:1)
10-22 00:13:21.951  1385  1385 E InputConnectionWrapper: 	at izs.W(PG:1)
10-22 00:13:21.951  1385  1385 E InputConnectionWrapper: 	at izg.m(PG:1)
10-22 00:13:21.951  1385  1385 E InputConnectionWrapper: 	at ehz.e(PG:2)
10-22 00:13:21.951  1385  1385 E InputConnectionWrapper: 	at com.google.android.apps.inputmethod.libs.latin5.LatinIme.e(PG:1)
10-22 00:13:21.951  1385  1385 E InputConnectionWrapper: 	at dro.Y(PG:6)
10-22 00:13:21.951  1385  1385 E InputConnectionWrapper: 	at drd.a(PG:2)
10-22 00:13:21.951  1385  1385 E InputConnectionWrapper: 	at jfm.c(PG:7)
10-22 00:13:21.951  1385  1385 E InputConnectionWrapper: 	at jfe.b(PG:14)
10-22 00:13:21.951  1385  1385 E InputConnectionWrapper: 	at dro.onUpdateSelection(PG:5)
10-22 00:13:21.951  1385  1385 E InputConnectionWrapper: 	at android.inputmethodservice.InputMethodService$InputMethodSessionImpl.updateSelection(InputMethodService.java:1020)
10-22 00:13:21.951  1385  1385 E InputConnectionWrapper: 	at android.inputmethodservice.IInputMethodSessionWrapper.executeMessage(IInputMethodSessionWrapper.java:105)
10-22 00:13:21.951  1385  1385 E InputConnectionWrapper: 	at com.android.internal.os.HandlerCaller$MyHandler.handleMessage(HandlerCaller.java:44)
10-22 00:13:21.951  1385  1385 E InputConnectionWrapper: 	at android.os.Handler.dispatchMessage(Handler.java:106)
10-22 00:13:21.951  1385  1385 E InputConnectionWrapper: 	at android.os.Looper.loopOnce(Looper.java:201)
10-22 00:13:21.951  1385  1385 E InputConnectionWrapper: 	at android.os.Looper.loop(Looper.java:288)
10-22 00:13:21.951  1385  1385 E InputConnectionWrapper: 	at android.app.ActivityThread.main(ActivityThread.java:7839)
10-22 00:13:21.951  1385  1385 E InputConnectionWrapper: 	at java.lang.reflect.Method.invoke(Native Method)
10-22 00:13:21.951  1385  1385 E InputConnectionWrapper: 	at com.android.internal.os.RuntimeInit$MethodAndArgsCaller.run(RuntimeInit.java:548)
10-22 00:13:21.951  1385  1385 E InputConnectionWrapper: 	at com.android.internal.os.ZygoteInit.main(ZygoteInit.java:1003)
10-22 00:13:21.965  1385  1385 W InputConnectionWrapper: InputConnectionWrapper.recordDuration():1449 IPC IC_GET_TEXT_BEFORE_CURSOR took 118 ms
10-22 00:13:22.278 21439 21462 D EGL_emulation: app_time_stats: avg=148.63ms min=18.97ms max=386.21ms count=7
10-22 00:13:22.444  1385  1385 E InputConnectionWrapper: InputConnectionWrapper.waitForInputConnectionFutureInternal():1486 Failed to get the input connection call's result.
10-22 00:13:22.444  1385  1385 E InputConnectionWrapper: java.util.concurrent.TimeoutException: Waited 100 milliseconds (plus 191 milliseconds, 568669 nanoseconds delay) for ott@ce98eb2[status=PENDING, info=[task=[running=[RUNNING ON ICWrapper-1], jeu@8982e03]]]
10-22 00:13:22.444  1385  1385 E InputConnectionWrapper: 	at oqk.get(PG:50)
10-22 00:13:22.444  1385  1385 E InputConnectionWrapper: 	at jfe.u(PG:2)
10-22 00:13:22.444  1385  1385 E InputConnectionWrapper: 	at jfe.t(PG:2)
10-22 00:13:22.444  1385  1385 E InputConnectionWrapper: 	at jfd.e(PG:8)
10-22 00:13:22.444  1385  1385 E InputConnectionWrapper: 	at jfm.D(PG:1)
10-22 00:13:22.444  1385  1385 E InputConnectionWrapper: 	at jfm.x(PG:1)
10-22 00:13:22.444  1385  1385 E InputConnectionWrapper: 	at jfm.c(PG:5)
10-22 00:13:22.444  1385  1385 E InputConnectionWrapper: 	at jfe.b(PG:14)
10-22 00:13:22.444  1385  1385 E InputConnectionWrapper: 	at dro.onUpdateSelection(PG:5)
10-22 00:13:22.444  1385  1385 E InputConnectionWrapper: 	at android.inputmethodservice.InputMethodService$InputMethodSessionImpl.updateSelection(InputMethodService.java:1020)
10-22 00:13:22.444  1385  1385 E InputConnectionWrapper: 	at android.inputmethodservice.IInputMethodSessionWrapper.executeMessage(IInputMethodSessionWrapper.java:105)
10-22 00:13:22.444  1385  1385 E InputConnectionWrapper: 	at com.android.internal.os.HandlerCaller$MyHandler.handleMessage(HandlerCaller.java:44)
10-22 00:13:22.444  1385  1385 E InputConnectionWrapper: 	at android.os.Handler.dispatchMessage(Handler.java:106)
10-22 00:13:22.444  1385  1385 E InputConnectionWrapper: 	at android.os.Looper.loopOnce(Looper.java:201)
10-22 00:13:22.444  1385  1385 E InputConnectionWrapper: 	at android.os.Looper.loop(Looper.java:288)
10-22 00:13:22.444  1385  1385 E InputConnectionWrapper: 	at android.app.ActivityThread.main(ActivityThread.java:7839)
10-22 00:13:22.444  1385  1385 E InputConnectionWrapper: 	at java.lang.reflect.Method.invoke(Native Method)
10-22 00:13:22.444  1385  1385 E InputConnectionWrapper: 	at com.android.internal.os.RuntimeInit$MethodAndArgsCaller.run(RuntimeInit.java:548)
10-22 00:13:22.444  1385  1385 E InputConnectionWrapper: 	at com.android.internal.os.ZygoteInit.main(ZygoteInit.java:1003)
10-22 00:13:22.444  1385  1385 W InputConnectionWrapper: InputConnectionWrapper.recordDuration():1449 IPC IC_GET_SURROUNDING_TEXT took 297 ms
10-22 00:13:22.533  1385  1385 W InputContextProxyV4: InputContextProxyV4.applyClientDiffInternal():880 Ignore [FetchSuggestions] diff due to stale request: 8004<8007, inputStateId=7691, lastInputStateId=7693
10-22 00:13:22.612   572  2170 W InputManager-JNI: Input channel object 'acf22f6 PopupWindow:54d7eb3 (client)' was disposed without first being removed with the input manager!
10-22 00:13:22.749  1385  2206 I native  : I1022 00:13:22.749510    2206 input-context-store.cc:238] Ignoring stale client request for FetchSuggestions
10-22 00:13:22.819  1385  1385 E InputConnectionWrapper: InputConnectionWrapper.waitForInputConnectionFutureInternal():1486 Failed to get the input connection call's result.
10-22 00:13:22.819  1385  1385 E InputConnectionWrapper: java.util.concurrent.TimeoutException: Waited 100 milliseconds (plus 30 milliseconds, 695902 nanoseconds delay) for ott@e675a7b[status=PENDING, info=[task=[running=[RUNNING ON ICWrapper-1], jeu@5b53098]]]
10-22 00:13:22.819  1385  1385 E InputConnectionWrapper: 	at oqk.get(PG:50)
10-22 00:13:22.819  1385  1385 E InputConnectionWrapper: 	at jfe.u(PG:2)
10-22 00:13:22.819  1385  1385 E InputConnectionWrapper: 	at jfe.t(PG:2)
10-22 00:13:22.819  1385  1385 E InputConnectionWrapper: 	at jfd.e(PG:8)
10-22 00:13:22.819  1385  1385 E InputConnectionWrapper: 	at jfm.D(PG:1)
10-22 00:13:22.819  1385  1385 E InputConnectionWrapper: 	at jfm.x(PG:1)
10-22 00:13:22.819  1385  1385 E InputConnectionWrapper: 	at jfm.c(PG:5)
10-22 00:13:22.819  1385  1385 E InputConnectionWrapper: 	at jfe.b(PG:14)
10-22 00:13:22.819  1385  1385 E InputConnectionWrapper: 	at dro.onUpdateSelection(PG:5)
10-22 00:13:22.819  1385  1385 E InputConnectionWrapper: 	at android.inputmethodservice.InputMethodService$InputMethodSessionImpl.updateSelection(InputMethodService.java:1020)
10-22 00:13:22.819  1385  1385 E InputConnectionWrapper: 	at android.inputmethodservice.IInputMethodSessionWrapper.executeMessage(IInputMethodSessionWrapper.java:105)
10-22 00:13:22.819  1385  1385 E InputConnectionWrapper: 	at com.android.internal.os.HandlerCaller$MyHandler.handleMessage(HandlerCaller.java:44)
10-22 00:13:22.819  1385  1385 E InputConnectionWrapper: 	at android.os.Handler.dispatchMessage(Handler.java:106)
10-22 00:13:22.819  1385  1385 E InputConnectionWrapper: 	at android.os.Looper.loopOnce(Looper.java:201)
10-22 00:13:22.819  1385  1385 E InputConnectionWrapper: 	at android.os.Looper.loop(Looper.java:288)
10-22 00:13:22.819  1385  1385 E InputConnectionWrapper: 	at android.app.ActivityThread.main(ActivityThread.java:7839)
10-22 00:13:22.819  1385  1385 E InputConnectionWrapper: 	at java.lang.reflect.Method.invoke(Native Method)
10-22 00:13:22.819  1385  1385 E InputConnectionWrapper: 	at com.android.internal.os.RuntimeInit$MethodAndArgsCaller.run(RuntimeInit.java:548)
10-22 00:13:22.819  1385  1385 E InputConnectionWrapper: 	at com.android.internal.os.ZygoteInit.main(ZygoteInit.java:1003)
10-22 00:13:22.834  1385  1385 W InputConnectionWrapper: InputConnectionWrapper.recordDuration():1449 IPC IC_GET_SURROUNDING_TEXT took 151 ms
10-22 00:13:22.935  1385  1385 W InputContextProxyV4: InputContextProxyV4.applyClientDiffInternal():880 Ignore [FetchSuggestions] diff due to stale request: 8007<8009, inputStateId=7694, lastInputStateId=7694
10-22 00:13:22.950  1385  1385 I InlineSuggestionCandidateViewController: InlineSuggestionCandidateViewController.textCandidatesUpdated():621 Not showing inline suggestion tooltip v2; has candidates
10-22 00:13:23.085  1385  2053 D EGL_emulation: app_time_stats: avg=1608.81ms min=1608.81ms max=1608.81ms count=1
10-22 00:13:23.194  1385  1385 E InputConnectionWrapper: InputConnectionWrapper.waitForInputConnectionFutureInternal():1486 Failed to get the input connection call's result.
10-22 00:13:23.194  1385  1385 E InputConnectionWrapper: java.util.concurrent.TimeoutException: Waited 100 milliseconds (plus 3 milliseconds, 48378 nanoseconds delay) for ott@1709df3[status=PENDING, info=[task=[running=[RUNNING ON ICWrapper-1], jeu@a057ab0]]]
10-22 00:13:23.194  1385  1385 E InputConnectionWrapper: 	at oqk.get(PG:50)
10-22 00:13:23.194  1385  1385 E InputConnectionWrapper: 	at jfe.u(PG:2)
10-22 00:13:23.194  1385  1385 E InputConnectionWrapper: 	at jfe.t(PG:2)
10-22 00:13:23.194  1385  1385 E InputConnectionWrapper: 	at jfd.e(PG:8)
10-22 00:13:23.194  1385  1385 E InputConnectionWrapper: 	at jfm.D(PG:1)
10-22 00:13:23.194  1385  1385 E InputConnectionWrapper: 	at jfm.x(PG:1)
10-22 00:13:23.194  1385  1385 E InputConnectionWrapper: 	at jfm.c(PG:5)
10-22 00:13:23.194  1385  1385 E InputConnectionWrapper: 	at jfe.b(PG:14)
10-22 00:13:23.194  1385  1385 E InputConnectionWrapper: 	at dro.onUpdateSelection(PG:5)
10-22 00:13:23.194  1385  1385 E InputConnectionWrapper: 	at android.inputmethodservice.InputMethodService$InputMethodSessionImpl.updateSelection(InputMethodService.java:1020)
10-22 00:13:23.194  1385  1385 E InputConnectionWrapper: 	at android.inputmethodservice.IInputMethodSessionWrapper.executeMessage(IInputMethodSessionWrapper.java:105)
10-22 00:13:23.194  1385  1385 E InputConnectionWrapper: 	at com.android.internal.os.HandlerCaller$MyHandler.handleMessage(HandlerCaller.java:44)
10-22 00:13:23.194  1385  1385 E InputConnectionWrapper: 	at android.os.Handler.dispatchMessage(Handler.java:106)
10-22 00:13:23.194  1385  1385 E InputConnectionWrapper: 	at android.os.Looper.loopOnce(Looper.java:201)
10-22 00:13:23.194  1385  1385 E InputConnectionWrapper: 	at android.os.Looper.loop(Looper.java:288)
10-22 00:13:23.194  1385  1385 E InputConnectionWrapper: 	at android.app.ActivityThread.main(ActivityThread.java:7839)
10-22 00:13:23.194  1385  1385 E InputConnectionWrapper: 	at java.lang.reflect.Method.invoke(Native Method)
10-22 00:13:23.194  1385  1385 E InputConnectionWrapper: 	at com.android.internal.os.RuntimeInit$MethodAndArgsCaller.run(RuntimeInit.java:548)
10-22 00:13:23.194  1385  1385 E InputConnectionWrapper: 	at com.android.internal.os.ZygoteInit.main(ZygoteInit.java:1003)
10-22 00:13:23.195  1385  1385 W InputConnectionWrapper: InputConnectionWrapper.recordDuration():1449 IPC IC_GET_SURROUNDING_TEXT took 107 ms
10-22 00:13:23.368  1385  1385 W InputContextProxyV4: InputContextProxyV4.applyClientDiffInternal():880 Ignore [FetchSuggestions] diff due to stale request: 8011<8012, inputStateId=7697, lastInputStateId=7698
10-22 00:13:23.504 21439 21462 D EGL_emulation: app_time_stats: avg=187.33ms min=20.62ms max=305.56ms count=6
10-22 00:13:23.528  1385  1385 I InlineSuggestionCandidateViewController: InlineSuggestionCandidateViewController.textCandidatesUpdated():621 Not showing inline suggestion tooltip v2; has candidates
10-22 00:13:23.879  1385  1385 E InputConnectionWrapper: InputConnectionWrapper.waitForInputConnectionFutureInternal():1486 Failed to get the input connection call's result.
10-22 00:13:23.879  1385  1385 E InputConnectionWrapper: java.util.concurrent.TimeoutException: Waited 100 milliseconds (plus 106 milliseconds, 933519 nanoseconds delay) for ott@d419047[status=PENDING, info=[task=[running=[RUNNING ON ICWrapper-1], jeu@cca4074]]]
10-22 00:13:23.879  1385  1385 E InputConnectionWrapper: 	at oqk.get(PG:50)
10-22 00:13:23.879  1385  1385 E InputConnectionWrapper: 	at jfe.u(PG:2)
10-22 00:13:23.879  1385  1385 E InputConnectionWrapper: 	at jfe.t(PG:2)
10-22 00:13:23.879  1385  1385 E InputConnectionWrapper: 	at jfd.e(PG:8)
10-22 00:13:23.879  1385  1385 E InputConnectionWrapper: 	at jfm.D(PG:1)
10-22 00:13:23.879  1385  1385 E InputConnectionWrapper: 	at jfm.x(PG:1)
10-22 00:13:23.879  1385  1385 E InputConnectionWrapper: 	at jfm.c(PG:5)
10-22 00:13:23.879  1385  1385 E InputConnectionWrapper: 	at jfe.b(PG:14)
10-22 00:13:23.879  1385  1385 E InputConnectionWrapper: 	at dro.onUpdateSelection(PG:5)
10-22 00:13:23.879  1385  1385 E InputConnectionWrapper: 	at android.inputmethodservice.InputMethodService$InputMethodSessionImpl.updateSelection(InputMethodService.java:1020)
10-22 00:13:23.879  1385  1385 E InputConnectionWrapper: 	at android.inputmethodservice.IInputMethodSessionWrapper.executeMessage(IInputMethodSessionWrapper.java:105)
10-22 00:13:23.879  1385  1385 E InputConnectionWrapper: 	at com.android.internal.os.HandlerCaller$MyHandler.handleMessage(HandlerCaller.java:44)
10-22 00:13:23.879  1385  1385 E InputConnectionWrapper: 	at android.os.Handler.dispatchMessage(Handler.java:106)
10-22 00:13:23.879  1385  1385 E InputConnectionWrapper: 	at android.os.Looper.loopOnce(Looper.java:201)
10-22 00:13:23.879  1385  1385 E InputConnectionWrapper: 	at android.os.Looper.loop(Looper.java:288)
10-22 00:13:23.879  1385  1385 E InputConnectionWrapper: 	at android.app.ActivityThread.main(ActivityThread.java:7839)
10-22 00:13:23.879  1385  1385 E InputConnectionWrapper: 	at java.lang.reflect.Method.invoke(Native Method)
10-22 00:13:23.879  1385  1385 E InputConnectionWrapper: 	at com.android.internal.os.RuntimeInit$MethodAndArgsCaller.run(RuntimeInit.java:548)
10-22 00:13:23.879  1385  1385 E InputConnectionWrapper: 	at com.android.internal.os.ZygoteInit.main(ZygoteInit.java:1003)
10-22 00:13:23.879  1385  1385 W InputConnectionWrapper: InputConnectionWrapper.recordDuration():1449 IPC IC_GET_SURROUNDING_TEXT took 208 ms
10-22 00:13:24.101  1385  1385 E InputConnectionWrapper: InputConnectionWrapper.waitForInputConnectionFutureInternal():1486 Failed to get the input connection call's result.
10-22 00:13:24.101  1385  1385 E InputConnectionWrapper: java.util.concurrent.TimeoutException: Waited 100 milliseconds (plus 2 milliseconds, 20418 nanoseconds delay) for ott@f09299[status=PENDING, info=[task=[running=[RUNNING ON ICWrapper-1], jeu@e6f395e]]]
10-22 00:13:24.101  1385  1385 E InputConnectionWrapper: 	at oqk.get(PG:50)
10-22 00:13:24.101  1385  1385 E InputConnectionWrapper: 	at jfe.u(PG:2)
10-22 00:13:24.101  1385  1385 E InputConnectionWrapper: 	at jfe.t(PG:2)
10-22 00:13:24.101  1385  1385 E InputConnectionWrapper: 	at jfd.e(PG:8)
10-22 00:13:24.101  1385  1385 E InputConnectionWrapper: 	at jfm.D(PG:1)
10-22 00:13:24.101  1385  1385 E InputConnectionWrapper: 	at jfm.x(PG:1)
10-22 00:13:24.101  1385  1385 E InputConnectionWrapper: 	at jfm.c(PG:5)
10-22 00:13:24.101  1385  1385 E InputConnectionWrapper: 	at jfe.b(PG:14)
10-22 00:13:24.101  1385  1385 E InputConnectionWrapper: 	at dro.onUpdateSelection(PG:5)
10-22 00:13:24.101  1385  1385 E InputConnectionWrapper: 	at android.inputmethodservice.InputMethodService$InputMethodSessionImpl.updateSelection(InputMethodService.java:1020)
10-22 00:13:24.101  1385  1385 E InputConnectionWrapper: 	at android.inputmethodservice.IInputMethodSessionWrapper.executeMessage(IInputMethodSessionWrapper.java:105)
10-22 00:13:24.101  1385  1385 E InputConnectionWrapper: 	at com.android.internal.os.HandlerCaller$MyHandler.handleMessage(HandlerCaller.java:44)
10-22 00:13:24.101  1385  1385 E InputConnectionWrapper: 	at android.os.Handler.dispatchMessage(Handler.java:106)
10-22 00:13:24.101  1385  1385 E InputConnectionWrapper: 	at android.os.Looper.loopOnce(Looper.java:201)
10-22 00:13:24.101  1385  1385 E InputConnectionWrapper: 	at android.os.Looper.loop(Looper.java:288)
10-22 00:13:24.101  1385  1385 E InputConnectionWrapper: 	at android.app.ActivityThread.main(ActivityThread.java:7839)
10-22 00:13:24.101  1385  1385 E InputConnectionWrapper: 	at java.lang.reflect.Method.invoke(Native Method)
10-22 00:13:24.101  1385  1385 E InputConnectionWrapper: 	at com.android.internal.os.RuntimeInit$MethodAndArgsCaller.run(RuntimeInit.java:548)
10-22 00:13:24.101  1385  1385 E InputConnectionWrapper: 	at com.android.internal.os.ZygoteInit.main(ZygoteInit.java:1003)
10-22 00:13:24.102  1385  1385 W InputConnectionWrapper: InputConnectionWrapper.recordDuration():1449 IPC IC_GET_SURROUNDING_TEXT took 105 ms
10-22 00:13:24.151  1385  1385 W InputContextProxyV4: InputContextProxyV4.applyClientDiffInternal():880 Ignore [FetchSuggestions] diff due to stale request: 8021<8022, inputStateId=7707, lastInputStateId=7706
10-22 00:13:24.163  1385  2053 D EGL_emulation: app_time_stats: avg=215.30ms min=60.80ms max=414.20ms count=5
10-22 00:13:24.539 21439 21462 D EGL_emulation: app_time_stats: avg=102.91ms min=39.77ms max=313.93ms count=10
10-22 00:13:24.970 21439 21439 I ViewInteraction: Performing 'type text(password123)' action on view view.getId() is <2131296470/com.example.cocktailsdbapp:id/et_password_input>
10-22 00:13:25.027  1385  1385 I GoogleInputMethodService: GoogleInputMethodService.onFinishInputView():2365
10-22 00:13:25.028  1385  1385 I InlineSuggestionCandidateViewController: InlineSuggestionCandidateViewController.setInlineSuggestionCandidateImpl():1163 set  to inlineSuggestionTextView
10-22 00:13:25.028 21439 21439 D InputMethodManager: showSoftInput() view=androidx.appcompat.widget.AppCompatEditText{b6e3e29 VFED..CL. .F.P..ID 119,552-959,660 #7f0900d6 app:id/et_password_input aid=1073741842} flags=0 reason=SHOW_SOFT_INPUT
10-22 00:13:25.035  1385  1385 I KeyboardWrapper: KeyboardWrapper.consumeEvent():287 Skip consuming an event as current keyboard is deactivated (state=0, keyboard existence=true)
10-22 00:13:25.035  1385  1385 I VoiceInputManagerWrapper: VoiceInputManagerWrapper.shutdown():76 shutdown()
10-22 00:13:25.036  1385  1385 I AndroidIME: AbstractIme.onDeactivate():207 LatinIme.onDeactivate()
10-22 00:13:25.046  1385  1385 I GoogleInputMethodService: GoogleInputMethodService.onFinishInput():3420
10-22 00:13:25.047  1385  1385 I GoogleInputMethodService: GoogleInputMethodService.onStartInput():2002
10-22 00:13:25.054  1385  1385 I DeviceUnlockedTag: DeviceUnlockedTag.notifyDeviceLockStatusChanged():31 Notify device unlocked.
10-22 00:13:25.057  1385  1385 I GoogleInputMethodService: GoogleInputMethodService.onStartInputView():2148
10-22 00:13:25.062  1385  1385 I DeviceUnlockedTag: DeviceUnlockedTag.notifyDeviceLockStatusChanged():31 Notify device unlocked.
10-22 00:13:25.077  1385  1385 I KeyboardViewUtil: KeyboardViewUtil.getKeyboardHeightRatio():166 systemKeyboardHeightRatio:1.000000; userKeyboardHeightRatio:1.000000.
10-22 00:13:25.079  1385  1385 I AndroidIME: AbstractIme.onActivate():86 PasswordIme.onActivate() : EditorInfo = inputType=Password imeActionName=DONE dump=[inputType=0x81 imeOptions=0x4000006 privateImeOptions=null actionLabel=null actionId=0 initialSelStart=0 initialSelEnd=0 initialCapsMode=0x0 hintText=password label=null packageName=com.example.cocktailsdbapp autofillId=1073741842 fieldId=2131296470 fieldName=null extras=Bundle[{android.support.text.emoji.emojiCompat_metadataVersion=8, android.support.text.emoji.emojiCompat_replaceAll=false}] hintLocales=null contentMimeTypes=null ], IncognitoMode = false, DeviceLocked = false
10-22 00:13:25.087  1385  1385 I KeyboardViewHelper: KeyboardViewHelper.getView():167 Get view with height ratio:1.000000
10-22 00:13:25.096  1385  1385 I KeyboardViewUtil: KeyboardViewUtil.calculateMaxKeyboardBodyHeight():62 leave 354 height for app when screen height:2274, header height:116 and isFullscreenMode:false, so the max keyboard body height is:1804
10-22 00:13:25.098  1385  1385 I InlineSuggestionCandidateViewController: InlineSuggestionCandidateViewController.setInlineSuggestionCandidateImpl():1163 set  to inlineSuggestionTextView
10-22 00:13:25.101  1385  1385 I KeyboardViewUtil: KeyboardViewUtil.calculateMaxKeyboardBodyHeight():62 leave 354 height for app when screen height:2274, header height:116 and isFullscreenMode:false, so the max keyboard body height is:1804
10-22 00:13:25.104  1385  1385 I NormalModeController: NormalModeController.getKeyboardBodyViewHolderPaddingBottom():109 currentPrimeKeyboardType:SOFT systemPaddingBottom:-1
10-22 00:13:25.106  1385  1385 I AndroidIME: KeyboardViewManager.updateKeyboardBodyViewHolderPaddingBottom():513 Set finalPaddingBottom = 0 while keyboardBottomGapFromScreen = 0; navigationHeight = 126
10-22 00:13:25.106  1385  1385 I NormalModeController: NormalModeController.getKeyboardBodyViewHolderPaddingBottom():109 currentPrimeKeyboardType:SOFT systemPaddingBottom:-1
10-22 00:13:25.109  1385  1385 I AndroidIME: KeyboardViewManager.updateKeyboardBodyViewHolderPaddingBottom():513 Set finalPaddingBottom = 0 while keyboardBottomGapFromScreen = 0; navigationHeight = 126
10-22 00:13:25.110  1385  1385 I CurrentMicStatusHolder: CurrentMicStatusHolder.onStartInputView():79 Current Mic status = {MicIconHidden-SettingOff,MicIconHidden-PasswordOrNumberOrDateInputType,}
10-22 00:13:25.111  1385  1385 I VoiceImeExtension: VoiceImeExtension.shouldStartVoiceInputAutomatically():354 No private IME option set to start voice input.
10-22 00:13:25.121 21439 21439 D InsetsController: show(ime(), fromIme=true)
10-22 00:13:25.145 21439 21439 D InsetsController: show(ime(), fromIme=true)
10-22 00:13:25.151  8529  8529 D BoundBrokerSvc: onBind: Intent { act=com.google.android.gms.common.BIND_SHARED_PREFS pkg=com.google.android.gms }
10-22 00:13:25.152  8529  8529 D BoundBrokerSvc: Loading bound service for intent: Intent { act=com.google.android.gms.common.BIND_SHARED_PREFS pkg=com.google.android.gms }
10-22 00:13:25.170  1385  2053 D EGL_emulation: app_time_stats: avg=502.70ms min=10.72ms max=994.67ms count=2
10-22 00:13:25.172  8529  8529 D BoundBrokerSvc: onUnbind: Intent { act=com.google.android.gms.common.BIND_SHARED_PREFS pkg=com.google.android.gms }
10-22 00:13:25.191  8529  8529 D BoundBrokerSvc: onBind: Intent { act=com.google.android.gms.common.BIND_SHARED_PREFS pkg=com.google.android.gms }
10-22 00:13:25.192  8529  8529 D BoundBrokerSvc: Loading bound service for intent: Intent { act=com.google.android.gms.common.BIND_SHARED_PREFS pkg=com.google.android.gms }
10-22 00:13:25.204  8529  8529 D BoundBrokerSvc: onUnbind: Intent { act=com.google.android.gms.common.BIND_SHARED_PREFS pkg=com.google.android.gms }
10-22 00:13:25.289 21439 21439 D UiControllerImpl: Injecting string: "password123"
10-22 00:13:25.367   361   403 D goldfish-address-space: claimShared: Ask to claim region [0x3efd53000 0x3efda0000]
10-22 00:13:25.374   361   403 D goldfish-address-space: claimShared: Ask to claim region [0x3efda0000 0x3efded000]
10-22 00:13:25.380   361   405 D goldfish-address-space: claimShared: Ask to claim region [0x3efded000 0x3efe3a000]
10-22 00:13:25.509   572  2170 W InputManager-JNI: Input channel object 'efab500 PopupWindow:2c14a16 (client)' was disposed without first being removed with the input manager!
10-22 00:13:25.549 21439 21462 D EGL_emulation: app_time_stats: avg=67.05ms min=12.38ms max=283.07ms count=15
10-22 00:13:25.886  1385  1385 E InputConnectionWrapper: InputConnectionWrapper.waitForInputConnectionFutureInternal():1486 Failed to get the input connection call's result.
10-22 00:13:25.886  1385  1385 E InputConnectionWrapper: java.util.concurrent.TimeoutException: Waited 100 milliseconds (plus 1 milliseconds, 953107 nanoseconds delay) for ott@2395cd2[status=PENDING, info=[task=[running=[RUNNING ON ICWrapper-1], jeu@920b1a3]]]
10-22 00:13:25.886  1385  1385 E InputConnectionWrapper: 	at oqk.get(PG:50)
10-22 00:13:25.886  1385  1385 E InputConnectionWrapper: 	at jfe.u(PG:2)
