10-20 00:58:10.615  1545  1569 I TestRunner: started: testRegistrationWithLongInputs(com.example.cocktailsdbapp.ui.authorization.RegistrationFragmentTest)
10-20 00:58:10.628   582  2204 W InputManager-JNI: Input channel object 'a2079e9 Splash Screen com.example.cocktailsdbapp.test (client)' was disposed without first being removed with the input manager!
10-20 00:58:10.649  1545  1569 W Settings: Setting always_finish_activities has moved from android.provider.Settings.System to android.provider.Settings.Global, returning read-only value.
10-20 00:58:10.670  1186  1240 D SplashScreenView: Build android.window.SplashScreenView{26fe16 V.E...... ......ID 0,0-0,0}
10-20 00:58:10.670  1186  1240 D SplashScreenView: Icon: view: null drawable: null size: 0
10-20 00:58:10.670  1186  1240 D SplashScreenView: Branding: view: android.view.View{d091397 G.ED..... ......I. 0,0-0,0 #10204a6 android:id/splashscreen_branding_view} drawable: null size w: 0 h: 0
10-20 00:58:10.719   372 13548 D goldfish-address-space: claimShared: Ask to claim region [0x3e9a1c000 0x3ea400000]
10-20 00:58:10.734   372 13548 D goldfish-address-space: claimShared: Ask to claim region [0x3e8000000 0x3e89e4000]
10-20 00:58:10.737   372 13548 D goldfish-address-space: claimShared: Ask to claim region [0x3e89e4000 0x3e93c8000]
10-20 00:58:10.789  2153  2153 I GsaVoiceInteractionSrv: Handling ACTION_STOP_HOTWORD
10-20 00:58:10.790  2153  2153 E HwDetectorWithState: a: 3
10-20 00:58:10.815  1545  1545 D LifecycleMonitor: Lifecycle status change: com.example.cocktailsdbapp.MainActivity@eb1ad48 in: PRE_ON_CREATE
10-20 00:58:10.819  1545  1545 V ActivityScenario: Activity lifecycle changed event received but ignored because the reported transition was not ON_CREATE while the last known transition was PRE_ON_CREATE
10-20 00:58:10.987  1545  1545 D LifecycleMonitor: Lifecycle status change: com.example.cocktailsdbapp.MainActivity@eb1ad48 in: CREATED
10-20 00:58:10.988  1545  1545 V ActivityScenario: Update currentActivityStage to CREATED, currentActivity=com.example.cocktailsdbapp.MainActivity@eb1ad48
10-20 00:58:10.996  1545  1545 D LifecycleMonitor: Lifecycle status change: com.example.cocktailsdbapp.MainActivity@eb1ad48 in: STARTED
10-20 00:58:10.996  1545  1545 V ActivityScenario: Update currentActivityStage to STARTED, currentActivity=com.example.cocktailsdbapp.MainActivity@eb1ad48
10-20 00:58:11.002  1545  1545 D LifecycleMonitor: Lifecycle status change: com.example.cocktailsdbapp.MainActivity@eb1ad48 in: RESUMED
10-20 00:58:11.006  1545  1545 V ActivityScenario: Update currentActivityStage to RESUMED, currentActivity=com.example.cocktailsdbapp.MainActivity@eb1ad48
10-20 00:58:11.064   372 13548 D goldfish-address-space: claimShared: Ask to claim region [0x3ea400000 0x3eade4000]
10-20 00:58:11.075   372 13548 D goldfish-address-space: claimShared: Ask to claim region [0x3eddac000 0x3ee790000]
10-20 00:58:11.078   372 13548 D goldfish-address-space: claimShared: Ask to claim region [0x3ec000000 0x3ec9e4000]
10-20 00:58:11.139   582   637 I ActivityTaskManager: Displayed com.example.cocktailsdbapp/.MainActivity: +478ms
10-20 00:58:11.191  1929  1929 I GoogleInputMethodService: GoogleInputMethodService.onFinishInput():3420
10-20 00:58:11.192  1929  1929 I GoogleInputMethodService: GoogleInputMethodService.onStartInput():2002
10-20 00:58:11.194  1929  1929 I DeviceUnlockedTag: DeviceUnlockedTag.notifyDeviceLockStatusChanged():31 Notify device unlocked.
10-20 00:58:11.251  1545  1545 I ViewInteraction: Performing 'single click' action on view view.getId() is <2131296378/com.example.cocktailsdbapp:id/bt_register>
10-20 00:58:11.266   582  2204 W InputManager-JNI: Input channel object 'eaf8546 com.example.cocktailsdbapp.test/androidx.test.core.app.InstrumentationActivityInvoker$EmptyActivity (client)' was disposed without first being removed with the input manager!
10-20 00:58:11.453   582  2310 W InputManager-JNI: Input channel object 'f4fc1d7 Splash Screen com.example.cocktailsdbapp (client)' was disposed without first being removed with the input manager!
10-20 00:58:11.631  1186  1256 D EGL_emulation: app_time_stats: avg=257.55ms min=23.51ms max=1027.99ms count=5
10-20 00:58:11.634  1186  1256 D EGL_emulation: app_time_stats: avg=254.47ms min=22.31ms max=1019.06ms count=5
10-20 00:58:12.649  1545  1545 I ViewInteraction: Performing 'type text(AAAAAAAAAAAAAAAAAAAAAAAAAAAAAA)' action on view view.getId() is <2131296468/com.example.cocktailsdbapp:id/et_name_input>
10-20 00:58:12.675  1545  1579 D EGL_emulation: app_time_stats: avg=97.23ms min=2.27ms max=1185.12ms count=15
10-20 00:58:12.701  1929  1929 I GoogleInputMethodService: GoogleInputMethodService.onFinishInput():3420
10-20 00:58:12.702  1545  1545 D InputMethodManager: showSoftInput() view=androidx.appcompat.widget.AppCompatEditText{e420b25 VFED..CL. .F.P..ID 119,284-959,392 #7f0900d4 app:id/et_name_input aid=1073741827} flags=0 reason=SHOW_SOFT_INPUT
10-20 00:58:12.702  1929  1929 W KeyboardViewController: KeyboardViewController.show():477 Requesting to show sub view with id 2131428268(#0x7f0b03ac) when keyboard HEADER view is not ready to show
10-20 00:58:12.707  1929  1929 I GoogleInputMethodService: GoogleInputMethodService.onStartInput():2002
10-20 00:58:12.713  1929  1929 I DeviceUnlockedTag: DeviceUnlockedTag.notifyDeviceLockStatusChanged():31 Notify device unlocked.
10-20 00:58:12.716  1545  1545 I AssistStructure: Flattened final assist data: 2988 bytes, containing 1 windows, 17 views
10-20 00:58:12.717  1929  1929 I GoogleInputMethodService: GoogleInputMethodService.onStartInputView():2148
10-20 00:58:12.719  1929  1929 I DeviceUnlockedTag: DeviceUnlockedTag.notifyDeviceLockStatusChanged():31 Notify device unlocked.
10-20 00:58:12.720  1929  1929 I KeyboardViewUtil: KeyboardViewUtil.getKeyboardHeightRatio():166 systemKeyboardHeightRatio:1.000000; userKeyboardHeightRatio:1.000000.
10-20 00:58:12.721  1929  1929 I AndroidIME: AbstractIme.onActivate():86 LatinIme.onActivate() : EditorInfo = inputType=Text imeActionName=NEXT dump=[inputType=0x61 imeOptions=0x8000005 privateImeOptions=null actionLabel=null actionId=0 initialSelStart=0 initialSelEnd=0 initialCapsMode=0x0 hintText=name label=null packageName=com.example.cocktailsdbapp autofillId=1073741827 fieldId=2131296468 fieldName=null extras=Bundle[{android.support.text.emoji.emojiCompat_metadataVersion=8, android.support.text.emoji.emojiCompat_replaceAll=false}] hintLocales=null contentMimeTypes=null ], IncognitoMode = false, DeviceLocked = false
10-20 00:58:12.722  1929  1929 I Delight5Facilitator: Delight5Facilitator.initializeForIme():718 initializeForIme() : Locale = [en_US], layout = qwerty
10-20 00:58:12.730  1929  1929 I VoiceInputManagerWrapper: VoiceInputManagerWrapper.cancelShutdown():54 cancelShutdown()
10-20 00:58:12.730  1929  1929 I VoiceInputManagerWrapper: VoiceInputManagerWrapper.syncLanguagePacks():66 syncLanguagePacks()
10-20 00:58:12.730  1929 13454 I SpeechFactory: SpeechRecognitionFactory.maybeScheduleAutoPackDownloadForFallback():182 maybeScheduleAutoPackDownloadForFallback()
10-20 00:58:12.731  1929 13454 I FallbackOnDeviceRecognitionProvider: FallbackOnDeviceRecognitionProvider.maybeScheduleAutoPackDownload():194 maybeScheduleAutoPackDownload() for language tag en-US
10-20 00:58:12.731  1929  1929 I LatinIme: LatinIme.updateEnableInlineSuggestionsOnDecoderSideFlags():1293 inline flag updated to:false
10-20 00:58:12.733  1929  1929 I KeyboardWrapper: KeyboardWrapper.consumeEvent():287 Skip consuming an event as current keyboard is deactivated (state=0, keyboard existence=true)
10-20 00:58:12.739  7378  7378 W svc     : Pending fill request while another request in the same session was triggered. [CONTEXT service_id=177 ]
10-20 00:58:12.763  1957  1957 V InlineSuggestionRenderService: handleDestroySuggestionViews called for 0:569629852
10-20 00:58:12.767  1929  1929 I KeyboardViewHelper: KeyboardViewHelper.getView():167 Get view with height ratio:1.000000
10-20 00:58:12.770  7378  7400 I .gms.persisten: oneway function results for code 1 on binder at 0x7eb608707780 will be dropped but finished with status UNKNOWN_TRANSACTION and reply parcel size 80
10-20 00:58:12.779  1929  1929 I KeyboardViewUtil: KeyboardViewUtil.calculateMaxKeyboardBodyHeight():62 leave 354 height for app when screen height:2274, header height:116 and isFullscreenMode:false, so the max keyboard body height is:1804
10-20 00:58:12.783  1929  1929 I NormalModeController: NormalModeController.getKeyboardBodyViewHolderPaddingBottom():109 currentPrimeKeyboardType:SOFT systemPaddingBottom:-1
10-20 00:58:12.784  1929  1929 I KeyboardViewUtil: KeyboardViewUtil.calculateMaxKeyboardBodyHeight():62 leave 354 height for app when screen height:2274, header height:116 and isFullscreenMode:false, so the max keyboard body height is:1804
10-20 00:58:12.785  1929  2492 I Delight5Decoder: Delight5DecoderWrapper.setKeyboardLayout():434 setKeyboardLayout()
10-20 00:58:12.787  1929  1929 I NormalModeController: NormalModeController.getKeyboardBodyViewHolderPaddingBottom():109 currentPrimeKeyboardType:SOFT systemPaddingBottom:-1
10-20 00:58:12.787  1929  1929 I AndroidIME: KeyboardViewManager.updateKeyboardBodyViewHolderPaddingBottom():513 Set finalPaddingBottom = 0 while keyboardBottomGapFromScreen = 0; navigationHeight = 126
10-20 00:58:12.788  1929  1929 I NormalModeController: NormalModeController.getKeyboardBodyViewHolderPaddingBottom():109 currentPrimeKeyboardType:SOFT systemPaddingBottom:-1
10-20 00:58:12.789  1929  1929 I AndroidIME: KeyboardViewManager.updateKeyboardBodyViewHolderPaddingBottom():513 Set finalPaddingBottom = 0 while keyboardBottomGapFromScreen = 0; navigationHeight = 126
10-20 00:58:12.794  1929  1929 I ProactiveSuggestionsHolderManager: ProactiveSuggestionsHolderManager$3.display():213 Requesting to show proactive suggestions: CLIPBOARD PREEMPTIVE_WITH_SUPPRESSION
10-20 00:58:12.797  1929  1929 I VoiceImeExtension: VoiceImeExtension.shouldStartVoiceInputAutomatically():354 No private IME option set to start voice input.
10-20 00:58:12.806  7442  7442 D BoundBrokerSvc: onBind: Intent { act=com.google.android.gms.common.BIND_SHARED_PREFS pkg=com.google.android.gms }
10-20 00:58:12.807  7442  7442 D BoundBrokerSvc: Loading bound service for intent: Intent { act=com.google.android.gms.common.BIND_SHARED_PREFS pkg=com.google.android.gms }
10-20 00:58:12.811  7442  7442 D BoundBrokerSvc: onUnbind: Intent { act=com.google.android.gms.common.BIND_SHARED_PREFS pkg=com.google.android.gms }
10-20 00:58:12.819   372 13548 D goldfish-address-space: claimShared: Ask to claim region [0x3e9a1c000 0x3ea3bd000]
10-20 00:58:12.819  1929  1929 I NormalModeController: NormalModeController.getKeyboardBodyViewHolderPaddingBottom():109 currentPrimeKeyboardType:SOFT systemPaddingBottom:-1
10-20 00:58:12.825  1929  2492 I Delight5Decoder: Delight5DecoderWrapper.setKeyboardLayout():434 setKeyboardLayout()
10-20 00:58:12.834  1186  1256 D EGL_emulation: app_time_stats: avg=133.23ms min=12.84ms max=1068.83ms count=9
10-20 00:58:12.846   372 13548 D goldfish-address-space: claimShared: Ask to claim region [0x3e8000000 0x3e89a1000]
10-20 00:58:12.852  1545  1545 D InsetsController: show(ime(), fromIme=true)
10-20 00:58:12.880  7442  7442 D BoundBrokerSvc: onBind: Intent { act=com.google.android.gms.common.BIND_SHARED_PREFS pkg=com.google.android.gms }
10-20 00:58:12.882  7442  7442 D BoundBrokerSvc: Loading bound service for intent: Intent { act=com.google.android.gms.common.BIND_SHARED_PREFS pkg=com.google.android.gms }
10-20 00:58:12.887   372 13548 D goldfish-address-space: claimShared: Ask to claim region [0x3e89a1000 0x3e9342000]
10-20 00:58:12.899  7442  7442 D BoundBrokerSvc: onUnbind: Intent { act=com.google.android.gms.common.BIND_SHARED_PREFS pkg=com.google.android.gms }
10-20 00:58:12.960  1545  1545 D UiControllerImpl: Injecting string: "AAAAAAAAAAAAAAAAAAAAAAAAAAAAAA"
10-20 00:58:13.065  1929  1929 W InputContextProxy: InputContextProxy.applyClientDiffInternal():892 Ignore [FetchSuggestions] diff due to stale request: 12365<12366, inputStateId=11796, lastInputStateId=11795
10-20 00:58:13.109  1929  1929 W InputContextProxy: InputContextProxy.applyClientDiffInternal():892 Ignore [FetchSuggestions] diff due to stale request: 12366<12368, inputStateId=11797, lastInputStateId=11798
10-20 00:58:13.132  1929  1929 I InlineSuggestionCandidateViewController: InlineSuggestionCandidateViewController.textCandidatesUpdated():621 Not showing inline suggestion tooltip v2; has candidates
10-20 00:58:13.134  1929  1929 I KeyboardViewController: KeyboardViewController.lambda$showSelfAndAncestors$6():594 current view doesn't has the priority com.google.android.apps.inputmethod.latin.keyboard.widget.LatinFixedCountCandidatesHolderView{1ea64fd I.E...... ......ID 95,0-975,116 #7f0b145f app:id/softkey_holder_fixed_candidates} to show itself, PREEMPTIVE
10-20 00:58:13.156  1929  1929 I InlineSuggestionCandidateViewController: InlineSuggestionCandidateViewController.textCandidatesUpdated():621 Not showing inline suggestion tooltip v2; has candidates
10-20 00:58:13.159  1929  1929 I KeyboardViewController: KeyboardViewController.lambda$showSelfAndAncestors$6():594 current view doesn't has the priority com.google.android.apps.inputmethod.latin.keyboard.widget.LatinFixedCountCandidatesHolderView{1ea64fd I.E...... ......ID 95,0-975,116 #7f0b145f app:id/softkey_holder_fixed_candidates} to show itself, PREEMPTIVE
10-20 00:58:13.189  1929  1929 I InlineSuggestionCandidateViewController: InlineSuggestionCandidateViewController.textCandidatesUpdated():621 Not showing inline suggestion tooltip v2; has candidates
10-20 00:58:13.191  1929  1929 I KeyboardViewController: KeyboardViewController.lambda$showSelfAndAncestors$6():594 current view doesn't has the priority com.google.android.apps.inputmethod.latin.keyboard.widget.LatinFixedCountCandidatesHolderView{1ea64fd I.E...... ......ID 95,0-975,116 #7f0b145f app:id/softkey_holder_fixed_candidates} to show itself, PREEMPTIVE
10-20 00:58:13.225  1929  1929 I InlineSuggestionCandidateViewController: InlineSuggestionCandidateViewController.textCandidatesUpdated():621 Not showing inline suggestion tooltip v2; has candidates
10-20 00:58:13.229  1929  1929 I KeyboardViewController: KeyboardViewController.lambda$showSelfAndAncestors$6():594 current view doesn't has the priority com.google.android.apps.inputmethod.latin.keyboard.widget.LatinFixedCountCandidatesHolderView{1ea64fd I.E...... ......ID 95,0-975,116 #7f0b145f app:id/softkey_holder_fixed_candidates} to show itself, PREEMPTIVE
10-20 00:58:13.288  1929  1929 I InlineSuggestionCandidateViewController: InlineSuggestionCandidateViewController.textCandidatesUpdated():621 Not showing inline suggestion tooltip v2; has candidates
10-20 00:58:13.289  1929  1929 I KeyboardViewController: KeyboardViewController.lambda$showSelfAndAncestors$6():594 current view doesn't has the priority com.google.android.apps.inputmethod.latin.keyboard.widget.LatinFixedCountCandidatesHolderView{1ea64fd I.E...... ......ID 95,0-975,116 #7f0b145f app:id/softkey_holder_fixed_candidates} to show itself, PREEMPTIVE
10-20 00:58:13.306  1929  1929 I InlineSuggestionCandidateViewController: InlineSuggestionCandidateViewController.textCandidatesUpdated():621 Not showing inline suggestion tooltip v2; has candidates
10-20 00:58:13.307  1929  1929 I KeyboardViewController: KeyboardViewController.lambda$showSelfAndAncestors$6():594 current view doesn't has the priority com.google.android.apps.inputmethod.latin.keyboard.widget.LatinFixedCountCandidatesHolderView{1ea64fd I.E...... ......ID 95,0-975,116 #7f0b145f app:id/softkey_holder_fixed_candidates} to show itself, PREEMPTIVE
10-20 00:58:13.376  1929  1929 W InputContextProxy: InputContextProxy.applyClientDiffInternal():892 Ignore [FetchSuggestions] diff due to stale request: 12377<12378, inputStateId=11808, lastInputStateId=11807
10-20 00:58:13.378  1929  1929 I InlineSuggestionCandidateViewController: InlineSuggestionCandidateViewController.textCandidatesUpdated():621 Not showing inline suggestion tooltip v2; has candidates
10-20 00:58:13.380  1929  1929 I KeyboardViewController: KeyboardViewController.lambda$showSelfAndAncestors$6():594 current view doesn't has the priority com.google.android.apps.inputmethod.latin.keyboard.widget.LatinFixedCountCandidatesHolderView{1ea64fd I.E...... ......ID 95,0-975,116 #7f0b145f app:id/softkey_holder_fixed_candidates} to show itself, PREEMPTIVE
10-20 00:58:13.439  1929  1929 W InputContextProxy: InputContextProxy.applyClientDiffInternal():892 Ignore [FetchSuggestions] diff due to stale request: 12380<12381, inputStateId=11811, lastInputStateId=11810
10-20 00:58:13.440  1929  1929 I InlineSuggestionCandidateViewController: InlineSuggestionCandidateViewController.textCandidatesUpdated():621 Not showing inline suggestion tooltip v2; has candidates
10-20 00:58:13.442  1929  1929 I KeyboardViewController: KeyboardViewController.lambda$showSelfAndAncestors$6():594 current view doesn't has the priority com.google.android.apps.inputmethod.latin.keyboard.widget.LatinFixedCountCandidatesHolderView{1ea64fd I.E...... ......ID 95,0-975,116 #7f0b145f app:id/softkey_holder_fixed_candidates} to show itself, PREEMPTIVE
10-20 00:58:13.508  1929  1929 W InputContextProxy: InputContextProxy.applyClientDiffInternal():892 Ignore [FetchSuggestions] diff due to stale request: 12383<12384, inputStateId=11814, lastInputStateId=11813
10-20 00:58:13.510  1929  1929 I InlineSuggestionCandidateViewController: InlineSuggestionCandidateViewController.textCandidatesUpdated():621 Not showing inline suggestion tooltip v2; has candidates
10-20 00:58:13.515  1929  1929 I KeyboardViewController: KeyboardViewController.lambda$showSelfAndAncestors$6():594 current view doesn't has the priority com.google.android.apps.inputmethod.latin.keyboard.widget.LatinFixedCountCandidatesHolderView{1ea64fd I.E...... ......ID 95,0-975,116 #7f0b145f app:id/softkey_holder_fixed_candidates} to show itself, PREEMPTIVE
10-20 00:58:13.592  1929  1929 W InputContextProxy: InputContextProxy.applyClientDiffInternal():892 Ignore [FetchSuggestions] diff due to stale request: 12386<12387, inputStateId=11817, lastInputStateId=11816
10-20 00:58:13.594  1929  1929 I InlineSuggestionCandidateViewController: InlineSuggestionCandidateViewController.textCandidatesUpdated():621 Not showing inline suggestion tooltip v2; has candidates
10-20 00:58:13.595  1929  1929 I KeyboardViewController: KeyboardViewController.lambda$showSelfAndAncestors$6():594 current view doesn't has the priority com.google.android.apps.inputmethod.latin.keyboard.widget.LatinFixedCountCandidatesHolderView{1ea64fd I.E...... ......ID 95,0-975,116 #7f0b145f app:id/softkey_holder_fixed_candidates} to show itself, PREEMPTIVE
10-20 00:58:13.658  1929  1929 W InputContextProxy: InputContextProxy.applyClientDiffInternal():892 Ignore [FetchSuggestions] diff due to stale request: 12389<12390, inputStateId=11820, lastInputStateId=11819
10-20 00:58:13.659  1929  1929 I InlineSuggestionCandidateViewController: InlineSuggestionCandidateViewController.textCandidatesUpdated():621 Not showing inline suggestion tooltip v2; has candidates
10-20 00:58:13.661  1929  1929 I KeyboardViewController: KeyboardViewController.lambda$showSelfAndAncestors$6():594 current view doesn't has the priority com.google.android.apps.inputmethod.latin.keyboard.widget.LatinFixedCountCandidatesHolderView{1ea64fd I.E...... ......ID 95,0-975,116 #7f0b145f app:id/softkey_holder_fixed_candidates} to show itself, PREEMPTIVE
10-20 00:58:13.677  1545  1579 D EGL_emulation: app_time_stats: avg=23.65ms min=7.88ms max=228.57ms count=40
10-20 00:58:13.722  1929  1929 W InputContextProxy: InputContextProxy.applyClientDiffInternal():892 Ignore [FetchSuggestions] diff due to stale request: 12392<12393, inputStateId=11823, lastInputStateId=11822
10-20 00:58:13.723  1929  1929 I InlineSuggestionCandidateViewController: InlineSuggestionCandidateViewController.textCandidatesUpdated():621 Not showing inline suggestion tooltip v2; has candidates
10-20 00:58:13.725  1929  1929 I KeyboardViewController: KeyboardViewController.lambda$showSelfAndAncestors$6():594 current view doesn't has the priority com.google.android.apps.inputmethod.latin.keyboard.widget.LatinFixedCountCandidatesHolderView{1ea64fd I.E...... ......ID 95,0-975,116 #7f0b145f app:id/softkey_holder_fixed_candidates} to show itself, PREEMPTIVE
10-20 00:58:13.784  1929  1929 I InlineSuggestionCandidateViewController: InlineSuggestionCandidateViewController.textCandidatesUpdated():621 Not showing inline suggestion tooltip v2; has candidates
10-20 00:58:13.785  1929  1929 I KeyboardViewController: KeyboardViewController.lambda$showSelfAndAncestors$6():594 current view doesn't has the priority com.google.android.apps.inputmethod.latin.keyboard.widget.LatinFixedCountCandidatesHolderView{1ea64fd I.E...... ......ID 95,0-975,116 #7f0b145f app:id/softkey_holder_fixed_candidates} to show itself, PREEMPTIVE
10-20 00:58:13.810  1929  1929 I InlineSuggestionCandidateViewController: InlineSuggestionCandidateViewController.textCandidatesUpdated():621 Not showing inline suggestion tooltip v2; has candidates
10-20 00:58:13.811  1929  1929 I KeyboardViewController: KeyboardViewController.lambda$showSelfAndAncestors$6():594 current view doesn't has the priority com.google.android.apps.inputmethod.latin.keyboard.widget.LatinFixedCountCandidatesHolderView{1ea64fd I.E...... ......ID 95,0-975,116 #7f0b145f app:id/softkey_holder_fixed_candidates} to show itself, PREEMPTIVE
10-20 00:58:13.860  1929  1929 I InlineSuggestionCandidateViewController: InlineSuggestionCandidateViewController.textCandidatesUpdated():621 Not showing inline suggestion tooltip v2; has candidates
10-20 00:58:13.861  1929  1929 I KeyboardViewController: KeyboardViewController.lambda$showSelfAndAncestors$6():594 current view doesn't has the priority com.google.android.apps.inputmethod.latin.keyboard.widget.LatinFixedCountCandidatesHolderView{1ea64fd I.E...... ......ID 95,0-975,116 #7f0b145f app:id/softkey_holder_fixed_candidates} to show itself, PREEMPTIVE
10-20 00:58:13.894  1929  1929 I InlineSuggestionCandidateViewController: InlineSuggestionCandidateViewController.textCandidatesUpdated():621 Not showing inline suggestion tooltip v2; has candidates
10-20 00:58:13.895  1929  1929 I KeyboardViewController: KeyboardViewController.lambda$showSelfAndAncestors$6():594 current view doesn't has the priority com.google.android.apps.inputmethod.latin.keyboard.widget.LatinFixedCountCandidatesHolderView{1ea64fd I.E...... ......ID 95,0-975,116 #7f0b145f app:id/softkey_holder_fixed_candidates} to show itself, PREEMPTIVE
10-20 00:58:13.901  1929  2403 D EGL_emulation: app_time_stats: avg=32.41ms min=3.67ms max=59.63ms count=31
10-20 00:58:13.956  1929  1929 W InputContextProxy: InputContextProxy.applyClientDiffInternal():892 Ignore [FetchSuggestions] diff due to stale request: 12401<12402, inputStateId=11832, lastInputStateId=11831
10-20 00:58:13.957  1929  1929 I InlineSuggestionCandidateViewController: InlineSuggestionCandidateViewController.textCandidatesUpdated():621 Not showing inline suggestion tooltip v2; has candidates
10-20 00:58:13.958  1929  1929 I KeyboardViewController: KeyboardViewController.lambda$showSelfAndAncestors$6():594 current view doesn't has the priority com.google.android.apps.inputmethod.latin.keyboard.widget.LatinFixedCountCandidatesHolderView{1ea64fd I.E...... ......ID 95,0-975,116 #7f0b145f app:id/softkey_holder_fixed_candidates} to show itself, PREEMPTIVE
10-20 00:58:14.014  1929  1929 I InlineSuggestionCandidateViewController: InlineSuggestionCandidateViewController.textCandidatesUpdated():621 Not showing inline suggestion tooltip v2; has candidates
10-20 00:58:14.015  1929  1929 I KeyboardViewController: KeyboardViewController.lambda$showSelfAndAncestors$6():594 current view doesn't has the priority com.google.android.apps.inputmethod.latin.keyboard.widget.LatinFixedCountCandidatesHolderView{1ea64fd I.E...... ......ID 95,0-975,116 #7f0b145f app:id/softkey_holder_fixed_candidates} to show itself, PREEMPTIVE
10-20 00:58:14.039  1929  1929 I InlineSuggestionCandidateViewController: InlineSuggestionCandidateViewController.textCandidatesUpdated():621 Not showing inline suggestion tooltip v2; has candidates
10-20 00:58:14.042  1929  1929 I KeyboardViewController: KeyboardViewController.lambda$showSelfAndAncestors$6():594 current view doesn't has the priority com.google.android.apps.inputmethod.latin.keyboard.widget.LatinFixedCountCandidatesHolderView{1ea64fd I.E...... ......ID 95,0-975,116 #7f0b145f app:id/softkey_holder_fixed_candidates} to show itself, PREEMPTIVE
10-20 00:58:14.106  1929  1929 W InputContextProxy: InputContextProxy.applyClientDiffInternal():892 Ignore [FetchSuggestions] diff due to stale request: 12407<12408, inputStateId=11838, lastInputStateId=11837
10-20 00:58:14.107  1929  1929 I InlineSuggestionCandidateViewController: InlineSuggestionCandidateViewController.textCandidatesUpdated():621 Not showing inline suggestion tooltip v2; has candidates
10-20 00:58:14.111  1929  1929 I KeyboardViewController: KeyboardViewController.lambda$showSelfAndAncestors$6():594 current view doesn't has the priority com.google.android.apps.inputmethod.latin.keyboard.widget.LatinFixedCountCandidatesHolderView{1ea64fd I.E...... ......ID 95,0-975,116 #7f0b145f app:id/softkey_holder_fixed_candidates} to show itself, PREEMPTIVE
10-20 00:58:14.160  1929  1929 I InlineSuggestionCandidateViewController: InlineSuggestionCandidateViewController.textCandidatesUpdated():621 Not showing inline suggestion tooltip v2; has candidates
10-20 00:58:14.163  1929  1929 I KeyboardViewController: KeyboardViewController.lambda$showSelfAndAncestors$6():594 current view doesn't has the priority com.google.android.apps.inputmethod.latin.keyboard.widget.LatinFixedCountCandidatesHolderView{1ea64fd I.E...... ......ID 95,0-975,116 #7f0b145f app:id/softkey_holder_fixed_candidates} to show itself, PREEMPTIVE
10-20 00:58:14.177  1929  1929 I InlineSuggestionCandidateViewController: InlineSuggestionCandidateViewController.textCandidatesUpdated():621 Not showing inline suggestion tooltip v2; has candidates
10-20 00:58:14.178  1929  1929 I KeyboardViewController: KeyboardViewController.lambda$showSelfAndAncestors$6():594 current view doesn't has the priority com.google.android.apps.inputmethod.latin.keyboard.widget.LatinFixedCountCandidatesHolderView{1ea64fd I.E...... ......ID 95,0-975,116 #7f0b145f app:id/softkey_holder_fixed_candidates} to show itself, PREEMPTIVE
10-20 00:58:14.244  1929  1929 W InputContextProxy: InputContextProxy.applyClientDiffInternal():892 Ignore [FetchSuggestions] diff due to stale request: 12413<12414, inputStateId=11844, lastInputStateId=11843
10-20 00:58:14.246  1929  1929 I InlineSuggestionCandidateViewController: InlineSuggestionCandidateViewController.textCandidatesUpdated():621 Not showing inline suggestion tooltip v2; has candidates
10-20 00:58:14.248  1929  1929 I KeyboardViewController: KeyboardViewController.lambda$showSelfAndAncestors$6():594 current view doesn't has the priority com.google.android.apps.inputmethod.latin.keyboard.widget.LatinFixedCountCandidatesHolderView{1ea64fd I.E...... ......ID 95,0-975,116 #7f0b145f app:id/softkey_holder_fixed_candidates} to show itself, PREEMPTIVE
10-20 00:58:14.329  1929  1929 W InputContextProxy: InputContextProxy.applyClientDiffInternal():892 Ignore [FetchSuggestions] diff due to stale request: 12416<12417, inputStateId=11847, lastInputStateId=11846
10-20 00:58:14.330  1929  1929 I InlineSuggestionCandidateViewController: InlineSuggestionCandidateViewController.textCandidatesUpdated():621 Not showing inline suggestion tooltip v2; has candidates
10-20 00:58:14.332  1929  1929 I KeyboardViewController: KeyboardViewController.lambda$showSelfAndAncestors$6():594 current view doesn't has the priority com.google.android.apps.inputmethod.latin.keyboard.widget.LatinFixedCountCandidatesHolderView{1ea64fd I.E...... ......ID 95,0-975,116 #7f0b145f app:id/softkey_holder_fixed_candidates} to show itself, PREEMPTIVE
10-20 00:58:14.389  1929  1929 W InputContextProxy: InputContextProxy.applyClientDiffInternal():892 Ignore [FetchSuggestions] diff due to stale request: 12419<12420, inputStateId=11850, lastInputStateId=11849
10-20 00:58:14.390  1929  1929 I InlineSuggestionCandidateViewController: InlineSuggestionCandidateViewController.textCandidatesUpdated():621 Not showing inline suggestion tooltip v2; has candidates
10-20 00:58:14.395  1929  1929 I KeyboardViewController: KeyboardViewController.lambda$showSelfAndAncestors$6():594 current view doesn't has the priority com.google.android.apps.inputmethod.latin.keyboard.widget.LatinFixedCountCandidatesHolderView{1ea64fd I.E...... ......ID 95,0-975,116 #7f0b145f app:id/softkey_holder_fixed_candidates} to show itself, PREEMPTIVE
10-20 00:58:14.476  1929  1929 W InputContextProxy: InputContextProxy.applyClientDiffInternal():892 Ignore [FetchSuggestions] diff due to stale request: 12422<12423, inputStateId=11853, lastInputStateId=11852
10-20 00:58:14.479  1929  1929 I InlineSuggestionCandidateViewController: InlineSuggestionCandidateViewController.textCandidatesUpdated():621 Not showing inline suggestion tooltip v2; has candidates
10-20 00:58:14.482  1929  1929 I KeyboardViewController: KeyboardViewController.lambda$showSelfAndAncestors$6():594 current view doesn't has the priority com.google.android.apps.inputmethod.latin.keyboard.widget.LatinFixedCountCandidatesHolderView{1ea64fd I.E...... ......ID 95,0-975,116 #7f0b145f app:id/softkey_holder_fixed_candidates} to show itself, PREEMPTIVE
10-20 00:58:14.556  1929  1929 W InputContextProxy: InputContextProxy.applyClientDiffInternal():892 Ignore [FetchSuggestions] diff due to stale request: 12425<12426, inputStateId=11856, lastInputStateId=11855
10-20 00:58:14.557  1929  1929 I InlineSuggestionCandidateViewController: InlineSuggestionCandidateViewController.textCandidatesUpdated():621 Not showing inline suggestion tooltip v2; has candidates
10-20 00:58:14.560  1929  1929 I KeyboardViewController: KeyboardViewController.lambda$showSelfAndAncestors$6():594 current view doesn't has the priority com.google.android.apps.inputmethod.latin.keyboard.widget.LatinFixedCountCandidatesHolderView{1ea64fd I.E...... ......ID 95,0-975,116 #7f0b145f app:id/softkey_holder_fixed_candidates} to show itself, PREEMPTIVE
10-20 00:58:14.644  1929  1929 W InputContextProxy: InputContextProxy.applyClientDiffInternal():892 Ignore [FetchSuggestions] diff due to stale request: 12428<12429, inputStateId=11859, lastInputStateId=11858
10-20 00:58:14.646  1929  1929 I InlineSuggestionCandidateViewController: InlineSuggestionCandidateViewController.textCandidatesUpdated():621 Not showing inline suggestion tooltip v2; has candidates
10-20 00:58:14.651  1929  1929 I KeyboardViewController: KeyboardViewController.lambda$showSelfAndAncestors$6():594 current view doesn't has the priority com.google.android.apps.inputmethod.latin.keyboard.widget.LatinFixedCountCandidatesHolderView{1ea64fd I.E...... ......ID 95,0-975,116 #7f0b145f app:id/softkey_holder_fixed_candidates} to show itself, PREEMPTIVE
10-20 00:58:14.695  1545  1579 D EGL_emulation: app_time_stats: avg=18.95ms min=6.57ms max=36.88ms count=52
10-20 00:58:14.708  1929  1929 I InlineSuggestionCandidateViewController: InlineSuggestionCandidateViewController.textCandidatesUpdated():621 Not showing inline suggestion tooltip v2; has candidates
10-20 00:58:14.709  1929  1929 I KeyboardViewController: KeyboardViewController.lambda$showSelfAndAncestors$6():594 current view doesn't has the priority com.google.android.apps.inputmethod.latin.keyboard.widget.LatinFixedCountCandidatesHolderView{1ea64fd I.E...... ......ID 95,0-975,116 #7f0b145f app:id/softkey_holder_fixed_candidates} to show itself, PREEMPTIVE
10-20 00:58:14.729  1929  1929 I InlineSuggestionCandidateViewController: InlineSuggestionCandidateViewController.textCandidatesUpdated():621 Not showing inline suggestion tooltip v2; has candidates
10-20 00:58:14.731  1929  1929 I KeyboardViewController: KeyboardViewController.lambda$showSelfAndAncestors$6():594 current view doesn't has the priority com.google.android.apps.inputmethod.latin.keyboard.widget.LatinFixedCountCandidatesHolderView{1ea64fd I.E...... ......ID 95,0-975,116 #7f0b145f app:id/softkey_holder_fixed_candidates} to show itself, PREEMPTIVE
10-20 00:58:14.794  1929  1929 W InputContextProxy: InputContextProxy.applyClientDiffInternal():892 Ignore [FetchSuggestions] diff due to stale request: 12434<12435, inputStateId=11865, lastInputStateId=11864
10-20 00:58:14.796  1929  1929 I InlineSuggestionCandidateViewController: InlineSuggestionCandidateViewController.textCandidatesUpdated():621 Not showing inline suggestion tooltip v2; has candidates
10-20 00:58:14.798  1929  1929 I KeyboardViewController: KeyboardViewController.lambda$showSelfAndAncestors$6():594 current view doesn't has the priority com.google.android.apps.inputmethod.latin.keyboard.widget.LatinFixedCountCandidatesHolderView{1ea64fd I.E...... ......ID 95,0-975,116 #7f0b145f app:id/softkey_holder_fixed_candidates} to show itself, PREEMPTIVE
10-20 00:58:14.861  1929  1929 W InputContextProxy: InputContextProxy.applyClientDiffInternal():892 Ignore [FetchSuggestions] diff due to stale request: 12437<12438, inputStateId=11868, lastInputStateId=11867
10-20 00:58:14.864  1929  1929 I InlineSuggestionCandidateViewController: InlineSuggestionCandidateViewController.textCandidatesUpdated():621 Not showing inline suggestion tooltip v2; has candidates
10-20 00:58:14.867  1929  1929 I KeyboardViewController: KeyboardViewController.lambda$showSelfAndAncestors$6():594 current view doesn't has the priority com.google.android.apps.inputmethod.latin.keyboard.widget.LatinFixedCountCandidatesHolderView{1ea64fd I.E...... ......ID 95,0-975,116 #7f0b145f app:id/softkey_holder_fixed_candidates} to show itself, PREEMPTIVE
10-20 00:58:14.915  1929  2403 D EGL_emulation: app_time_stats: avg=37.37ms min=21.40ms max=58.17ms count=27
10-20 00:58:14.944  1929  1929 W InputContextProxy: InputContextProxy.applyClientDiffInternal():892 Ignore [FetchSuggestions] diff due to stale request: 12440<12441, inputStateId=11871, lastInputStateId=11870
10-20 00:58:14.949  1929  1929 I InlineSuggestionCandidateViewController: InlineSuggestionCandidateViewController.textCandidatesUpdated():621 Not showing inline suggestion tooltip v2; has candidates
10-20 00:58:14.951  1929  1929 I KeyboardViewController: KeyboardViewController.lambda$showSelfAndAncestors$6():594 current view doesn't has the priority com.google.android.apps.inputmethod.latin.keyboard.widget.LatinFixedCountCandidatesHolderView{1ea64fd I.E...... ......ID 95,0-975,116 #7f0b145f app:id/softkey_holder_fixed_candidates} to show itself, PREEMPTIVE
10-20 00:58:15.027  1929  1929 W InputContextProxy: InputContextProxy.applyClientDiffInternal():892 Ignore [FetchSuggestions] diff due to stale request: 12443<12444, inputStateId=11874, lastInputStateId=11873
10-20 00:58:15.029  1929  1929 I InlineSuggestionCandidateViewController: InlineSuggestionCandidateViewController.textCandidatesUpdated():621 Not showing inline suggestion tooltip v2; has candidates
10-20 00:58:15.031  1929  1929 I KeyboardViewController: KeyboardViewController.lambda$showSelfAndAncestors$6():594 current view doesn't has the priority com.google.android.apps.inputmethod.latin.keyboard.widget.LatinFixedCountCandidatesHolderView{1ea64fd I.E...... ......ID 95,0-975,116 #7f0b145f app:id/softkey_holder_fixed_candidates} to show itself, PREEMPTIVE
10-20 00:58:15.089  1929  1929 W InputContextProxy: InputContextProxy.applyClientDiffInternal():892 Ignore [FetchSuggestions] diff due to stale request: 12446<12447, inputStateId=11877, lastInputStateId=11876
10-20 00:58:15.094  1929  1929 I InlineSuggestionCandidateViewController: InlineSuggestionCandidateViewController.textCandidatesUpdated():621 Not showing inline suggestion tooltip v2; has candidates
10-20 00:58:15.097  1929  1929 I KeyboardViewController: KeyboardViewController.lambda$showSelfAndAncestors$6():594 current view doesn't has the priority com.google.android.apps.inputmethod.latin.keyboard.widget.LatinFixedCountCandidatesHolderView{1ea64fd I.E...... ......ID 95,0-975,116 #7f0b145f app:id/softkey_holder_fixed_candidates} to show itself, PREEMPTIVE
10-20 00:58:15.178  1929  1929 W InputContextProxy: InputContextProxy.applyClientDiffInternal():892 Ignore [FetchSuggestions] diff due to stale request: 12449<12450, inputStateId=11880, lastInputStateId=11879
10-20 00:58:15.179  1929  1929 I InlineSuggestionCandidateViewController: InlineSuggestionCandidateViewController.textCandidatesUpdated():621 Not showing inline suggestion tooltip v2; has candidates
10-20 00:58:15.181  1929  1929 I KeyboardViewController: KeyboardViewController.lambda$showSelfAndAncestors$6():594 current view doesn't has the priority com.google.android.apps.inputmethod.latin.keyboard.widget.LatinFixedCountCandidatesHolderView{1ea64fd I.E...... ......ID 95,0-975,116 #7f0b145f app:id/softkey_holder_fixed_candidates} to show itself, PREEMPTIVE
10-20 00:58:15.234  1929  1929 I InlineSuggestionCandidateViewController: InlineSuggestionCandidateViewController.textCandidatesUpdated():621 Not showing inline suggestion tooltip v2; has candidates
10-20 00:58:15.235  1929  1929 I KeyboardViewController: KeyboardViewController.lambda$showSelfAndAncestors$6():594 current view doesn't has the priority com.google.android.apps.inputmethod.latin.keyboard.widget.LatinFixedCountCandidatesHolderView{1ea64fd I.E...... ......ID 95,0-975,116 #7f0b145f app:id/softkey_holder_fixed_candidates} to show itself, PREEMPTIVE
10-20 00:58:15.245  1545  1545 I ViewInteraction: Performing 'type text(aaaaaaaaaaaaaaaaaaaa@example.com)' action on view view.getId() is <2131296467/com.example.cocktailsdbapp:id/et_email_input>
10-20 00:58:15.293  1929  1929 I GoogleInputMethodService: GoogleInputMethodService.onFinishInputView():2365
10-20 00:58:15.296  1545  1545 D InputMethodManager: showSoftInput() view=androidx.appcompat.widget.AppCompatEditText{52234fa VFED..CL. .F.P..ID 119,418-959,526 #7f0900d3 app:id/et_email_input aid=1073741828} flags=0 reason=SHOW_SOFT_INPUT
10-20 00:58:15.300  1929  1929 I InlineSuggestionCandidateViewController: InlineSuggestionCandidateViewController.setInlineSuggestionCandidateImpl():1163 set  to inlineSuggestionTextView
10-20 00:58:15.302  1929  1929 I KeyboardWrapper: KeyboardWrapper.consumeEvent():287 Skip consuming an event as current keyboard is deactivated (state=0, keyboard existence=true)
10-20 00:58:15.302  1929  1929 I VoiceInputManagerWrapper: VoiceInputManagerWrapper.shutdown():76 shutdown()
10-20 00:58:15.305  1929  1929 I AndroidIME: AbstractIme.onDeactivate():207 LatinIme.onDeactivate()
10-20 00:58:15.306  1929  1929 I GoogleInputMethodService: GoogleInputMethodService.onFinishInput():3420
10-20 00:58:15.307  1929  1929 I GoogleInputMethodService: GoogleInputMethodService.onStartInput():2002
10-20 00:58:15.309  1929  1929 I DeviceUnlockedTag: DeviceUnlockedTag.notifyDeviceLockStatusChanged():31 Notify device unlocked.
10-20 00:58:15.311  1929  1929 I GoogleInputMethodService: GoogleInputMethodService.onStartInputView():2148
10-20 00:58:15.314  1929  1929 I DeviceUnlockedTag: DeviceUnlockedTag.notifyDeviceLockStatusChanged():31 Notify device unlocked.
10-20 00:58:15.315  1929  1929 I KeyboardViewUtil: KeyboardViewUtil.getKeyboardHeightRatio():166 systemKeyboardHeightRatio:1.000000; userKeyboardHeightRatio:1.000000.
10-20 00:58:15.316  1929  1929 I AndroidIME: AbstractIme.onActivate():86 LatinIme.onActivate() : EditorInfo = inputType=Email imeActionName=NEXT dump=[inputType=0x21 imeOptions=0xc000005 privateImeOptions=null actionLabel=null actionId=0 initialSelStart=0 initialSelEnd=0 initialCapsMode=0x0 hintText=email label=null packageName=com.example.cocktailsdbapp autofillId=1073741828 fieldId=2131296467 fieldName=null extras=Bundle[{android.support.text.emoji.emojiCompat_metadataVersion=8, android.support.text.emoji.emojiCompat_replaceAll=false}] hintLocales=null contentMimeTypes=null ], IncognitoMode = false, DeviceLocked = false
10-20 00:58:15.317  1929  1929 I Delight5Facilitator: Delight5Facilitator.initializeForIme():718 initializeForIme() : Locale = [en_US], layout = qwerty
10-20 00:58:15.318  1929  1929 I VoiceInputManagerWrapper: VoiceInputManagerWrapper.cancelShutdown():54 cancelShutdown()
10-20 00:58:15.318  1929  1929 I VoiceInputManagerWrapper: VoiceInputManagerWrapper.syncLanguagePacks():66 syncLanguagePacks()
10-20 00:58:15.319  1929 13454 I SpeechFactory: SpeechRecognitionFactory.maybeScheduleAutoPackDownloadForFallback():182 maybeScheduleAutoPackDownloadForFallback()
10-20 00:58:15.319  1929 13454 I FallbackOnDeviceRecognitionProvider: FallbackOnDeviceRecognitionProvider.maybeScheduleAutoPackDownload():194 maybeScheduleAutoPackDownload() for language tag en-US
10-20 00:58:15.319  1929  1929 I LatinIme: LatinIme.updateEnableInlineSuggestionsOnDecoderSideFlags():1293 inline flag updated to:false
10-20 00:58:15.335  1929  1929 I KeyboardWrapper: KeyboardWrapper.consumeEvent():287 Skip consuming an event as current keyboard is deactivated (state=0, keyboard existence=true)
10-20 00:58:15.347  1929  1929 I KeyboardViewUtil: KeyboardViewUtil.calculateMaxKeyboardBodyHeight():62 leave 354 height for app when screen height:2274, header height:116 and isFullscreenMode:false, so the max keyboard body height is:1804
10-20 00:58:15.352  1929  1929 I NormalModeController: NormalModeController.getKeyboardBodyViewHolderPaddingBottom():109 currentPrimeKeyboardType:SOFT systemPaddingBottom:-1
10-20 00:58:15.352  1929  1929 I KeyboardViewUtil: KeyboardViewUtil.calculateMaxKeyboardBodyHeight():62 leave 354 height for app when screen height:2274, header height:116 and isFullscreenMode:false, so the max keyboard body height is:1804
10-20 00:58:15.353  1929  2492 I Delight5Decoder: Delight5DecoderWrapper.setKeyboardLayout():434 setKeyboardLayout()
10-20 00:58:15.357  1929  1929 I NormalModeController: NormalModeController.getKeyboardBodyViewHolderPaddingBottom():109 currentPrimeKeyboardType:SOFT systemPaddingBottom:-1
10-20 00:58:15.358  1929  1929 I AndroidIME: KeyboardViewManager.updateKeyboardBodyViewHolderPaddingBottom():513 Set finalPaddingBottom = 0 while keyboardBottomGapFromScreen = 0; navigationHeight = 126
10-20 00:58:15.358  1929  1929 I NormalModeController: NormalModeController.getKeyboardBodyViewHolderPaddingBottom():109 currentPrimeKeyboardType:SOFT systemPaddingBottom:-1
10-20 00:58:15.360  1929  1929 I AndroidIME: KeyboardViewManager.updateKeyboardBodyViewHolderPaddingBottom():513 Set finalPaddingBottom = 0 while keyboardBottomGapFromScreen = 0; navigationHeight = 126
10-20 00:58:15.360   353   407 I netd    : trafficSwapActiveStatsMap() <24.52ms>
10-20 00:58:15.363  1929  1929 I ProactiveSuggestionsHolderManager: ProactiveSuggestionsHolderManager$3.display():213 Requesting to show proactive suggestions: CLIPBOARD PREEMPTIVE_WITH_SUPPRESSION
10-20 00:58:15.365  1929  1929 I CurrentMicStatusHolder: CurrentMicStatusHolder.onStartInputView():79 Current Mic status = {MicIconHidden-EmailInputType,}
10-20 00:58:15.365   353   407 I netd    : tetherGetStats() -> {[]} <2.76ms>
10-20 00:58:15.365  1929  1929 I VoiceImeExtension: VoiceImeExtension.shouldStartVoiceInputAutomatically():354 No private IME option set to start voice input.
10-20 00:58:15.367  1545  1545 D InsetsController: show(ime(), fromIme=true)
10-20 00:58:15.372  1545  1545 D InsetsController: show(ime(), fromIme=true)
10-20 00:58:15.373   353   407 I netd    : bandwidthSetGlobalAlert(2097152) <0.21ms>
10-20 00:58:15.382   353   407 I netd    : bandwidthRemoveInterfaceQuota(eth0) <1.66ms>
10-20 00:58:15.385  7442  7442 D BoundBrokerSvc: onBind: Intent { act=com.google.android.gms.common.BIND_SHARED_PREFS pkg=com.google.android.gms }
10-20 00:58:15.385  7442  7442 D BoundBrokerSvc: Loading bound service for intent: Intent { act=com.google.android.gms.common.BIND_SHARED_PREFS pkg=com.google.android.gms }
10-20 00:58:15.387   353   407 I netd    : bandwidthSetInterfaceQuota(eth0, 9223372036854775807) <4.65ms>
10-20 00:58:15.395  7442  7442 D BoundBrokerSvc: onUnbind: Intent { act=com.google.android.gms.common.BIND_SHARED_PREFS pkg=com.google.android.gms }
10-20 00:58:15.404  7442  7442 D BoundBrokerSvc: onBind: Intent { act=com.google.android.gms.common.BIND_SHARED_PREFS pkg=com.google.android.gms }
10-20 00:58:15.404  7442  7442 D BoundBrokerSvc: Loading bound service for intent: Intent { act=com.google.android.gms.common.BIND_SHARED_PREFS pkg=com.google.android.gms }
10-20 00:58:15.415  7442  7442 D BoundBrokerSvc: onUnbind: Intent { act=com.google.android.gms.common.BIND_SHARED_PREFS pkg=com.google.android.gms }
10-20 00:58:15.425   582  2310 D WifiNl80211Manager: Scan result ready event
10-20 00:58:15.426   582  2310 D WifiNative: Scan result ready event
10-20 00:58:15.446   353   407 I netd    : trafficSwapActiveStatsMap() <22.77ms>
10-20 00:58:15.450   353   407 I netd    : tetherGetStats() -> {[]} <1.24ms>
10-20 00:58:15.463   353   407 I netd    : bandwidthRemoveInterfaceQuota(eth0) <2.40ms>
10-20 00:58:15.467   353   407 I netd    : bandwidthSetInterfaceQuota(eth0, 9223372036854775807) <2.94ms>
10-20 00:58:15.540  1545  1545 D UiControllerImpl: Injecting string: "aaaaaaaaaaaaaaaaaaaa@example.com"
10-20 00:58:15.584   372 13548 D goldfish-address-space: claimShared: Ask to claim region [0x3ebc1d000 0x3ebc6a000]
10-20 00:58:15.588   372 13548 D goldfish-address-space: claimShared: Ask to claim region [0x3ebc6a000 0x3ebcb7000]
10-20 00:58:15.593   372 13548 D goldfish-address-space: claimShared: Ask to claim region [0x3ebcb7000 0x3ebd04000]
10-20 00:58:15.655  1929  2492 I native  : I1020 00:58:15.655235    2492 input-context-store.cc:238] Ignoring stale client request for FetchSuggestions
10-20 00:58:15.660  1929  2492 I native  : I1020 00:58:15.660715    2492 input-context-store.cc:161] Ignoring stale client request for OverrideDecodedCandidates
10-20 00:58:15.664  1929  1929 W InputContextProxy: InputContextProxy.applyClientDiffInternal():892 Ignore [FetchSuggestions] diff due to stale request: 12457<12461, inputStateId=0, lastInputStateId=11890
10-20 00:58:15.675   582  2255 W InputManager-JNI: Input channel object '47c6e8b PopupWindow:ae4b2ca (client)' was disposed without first being removed with the input manager!
10-20 00:58:15.676  1929  2492 I native  : I1020 00:58:15.676148    2492 input-context-store.cc:238] Ignoring stale client request for FetchSuggestions
10-20 00:58:15.677  1929  1929 W InputContextProxy: InputContextProxy.applyClientDiffInternal():892 Ignore [FetchSuggestions] diff due to stale request: 12460<12462, inputStateId=11890, lastInputStateId=11890
10-20 00:58:15.680  1929  1929 I InlineSuggestionCandidateViewController: InlineSuggestionCandidateViewController.textCandidatesUpdated():621 Not showing inline suggestion tooltip v2; has candidates
10-20 00:58:15.681  1929  1929 I KeyboardViewController: KeyboardViewController.lambda$showSelfAndAncestors$6():594 current view doesn't has the priority com.google.android.apps.inputmethod.latin.keyboard.widget.LatinFixedCountCandidatesHolderView{1ea64fd I.E...... ......ID 95,0-975,116 #7f0b145f app:id/softkey_holder_fixed_candidates} to show itself, PREEMPTIVE
10-20 00:58:15.698  1545  1579 D EGL_emulation: app_time_stats: avg=28.77ms min=8.18ms max=248.21ms count=34
10-20 00:58:15.752  1929  2492 I native  : I1020 00:58:15.752170    2492 input-context-store.cc:238] Ignoring stale client request for FetchSuggestions
10-20 00:58:15.755  1929  1929 W InputContextProxy: InputContextProxy.applyClientDiffInternal():892 Ignore [FetchSuggestions] diff due to stale request: 12464<12465, inputStateId=11893, lastInputStateId=11893
10-20 00:58:15.806  1929  1929 W InputContextProxy: InputContextProxy.applyClientDiffInternal():892 Ignore [FetchSuggestions] diff due to stale request: 12466<12467, inputStateId=11894, lastInputStateId=11895
10-20 00:58:15.843  1929  1929 I InlineSuggestionCandidateViewController: InlineSuggestionCandidateViewController.textCandidatesUpdated():621 Not showing inline suggestion tooltip v2; has candidates
10-20 00:58:15.844  1929  1929 I KeyboardViewController: KeyboardViewController.lambda$showSelfAndAncestors$6():594 current view doesn't has the priority com.google.android.apps.inputmethod.latin.keyboard.widget.LatinFixedCountCandidatesHolderView{1ea64fd I.E...... ......ID 95,0-975,116 #7f0b145f app:id/softkey_holder_fixed_candidates} to show itself, PREEMPTIVE
10-20 00:58:15.893  1929  2492 E InputContextLock: InputContextLock.maybeTrackAcquireLockTime():63 Acquire InputContextLock takes 4 ms, mainThreadForSure=false.
10-20 00:58:15.894  1929  1929 W InputContextProxy: InputContextProxy.applyClientDiffInternal():892 Ignore [FetchSuggestions] diff due to stale request: 12470<12472, inputStateId=11898, lastInputStateId=11899
10-20 00:58:15.928  1929  1929 I InlineSuggestionCandidateViewController: InlineSuggestionCandidateViewController.textCandidatesUpdated():621 Not showing inline suggestion tooltip v2; has candidates
10-20 00:58:15.930  1929  1929 I KeyboardViewController: KeyboardViewController.lambda$showSelfAndAncestors$6():594 current view doesn't has the priority com.google.android.apps.inputmethod.latin.keyboard.widget.LatinFixedCountCandidatesHolderView{1ea64fd I.E...... ......ID 95,0-975,116 #7f0b145f app:id/softkey_holder_fixed_candidates} to show itself, PREEMPTIVE
10-20 00:58:15.965  1929  1929 I InlineSuggestionCandidateViewController: InlineSuggestionCandidateViewController.textCandidatesUpdated():621 Not showing inline suggestion tooltip v2; has candidates
