10-22 00:13:02.211 21439 21456 I TestRunner: started: testRegistrationWithLongInputs(com.example.cocktailsdbapp.ui.authorization.RegistrationFragmentTest)
10-22 00:13:02.224 21439 21456 W Settings: Setting always_finish_activities has moved from android.provider.Settings.System to android.provider.Settings.Global, returning read-only value.
10-22 00:13:02.241   774   863 D SplashScreenView: Build android.window.SplashScreenView{7490909 V.E...... ......ID 0,0-0,0}
10-22 00:13:02.241   774   863 D SplashScreenView: Icon: view: null drawable: null size: 0
10-22 00:13:02.241   774   863 D SplashScreenView: Branding: view: android.view.View{cfc70e G.ED..... ......I. 0,0-0,0 #10204a6 android:id/splashscreen_branding_view} drawable: null size w: 0 h: 0
10-22 00:13:02.281   361   403 D goldfish-address-space: claimShared: Ask to claim region [0x3ee337000 0x3eed1b000]
10-22 00:13:02.289   361   403 D goldfish-address-space: claimShared: Ask to claim region [0x3f354f000 0x3f3f33000]
10-22 00:13:02.291   361   403 D goldfish-address-space: claimShared: Ask to claim region [0x3f1d69000 0x3f274d000]
10-22 00:13:02.302 21439 21439 D LifecycleMonitor: Lifecycle status change: com.example.cocktailsdbapp.MainActivity@a218fc9 in: PRE_ON_CREATE
10-22 00:13:02.303 21439 21439 V ActivityScenario: Activity lifecycle changed event received but ignored because the reported transition was not ON_CREATE while the last known transition was PRE_ON_CREATE
10-22 00:13:02.369   774   875 D EGL_emulation: app_time_stats: avg=394.11ms min=9.40ms max=1925.40ms count=5
10-22 00:13:02.378  1506  1506 I GsaVoiceInteractionSrv: Handling ACTION_STOP_HOTWORD
10-22 00:13:02.380  1506  1506 E HwDetectorWithState: a: 3
10-22 00:13:02.395   774   875 D EGL_emulation: app_time_stats: avg=341.55ms min=14.70ms max=1947.69ms count=6
10-22 00:13:02.535 21439 21439 D LifecycleMonitor: Lifecycle status change: com.example.cocktailsdbapp.MainActivity@a218fc9 in: CREATED
10-22 00:13:02.536 21439 21439 V ActivityScenario: Update currentActivityStage to CREATED, currentActivity=com.example.cocktailsdbapp.MainActivity@a218fc9
10-22 00:13:02.550 21439 21439 D LifecycleMonitor: Lifecycle status change: com.example.cocktailsdbapp.MainActivity@a218fc9 in: STARTED
10-22 00:13:02.551 21439 21439 V ActivityScenario: Update currentActivityStage to STARTED, currentActivity=com.example.cocktailsdbapp.MainActivity@a218fc9
10-22 00:13:02.555 21439 21439 D LifecycleMonitor: Lifecycle status change: com.example.cocktailsdbapp.MainActivity@a218fc9 in: RESUMED
10-22 00:13:02.556 21439 21439 V ActivityScenario: Update currentActivityStage to RESUMED, currentActivity=com.example.cocktailsdbapp.MainActivity@a218fc9
10-22 00:13:02.606   361   403 D goldfish-address-space: claimShared: Ask to claim region [0x3f6790000 0x3f7174000]
10-22 00:13:02.616   361   403 D goldfish-address-space: claimShared: Ask to claim region [0x3fafa7000 0x3fb98b000]
10-22 00:13:02.621   361   403 D goldfish-address-space: claimShared: Ask to claim region [0x3f8000000 0x3f89e4000]
10-22 00:13:02.667  1718  1718 I A       : onApplyWindowInsets: systemWindowInsets=Insets{left=0, top=63, right=0, bottom=126}
10-22 00:13:02.667  1718  1718 I A       : onApplyWindowInsets: systemWindowInsets=Insets{left=0, top=63, right=0, bottom=126}
10-22 00:13:02.717   572   599 I ActivityTaskManager: Displayed com.example.cocktailsdbapp/.MainActivity: +475ms
10-22 00:13:02.850  1385  1385 I GoogleInputMethodService: GoogleInputMethodService.onFinishInput():3420
10-22 00:13:02.850  1385  1385 I GoogleInputMethodService: GoogleInputMethodService.onStartInput():2002
10-22 00:13:02.854  1385  1385 I DeviceUnlockedTag: DeviceUnlockedTag.notifyDeviceLockStatusChanged():31 Notify device unlocked.
10-22 00:13:02.940 21439 21439 I ViewInteraction: Performing 'single click' action on view view.getId() is <2131296379/com.example.cocktailsdbapp:id/bt_register>
10-22 00:13:03.131   572  1094 W InputManager-JNI: Input channel object '5b06b59 Splash Screen com.example.cocktailsdbapp (client)' was disposed without first being removed with the input manager!
10-22 00:13:03.407   774   875 D EGL_emulation: app_time_stats: avg=167.58ms min=8.96ms max=897.32ms count=6
10-22 00:13:03.419   774   875 D EGL_emulation: app_time_stats: avg=169.69ms min=15.88ms max=903.81ms count=6
10-22 00:13:04.420 21439 21439 I ViewInteraction: Performing 'type text(AAAAAAAAAAAAAAAAAAAAAAAAAAAAAA)' action on view view.getId() is <2131296469/com.example.cocktailsdbapp:id/et_name_input>
10-22 00:13:04.441 21439 21462 D EGL_emulation: app_time_stats: avg=135.91ms min=4.38ms max=1165.80ms count=12
10-22 00:13:04.476  1385  1385 I GoogleInputMethodService: GoogleInputMethodService.onFinishInput():3420
10-22 00:13:04.477 21439 21439 D InputMethodManager: showSoftInput() view=androidx.appcompat.widget.AppCompatEditText{cc6221d VFED..CL. .F.P..ID 119,284-959,392 #7f0900d5 app:id/et_name_input aid=1073741827} flags=0 reason=SHOW_SOFT_INPUT
10-22 00:13:04.477  1385  1385 W KeyboardViewController: KeyboardViewController.show():477 Requesting to show sub view with id 2131428268(#0x7f0b03ac) when keyboard HEADER view is not ready to show
10-22 00:13:04.482  1385  1385 I GoogleInputMethodService: GoogleInputMethodService.onStartInput():2002
10-22 00:13:04.483  1385  1385 I DeviceUnlockedTag: DeviceUnlockedTag.notifyDeviceLockStatusChanged():31 Notify device unlocked.
10-22 00:13:04.485  1385  1385 I GoogleInputMethodService: GoogleInputMethodService.onStartInputView():2148
10-22 00:13:04.485  1385  1385 I DeviceUnlockedTag: DeviceUnlockedTag.notifyDeviceLockStatusChanged():31 Notify device unlocked.
10-22 00:13:04.486  1385  1385 I KeyboardViewUtil: KeyboardViewUtil.getKeyboardHeightRatio():166 systemKeyboardHeightRatio:1.000000; userKeyboardHeightRatio:1.000000.
10-22 00:13:04.487  1385  1385 I AndroidIME: AbstractIme.onActivate():86 LatinIme.onActivate() : EditorInfo = inputType=Text imeActionName=NEXT dump=[inputType=0x61 imeOptions=0x8000005 privateImeOptions=null actionLabel=null actionId=0 initialSelStart=0 initialSelEnd=0 initialCapsMode=0x0 hintText=name label=null packageName=com.example.cocktailsdbapp autofillId=1073741827 fieldId=2131296469 fieldName=null extras=Bundle[{android.support.text.emoji.emojiCompat_metadataVersion=8, android.support.text.emoji.emojiCompat_replaceAll=false}] hintLocales=null contentMimeTypes=null ], IncognitoMode = false, DeviceLocked = false
10-22 00:13:04.488  1385  1385 I Delight5Facilitator: Delight5Facilitator.initializeForIme():718 initializeForIme() : Locale = [en_US], layout = qwerty
10-22 00:13:04.488  1385  1385 I VoiceInputManagerWrapper: VoiceInputManagerWrapper.cancelShutdown():54 cancelShutdown()
10-22 00:13:04.489  1385  1385 I VoiceInputManagerWrapper: VoiceInputManagerWrapper.syncLanguagePacks():66 syncLanguagePacks()
10-22 00:13:04.489  1385  5303 I SpeechFactory: SpeechRecognitionFactory.maybeScheduleAutoPackDownloadForFallback():182 maybeScheduleAutoPackDownloadForFallback()
10-22 00:13:04.489  1385  5303 I FallbackOnDeviceRecognitionProvider: FallbackOnDeviceRecognitionProvider.maybeScheduleAutoPackDownload():194 maybeScheduleAutoPackDownload() for language tag en-US
10-22 00:13:04.489  1385  1385 I LatinIme: LatinIme.updateEnableInlineSuggestionsOnDecoderSideFlags():1293 inline flag updated to:false
10-22 00:13:04.495  1385  1385 I KeyboardWrapper: KeyboardWrapper.consumeEvent():287 Skip consuming an event as current keyboard is deactivated (state=0, keyboard existence=true)
10-22 00:13:04.501 21439 21439 I AssistStructure: Flattened final assist data: 2988 bytes, containing 1 windows, 17 views
10-22 00:13:04.530  1385  1385 I KeyboardViewHelper: KeyboardViewHelper.getView():167 Get view with height ratio:1.000000
10-22 00:13:04.532  3983  3983 W svc     : Pending fill request while another request in the same session was triggered. [CONTEXT service_id=177 ]
10-22 00:13:04.538  1008  1008 V InlineSuggestionRenderService: handleDestroySuggestionViews called for 0:1372286216
10-22 00:13:04.551  1385  1385 I KeyboardViewUtil: KeyboardViewUtil.calculateMaxKeyboardBodyHeight():62 leave 354 height for app when screen height:2274, header height:116 and isFullscreenMode:false, so the max keyboard body height is:1804
10-22 00:13:04.558  1385  1385 I NormalModeController: NormalModeController.getKeyboardBodyViewHolderPaddingBottom():109 currentPrimeKeyboardType:SOFT systemPaddingBottom:-1
10-22 00:13:04.560  1385  1385 I KeyboardViewUtil: KeyboardViewUtil.calculateMaxKeyboardBodyHeight():62 leave 354 height for app when screen height:2274, header height:116 and isFullscreenMode:false, so the max keyboard body height is:1804
10-22 00:13:04.561  1385  2206 I Delight5Decoder: Delight5DecoderWrapper.setKeyboardLayout():434 setKeyboardLayout()
10-22 00:13:04.563  1385  1385 I NormalModeController: NormalModeController.getKeyboardBodyViewHolderPaddingBottom():109 currentPrimeKeyboardType:SOFT systemPaddingBottom:-1
10-22 00:13:04.563  1385  1385 I AndroidIME: KeyboardViewManager.updateKeyboardBodyViewHolderPaddingBottom():513 Set finalPaddingBottom = 0 while keyboardBottomGapFromScreen = 0; navigationHeight = 126
10-22 00:13:04.563  1385  1385 I NormalModeController: NormalModeController.getKeyboardBodyViewHolderPaddingBottom():109 currentPrimeKeyboardType:SOFT systemPaddingBottom:-1
10-22 00:13:04.564  1385  1385 I AndroidIME: KeyboardViewManager.updateKeyboardBodyViewHolderPaddingBottom():513 Set finalPaddingBottom = 0 while keyboardBottomGapFromScreen = 0; navigationHeight = 126
10-22 00:13:04.571  1385  1385 I VoiceImeExtension: VoiceImeExtension.shouldStartVoiceInputAutomatically():354 No private IME option set to start voice input.
10-22 00:13:04.588  8529  8529 D BoundBrokerSvc: onBind: Intent { act=com.google.android.gms.common.BIND_SHARED_PREFS pkg=com.google.android.gms }
10-22 00:13:04.589  8529  8529 D BoundBrokerSvc: Loading bound service for intent: Intent { act=com.google.android.gms.common.BIND_SHARED_PREFS pkg=com.google.android.gms }
10-22 00:13:04.595   361   403 D goldfish-address-space: claimShared: Ask to claim region [0x3ecff5000 0x3ed996000]
10-22 00:13:04.595  1385  1385 I NormalModeController: NormalModeController.getKeyboardBodyViewHolderPaddingBottom():109 currentPrimeKeyboardType:SOFT systemPaddingBottom:-1
10-22 00:13:04.596  1385  2206 I Delight5Decoder: Delight5DecoderWrapper.setKeyboardLayout():434 setKeyboardLayout()
10-22 00:13:04.599   774   875 D EGL_emulation: app_time_stats: avg=193.83ms min=9.97ms max=1087.34ms count=6
10-22 00:13:04.612  8529  8529 D BoundBrokerSvc: onUnbind: Intent { act=com.google.android.gms.common.BIND_SHARED_PREFS pkg=com.google.android.gms }
10-22 00:13:04.626   361   403 D goldfish-address-space: claimShared: Ask to claim region [0x3ed996000 0x3ee337000]
10-22 00:13:04.635 21439 21439 D InsetsController: show(ime(), fromIme=true)
10-22 00:13:04.657  8529  8529 D BoundBrokerSvc: onBind: Intent { act=com.google.android.gms.common.BIND_SHARED_PREFS pkg=com.google.android.gms }
10-22 00:13:04.658  8529  8529 D BoundBrokerSvc: Loading bound service for intent: Intent { act=com.google.android.gms.common.BIND_SHARED_PREFS pkg=com.google.android.gms }
10-22 00:13:04.662   361   403 D goldfish-address-space: claimShared: Ask to claim region [0x3ee337000 0x3eecd8000]
10-22 00:13:04.666  8529  8529 D BoundBrokerSvc: onUnbind: Intent { act=com.google.android.gms.common.BIND_SHARED_PREFS pkg=com.google.android.gms }
10-22 00:13:04.747 21439 21439 D UiControllerImpl: Injecting string: "AAAAAAAAAAAAAAAAAAAAAAAAAAAAAA"
10-22 00:13:04.852  1385  1385 W InputContextProxyV4: InputContextProxyV4.applyClientDiffInternal():880 Ignore [FetchSuggestions] diff due to stale request: 7815<7816, inputStateId=7512, lastInputStateId=7511
10-22 00:13:04.880  1385  1385 I InlineSuggestionCandidateViewController: InlineSuggestionCandidateViewController.textCandidatesUpdated():621 Not showing inline suggestion tooltip v2; has candidates
10-22 00:13:04.931  1385  1385 I InlineSuggestionCandidateViewController: InlineSuggestionCandidateViewController.textCandidatesUpdated():621 Not showing inline suggestion tooltip v2; has candidates
10-22 00:13:04.957  1385  1385 I InlineSuggestionCandidateViewController: InlineSuggestionCandidateViewController.textCandidatesUpdated():621 Not showing inline suggestion tooltip v2; has candidates
10-22 00:13:05.000  1385  1385 I InlineSuggestionCandidateViewController: InlineSuggestionCandidateViewController.textCandidatesUpdated():621 Not showing inline suggestion tooltip v2; has candidates
10-22 00:13:05.060  1385  1385 I InlineSuggestionCandidateViewController: InlineSuggestionCandidateViewController.textCandidatesUpdated():621 Not showing inline suggestion tooltip v2; has candidates
10-22 00:13:05.140  1385  1385 W InputContextProxyV4: InputContextProxyV4.applyClientDiffInternal():880 Ignore [FetchSuggestions] diff due to stale request: 7824<7825, inputStateId=7521, lastInputStateId=7520
10-22 00:13:05.143  1385  1385 I InlineSuggestionCandidateViewController: InlineSuggestionCandidateViewController.textCandidatesUpdated():621 Not showing inline suggestion tooltip v2; has candidates
10-22 00:13:05.247  1385  1385 W InputContextProxyV4: InputContextProxyV4.applyClientDiffInternal():880 Ignore [FetchSuggestions] diff due to stale request: 7827<7828, inputStateId=7524, lastInputStateId=7523
10-22 00:13:05.252  1385  1385 I InlineSuggestionCandidateViewController: InlineSuggestionCandidateViewController.textCandidatesUpdated():621 Not showing inline suggestion tooltip v2; has candidates
10-22 00:13:05.506 21439 21462 D EGL_emulation: app_time_stats: avg=42.25ms min=12.19ms max=254.15ms count=25
10-22 00:13:05.561  1385  1385 I InlineSuggestionCandidateViewController: InlineSuggestionCandidateViewController.textCandidatesUpdated():621 Not showing inline suggestion tooltip v2; has candidates
10-22 00:13:05.582  1385  1385 I InlineSuggestionCandidateViewController: InlineSuggestionCandidateViewController.textCandidatesUpdated():621 Not showing inline suggestion tooltip v2; has candidates
10-22 00:13:05.662  1385  2053 D EGL_emulation: app_time_stats: avg=53.60ms min=12.50ms max=253.36ms count=19
10-22 00:13:05.698  1385  1385 I InlineSuggestionCandidateViewController: InlineSuggestionCandidateViewController.textCandidatesUpdated():621 Not showing inline suggestion tooltip v2; has candidates
10-22 00:13:05.716  1385  1385 I InlineSuggestionCandidateViewController: InlineSuggestionCandidateViewController.textCandidatesUpdated():621 Not showing inline suggestion tooltip v2; has candidates
10-22 00:13:05.870  1385  1385 W InputContextProxyV4: InputContextProxyV4.applyClientDiffInternal():880 Ignore [FetchSuggestions] diff due to stale request: 7836<7837, inputStateId=7533, lastInputStateId=7532
10-22 00:13:05.873  1385  1385 I InlineSuggestionCandidateViewController: InlineSuggestionCandidateViewController.textCandidatesUpdated():621 Not showing inline suggestion tooltip v2; has candidates
10-22 00:13:06.061  1385  1385 W InputContextProxyV4: InputContextProxyV4.applyClientDiffInternal():880 Ignore [FetchSuggestions] diff due to stale request: 7839<7840, inputStateId=7536, lastInputStateId=7535
10-22 00:13:06.062  1385  1385 I InlineSuggestionCandidateViewController: InlineSuggestionCandidateViewController.textCandidatesUpdated():621 Not showing inline suggestion tooltip v2; has candidates
10-22 00:13:06.214  1385  1385 I InlineSuggestionCandidateViewController: InlineSuggestionCandidateViewController.textCandidatesUpdated():621 Not showing inline suggestion tooltip v2; has candidates
10-22 00:13:06.223  1385  1385 I InlineSuggestionCandidateViewController: InlineSuggestionCandidateViewController.textCandidatesUpdated():621 Not showing inline suggestion tooltip v2; has candidates
10-22 00:13:06.421  1385  1385 I InlineSuggestionCandidateViewController: InlineSuggestionCandidateViewController.textCandidatesUpdated():621 Not showing inline suggestion tooltip v2; has candidates
10-22 00:13:06.456  1385  1385 W InputContextProxyV4: InputContextProxyV4.applyClientDiffInternal():880 Ignore [FetchSuggestions] diff due to stale request: 7846<7848, inputStateId=7543, lastInputStateId=7544
10-22 00:13:06.517 21439 21462 D EGL_emulation: app_time_stats: avg=36.71ms min=7.65ms max=113.54ms count=25
10-22 00:13:06.561  1385  1385 W InputContextProxyV4: InputContextProxyV4.applyClientDiffInternal():880 Ignore [FetchSuggestions] diff due to stale request: 7848<7849, inputStateId=7545, lastInputStateId=7544
10-22 00:13:06.585  1385  1385 W InputContextProxyV4: InputContextProxyV4.applyClientDiffInternal():880 Ignore [FetchSuggestions] diff due to stale request: 7849<7850, inputStateId=7546, lastInputStateId=7547
10-22 00:13:06.626  1385  1385 I InlineSuggestionCandidateViewController: InlineSuggestionCandidateViewController.textCandidatesUpdated():621 Not showing inline suggestion tooltip v2; has candidates
10-22 00:13:06.649  1385  1385 I InlineSuggestionCandidateViewController: InlineSuggestionCandidateViewController.textCandidatesUpdated():621 Not showing inline suggestion tooltip v2; has candidates
10-22 00:13:06.667  1385  2053 D EGL_emulation: app_time_stats: avg=61.26ms min=12.09ms max=126.78ms count=16
10-22 00:13:06.810  1385  1385 W InputContextProxyV4: InputContextProxyV4.applyClientDiffInternal():880 Ignore [FetchSuggestions] diff due to stale request: 7854<7855, inputStateId=7551, lastInputStateId=7550
10-22 00:13:06.820  1385  1385 I InlineSuggestionCandidateViewController: InlineSuggestionCandidateViewController.textCandidatesUpdated():621 Not showing inline suggestion tooltip v2; has candidates
10-22 00:13:07.039  1385  1385 W InputContextProxyV4: InputContextProxyV4.applyClientDiffInternal():880 Ignore [FetchSuggestions] diff due to stale request: 7857<7858, inputStateId=7554, lastInputStateId=7553
10-22 00:13:07.042  1385  1385 I InlineSuggestionCandidateViewController: InlineSuggestionCandidateViewController.textCandidatesUpdated():621 Not showing inline suggestion tooltip v2; has candidates
10-22 00:13:07.279   346 21595 E android.hardware.audio@6.0-impl.ranchu: pcmWrite:203 pcm_write failed with  (-5)
10-22 00:13:07.282   346 21595 E android.hardware.audio@6.0-impl.ranchu: device/generic/goldfish/audio/talsa.cpp:pcmWrite:204 failure: false
10-22 00:13:07.326  1385  1385 W InputContextProxyV4: InputContextProxyV4.applyClientDiffInternal():880 Ignore [FetchSuggestions] diff due to stale request: 7860<7863, inputStateId=7557, lastInputStateId=7559
10-22 00:13:07.330  1385  1385 W InputContextProxyV4: InputContextProxyV4.applyClientDiffInternal():880 Ignore [FetchSuggestions] diff due to stale request: 7861<7863, inputStateId=7558, lastInputStateId=7559
10-22 00:13:07.465  1385  1385 W InputContextProxyV4: InputContextProxyV4.applyClientDiffInternal():880 Ignore [FetchSuggestions] diff due to stale request: 7863<7865, inputStateId=7560, lastInputStateId=7562
10-22 00:13:07.466  1385  1385 W InputContextProxyV4: InputContextProxyV4.applyClientDiffInternal():880 Ignore [FetchSuggestions] diff due to stale request: 7864<7866, inputStateId=7561, lastInputStateId=7562
10-22 00:13:07.554 21439 21462 D EGL_emulation: app_time_stats: avg=41.70ms min=18.89ms max=85.61ms count=24
10-22 00:13:07.643  1385  1385 W InputContextProxyV4: InputContextProxyV4.applyClientDiffInternal():880 Ignore [FetchSuggestions] diff due to stale request: 7866<7869, inputStateId=7563, lastInputStateId=7565
10-22 00:13:07.644  1385  1385 W InputContextProxyV4: InputContextProxyV4.applyClientDiffInternal():880 Ignore [FetchSuggestions] diff due to stale request: 7867<7869, inputStateId=7564, lastInputStateId=7565
10-22 00:13:07.671  1385  2053 D EGL_emulation: app_time_stats: avg=82.89ms min=24.41ms max=173.65ms count=12
10-22 00:13:07.733  1385  1385 W InputContextProxyV4: InputContextProxyV4.applyClientDiffInternal():880 Ignore [FetchSuggestions] diff due to stale request: 7869<7870, inputStateId=7566, lastInputStateId=7565
10-22 00:13:07.735  1385  1385 I InlineSuggestionCandidateViewController: InlineSuggestionCandidateViewController.textCandidatesUpdated():621 Not showing inline suggestion tooltip v2; has candidates
10-22 00:13:07.835  1385  1385 W InputContextProxyV4: InputContextProxyV4.applyClientDiffInternal():880 Ignore [FetchSuggestions] diff due to stale request: 7872<7873, inputStateId=7569, lastInputStateId=7568
10-22 00:13:07.845  1385  1385 I InlineSuggestionCandidateViewController: InlineSuggestionCandidateViewController.textCandidatesUpdated():621 Not showing inline suggestion tooltip v2; has candidates
10-22 00:13:07.952  1385  1385 W InputContextProxyV4: InputContextProxyV4.applyClientDiffInternal():880 Ignore [FetchSuggestions] diff due to stale request: 7875<7876, inputStateId=7572, lastInputStateId=7571
10-22 00:13:07.958  1385  1385 I InlineSuggestionCandidateViewController: InlineSuggestionCandidateViewController.textCandidatesUpdated():621 Not showing inline suggestion tooltip v2; has candidates
10-22 00:13:08.315  1385  1385 W InputContextProxyV4: InputContextProxyV4.applyClientDiffInternal():880 Ignore [FetchSuggestions] diff due to stale request: 7878<7879, inputStateId=7575, lastInputStateId=7574
10-22 00:13:08.317  1385  1385 I InlineSuggestionCandidateViewController: InlineSuggestionCandidateViewController.textCandidatesUpdated():621 Not showing inline suggestion tooltip v2; has candidates
10-22 00:13:08.579 21439 21462 D EGL_emulation: app_time_stats: avg=50.60ms min=20.27ms max=166.98ms count=20
10-22 00:13:08.758  1385  1385 E InputConnectionWrapper: InputConnectionWrapper.waitForInputConnectionFutureInternal():1486 Failed to get the input connection call's result.
10-22 00:13:08.758  1385  1385 E InputConnectionWrapper: java.util.concurrent.TimeoutException: Waited 100 milliseconds (plus 3 milliseconds, 857694 nanoseconds delay) for ott@6e835e1[status=PENDING, info=[task=[running=[RUNNING ON ICWrapper-1], jeu@e4faf06]]]
10-22 00:13:08.758  1385  1385 E InputConnectionWrapper: 	at oqk.get(PG:50)
10-22 00:13:08.758  1385  1385 E InputConnectionWrapper: 	at jfe.u(PG:2)
10-22 00:13:08.758  1385  1385 E InputConnectionWrapper: 	at jfe.t(PG:2)
10-22 00:13:08.758  1385  1385 E InputConnectionWrapper: 	at jfd.e(PG:8)
10-22 00:13:08.758  1385  1385 E InputConnectionWrapper: 	at jfm.D(PG:1)
10-22 00:13:08.758  1385  1385 E InputConnectionWrapper: 	at jfm.x(PG:1)
10-22 00:13:08.758  1385  1385 E InputConnectionWrapper: 	at jfm.c(PG:5)
10-22 00:13:08.758  1385  1385 E InputConnectionWrapper: 	at jfe.b(PG:14)
10-22 00:13:08.758  1385  1385 E InputConnectionWrapper: 	at dro.onUpdateSelection(PG:5)
10-22 00:13:08.758  1385  1385 E InputConnectionWrapper: 	at android.inputmethodservice.InputMethodService$InputMethodSessionImpl.updateSelection(InputMethodService.java:1020)
10-22 00:13:08.758  1385  1385 E InputConnectionWrapper: 	at android.inputmethodservice.IInputMethodSessionWrapper.executeMessage(IInputMethodSessionWrapper.java:105)
10-22 00:13:08.758  1385  1385 E InputConnectionWrapper: 	at com.android.internal.os.HandlerCaller$MyHandler.handleMessage(HandlerCaller.java:44)
10-22 00:13:08.758  1385  1385 E InputConnectionWrapper: 	at android.os.Handler.dispatchMessage(Handler.java:106)
10-22 00:13:08.758  1385  1385 E InputConnectionWrapper: 	at android.os.Looper.loopOnce(Looper.java:201)
10-22 00:13:08.758  1385  1385 E InputConnectionWrapper: 	at android.os.Looper.loop(Looper.java:288)
10-22 00:13:08.758  1385  1385 E InputConnectionWrapper: 	at android.app.ActivityThread.main(ActivityThread.java:7839)
10-22 00:13:08.758  1385  1385 E InputConnectionWrapper: 	at java.lang.reflect.Method.invoke(Native Method)
10-22 00:13:08.758  1385  1385 E InputConnectionWrapper: 	at com.android.internal.os.RuntimeInit$MethodAndArgsCaller.run(RuntimeInit.java:548)
10-22 00:13:08.758  1385  1385 E InputConnectionWrapper: 	at com.android.internal.os.ZygoteInit.main(ZygoteInit.java:1003)
10-22 00:13:08.758  1385  1385 W InputConnectionWrapper: InputConnectionWrapper.recordDuration():1449 IPC IC_GET_SURROUNDING_TEXT took 119 ms
10-22 00:13:09.762   407   533 W AudioFlinger: write blocked for 794 msecs, 1 delayed writes, thread 13
10-22 00:13:09.845  1385  1385 E InputConnectionWrapper: InputConnectionWrapper.waitForInputConnectionFutureInternal():1486 Failed to get the input connection call's result.
10-22 00:13:09.845  1385  1385 E InputConnectionWrapper: java.util.concurrent.TimeoutException: Waited 100 milliseconds (plus 18 milliseconds, 240182 nanoseconds delay) for ott@fa07bf4[status=PENDING, info=[task=[running=[NOT STARTED YET], jek@fd14f1d]]]
10-22 00:13:09.845  1385  1385 E InputConnectionWrapper: 	at oqk.get(PG:50)
10-22 00:13:09.845  1385  1385 E InputConnectionWrapper: 	at jfe.u(PG:2)
10-22 00:13:09.845  1385  1385 E InputConnectionWrapper: 	at jfe.t(PG:2)
10-22 00:13:09.845  1385  1385 E InputConnectionWrapper: 	at jfd.a(PG:4)
10-22 00:13:09.845  1385  1385 E InputConnectionWrapper: 	at jfm.r(PG:17)
10-22 00:13:09.845  1385  1385 E InputConnectionWrapper: 	at dro.ah(PG:2)
10-22 00:13:09.845  1385  1385 E InputConnectionWrapper: 	at jdq.W(PG:1)
10-22 00:13:09.845  1385  1385 E InputConnectionWrapper: 	at izv.call(PG:1)
10-22 00:13:09.845  1385  1385 E InputConnectionWrapper: 	at jao.p(PG:2)
10-22 00:13:09.845  1385  1385 E InputConnectionWrapper: 	at jao.W(PG:2)
10-22 00:13:09.845  1385  1385 E InputConnectionWrapper: 	at izs.W(PG:1)
10-22 00:13:09.845  1385  1385 E InputConnectionWrapper: 	at izs.W(PG:1)
10-22 00:13:09.845  1385  1385 E InputConnectionWrapper: 	at izg.m(PG:1)
10-22 00:13:09.845  1385  1385 E InputConnectionWrapper: 	at ehz.e(PG:2)
10-22 00:13:09.845  1385  1385 E InputConnectionWrapper: 	at com.google.android.apps.inputmethod.libs.latin5.LatinIme.e(PG:1)
10-22 00:13:09.845  1385  1385 E InputConnectionWrapper: 	at dro.Y(PG:6)
10-22 00:13:09.845  1385  1385 E InputConnectionWrapper: 	at drd.a(PG:2)
10-22 00:13:09.845  1385  1385 E InputConnectionWrapper: 	at jfm.c(PG:7)
10-22 00:13:09.845  1385  1385 E InputConnectionWrapper: 	at jfe.b(PG:14)
10-22 00:13:09.845  1385  1385 E InputConnectionWrapper: 	at dro.onUpdateSelection(PG:5)
10-22 00:13:09.845  1385  1385 E InputConnectionWrapper: 	at android.inputmethodservice.InputMethodService$InputMethodSessionImpl.updateSelection(InputMethodService.java:1020)
10-22 00:13:09.845  1385  1385 E InputConnectionWrapper: 	at android.inputmethodservice.IInputMethodSessionWrapper.executeMessage(IInputMethodSessionWrapper.java:105)
10-22 00:13:09.845  1385  1385 E InputConnectionWrapper: 	at com.android.internal.os.HandlerCaller$MyHandler.handleMessage(HandlerCaller.java:44)
10-22 00:13:09.845  1385  1385 E InputConnectionWrapper: 	at android.os.Handler.dispatchMessage(Handler.java:106)
10-22 00:13:09.845  1385  1385 E InputConnectionWrapper: 	at android.os.Looper.loopOnce(Looper.java:201)
10-22 00:13:09.845  1385  1385 E InputConnectionWrapper: 	at android.os.Looper.loop(Looper.java:288)
10-22 00:13:09.845  1385  1385 E InputConnectionWrapper: 	at android.app.ActivityThread.main(ActivityThread.java:7839)
10-22 00:13:09.845  1385  1385 E InputConnectionWrapper: 	at java.lang.reflect.Method.invoke(Native Method)
10-22 00:13:09.845  1385  1385 E InputConnectionWrapper: 	at com.android.internal.os.RuntimeInit$MethodAndArgsCaller.run(RuntimeInit.java:548)
10-22 00:13:09.845  1385  1385 E InputConnectionWrapper: 	at com.android.internal.os.ZygoteInit.main(ZygoteInit.java:1003)
10-22 00:13:09.862  1385  1385 W InputConnectionWrapper: InputConnectionWrapper.recordDuration():1449 IPC IC_GET_TEXT_BEFORE_CURSOR took 1085 ms
10-22 00:13:10.119 21439 21462 D EGL_emulation: app_time_stats: avg=768.24ms min=35.43ms max=1501.06ms count=2
10-22 00:13:10.194  1385  1385 E InputConnectionWrapper: InputConnectionWrapper.waitForInputConnectionFutureInternal():1486 Failed to get the input connection call's result.
10-22 00:13:10.194  1385  1385 E InputConnectionWrapper: java.util.concurrent.TimeoutException: Waited 100 milliseconds (plus 4 milliseconds, 257867 nanoseconds delay) for ott@a38c019[status=PENDING, info=[task=[running=[NOT STARTED YET], jek@10798de]]]
10-22 00:13:10.194  1385  1385 E InputConnectionWrapper: 	at oqk.get(PG:50)
10-22 00:13:10.194  1385  1385 E InputConnectionWrapper: 	at jfe.u(PG:2)
10-22 00:13:10.194  1385  1385 E InputConnectionWrapper: 	at jfe.t(PG:2)
10-22 00:13:10.194  1385  1385 E InputConnectionWrapper: 	at jfd.a(PG:9)
10-22 00:13:10.194  1385  1385 E InputConnectionWrapper: 	at jfm.r(PG:17)
10-22 00:13:10.194  1385  1385 E InputConnectionWrapper: 	at dro.ah(PG:2)
10-22 00:13:10.194  1385  1385 E InputConnectionWrapper: 	at jdq.W(PG:1)
10-22 00:13:10.194  1385  1385 E InputConnectionWrapper: 	at izv.call(PG:1)
10-22 00:13:10.194  1385  1385 E InputConnectionWrapper: 	at jao.p(PG:2)
10-22 00:13:10.194  1385  1385 E InputConnectionWrapper: 	at jao.W(PG:2)
10-22 00:13:10.194  1385  1385 E InputConnectionWrapper: 	at izs.W(PG:1)
10-22 00:13:10.194  1385  1385 E InputConnectionWrapper: 	at com.google.android.apps.inputmethod.libs.latin5.LatinIme.N(PG:6)
10-22 00:13:10.194  1385  1385 E InputConnectionWrapper: 	at eit.call(PG:1)
10-22 00:13:10.194  1385  1385 E InputConnectionWrapper: 	at ckl.c(PG:9)
10-22 00:13:10.194  1385  1385 E InputConnectionWrapper: 	at eiu.run(PG:1)
10-22 00:13:10.194  1385  1385 E InputConnectionWrapper: 	at com.google.android.apps.inputmethod.libs.latin5.LatinIme.ae(PG:2)
10-22 00:13:10.194  1385  1385 E InputConnectionWrapper: 	at com.google.android.apps.inputmethod.libs.latin5.LatinIme.a(PG:4)
10-22 00:13:10.194  1385  1385 E InputConnectionWrapper: 	at jdq.Q(PG:1)
10-22 00:13:10.194  1385  1385 E InputConnectionWrapper: 	at com.google.android.libraries.inputmethod.keyboard.Keyboard.fH(PG:1)
10-22 00:13:10.194  1385  1385 E InputConnectionWrapper: 	at com.google.android.apps.inputmethod.latin.keyboard.LatinPrimeKeyboard.fH(PG:1)
10-22 00:13:10.194  1385  1385 E InputConnectionWrapper: 	at com.google.android.libraries.inputmethod.keyboard.Keyboard.an(PG:6)
10-22 00:13:10.194  1385  1385 E InputConnectionWrapper: 	at com.google.android.libraries.inputmethod.keyboard.Keyboard.eQ(PG:1)
10-22 00:13:10.194  1385  1385 E InputConnectionWrapper: 	at jec.c(PG:3)
10-22 00:13:10.194  1385  1385 E InputConnectionWrapper: 	at jec.a(PG:1)
10-22 00:13:10.194  1385  1385 E InputConnectionWrapper: 	at jdn.b(PG:1)
10-22 00:13:10.194  1385  1385 E InputConnectionWrapper: 	at dro.Y(PG:10)
10-22 00:13:10.194  1385  1385 E InputConnectionWrapper: 	at drd.a(PG:2)
10-22 00:13:10.194  1385  1385 E InputConnectionWrapper: 	at jfm.c(PG:7)
10-22 00:13:10.194  1385  1385 E InputConnectionWrapper: 	at jfe.b(PG:14)
10-22 00:13:10.194  1385  1385 E InputConnectionWrapper: 	at dro.onUpdateSelection(PG:5)
10-22 00:13:10.194  1385  1385 E InputConnectionWrapper: 	at android.inputmethodservice.InputMethodService$InputMethodSessionImpl.updateSelection(InputMethodService.java:1020)
10-22 00:13:10.194  1385  1385 E InputConnectionWrapper: 	at android.inputmethodservice.IInputMethodSessionWrapper.executeMessage(IInputMethodSessionWrapper.java:105)
10-22 00:13:10.194  1385  1385 E InputConnectionWrapper: 	at com.android.internal.os.HandlerCaller$MyHandler.handleMessage(HandlerCaller.java:44)
10-22 00:13:10.194  1385  1385 E InputConnectionWrapper: 	at android.os.Handler.dispatchMessage(Handler.java:106)
10-22 00:13:10.194  1385  1385 E InputConnectionWrapper: 	at android.os.Looper.loopOnce(Looper.java:201)
10-22 00:13:10.194  1385  1385 E InputConnectionWrapper: 	at android.os.Looper.loop(Looper.java:288)
10-22 00:13:10.194  1385  1385 E InputConnectionWrapper: 	at android.app.ActivityThread.main(ActivityThread.java:7839)
10-22 00:13:10.194  1385  1385 E InputConnectionWrapper: 	at java.lang.reflect.Method.invoke(Native Method)
10-22 00:13:10.194  1385  1385 E InputConnectionWrapper: 	at com.android.internal.os.RuntimeInit$MethodAndArgsCaller.run(RuntimeInit.java:548)
10-22 00:13:10.194  1385  1385 E InputConnectionWrapper: 	at com.android.internal.os.ZygoteInit.main(ZygoteInit.java:1003)
10-22 00:13:10.195  1385  1385 W InputConnectionWrapper: InputConnectionWrapper.recordDuration():1449 IPC IC_GET_TEXT_BEFORE_CURSOR took 137 ms
10-22 00:13:10.196 21439 21471 I OpenGLRenderer: Davey! duration=1462ms; Flags=0, FrameTimelineVsyncId=129281, IntendedVsync=10200137803976, Vsync=10200137803976, InputEventId=-595971040, HandleInputStart=10200151562213, AnimationStart=10200154571053, PerformTraversalsStart=10200154579550, DrawStart=10200274709949, FrameDeadline=10200154470642, FrameInterval=10200142428855, FrameStartTime=16666666, SyncQueued=10201545583156, SyncStart=10201551260323, IssueDrawCommandsStart=10201562441188, SwapBuffers=10201586820497, FrameCompleted=10201606052389, DequeueBufferDuration=34572, QueueBufferDuration=11781613, GpuCompleted=10201603241529, SwapBuffersCompleted=10201606052389, DisplayPresentTime=0,
10-22 00:13:10.271  1385  1385 W InputContextProxyV4: InputContextProxyV4.applyClientDiffInternal():880 Ignore [FetchSuggestions] diff due to stale request: 7881<7884, inputStateId=7578, lastInputStateId=7580
10-22 00:13:10.283  1385  1385 W InputContextProxyV4: InputContextProxyV4.applyClientDiffInternal():880 Ignore [FetchSuggestions] diff due to stale request: 7882<7884, inputStateId=7579, lastInputStateId=7580
10-22 00:13:10.313  1385  2053 D EGL_emulation: app_time_stats: avg=219.92ms min=30.96ms max=1677.73ms count=12
10-22 00:13:10.691  1385  1385 I InlineSuggestionCandidateViewController: InlineSuggestionCandidateViewController.textCandidatesUpdated():621 Not showing inline suggestion tooltip v2; has candidates
10-22 00:13:10.759  1385  1385 I InlineSuggestionCandidateViewController: InlineSuggestionCandidateViewController.textCandidatesUpdated():621 Not showing inline suggestion tooltip v2; has candidates
10-22 00:13:10.949  1385  1385 I InlineSuggestionCandidateViewController: InlineSuggestionCandidateViewController.textCandidatesUpdated():621 Not showing inline suggestion tooltip v2; has candidates
10-22 00:13:10.966  1385  1385 I InlineSuggestionCandidateViewController: InlineSuggestionCandidateViewController.textCandidatesUpdated():621 Not showing inline suggestion tooltip v2; has candidates
10-22 00:13:11.071  1385  1385 W InputContextProxyV4: InputContextProxyV4.applyClientDiffInternal():880 Ignore [FetchSuggestions] diff due to stale request: 7893<7894, inputStateId=7590, lastInputStateId=7589
10-22 00:13:11.071  1385  1385 I InlineSuggestionCandidateViewController: InlineSuggestionCandidateViewController.textCandidatesUpdated():621 Not showing inline suggestion tooltip v2; has candidates
10-22 00:13:11.135 21439 21462 D EGL_emulation: app_time_stats: avg=50.75ms min=7.30ms max=258.81ms count=18
10-22 00:13:11.283  1385  1385 W InputContextProxyV4: InputContextProxyV4.applyClientDiffInternal():880 Ignore [FetchSuggestions] diff due to stale request: 7896<7897, inputStateId=7593, lastInputStateId=7592
10-22 00:13:11.283  1385  1385 I InlineSuggestionCandidateViewController: InlineSuggestionCandidateViewController.textCandidatesUpdated():621 Not showing inline suggestion tooltip v2; has candidates
10-22 00:13:11.315  1385  2053 D EGL_emulation: app_time_stats: avg=69.48ms min=13.04ms max=231.72ms count=14
10-22 00:13:11.484  1385  1385 W InputContextProxyV4: InputContextProxyV4.applyClientDiffInternal():880 Ignore [FetchSuggestions] diff due to stale request: 7899<7900, inputStateId=7596, lastInputStateId=7595
10-22 00:13:11.531  1385  1385 W InputContextProxyV4: InputContextProxyV4.applyClientDiffInternal():880 Ignore [FetchSuggestions] diff due to stale request: 7900<7901, inputStateId=7597, lastInputStateId=7598
10-22 00:13:11.623 21439 21439 I ViewInteraction: Performing 'type text(aaaaaaaaaaaaaaaaaaaa@example.com)' action on view view.getId() is <2131296468/com.example.cocktailsdbapp:id/et_email_input>
10-22 00:13:11.642  1385  1385 I InlineSuggestionCandidateViewController: InlineSuggestionCandidateViewController.textCandidatesUpdated():621 Not showing inline suggestion tooltip v2; has candidates
10-22 00:13:11.766  1385  1385 I GoogleInputMethodService: GoogleInputMethodService.onFinishInputView():2365
10-22 00:13:11.771  1385  1385 I InlineSuggestionCandidateViewController: InlineSuggestionCandidateViewController.setInlineSuggestionCandidateImpl():1163 set  to inlineSuggestionTextView
10-22 00:13:11.771 21439 21439 D InputMethodManager: showSoftInput() view=androidx.appcompat.widget.AppCompatEditText{e2f8c92 VFED..CL. .F.P..ID 119,418-959,526 #7f0900d4 app:id/et_email_input aid=1073741828} flags=0 reason=SHOW_SOFT_INPUT
10-22 00:13:11.782  1385  1385 I KeyboardWrapper: KeyboardWrapper.consumeEvent():287 Skip consuming an event as current keyboard is deactivated (state=0, keyboard existence=true)
10-22 00:13:11.783  1385  1385 I VoiceInputManagerWrapper: VoiceInputManagerWrapper.shutdown():76 shutdown()
10-22 00:13:11.784  1385  1385 I AndroidIME: AbstractIme.onDeactivate():207 LatinIme.onDeactivate()
10-22 00:13:11.792  1385  1385 I GoogleInputMethodService: GoogleInputMethodService.onFinishInput():3420
10-22 00:13:11.794  1385  1385 I GoogleInputMethodService: GoogleInputMethodService.onStartInput():2002
10-22 00:13:11.800  1385  1385 I DeviceUnlockedTag: DeviceUnlockedTag.notifyDeviceLockStatusChanged():31 Notify device unlocked.
10-22 00:13:11.811  1385  1385 I GoogleInputMethodService: GoogleInputMethodService.onStartInputView():2148
10-22 00:13:11.824  1385  1385 I DeviceUnlockedTag: DeviceUnlockedTag.notifyDeviceLockStatusChanged():31 Notify device unlocked.
10-22 00:13:11.835  1385  1385 I KeyboardViewUtil: KeyboardViewUtil.getKeyboardHeightRatio():166 systemKeyboardHeightRatio:1.000000; userKeyboardHeightRatio:1.000000.
10-22 00:13:11.839  1385  1385 I AndroidIME: AbstractIme.onActivate():86 LatinIme.onActivate() : EditorInfo = inputType=Email imeActionName=NEXT dump=[inputType=0x21 imeOptions=0xc000005 privateImeOptions=null actionLabel=null actionId=0 initialSelStart=0 initialSelEnd=0 initialCapsMode=0x0 hintText=email label=null packageName=com.example.cocktailsdbapp autofillId=1073741828 fieldId=2131296468 fieldName=null extras=Bundle[{android.support.text.emoji.emojiCompat_metadataVersion=8, android.support.text.emoji.emojiCompat_replaceAll=false}] hintLocales=null contentMimeTypes=null ], IncognitoMode = false, DeviceLocked = false
10-22 00:13:11.841  1385  1385 I Delight5Facilitator: Delight5Facilitator.initializeForIme():718 initializeForIme() : Locale = [en_US], layout = qwerty
10-22 00:13:11.853  1385  1385 I VoiceInputManagerWrapper: VoiceInputManagerWrapper.cancelShutdown():54 cancelShutdown()
10-22 00:13:11.854  1385  1385 I VoiceInputManagerWrapper: VoiceInputManagerWrapper.syncLanguagePacks():66 syncLanguagePacks()
10-22 00:13:11.858  1385  5303 I SpeechFactory: SpeechRecognitionFactory.maybeScheduleAutoPackDownloadForFallback():182 maybeScheduleAutoPackDownloadForFallback()
10-22 00:13:11.859  1385  5303 I FallbackOnDeviceRecognitionProvider: FallbackOnDeviceRecognitionProvider.maybeScheduleAutoPackDownload():194 maybeScheduleAutoPackDownload() for language tag en-US
10-22 00:13:11.859  1385  1385 I LatinIme: LatinIme.updateEnableInlineSuggestionsOnDecoderSideFlags():1293 inline flag updated to:false
10-22 00:13:11.902  1385  1385 I KeyboardWrapper: KeyboardWrapper.consumeEvent():287 Skip consuming an event as current keyboard is deactivated (state=0, keyboard existence=true)
10-22 00:13:11.919  1385  1385 I KeyboardViewUtil: KeyboardViewUtil.calculateMaxKeyboardBodyHeight():62 leave 354 height for app when screen height:2274, header height:116 and isFullscreenMode:false, so the max keyboard body height is:1804
10-22 00:13:11.943  1385  1385 I NormalModeController: NormalModeController.getKeyboardBodyViewHolderPaddingBottom():109 currentPrimeKeyboardType:SOFT systemPaddingBottom:-1
10-22 00:13:11.945  1385  2206 I Delight5Decoder: Delight5DecoderWrapper.setKeyboardLayout():434 setKeyboardLayout()
10-22 00:13:11.947  1385  1385 I KeyboardViewUtil: KeyboardViewUtil.calculateMaxKeyboardBodyHeight():62 leave 354 height for app when screen height:2274, header height:116 and isFullscreenMode:false, so the max keyboard body height is:1804
10-22 00:13:11.956  1385  1385 I NormalModeController: NormalModeController.getKeyboardBodyViewHolderPaddingBottom():109 currentPrimeKeyboardType:SOFT systemPaddingBottom:-1
10-22 00:13:11.957  1385  1385 I AndroidIME: KeyboardViewManager.updateKeyboardBodyViewHolderPaddingBottom():513 Set finalPaddingBottom = 0 while keyboardBottomGapFromScreen = 0; navigationHeight = 126
10-22 00:13:11.958  1385  1385 I NormalModeController: NormalModeController.getKeyboardBodyViewHolderPaddingBottom():109 currentPrimeKeyboardType:SOFT systemPaddingBottom:-1
10-22 00:13:11.966  1385  1385 I AndroidIME: KeyboardViewManager.updateKeyboardBodyViewHolderPaddingBottom():513 Set finalPaddingBottom = 0 while keyboardBottomGapFromScreen = 0; navigationHeight = 126
10-22 00:13:11.973  1385  1385 I CurrentMicStatusHolder: CurrentMicStatusHolder.onStartInputView():79 Current Mic status = {MicIconHidden-EmailInputType,}
10-22 00:13:11.979  1385  1385 I VoiceImeExtension: VoiceImeExtension.shouldStartVoiceInputAutomatically():354 No private IME option set to start voice input.
10-22 00:13:11.995 21439 21439 D InsetsController: show(ime(), fromIme=true)
10-22 00:13:12.014 21439 21439 D InsetsController: show(ime(), fromIme=true)
10-22 00:13:12.050  8529  8529 D BoundBrokerSvc: onBind: Intent { act=com.google.android.gms.common.BIND_SHARED_PREFS pkg=com.google.android.gms }
10-22 00:13:12.051  8529  8529 D BoundBrokerSvc: Loading bound service for intent: Intent { act=com.google.android.gms.common.BIND_SHARED_PREFS pkg=com.google.android.gms }
10-22 00:13:12.061 21439 21439 D UiControllerImpl: Injecting string: "aaaaaaaaaaaaaaaaaaaa@example.com"
10-22 00:13:12.062  8529  8529 D BoundBrokerSvc: onUnbind: Intent { act=com.google.android.gms.common.BIND_SHARED_PREFS pkg=com.google.android.gms }
10-22 00:13:12.073  8529  8529 D BoundBrokerSvc: onBind: Intent { act=com.google.android.gms.common.BIND_SHARED_PREFS pkg=com.google.android.gms }
10-22 00:13:12.074  8529  8529 D BoundBrokerSvc: Loading bound service for intent: Intent { act=com.google.android.gms.common.BIND_SHARED_PREFS pkg=com.google.android.gms }
10-22 00:13:12.078  8529  8529 D BoundBrokerSvc: onUnbind: Intent { act=com.google.android.gms.common.BIND_SHARED_PREFS pkg=com.google.android.gms }
10-22 00:13:12.090  1385  1394 I putmethod.lati: Background young concurrent copying GC freed 56249(2453KB) AllocSpace objects, 6(312KB) LOS objects, 46% free, 10MB/19MB, paused 197us,113us total 138.903ms
10-22 00:13:12.169 21439 21462 D EGL_emulation: app_time_stats: avg=78.50ms min=16.32ms max=316.49ms count=13
10-22 00:13:12.196   361   403 D goldfish-address-space: claimShared: Ask to claim region [0x3efd53000 0x3efda0000]
10-22 00:13:12.207   361   403 D goldfish-address-space: claimShared: Ask to claim region [0x3efda0000 0x3efded000]
10-22 00:13:12.211   361   403 D goldfish-address-space: claimShared: Ask to claim region [0x3efded000 0x3efe3a000]
10-22 00:13:12.236  1385  1385 E InputConnectionWrapper: InputConnectionWrapper.waitForInputConnectionFutureInternal():1486 Failed to get the input connection call's result.
10-22 00:13:12.236  1385  1385 E InputConnectionWrapper: java.util.concurrent.TimeoutException: Waited 100 milliseconds (plus 668608 nanoseconds delay) for ott@3ad3cb4[status=PENDING, info=[task=[running=[RUNNING ON ICWrapper-1], jeu@79e0dd]]]
10-22 00:13:12.236  1385  1385 E InputConnectionWrapper: 	at oqk.get(PG:50)
10-22 00:13:12.236  1385  1385 E InputConnectionWrapper: 	at jfe.u(PG:2)
10-22 00:13:12.236  1385  1385 E InputConnectionWrapper: 	at jfe.t(PG:2)
10-22 00:13:12.236  1385  1385 E InputConnectionWrapper: 	at jfd.e(PG:8)
10-22 00:13:12.236  1385  1385 E InputConnectionWrapper: 	at jfm.D(PG:1)
10-22 00:13:12.236  1385  1385 E InputConnectionWrapper: 	at jfm.x(PG:1)
10-22 00:13:12.236  1385  1385 E InputConnectionWrapper: 	at jfm.c(PG:5)
10-22 00:13:12.236  1385  1385 E InputConnectionWrapper: 	at jfe.b(PG:14)
10-22 00:13:12.236  1385  1385 E InputConnectionWrapper: 	at dro.onUpdateSelection(PG:5)
10-22 00:13:12.236  1385  1385 E InputConnectionWrapper: 	at android.inputmethodservice.InputMethodService$InputMethodSessionImpl.updateSelection(InputMethodService.java:1020)
10-22 00:13:12.236  1385  1385 E InputConnectionWrapper: 	at android.inputmethodservice.IInputMethodSessionWrapper.executeMessage(IInputMethodSessionWrapper.java:105)
10-22 00:13:12.236  1385  1385 E InputConnectionWrapper: 	at com.android.internal.os.HandlerCaller$MyHandler.handleMessage(HandlerCaller.java:44)
10-22 00:13:12.236  1385  1385 E InputConnectionWrapper: 	at android.os.Handler.dispatchMessage(Handler.java:106)
10-22 00:13:12.236  1385  1385 E InputConnectionWrapper: 	at android.os.Looper.loopOnce(Looper.java:201)
10-22 00:13:12.236  1385  1385 E InputConnectionWrapper: 	at android.os.Looper.loop(Looper.java:288)
10-22 00:13:12.236  1385  1385 E InputConnectionWrapper: 	at android.app.ActivityThread.main(ActivityThread.java:7839)
10-22 00:13:12.236  1385  1385 E InputConnectionWrapper: 	at java.lang.reflect.Method.invoke(Native Method)
10-22 00:13:12.236  1385  1385 E InputConnectionWrapper: 	at com.android.internal.os.RuntimeInit$MethodAndArgsCaller.run(RuntimeInit.java:548)
10-22 00:13:12.236  1385  1385 E InputConnectionWrapper: 	at com.android.internal.os.ZygoteInit.main(ZygoteInit.java:1003)
10-22 00:13:12.236  1385  1385 W InputConnectionWrapper: InputConnectionWrapper.recordDuration():1449 IPC IC_GET_SURROUNDING_TEXT took 102 ms
10-22 00:13:12.369  1385  2206 W Delight5Decoder: Delight5DecoderWrapper.shouldAbandonMessage():1874 Detected old [FetchSuggestions] request in background: 7910<7911
10-22 00:13:12.378  1385  1385 W InputContextProxyV4: InputContextProxyV4.applyClientDiffInternal():880 Ignore [FetchSuggestions] diff due to stale request: 7907<7911, inputStateId=7604, lastInputStateId=7607
10-22 00:13:12.401  1385  1385 I InlineSuggestionCandidateViewController: InlineSuggestionCandidateViewController.textCandidatesUpdated():621 Not showing inline suggestion tooltip v2; has candidates
10-22 00:13:12.402   572  2081 W InputManager-JNI: Input channel object 'dfeb645 PopupWindow:cfcd929 (client)' was disposed without first being removed with the input manager!
10-22 00:13:12.463  1385  2053 D EGL_emulation: app_time_stats: avg=162.77ms min=6.07ms max=435.33ms count=7
10-22 00:13:12.535  1385  2206 I native  : I1022 00:13:12.534716    2206 input-context-store.cc:238] Ignoring stale client request for FetchSuggestions
10-22 00:13:12.543  1385  1385 W InputContextProxyV4: InputContextProxyV4.applyClientDiffInternal():880 Ignore [FetchSuggestions] diff due to stale request: 7914<7916, inputStateId=7610, lastInputStateId=7610
10-22 00:13:12.641  1385  1385 W InputContextProxyV4: InputContextProxyV4.applyClientDiffInternal():880 Ignore [FetchSuggestions] diff due to stale request: 7916<7918, inputStateId=7611, lastInputStateId=7612
10-22 00:13:12.697  1385  1385 I InlineSuggestionCandidateViewController: InlineSuggestionCandidateViewController.textCandidatesUpdated():621 Not showing inline suggestion tooltip v2; has candidates
10-22 00:13:12.838  1385  1385 E InputConnectionWrapper: InputConnectionWrapper.waitForInputConnectionFutureInternal():1486 Failed to get the input connection call's result.
10-22 00:13:12.838  1385  1385 E InputConnectionWrapper: java.util.concurrent.TimeoutException: Waited 100 milliseconds (plus 11 milliseconds, 181674 nanoseconds delay) for ott@7b653b2[status=PENDING, info=[task=[running=[RUNNING ON ICWrapper-1], jeu@3ce0f03]]]
10-22 00:13:12.838  1385  1385 E InputConnectionWrapper: 	at oqk.get(PG:50)
10-22 00:13:12.838  1385  1385 E InputConnectionWrapper: 	at jfe.u(PG:2)
10-22 00:13:12.838  1385  1385 E InputConnectionWrapper: 	at jfe.t(PG:2)
10-22 00:13:12.838  1385  1385 E InputConnectionWrapper: 	at jfd.e(PG:8)
10-22 00:13:12.838  1385  1385 E InputConnectionWrapper: 	at jfm.D(PG:1)
10-22 00:13:12.838  1385  1385 E InputConnectionWrapper: 	at jfm.x(PG:1)
10-22 00:13:12.838  1385  1385 E InputConnectionWrapper: 	at jfm.c(PG:5)
10-22 00:13:12.838  1385  1385 E InputConnectionWrapper: 	at jfe.b(PG:14)
10-22 00:13:12.838  1385  1385 E InputConnectionWrapper: 	at dro.onUpdateSelection(PG:5)
10-22 00:13:12.838  1385  1385 E InputConnectionWrapper: 	at android.inputmethodservice.InputMethodService$InputMethodSessionImpl.updateSelection(InputMethodService.java:1020)
10-22 00:13:12.838  1385  1385 E InputConnectionWrapper: 	at android.inputmethodservice.IInputMethodSessionWrapper.executeMessage(IInputMethodSessionWrapper.java:105)
10-22 00:13:12.838  1385  1385 E InputConnectionWrapper: 	at com.android.internal.os.HandlerCaller$MyHandler.handleMessage(HandlerCaller.java:44)
10-22 00:13:12.838  1385  1385 E InputConnectionWrapper: 	at android.os.Handler.dispatchMessage(Handler.java:106)
10-22 00:13:12.838  1385  1385 E InputConnectionWrapper: 	at android.os.Looper.loopOnce(Looper.java:201)
10-22 00:13:12.838  1385  1385 E InputConnectionWrapper: 	at android.os.Looper.loop(Looper.java:288)
10-22 00:13:12.838  1385  1385 E InputConnectionWrapper: 	at android.app.ActivityThread.main(ActivityThread.java:7839)
10-22 00:13:12.838  1385  1385 E InputConnectionWrapper: 	at java.lang.reflect.Method.invoke(Native Method)
10-22 00:13:12.838  1385  1385 E InputConnectionWrapper: 	at com.android.internal.os.RuntimeInit$MethodAndArgsCaller.run(RuntimeInit.java:548)
10-22 00:13:12.838  1385  1385 E InputConnectionWrapper: 	at com.android.internal.os.ZygoteInit.main(ZygoteInit.java:1003)
10-22 00:13:12.857  1385  1385 W InputConnectionWrapper: InputConnectionWrapper.recordDuration():1449 IPC IC_GET_SURROUNDING_TEXT took 137 ms
