10-20 00:59:30.226  1545  1569 I TestRunner: started: testCocktailsItemClick(com.example.cocktailsdbapp.ui.cocktails.CocktailsFragmentTest)
10-20 00:59:30.226  2153  2153 I GsaVoiceInteractionSrv: Handling ACTION_START_HOTWORD
10-20 00:59:30.227  2153  2153 I GsaVoiceInteractionSrv: disregardVoiceMatch: false
10-20 00:59:30.227  2153  2153 I GsaVoiceInteractionSrv: Cannot start hotword, hotword has been explicitly disabled.
10-20 00:59:30.246   372 13548 D goldfish-address-space: claimShared: Ask to claim region [0x3ec000000 0x3ec9e4000]
10-20 00:59:30.254   372 13548 D goldfish-address-space: claimShared: Ask to claim region [0x3f4000000 0x3f49e4000]
10-20 00:59:30.257   372 13548 D goldfish-address-space: claimShared: Ask to claim region [0x3f49e4000 0x3f53c8000]
10-20 00:59:30.282  1545  1569 W Settings: Setting always_finish_activities has moved from android.provider.Settings.System to android.provider.Settings.Global, returning read-only value.
10-20 00:59:30.354  1929  1929 I GoogleInputMethodService: GoogleInputMethodService.onFinishInput():3420
10-20 00:59:30.355  1929  1929 I GoogleInputMethodService: GoogleInputMethodService.onStartInput():2002
10-20 00:59:30.357  1929  1929 I DeviceUnlockedTag: DeviceUnlockedTag.notifyDeviceLockStatusChanged():31 Notify device unlocked.
10-20 00:59:30.379  1186  1240 D SplashScreenView: Build android.window.SplashScreenView{e1dd014 V.E...... ......ID 0,0-0,0}
10-20 00:59:30.379  1186  1240 D SplashScreenView: Icon: view: null drawable: null size: 0
10-20 00:59:30.379  1186  1240 D SplashScreenView: Branding: view: android.view.View{b8fe0bd G.ED..... ......I. 0,0-0,0 #10204a6 android:id/splashscreen_branding_view} drawable: null size w: 0 h: 0
10-20 00:59:30.401  1186  1197 I ndroid.systemu: NativeAlloc concurrent copying GC freed 30665(1246KB) AllocSpace objects, 1(20KB) LOS objects, 49% free, 10199KB/19MB, paused 213us,19us total 324.913ms
10-20 00:59:30.452  1545  1545 D LifecycleMonitor: Lifecycle status change: com.example.cocktailsdbapp.MainActivity@5c10cc9 in: PRE_ON_CREATE
10-20 00:59:30.452  1545  1545 V ActivityScenario: Activity lifecycle changed event received but ignored because the reported transition was not ON_CREATE while the last known transition was PRE_ON_CREATE
10-20 00:59:30.478   582  2372 W InputManager-JNI: Input channel object '71bfc17 Splash Screen com.example.cocktailsdbapp.test (client)' was disposed without first being removed with the input manager!
10-20 00:59:30.503  2153  2153 I GsaVoiceInteractionSrv: Handling ACTION_STOP_HOTWORD
10-20 00:59:30.505  2153  2153 E HwDetectorWithState: a: 3
10-20 00:59:30.527   372 13548 D goldfish-address-space: claimShared: Ask to claim region [0x3ef174000 0x3efb58000]
10-20 00:59:30.535   372 13548 D goldfish-address-space: claimShared: Ask to claim region [0x3f0000000 0x3f09e4000]
10-20 00:59:30.539   372 13548 D goldfish-address-space: claimShared: Ask to claim region [0x3f53c8000 0x3f5dac000]
10-20 00:59:30.794  1545  1545 D LifecycleMonitor: Lifecycle status change: com.example.cocktailsdbapp.MainActivity@5c10cc9 in: CREATED
10-20 00:59:30.795  1545  1545 V ActivityScenario: Update currentActivityStage to CREATED, currentActivity=com.example.cocktailsdbapp.MainActivity@5c10cc9
10-20 00:59:30.799  1545  1545 D LifecycleMonitor: Lifecycle status change: com.example.cocktailsdbapp.MainActivity@5c10cc9 in: STARTED
10-20 00:59:30.800  1545  1545 V ActivityScenario: Update currentActivityStage to STARTED, currentActivity=com.example.cocktailsdbapp.MainActivity@5c10cc9
10-20 00:59:30.803  1545  1545 D LifecycleMonitor: Lifecycle status change: com.example.cocktailsdbapp.MainActivity@5c10cc9 in: RESUMED
10-20 00:59:30.803  1545  1545 V ActivityScenario: Update currentActivityStage to RESUMED, currentActivity=com.example.cocktailsdbapp.MainActivity@5c10cc9
10-20 00:59:30.850   372 13548 D goldfish-address-space: claimShared: Ask to claim region [0x3eddac000 0x3ee790000]
10-20 00:59:30.863   372 13548 D goldfish-address-space: claimShared: Ask to claim region [0x3f2de4000 0x3f37c8000]
10-20 00:59:30.866   372 13548 D goldfish-address-space: claimShared: Ask to claim region [0x3f09e4000 0x3f13c8000]
10-20 00:59:30.933   582   637 I ActivityTaskManager: Displayed com.example.cocktailsdbapp/.MainActivity: +610ms
10-20 00:59:30.984  1929  1929 I GoogleInputMethodService: GoogleInputMethodService.onFinishInput():3420
10-20 00:59:30.984  1929  1929 I GoogleInputMethodService: GoogleInputMethodService.onStartInput():2002
10-20 00:59:30.985  1929  1929 I DeviceUnlockedTag: DeviceUnlockedTag.notifyDeviceLockStatusChanged():31 Notify device unlocked.
10-20 00:59:31.030  1545  1545 I ViewInteraction: Performing 'single click' action on view view.getId() is <2131296378/com.example.cocktailsdbapp:id/bt_register>
10-20 00:59:31.065   582  2229 W InputManager-JNI: Input channel object '5b9e321 com.example.cocktailsdbapp.test/androidx.test.core.app.InstrumentationActivityInvoker$EmptyActivity (client)' was disposed without first being removed with the input manager!
10-20 00:59:31.243   582  2229 W InputManager-JNI: Input channel object '4b717d7 Splash Screen com.example.cocktailsdbapp (client)' was disposed without first being removed with the input manager!
10-20 00:59:31.414  1186  1256 D EGL_emulation: app_time_stats: avg=488.05ms min=68.68ms max=1310.61ms count=3
10-20 00:59:31.418  1186  1256 D EGL_emulation: app_time_stats: avg=479.23ms min=71.49ms max=1228.78ms count=3
10-20 00:59:31.948  7378  2131 I NetworkScheduler.Stats: Task com.google.android.gms/com.google.android.gms.checkin.EventLogService finished executing. cause:5 result: 1 elapsed_millis: 2268 uptime_millis: 2268 exec_start_elapsed_seconds: 30956 [CONTEXT service_id=218 ]
10-20 00:59:32.450  1545  1545 I ViewInteraction: Performing 'replace text()' action on view view.getId() is <2131296468/com.example.cocktailsdbapp:id/et_name_input>
10-20 00:59:32.474  1545  1579 D EGL_emulation: app_time_stats: avg=103.77ms min=2.39ms max=1182.22ms count=14
10-20 00:59:32.474  1545  1545 I ViewInteraction: Performing 'type text(Cocktails Test User)' action on view view.getId() is <2131296468/com.example.cocktailsdbapp:id/et_name_input>
10-20 00:59:32.523  1929  1929 I GoogleInputMethodService: GoogleInputMethodService.onFinishInput():3420
10-20 00:59:32.524  1929  1929 I GoogleInputMethodService: GoogleInputMethodService.onStartInput():2002
10-20 00:59:32.525  1929  1929 I DeviceUnlockedTag: DeviceUnlockedTag.notifyDeviceLockStatusChanged():31 Notify device unlocked.
10-20 00:59:32.526  1545  1545 D InputMethodManager: showSoftInput() view=androidx.appcompat.widget.AppCompatEditText{bd61e3e VFED..CL. .F.P..ID 119,284-959,392 #7f0900d4 app:id/et_name_input aid=1073741827} flags=0 reason=SHOW_SOFT_INPUT
10-20 00:59:32.533  1929  1929 I GoogleInputMethodService: GoogleInputMethodService.onStartInputView():2148
10-20 00:59:32.534  1929  1929 I DeviceUnlockedTag: DeviceUnlockedTag.notifyDeviceLockStatusChanged():31 Notify device unlocked.
10-20 00:59:32.537  1545  1545 I AssistStructure: Flattened final assist data: 2988 bytes, containing 1 windows, 17 views
10-20 00:59:32.538  1929  1929 I KeyboardViewUtil: KeyboardViewUtil.getKeyboardHeightRatio():166 systemKeyboardHeightRatio:1.000000; userKeyboardHeightRatio:1.000000.
10-20 00:59:32.540  1929  1929 I AndroidIME: AbstractIme.onActivate():86 LatinIme.onActivate() : EditorInfo = inputType=Text imeActionName=NEXT dump=[inputType=0x61 imeOptions=0x8000005 privateImeOptions=null actionLabel=null actionId=0 initialSelStart=0 initialSelEnd=0 initialCapsMode=0x0 hintText=name label=null packageName=com.example.cocktailsdbapp autofillId=1073741827 fieldId=2131296468 fieldName=null extras=Bundle[{android.support.text.emoji.emojiCompat_metadataVersion=8, android.support.text.emoji.emojiCompat_replaceAll=false}] hintLocales=null contentMimeTypes=null ], IncognitoMode = false, DeviceLocked = false
10-20 00:59:32.541  1929  1929 I Delight5Facilitator: Delight5Facilitator.initializeForIme():718 initializeForIme() : Locale = [en_US], layout = qwerty
10-20 00:59:32.542  1929  1929 I VoiceInputManagerWrapper: VoiceInputManagerWrapper.cancelShutdown():54 cancelShutdown()
10-20 00:59:32.542  1929  1929 I VoiceInputManagerWrapper: VoiceInputManagerWrapper.syncLanguagePacks():66 syncLanguagePacks()
10-20 00:59:32.543  1929  1929 I LatinIme: LatinIme.updateEnableInlineSuggestionsOnDecoderSideFlags():1293 inline flag updated to:false
10-20 00:59:32.548  1929  1929 I KeyboardWrapper: KeyboardWrapper.consumeEvent():287 Skip consuming an event as current keyboard is deactivated (state=0, keyboard existence=true)
10-20 00:59:32.549  1929 13454 I SpeechFactory: SpeechRecognitionFactory.maybeScheduleAutoPackDownloadForFallback():182 maybeScheduleAutoPackDownloadForFallback()
10-20 00:59:32.549  1929 13454 I FallbackOnDeviceRecognitionProvider: FallbackOnDeviceRecognitionProvider.maybeScheduleAutoPackDownload():194 maybeScheduleAutoPackDownload() for language tag en-US
10-20 00:59:32.566  7378  7378 W svc     : Pending fill request while another request in the same session was triggered. [CONTEXT service_id=177 ]
10-20 00:59:32.571  1929  1929 I KeyboardViewHelper: KeyboardViewHelper.getView():167 Get view with height ratio:1.000000
10-20 00:59:32.585  1929  1929 I KeyboardViewUtil: KeyboardViewUtil.calculateMaxKeyboardBodyHeight():62 leave 354 height for app when screen height:2274, header height:116 and isFullscreenMode:false, so the max keyboard body height is:1804
10-20 00:59:32.589  1929  1929 I NormalModeController: NormalModeController.getKeyboardBodyViewHolderPaddingBottom():109 currentPrimeKeyboardType:SOFT systemPaddingBottom:-1
10-20 00:59:32.590  1929  2492 I Delight5Decoder: Delight5DecoderWrapper.setKeyboardLayout():434 setKeyboardLayout()
10-20 00:59:32.590  1929  1929 I KeyboardViewUtil: KeyboardViewUtil.calculateMaxKeyboardBodyHeight():62 leave 354 height for app when screen height:2274, header height:116 and isFullscreenMode:false, so the max keyboard body height is:1804
10-20 00:59:32.593  1929  1929 I NormalModeController: NormalModeController.getKeyboardBodyViewHolderPaddingBottom():109 currentPrimeKeyboardType:SOFT systemPaddingBottom:-1
10-20 00:59:32.594  1929  1929 I AndroidIME: KeyboardViewManager.updateKeyboardBodyViewHolderPaddingBottom():513 Set finalPaddingBottom = 0 while keyboardBottomGapFromScreen = 0; navigationHeight = 126
10-20 00:59:32.594  1929  1929 I NormalModeController: NormalModeController.getKeyboardBodyViewHolderPaddingBottom():109 currentPrimeKeyboardType:SOFT systemPaddingBottom:-1
10-20 00:59:32.597  1929  1929 I AndroidIME: KeyboardViewManager.updateKeyboardBodyViewHolderPaddingBottom():513 Set finalPaddingBottom = 0 while keyboardBottomGapFromScreen = 0; navigationHeight = 126
10-20 00:59:32.601  1929  1929 I ProactiveSuggestionsHolderManager: ProactiveSuggestionsHolderManager$3.display():213 Requesting to show proactive suggestions: CLIPBOARD PREEMPTIVE_WITH_SUPPRESSION
10-20 00:59:32.605  1929  1929 I VoiceImeExtension: VoiceImeExtension.shouldStartVoiceInputAutomatically():354 No private IME option set to start voice input.
10-20 00:59:32.615  7442  7442 D BoundBrokerSvc: onBind: Intent { act=com.google.android.gms.common.BIND_SHARED_PREFS pkg=com.google.android.gms }
10-20 00:59:32.615  7442  7442 D BoundBrokerSvc: Loading bound service for intent: Intent { act=com.google.android.gms.common.BIND_SHARED_PREFS pkg=com.google.android.gms }
10-20 00:59:32.625  1186  1256 D EGL_emulation: app_time_stats: avg=130.89ms min=7.45ms max=1049.47ms count=9
10-20 00:59:32.625  7442  7442 D BoundBrokerSvc: onUnbind: Intent { act=com.google.android.gms.common.BIND_SHARED_PREFS pkg=com.google.android.gms }
10-20 00:59:32.631   372 13548 D goldfish-address-space: claimShared: Ask to claim region [0x3ea337000 0x3eacd8000]
10-20 00:59:32.631  1929  1929 I NormalModeController: NormalModeController.getKeyboardBodyViewHolderPaddingBottom():109 currentPrimeKeyboardType:SOFT systemPaddingBottom:-1
10-20 00:59:32.632  1929  2492 I Delight5Decoder: Delight5DecoderWrapper.setKeyboardLayout():434 setKeyboardLayout()
10-20 00:59:32.651   372 13548 D goldfish-address-space: claimShared: Ask to claim region [0x3e8000000 0x3e89a1000]
10-20 00:59:32.661  1545  1545 D InsetsController: show(ime(), fromIme=true)
10-20 00:59:32.678  1957  1957 V InlineSuggestionRenderService: handleDestroySuggestionViews called for 0:1855709496
10-20 00:59:32.689  7442  7442 D BoundBrokerSvc: onBind: Intent { act=com.google.android.gms.common.BIND_SHARED_PREFS pkg=com.google.android.gms }
10-20 00:59:32.689  7442  7442 D BoundBrokerSvc: Loading bound service for intent: Intent { act=com.google.android.gms.common.BIND_SHARED_PREFS pkg=com.google.android.gms }
10-20 00:59:32.700  7442  7442 D BoundBrokerSvc: onUnbind: Intent { act=com.google.android.gms.common.BIND_SHARED_PREFS pkg=com.google.android.gms }
10-20 00:59:32.701   372 13548 D goldfish-address-space: claimShared: Ask to claim region [0x3e89a1000 0x3e9342000]
10-20 00:59:32.775  1545  1545 D UiControllerImpl: Injecting string: "Cocktails Test User"
10-20 00:59:32.865  1929  1929 I InlineSuggestionCandidateViewController: InlineSuggestionCandidateViewController.textCandidatesUpdated():621 Not showing inline suggestion tooltip v2; has candidates
10-20 00:59:32.881  1929  1929 I KeyboardViewController: KeyboardViewController.lambda$showSelfAndAncestors$6():594 current view doesn't has the priority com.google.android.apps.inputmethod.latin.keyboard.widget.LatinFixedCountCandidatesHolderView{1ea64fd I.E...... ......ID 95,0-975,116 #7f0b145f app:id/softkey_holder_fixed_candidates} to show itself, PREEMPTIVE
10-20 00:59:32.900  1929  1929 I InlineSuggestionCandidateViewController: InlineSuggestionCandidateViewController.textCandidatesUpdated():621 Not showing inline suggestion tooltip v2; has candidates
10-20 00:59:32.903  1929  1929 I KeyboardViewController: KeyboardViewController.lambda$showSelfAndAncestors$6():594 current view doesn't has the priority com.google.android.apps.inputmethod.latin.keyboard.widget.LatinFixedCountCandidatesHolderView{1ea64fd I.E...... ......ID 95,0-975,116 #7f0b145f app:id/softkey_holder_fixed_candidates} to show itself, PREEMPTIVE
10-20 00:59:32.962  1929  2492 I native  : I1020 00:59:32.962704    2492 input-context-store.cc:238] Ignoring stale client request for FetchSuggestions
10-20 00:59:32.966  1929  1929 W InputContextProxy: InputContextProxy.applyClientDiffInternal():892 Ignore [FetchSuggestions] diff due to stale request: 13089<13091, inputStateId=12498, lastInputStateId=12498
10-20 00:59:33.019  1929  2492 I native  : I1020 00:59:33.019059    2492 input-context-store.cc:238] Ignoring stale client request for FetchSuggestions
10-20 00:59:33.020  1929  1929 W InputContextProxy: InputContextProxy.applyClientDiffInternal():892 Ignore [FetchSuggestions] diff due to stale request: 13091<13093, inputStateId=12499, lastInputStateId=12499
10-20 00:59:33.052  1929  1929 W InputContextProxy: InputContextProxy.applyClientDiffInternal():892 Ignore [FetchSuggestions] diff due to stale request: 13093<13095, inputStateId=12500, lastInputStateId=12501
10-20 00:59:33.083  1929  1929 W InputContextProxy: InputContextProxy.applyClientDiffInternal():892 Ignore [FetchSuggestions] diff due to stale request: 13095<13097, inputStateId=12502, lastInputStateId=12503
10-20 00:59:33.117  1929  2492 I native  : I1020 00:59:33.117892    2492 input-context-store.cc:238] Ignoring stale client request for FetchSuggestions
10-20 00:59:33.118  1929  1929 W InputContextProxy: InputContextProxy.applyClientDiffInternal():892 Ignore [FetchSuggestions] diff due to stale request: 13097<13098, inputStateId=12504, lastInputStateId=12504
10-20 00:59:33.149  1929  1929 W InputContextProxy: InputContextProxy.applyClientDiffInternal():892 Ignore [FetchSuggestions] diff due to stale request: 13099<13101, inputStateId=12505, lastInputStateId=12506
10-20 00:59:33.176  1929  1929 I InlineSuggestionCandidateViewController: InlineSuggestionCandidateViewController.textCandidatesUpdated():621 Not showing inline suggestion tooltip v2; has candidates
10-20 00:59:33.179  1929  1929 I KeyboardViewController: KeyboardViewController.lambda$showSelfAndAncestors$6():594 current view doesn't has the priority com.google.android.apps.inputmethod.latin.keyboard.widget.LatinFixedCountCandidatesHolderView{1ea64fd I.E...... ......ID 95,0-975,116 #7f0b145f app:id/softkey_holder_fixed_candidates} to show itself, PREEMPTIVE
10-20 00:59:33.193  1929  2492 I native  : I1020 00:59:33.193859    2492 input-context-store.cc:178] Using roll back input context for operation: [FetchSuggestions] rolled back operation: [OverrideDecodedCandidates] reason: client [12508] vs decoder [12510]
10-20 00:59:33.197  1929  1929 W InputContextProxy: InputContextProxy.applyClientDiffInternal():892 Ignore [FetchSuggestions] diff due to stale request: 13103<13104, inputStateId=12510, lastInputStateId=12508
10-20 00:59:33.203  1929  1929 I InlineSuggestionCandidateViewController: InlineSuggestionCandidateViewController.textCandidatesUpdated():621 Not showing inline suggestion tooltip v2; has candidates
10-20 00:59:33.208  1929  1929 I KeyboardViewController: KeyboardViewController.lambda$showSelfAndAncestors$6():594 current view doesn't has the priority com.google.android.apps.inputmethod.latin.keyboard.widget.LatinFixedCountCandidatesHolderView{1ea64fd I.E...... ......ID 95,0-975,116 #7f0b145f app:id/softkey_holder_fixed_candidates} to show itself, PREEMPTIVE
10-20 00:59:33.268  1929  1929 W InputContextProxy: InputContextProxy.applyClientDiffInternal():892 Ignore [FetchSuggestions] diff due to stale request: 13106<13110, inputStateId=12514, lastInputStateId=12517
10-20 00:59:33.278  1929  2492 I native  : I1020 00:59:33.278921    2492 input-context-store.cc:161] Ignoring stale client request for FetchSuggestions
10-20 00:59:33.296  1929  1929 W InputContextProxy: InputContextProxy.applyClientDiffInternal():892 Ignore [FetchSuggestions] diff due to stale request: 13109<13111, inputStateId=0, lastInputStateId=12517
10-20 00:59:33.297  1929  1929 I InlineSuggestionCandidateViewController: InlineSuggestionCandidateViewController.textCandidatesUpdated():621 Not showing inline suggestion tooltip v2; has candidates
10-20 00:59:33.298  1929  1929 I KeyboardViewController: KeyboardViewController.lambda$showSelfAndAncestors$6():594 current view doesn't has the priority com.google.android.apps.inputmethod.latin.keyboard.widget.LatinFixedCountCandidatesHolderView{1ea64fd I.E...... ......ID 95,0-975,116 #7f0b145f app:id/softkey_holder_fixed_candidates} to show itself, PREEMPTIVE
10-20 00:59:33.332  1929  1929 W InputContextProxy: InputContextProxy.applyClientDiffInternal():892 Ignore [FetchSuggestions] diff due to stale request: 13113<13115, inputStateId=12520, lastInputStateId=12521
10-20 00:59:33.359  1929  1929 W InputContextProxy: InputContextProxy.applyClientDiffInternal():892 Ignore [FetchSuggestions] diff due to stale request: 13115<13117, inputStateId=12522, lastInputStateId=12523
10-20 00:59:33.362  1929  2492 I native  : I1020 00:59:33.362643    2492 input-context-store.cc:178] Using roll back input context for operation: [FetchSuggestions] rolled back operation: [OverrideDecodedCandidates] reason: client [12523] vs decoder [12525]
10-20 00:59:33.377  1929  1929 W InputContextProxy: InputContextProxy.applyClientDiffInternal():892 Ignore [FetchSuggestions] diff due to stale request: 13117<13118, inputStateId=12525, lastInputStateId=12523
10-20 00:59:33.380  1929  1929 I InlineSuggestionCandidateViewController: InlineSuggestionCandidateViewController.textCandidatesUpdated():621 Not showing inline suggestion tooltip v2; has candidates
10-20 00:59:33.384  1929  1929 I KeyboardViewController: KeyboardViewController.lambda$showSelfAndAncestors$6():594 current view doesn't has the priority com.google.android.apps.inputmethod.latin.keyboard.widget.LatinFixedCountCandidatesHolderView{1ea64fd I.E...... ......ID 95,0-975,116 #7f0b145f app:id/softkey_holder_fixed_candidates} to show itself, PREEMPTIVE
10-20 00:59:33.454  1929  1929 W InputContextProxy: InputContextProxy.applyClientDiffInternal():892 Ignore [FetchSuggestions] diff due to stale request: 13120<13124, inputStateId=12529, lastInputStateId=12532
10-20 00:59:33.460  1929  2492 I native  : I1020 00:59:33.460385    2492 input-context-store.cc:238] Ignoring stale client request for FetchSuggestions
10-20 00:59:33.474  1545  1579 D EGL_emulation: app_time_stats: avg=30.95ms min=13.86ms max=234.48ms count=32
10-20 00:59:33.495  1929  1929 W InputContextProxy: InputContextProxy.applyClientDiffInternal():892 Ignore [FetchSuggestions] diff due to stale request: 13123<13125, inputStateId=12532, lastInputStateId=12532
10-20 00:59:33.497  1929  1929 I InlineSuggestionCandidateViewController: InlineSuggestionCandidateViewController.textCandidatesUpdated():621 Not showing inline suggestion tooltip v2; has candidates
10-20 00:59:33.506  1929  1929 I KeyboardViewController: KeyboardViewController.lambda$showSelfAndAncestors$6():594 current view doesn't has the priority com.google.android.apps.inputmethod.latin.keyboard.widget.LatinFixedCountCandidatesHolderView{1ea64fd I.E...... ......ID 95,0-975,116 #7f0b145f app:id/softkey_holder_fixed_candidates} to show itself, PREEMPTIVE
10-20 00:59:33.530  1545  1545 I ViewInteraction: Performing 'replace text()' action on view view.getId() is <2131296467/com.example.cocktailsdbapp:id/et_email_input>
10-20 00:59:33.538  1929  1929 I InlineSuggestionCandidateViewController: InlineSuggestionCandidateViewController.textCandidatesUpdated():621 Not showing inline suggestion tooltip v2; has candidates
10-20 00:59:33.539  1929  1929 I KeyboardViewController: KeyboardViewController.lambda$showSelfAndAncestors$6():594 current view doesn't has the priority com.google.android.apps.inputmethod.latin.keyboard.widget.LatinFixedCountCandidatesHolderView{1ea64fd I.E...... ......ID 95,0-975,116 #7f0b145f app:id/softkey_holder_fixed_candidates} to show itself, PREEMPTIVE
10-20 00:59:33.547  1545  1545 I ViewInteraction: Performing 'type text(cocktailstest@example.com)' action on view view.getId() is <2131296467/com.example.cocktailsdbapp:id/et_email_input>
10-20 00:59:33.611  1929  1929 I GoogleInputMethodService: GoogleInputMethodService.onFinishInputView():2365
10-20 00:59:33.612  1545  1545 D InputMethodManager: showSoftInput() view=androidx.appcompat.widget.AppCompatEditText{955f49f VFED..CL. .F.P..ID 119,418-959,526 #7f0900d3 app:id/et_email_input aid=1073741828} flags=0 reason=SHOW_SOFT_INPUT
10-20 00:59:33.616  1929  1929 I InlineSuggestionCandidateViewController: InlineSuggestionCandidateViewController.setInlineSuggestionCandidateImpl():1163 set  to inlineSuggestionTextView
10-20 00:59:33.623  1929  2492 I native  : I1020 00:59:33.623788    2492 input-context-store.cc:161] Ignoring stale client request for FetchSuggestions
10-20 00:59:33.629  1929  1929 I KeyboardWrapper: KeyboardWrapper.consumeEvent():287 Skip consuming an event as current keyboard is deactivated (state=0, keyboard existence=true)
10-20 00:59:33.630  1929  1929 I VoiceInputManagerWrapper: VoiceInputManagerWrapper.shutdown():76 shutdown()
10-20 00:59:33.631  1929  1929 I AndroidIME: AbstractIme.onDeactivate():207 LatinIme.onDeactivate()
10-20 00:59:33.632  1929  2492 I native  : I1020 00:59:33.632231    2492 input-context-store.cc:161] Ignoring stale client request for OverrideDecodedCandidates
10-20 00:59:33.634  1929  1929 I GoogleInputMethodService: GoogleInputMethodService.onFinishInput():3420
10-20 00:59:33.635  1929  1929 I GoogleInputMethodService: GoogleInputMethodService.onStartInput():2002
10-20 00:59:33.636  1929  1929 I DeviceUnlockedTag: DeviceUnlockedTag.notifyDeviceLockStatusChanged():31 Notify device unlocked.
10-20 00:59:33.638  1929  1929 I GoogleInputMethodService: GoogleInputMethodService.onStartInputView():2148
10-20 00:59:33.639  1929  1929 I DeviceUnlockedTag: DeviceUnlockedTag.notifyDeviceLockStatusChanged():31 Notify device unlocked.
10-20 00:59:33.643  1929  1929 I KeyboardViewUtil: KeyboardViewUtil.getKeyboardHeightRatio():166 systemKeyboardHeightRatio:1.000000; userKeyboardHeightRatio:1.000000.
10-20 00:59:33.644  1929  1929 I AndroidIME: AbstractIme.onActivate():86 LatinIme.onActivate() : EditorInfo = inputType=Email imeActionName=NEXT dump=[inputType=0x21 imeOptions=0xc000005 privateImeOptions=null actionLabel=null actionId=0 initialSelStart=0 initialSelEnd=0 initialCapsMode=0x0 hintText=email label=null packageName=com.example.cocktailsdbapp autofillId=1073741828 fieldId=2131296467 fieldName=null extras=Bundle[{android.support.text.emoji.emojiCompat_metadataVersion=8, android.support.text.emoji.emojiCompat_replaceAll=false}] hintLocales=null contentMimeTypes=null ], IncognitoMode = false, DeviceLocked = false
10-20 00:59:33.645  1929  1929 I Delight5Facilitator: Delight5Facilitator.initializeForIme():718 initializeForIme() : Locale = [en_US], layout = qwerty
10-20 00:59:33.646  1929  1929 I VoiceInputManagerWrapper: VoiceInputManagerWrapper.cancelShutdown():54 cancelShutdown()
10-20 00:59:33.646   372 13548 D goldfish-address-space: claimShared: Ask to claim region [0x3ebc1d000 0x3ebc6a000]
10-20 00:59:33.648  1929  1929 I VoiceInputManagerWrapper: VoiceInputManagerWrapper.syncLanguagePacks():66 syncLanguagePacks()
10-20 00:59:33.650  1929 13454 I SpeechFactory: SpeechRecognitionFactory.maybeScheduleAutoPackDownloadForFallback():182 maybeScheduleAutoPackDownloadForFallback()
10-20 00:59:33.650  1929 13454 I FallbackOnDeviceRecognitionProvider: FallbackOnDeviceRecognitionProvider.maybeScheduleAutoPackDownload():194 maybeScheduleAutoPackDownload() for language tag en-US
10-20 00:59:33.652  1929  1929 I LatinIme: LatinIme.updateEnableInlineSuggestionsOnDecoderSideFlags():1293 inline flag updated to:false
10-20 00:59:33.654   372 13548 D goldfish-address-space: claimShared: Ask to claim region [0x3ebc6a000 0x3ebcb7000]
10-20 00:59:33.657   372   372 D goldfish-address-space: claimShared: Ask to claim region [0x3ebcb7000 0x3ebd04000]
10-20 00:59:33.667  1929  1929 I KeyboardWrapper: KeyboardWrapper.consumeEvent():287 Skip consuming an event as current keyboard is deactivated (state=0, keyboard existence=true)
10-20 00:59:33.678  1545  1545 W IInputConnectionWrapper: setComposingRegion on inactive InputConnection
10-20 00:59:33.681  1929  1929 I KeyboardViewUtil: KeyboardViewUtil.calculateMaxKeyboardBodyHeight():62 leave 354 height for app when screen height:2274, header height:116 and isFullscreenMode:false, so the max keyboard body height is:1804
10-20 00:59:33.687  1929  1929 I NormalModeController: NormalModeController.getKeyboardBodyViewHolderPaddingBottom():109 currentPrimeKeyboardType:SOFT systemPaddingBottom:-1
10-20 00:59:33.691  1929  1929 I KeyboardViewUtil: KeyboardViewUtil.calculateMaxKeyboardBodyHeight():62 leave 354 height for app when screen height:2274, header height:116 and isFullscreenMode:false, so the max keyboard body height is:1804
10-20 00:59:33.693  1929  2492 I Delight5Decoder: Delight5DecoderWrapper.setKeyboardLayout():434 setKeyboardLayout()
10-20 00:59:33.697  1929  1929 I NormalModeController: NormalModeController.getKeyboardBodyViewHolderPaddingBottom():109 currentPrimeKeyboardType:SOFT systemPaddingBottom:-1
10-20 00:59:33.698  1929  1929 I AndroidIME: KeyboardViewManager.updateKeyboardBodyViewHolderPaddingBottom():513 Set finalPaddingBottom = 0 while keyboardBottomGapFromScreen = 0; navigationHeight = 126
10-20 00:59:33.699  1929  1929 I NormalModeController: NormalModeController.getKeyboardBodyViewHolderPaddingBottom():109 currentPrimeKeyboardType:SOFT systemPaddingBottom:-1
10-20 00:59:33.702  1929  1929 I AndroidIME: KeyboardViewManager.updateKeyboardBodyViewHolderPaddingBottom():513 Set finalPaddingBottom = 0 while keyboardBottomGapFromScreen = 0; navigationHeight = 126
10-20 00:59:33.708  1929  1929 I ProactiveSuggestionsHolderManager: ProactiveSuggestionsHolderManager$3.display():213 Requesting to show proactive suggestions: CLIPBOARD PREEMPTIVE_WITH_SUPPRESSION
10-20 00:59:33.711  1929  1929 I CurrentMicStatusHolder: CurrentMicStatusHolder.onStartInputView():79 Current Mic status = {MicIconHidden-EmailInputType,}
10-20 00:59:33.711  1929  1929 I VoiceImeExtension: VoiceImeExtension.shouldStartVoiceInputAutomatically():354 No private IME option set to start voice input.
10-20 00:59:33.714  1545  1545 D InsetsController: show(ime(), fromIme=true)
10-20 00:59:33.727  7442  7442 D BoundBrokerSvc: onBind: Intent { act=com.google.android.gms.common.BIND_SHARED_PREFS pkg=com.google.android.gms }
10-20 00:59:33.727  7442  7442 D BoundBrokerSvc: Loading bound service for intent: Intent { act=com.google.android.gms.common.BIND_SHARED_PREFS pkg=com.google.android.gms }
10-20 00:59:33.731  1929  1929 W InputContextProxy: InputContextProxy.applyClientDiffInternal():892 Ignore [FetchSuggestions] diff due to stale request: 13129<13132, inputStateId=0, lastInputStateId=12538
10-20 00:59:33.734  7442  7442 D BoundBrokerSvc: onUnbind: Intent { act=com.google.android.gms.common.BIND_SHARED_PREFS pkg=com.google.android.gms }
10-20 00:59:33.741  1929  2403 D EGL_emulation: app_time_stats: avg=74.48ms min=5.20ms max=306.01ms count=14
10-20 00:59:33.743  1545  1545 D InsetsController: show(ime(), fromIme=true)
10-20 00:59:33.765  7442  7442 D BoundBrokerSvc: onBind: Intent { act=com.google.android.gms.common.BIND_SHARED_PREFS pkg=com.google.android.gms }
10-20 00:59:33.766  7442  7442 D BoundBrokerSvc: Loading bound service for intent: Intent { act=com.google.android.gms.common.BIND_SHARED_PREFS pkg=com.google.android.gms }
10-20 00:59:33.777  7442  7442 D BoundBrokerSvc: onUnbind: Intent { act=com.google.android.gms.common.BIND_SHARED_PREFS pkg=com.google.android.gms }
10-20 00:59:33.919  1545  1545 D UiControllerImpl: Injecting string: "cocktailstest@example.com"
10-20 00:59:33.998  1929  1929 I InlineSuggestionCandidateViewController: InlineSuggestionCandidateViewController.textCandidatesUpdated():621 Not showing inline suggestion tooltip v2; has candidates
10-20 00:59:34.000  1929  1929 I KeyboardViewController: KeyboardViewController.lambda$showSelfAndAncestors$6():594 current view doesn't has the priority com.google.android.apps.inputmethod.latin.keyboard.widget.LatinFixedCountCandidatesHolderView{1ea64fd I.E...... ......ID 95,0-975,116 #7f0b145f app:id/softkey_holder_fixed_candidates} to show itself, PREEMPTIVE
10-20 00:59:34.015   582  2191 W InputManager-JNI: Input channel object '3383d02 PopupWindow:9b3837d (client)' was disposed without first being removed with the input manager!
10-20 00:59:34.052  1929  1929 I InlineSuggestionCandidateViewController: InlineSuggestionCandidateViewController.textCandidatesUpdated():621 Not showing inline suggestion tooltip v2; has candidates
10-20 00:59:34.056  1929  1929 I KeyboardViewController: KeyboardViewController.lambda$showSelfAndAncestors$6():594 current view doesn't has the priority com.google.android.apps.inputmethod.latin.keyboard.widget.LatinFixedCountCandidatesHolderView{1ea64fd I.E...... ......ID 95,0-975,116 #7f0b145f app:id/softkey_holder_fixed_candidates} to show itself, PREEMPTIVE
10-20 00:59:34.097  1929  2492 I native  : I1020 00:59:34.097495    2492 input-context-store.cc:238] Ignoring stale client request for FetchSuggestions
10-20 00:59:34.101  1929  1929 W InputContextProxy: InputContextProxy.applyClientDiffInternal():892 Ignore [FetchSuggestions] diff due to stale request: 13138<13140, inputStateId=12545, lastInputStateId=12545
10-20 00:59:34.142  1929  1929 I InlineSuggestionCandidateViewController: InlineSuggestionCandidateViewController.textCandidatesUpdated():621 Not showing inline suggestion tooltip v2; has candidates
10-20 00:59:34.147  1929  1929 I KeyboardViewController: KeyboardViewController.lambda$showSelfAndAncestors$6():594 current view doesn't has the priority com.google.android.apps.inputmethod.latin.keyboard.widget.LatinFixedCountCandidatesHolderView{1ea64fd I.E...... ......ID 95,0-975,116 #7f0b145f app:id/softkey_holder_fixed_candidates} to show itself, PREEMPTIVE
10-20 00:59:34.193  1929  1929 W InputContextProxy: InputContextProxy.applyClientDiffInternal():892 Ignore [FetchSuggestions] diff due to stale request: 13142<13144, inputStateId=12548, lastInputStateId=12549
10-20 00:59:34.235  1929  1929 W InputContextProxy: InputContextProxy.applyClientDiffInternal():892 Ignore [FetchSuggestions] diff due to stale request: 13144<13145, inputStateId=12550, lastInputStateId=12551
10-20 00:59:34.274  1929  1929 I InlineSuggestionCandidateViewController: InlineSuggestionCandidateViewController.textCandidatesUpdated():621 Not showing inline suggestion tooltip v2; has candidates
10-20 00:59:34.275  1929  1929 I KeyboardViewController: KeyboardViewController.lambda$showSelfAndAncestors$6():594 current view doesn't has the priority com.google.android.apps.inputmethod.latin.keyboard.widget.LatinFixedCountCandidatesHolderView{1ea64fd I.E...... ......ID 95,0-975,116 #7f0b145f app:id/softkey_holder_fixed_candidates} to show itself, PREEMPTIVE
10-20 00:59:34.307  1929  1929 W InputContextProxy: InputContextProxy.applyClientDiffInternal():892 Ignore [FetchSuggestions] diff due to stale request: 13148<13150, inputStateId=12554, lastInputStateId=12555
10-20 00:59:34.311  1929  1929 I InlineSuggestionCandidateViewController: InlineSuggestionCandidateViewController.textCandidatesUpdated():621 Not showing inline suggestion tooltip v2; has candidates
10-20 00:59:34.314  1929  1929 I KeyboardViewController: KeyboardViewController.lambda$showSelfAndAncestors$6():594 current view doesn't has the priority com.google.android.apps.inputmethod.latin.keyboard.widget.LatinFixedCountCandidatesHolderView{1ea64fd I.E...... ......ID 95,0-975,116 #7f0b145f app:id/softkey_holder_fixed_candidates} to show itself, PREEMPTIVE
10-20 00:59:34.365  1929  1929 I InlineSuggestionCandidateViewController: InlineSuggestionCandidateViewController.textCandidatesUpdated():621 Not showing inline suggestion tooltip v2; has candidates
10-20 00:59:34.366  1929  1929 I KeyboardViewController: KeyboardViewController.lambda$showSelfAndAncestors$6():594 current view doesn't has the priority com.google.android.apps.inputmethod.latin.keyboard.widget.LatinFixedCountCandidatesHolderView{1ea64fd I.E...... ......ID 95,0-975,116 #7f0b145f app:id/softkey_holder_fixed_candidates} to show itself, PREEMPTIVE
10-20 00:59:34.398  1929  1929 I InlineSuggestionCandidateViewController: InlineSuggestionCandidateViewController.textCandidatesUpdated():621 Not showing inline suggestion tooltip v2; has candidates
10-20 00:59:34.399  1929  1929 I KeyboardViewController: KeyboardViewController.lambda$showSelfAndAncestors$6():594 current view doesn't has the priority com.google.android.apps.inputmethod.latin.keyboard.widget.LatinFixedCountCandidatesHolderView{1ea64fd I.E...... ......ID 95,0-975,116 #7f0b145f app:id/softkey_holder_fixed_candidates} to show itself, PREEMPTIVE
10-20 00:59:34.444  1929  1929 W InputContextProxy: InputContextProxy.applyClientDiffInternal():892 Ignore [FetchSuggestions] diff due to stale request: 13156<13158, inputStateId=12562, lastInputStateId=12563
10-20 00:59:34.487  1545  1579 D EGL_emulation: app_time_stats: avg=41.49ms min=8.47ms max=261.45ms count=24
10-20 00:59:34.499  1929  1929 W InputContextProxy: InputContextProxy.applyClientDiffInternal():892 Ignore [FetchSuggestions] diff due to stale request: 13158<13159, inputStateId=12564, lastInputStateId=12563
10-20 00:59:34.501  1929  1929 I InlineSuggestionCandidateViewController: InlineSuggestionCandidateViewController.textCandidatesUpdated():621 Not showing inline suggestion tooltip v2; has candidates
10-20 00:59:34.504  1929  1929 I KeyboardViewController: KeyboardViewController.lambda$showSelfAndAncestors$6():594 current view doesn't has the priority com.google.android.apps.inputmethod.latin.keyboard.widget.LatinFixedCountCandidatesHolderView{1ea64fd I.E...... ......ID 95,0-975,116 #7f0b145f app:id/softkey_holder_fixed_candidates} to show itself, PREEMPTIVE
10-20 00:59:34.559  1929  2492 I native  : I1020 00:59:34.559539    2492 input-context-store.cc:161] Ignoring stale client request for FetchSuggestions
10-20 00:59:34.562  1929  2492 I native  : I1020 00:59:34.562506    2492 input-context-store.cc:161] Ignoring stale client request for OverrideDecodedCandidates
10-20 00:59:34.580  1929  1929 W InputContextProxy: InputContextProxy.applyClientDiffInternal():892 Ignore [FetchSuggestions] diff due to stale request: 13163<13166, inputStateId=0, lastInputStateId=12570
10-20 00:59:34.816  1545  1545 I ViewInteraction: Performing 'replace text()' action on view view.getId() is <2131296469/com.example.cocktailsdbapp:id/et_password_input>
10-20 00:59:34.828  1545  1545 I ViewInteraction: Performing 'type text(password123)' action on view view.getId() is <2131296469/com.example.cocktailsdbapp:id/et_password_input>
10-20 00:59:34.885  1929  1929 I GoogleInputMethodService: GoogleInputMethodService.onFinishInputView():2365
10-20 00:59:34.886  1545  1545 D InputMethodManager: showSoftInput() view=androidx.appcompat.widget.AppCompatEditText{c1bc9ec VFED..CL. .F.P..ID 119,552-959,660 #7f0900d5 app:id/et_password_input aid=1073741829} flags=0 reason=SHOW_SOFT_INPUT
10-20 00:59:34.894  1929  1929 I InlineSuggestionCandidateViewController: InlineSuggestionCandidateViewController.setInlineSuggestionCandidateImpl():1163 set  to inlineSuggestionTextView
10-20 00:59:34.899  1929  1929 I KeyboardWrapper: KeyboardWrapper.consumeEvent():287 Skip consuming an event as current keyboard is deactivated (state=0, keyboard existence=true)
10-20 00:59:34.899  1929  1929 I VoiceInputManagerWrapper: VoiceInputManagerWrapper.shutdown():76 shutdown()
10-20 00:59:34.903  1929  1929 I AndroidIME: AbstractIme.onDeactivate():207 LatinIme.onDeactivate()
10-20 00:59:34.907  1929  1929 I GoogleInputMethodService: GoogleInputMethodService.onFinishInput():3420
10-20 00:59:34.907  1929  1929 I GoogleInputMethodService: GoogleInputMethodService.onStartInput():2002
10-20 00:59:34.911   372   372 D goldfish-address-space: claimShared: Ask to claim region [0x3ebc1d000 0x3ebc6a000]
10-20 00:59:34.914  1929  1929 I DeviceUnlockedTag: DeviceUnlockedTag.notifyDeviceLockStatusChanged():31 Notify device unlocked.
10-20 00:59:34.915   372   372 D goldfish-address-space: claimShared: Ask to claim region [0x3ebc6a000 0x3ebcb7000]
10-20 00:59:34.916  1929  1929 I GoogleInputMethodService: GoogleInputMethodService.onStartInputView():2148
10-20 00:59:34.918   372   372 D goldfish-address-space: claimShared: Ask to claim region [0x3ebcb7000 0x3ebd04000]
10-20 00:59:34.920  1929  1929 I DeviceUnlockedTag: DeviceUnlockedTag.notifyDeviceLockStatusChanged():31 Notify device unlocked.
10-20 00:59:34.949  1929  1929 I KeyboardViewUtil: KeyboardViewUtil.getKeyboardHeightRatio():166 systemKeyboardHeightRatio:1.000000; userKeyboardHeightRatio:1.000000.
10-20 00:59:34.950  1929  1929 I AndroidIME: AbstractIme.onActivate():86 PasswordIme.onActivate() : EditorInfo = inputType=Password imeActionName=DONE dump=[inputType=0x81 imeOptions=0x4000006 privateImeOptions=null actionLabel=null actionId=0 initialSelStart=0 initialSelEnd=0 initialCapsMode=0x0 hintText=password label=null packageName=com.example.cocktailsdbapp autofillId=1073741829 fieldId=2131296469 fieldName=null extras=Bundle[{android.support.text.emoji.emojiCompat_metadataVersion=8, android.support.text.emoji.emojiCompat_replaceAll=false}] hintLocales=null contentMimeTypes=null ], IncognitoMode = false, DeviceLocked = false
10-20 00:59:34.955  1929  1929 I KeyboardViewHelper: KeyboardViewHelper.getView():167 Get view with height ratio:1.000000
10-20 00:59:34.965  1929  1929 I KeyboardViewUtil: KeyboardViewUtil.calculateMaxKeyboardBodyHeight():62 leave 354 height for app when screen height:2274, header height:116 and isFullscreenMode:false, so the max keyboard body height is:1804
10-20 00:59:34.966  1929  1929 I InlineSuggestionCandidateViewController: InlineSuggestionCandidateViewController.setInlineSuggestionCandidateImpl():1163 set  to inlineSuggestionTextView
10-20 00:59:34.966  1929  1929 I KeyboardViewUtil: KeyboardViewUtil.calculateMaxKeyboardBodyHeight():62 leave 354 height for app when screen height:2274, header height:116 and isFullscreenMode:false, so the max keyboard body height is:1804
10-20 00:59:34.967  1929  1929 I NormalModeController: NormalModeController.getKeyboardBodyViewHolderPaddingBottom():109 currentPrimeKeyboardType:SOFT systemPaddingBottom:-1
10-20 00:59:34.968  1929  1929 I AndroidIME: KeyboardViewManager.updateKeyboardBodyViewHolderPaddingBottom():513 Set finalPaddingBottom = 0 while keyboardBottomGapFromScreen = 0; navigationHeight = 126
10-20 00:59:34.968  1929  1929 I NormalModeController: NormalModeController.getKeyboardBodyViewHolderPaddingBottom():109 currentPrimeKeyboardType:SOFT systemPaddingBottom:-1
10-20 00:59:34.970  1929  1929 I AndroidIME: KeyboardViewManager.updateKeyboardBodyViewHolderPaddingBottom():513 Set finalPaddingBottom = 0 while keyboardBottomGapFromScreen = 0; navigationHeight = 126
10-20 00:59:34.976  1929  1929 I ProactiveSuggestionsHolderManager: ProactiveSuggestionsHolderManager$3.display():213 Requesting to show proactive suggestions: CLIPBOARD PREEMPTIVE_WITH_SUPPRESSION
10-20 00:59:34.979  1929  1929 I CurrentMicStatusHolder: CurrentMicStatusHolder.onStartInputView():79 Current Mic status = {MicIconHidden-SettingOff,MicIconHidden-PasswordOrNumberOrDateInputType,}
10-20 00:59:34.979  1929  1929 I VoiceImeExtension: VoiceImeExtension.shouldStartVoiceInputAutomatically():354 No private IME option set to start voice input.
10-20 00:59:34.984  1545  1545 D InsetsController: show(ime(), fromIme=true)
10-20 00:59:35.002  7442  7442 D BoundBrokerSvc: onBind: Intent { act=com.google.android.gms.common.BIND_SHARED_PREFS pkg=com.google.android.gms }
10-20 00:59:35.003  7442  7442 D BoundBrokerSvc: Loading bound service for intent: Intent { act=com.google.android.gms.common.BIND_SHARED_PREFS pkg=com.google.android.gms }
10-20 00:59:35.017  1929  2403 D EGL_emulation: app_time_stats: avg=122.95ms min=3.96ms max=565.76ms count=10
10-20 00:59:35.017  7442  7442 D BoundBrokerSvc: onUnbind: Intent { act=com.google.android.gms.common.BIND_SHARED_PREFS pkg=com.google.android.gms }
10-20 00:59:35.027  1545  1545 D InsetsController: show(ime(), fromIme=true)
10-20 00:59:35.033  7442  7442 D BoundBrokerSvc: onBind: Intent { act=com.google.android.gms.common.BIND_SHARED_PREFS pkg=com.google.android.gms }
10-20 00:59:35.034  7442  7442 D BoundBrokerSvc: Loading bound service for intent: Intent { act=com.google.android.gms.common.BIND_SHARED_PREFS pkg=com.google.android.gms }
10-20 00:59:35.043  7442  7442 D BoundBrokerSvc: onUnbind: Intent { act=com.google.android.gms.common.BIND_SHARED_PREFS pkg=com.google.android.gms }
10-20 00:59:35.164  1545  1545 D UiControllerImpl: Injecting string: "password123"
10-20 00:59:35.208  1929  1929 I KeyboardViewController: KeyboardViewController.lambda$showSelfAndAncestors$6():594 current view doesn't has the priority android.widget.LinearLayout{a3fff2a I.E...... .......D 0,0-1080,116 #7f0b03ac app:id/key_pos_password_header_numbers} to show itself, DEFAULT
10-20 00:59:35.246  1929  1929 I KeyboardViewController: KeyboardViewController.lambda$showSelfAndAncestors$6():594 current view doesn't has the priority android.widget.LinearLayout{a3fff2a I.E...... .......D 0,0-1080,116 #7f0b03ac app:id/key_pos_password_header_numbers} to show itself, DEFAULT
10-20 00:59:35.255   582  2372 W InputManager-JNI: Input channel object '6341e0a PopupWindow:8abfe9e (client)' was disposed without first being removed with the input manager!
10-20 00:59:35.280  1929  1929 I KeyboardViewController: KeyboardViewController.lambda$showSelfAndAncestors$6():594 current view doesn't has the priority android.widget.LinearLayout{a3fff2a I.E...... .......D 0,0-1080,116 #7f0b03ac app:id/key_pos_password_header_numbers} to show itself, DEFAULT
10-20 00:59:35.316  1929  1929 I KeyboardViewController: KeyboardViewController.lambda$showSelfAndAncestors$6():594 current view doesn't has the priority android.widget.LinearLayout{a3fff2a I.E...... .......D 0,0-1080,116 #7f0b03ac app:id/key_pos_password_header_numbers} to show itself, DEFAULT
10-20 00:59:35.348  1929  1929 I KeyboardViewController: KeyboardViewController.lambda$showSelfAndAncestors$6():594 current view doesn't has the priority android.widget.LinearLayout{a3fff2a I.E...... .......D 0,0-1080,116 #7f0b03ac app:id/key_pos_password_header_numbers} to show itself, DEFAULT
10-20 00:59:35.394  1929  1929 I KeyboardViewController: KeyboardViewController.lambda$showSelfAndAncestors$6():594 current view doesn't has the priority android.widget.LinearLayout{a3fff2a I.E...... .......D 0,0-1080,116 #7f0b03ac app:id/key_pos_password_header_numbers} to show itself, DEFAULT
10-20 00:59:35.415  1929  1929 I KeyboardViewController: KeyboardViewController.lambda$showSelfAndAncestors$6():594 current view doesn't has the priority android.widget.LinearLayout{a3fff2a I.E...... .......D 0,0-1080,116 #7f0b03ac app:id/key_pos_password_header_numbers} to show itself, DEFAULT
10-20 00:59:35.449  1929  1929 I KeyboardViewController: KeyboardViewController.lambda$showSelfAndAncestors$6():594 current view doesn't has the priority android.widget.LinearLayout{a3fff2a I.E...... .......D 0,0-1080,116 #7f0b03ac app:id/key_pos_password_header_numbers} to show itself, DEFAULT
10-20 00:59:35.490  1929  1929 I KeyboardViewController: KeyboardViewController.lambda$showSelfAndAncestors$6():594 current view doesn't has the priority android.widget.LinearLayout{a3fff2a I.E...... .......D 0,0-1080,116 #7f0b03ac app:id/key_pos_password_header_numbers} to show itself, DEFAULT
10-20 00:59:35.531  1545  1579 D EGL_emulation: app_time_stats: avg=38.23ms min=3.68ms max=262.26ms count=27
10-20 00:59:35.535  1929  1929 I KeyboardViewController: KeyboardViewController.lambda$showSelfAndAncestors$6():594 current view doesn't has the priority android.widget.LinearLayout{a3fff2a I.E...... .......D 0,0-1080,116 #7f0b03ac app:id/key_pos_password_header_numbers} to show itself, DEFAULT
10-20 00:59:35.564  1929  1929 I KeyboardViewController: KeyboardViewController.lambda$showSelfAndAncestors$6():594 current view doesn't has the priority android.widget.LinearLayout{a3fff2a I.E...... .......D 0,0-1080,116 #7f0b03ac app:id/key_pos_password_header_numbers} to show itself, DEFAULT
10-20 00:59:35.568  1545  1545 I ViewInteraction: Performing 'single click' action on view view.getId() is <2131296378/com.example.cocktailsdbapp:id/bt_register>
10-20 00:59:35.700   372   372 D goldfish-address-space: claimShared: Ask to claim region [0x3ebc1d000 0x3ebdde000]
10-20 00:59:35.706   372   372 D goldfish-address-space: claimShared: Ask to claim region [0x3ebdde000 0x3ebf9f000]
10-20 00:59:35.711   372   372 D goldfish-address-space: claimShared: Ask to claim region [0x3eacd8000 0x3eae99000]
10-20 00:59:35.744  1186  1256 D EGL_emulation: app_time_stats: avg=165.03ms min=2.51ms max=2766.93ms count=18
10-20 00:59:36.962  1545  1545 I ViewInteraction: Checking 'MatchesViewAssertion{viewMatcher=(view has effective visibility <VISIBLE> and view.getGlobalVisibleRect() to return non-empty rectangle)}' assertion on view an instance of android.widget.TextView and view.getText() with or without transformation to match: is "Registration Successful!"
10-20 00:59:36.966  1545  1545 I ViewInteraction: Performing 'single click' action on view an instance of android.widget.TextView and view.getText() with or without transformation to match: is "OK"
10-20 00:59:37.031  1545  1579 D EGL_emulation: app_time_stats: avg=118.79ms min=7.64ms max=1151.59ms count=11
10-20 00:59:37.046  1545  1579 D OpenGLRenderer: endAllActiveAnimators on 0x7eb6f87477e0 (RippleDrawable) with handle 0x7eb6087581e0
10-20 00:59:37.048   582  2372 W InputManager-JNI: Input channel object '5bffc47 com.example.cocktailsdbapp/com.example.cocktailsdbapp.MainActivity (client)' was disposed without first being removed with the input manager!
10-20 00:59:37.079  1186  1256 D EGL_emulation: app_time_stats: avg=145.77ms min=10.22ms max=1203.41ms count=9
10-20 00:59:37.103  1545  1579 D EGL_emulation: app_time_stats: avg=22.04ms min=2.94ms max=629.30ms count=55
10-20 00:59:37.129  1545  2071 I okhttp.OkHttpClient: --> GET https://www.thecocktaildb.com/api/json/v1/1/filter.php?a=Alcoholic
10-20 00:59:37.130  1545  2071 I okhttp.OkHttpClient: --> END GET
10-20 00:59:37.178  1545  1545 E RecyclerView: No adapter attached; skipping layout
10-20 00:59:37.186  1929  1929 I GoogleInputMethodService: GoogleInputMethodService.onFinishInputView():2365
10-20 00:59:37.193  1929  1929 I AndroidIME: AbstractIme.onDeactivate():207 PasswordIme.onDeactivate()
10-20 00:59:37.199  1929  1929 I GoogleInputMethodService: GoogleInputMethodService.onFinishInput():3420
10-20 00:59:37.200  1929  1929 I GoogleInputMethodService: GoogleInputMethodService.onStartInput():2002
10-20 00:59:37.214  1929  1929 I DeviceUnlockedTag: DeviceUnlockedTag.notifyDeviceLockStatusChanged():31 Notify device unlocked.
10-20 00:59:37.218  1545  2071 I okhttp.OkHttpClient: <-- 200 https://www.thecocktaildb.com/api/json/v1/1/filter.php?a=Alcoholic (85ms)
10-20 00:59:37.218  1545  2071 I okhttp.OkHttpClient: date: Sun, 19 Oct 2025 22:59:45 GMT
10-20 00:59:37.219  1545  2071 I okhttp.OkHttpClient: content-type: application/json
10-20 00:59:37.225  1545  2071 I okhttp.OkHttpClient: server: cloudflare
10-20 00:59:37.225  1545  2071 I okhttp.OkHttpClient: x-powered-by: PHP/7.4.33
10-20 00:59:37.226  1545  2071 I okhttp.OkHttpClient: access-control-allow-origin: *
10-20 00:59:37.226  1545  2071 I okhttp.OkHttpClient: cf-cache-status: DYNAMIC
