10-20 00:59:41.285  1545  1569 I TestRunner: started: testCocktailsRecyclerViewHasItems(com.example.cocktailsdbapp.ui.cocktails.CocktailsFragmentTest)
10-20 00:59:41.308  1545  1569 W Settings: Setting always_finish_activities has moved from android.provider.Settings.System to android.provider.Settings.Global, returning read-only value.
10-20 00:59:41.323  1929  1929 I GoogleInputMethodService: GoogleInputMethodService.onFinishInput():3420
10-20 00:59:41.324  1929  1929 I GoogleInputMethodService: GoogleInputMethodService.onStartInput():2002
10-20 00:59:41.325  1929  1929 I DeviceUnlockedTag: DeviceUnlockedTag.notifyDeviceLockStatusChanged():31 Notify device unlocked.
10-20 00:59:41.369  1186  1240 D SplashScreenView: Build android.window.SplashScreenView{fbfd73a V.E...... ......ID 0,0-0,0}
10-20 00:59:41.369  1186  1240 D SplashScreenView: Icon: view: null drawable: null size: 0
10-20 00:59:41.369  1186  1240 D SplashScreenView: Branding: view: android.view.View{91e7feb G.ED..... ......I. 0,0-0,0 #10204a6 android:id/splashscreen_branding_view} drawable: null size w: 0 h: 0
10-20 00:59:41.421  1545  1545 D LifecycleMonitor: Lifecycle status change: com.example.cocktailsdbapp.MainActivity@1a24ad6 in: PRE_ON_CREATE
10-20 00:59:41.421  1545  1545 V ActivityScenario: Activity lifecycle changed event received but ignored because the reported transition was not ON_CREATE while the last known transition was PRE_ON_CREATE
10-20 00:59:41.459   372   372 D goldfish-address-space: claimShared: Ask to claim region [0x3ec000000 0x3ec9e4000]
10-20 00:59:41.466   372   372 D goldfish-address-space: claimShared: Ask to claim region [0x3fb371000 0x3fbd55000]
10-20 00:59:41.479   372   372 D goldfish-address-space: claimShared: Ask to claim region [0x3ef174000 0x3efb58000]
10-20 00:59:41.498  2153  2153 I GsaVoiceInteractionSrv: Handling ACTION_STOP_HOTWORD
10-20 00:59:41.498  2153  2153 E HwDetectorWithState: a: 3
10-20 00:59:41.553   582  2206 W InputManager-JNI: Input channel object '5044322 Splash Screen com.example.cocktailsdbapp.test (client)' was disposed without first being removed with the input manager!
10-20 00:59:41.701  1545  1545 D LifecycleMonitor: Lifecycle status change: com.example.cocktailsdbapp.MainActivity@1a24ad6 in: CREATED
10-20 00:59:41.701  1545  1545 V ActivityScenario: Update currentActivityStage to CREATED, currentActivity=com.example.cocktailsdbapp.MainActivity@1a24ad6
10-20 00:59:41.706  1545  1545 D LifecycleMonitor: Lifecycle status change: com.example.cocktailsdbapp.MainActivity@1a24ad6 in: STARTED
10-20 00:59:41.706  1545  1545 V ActivityScenario: Update currentActivityStage to STARTED, currentActivity=com.example.cocktailsdbapp.MainActivity@1a24ad6
10-20 00:59:41.709  1545  1545 D LifecycleMonitor: Lifecycle status change: com.example.cocktailsdbapp.MainActivity@1a24ad6 in: RESUMED
10-20 00:59:41.709  1545  1545 V ActivityScenario: Update currentActivityStage to RESUMED, currentActivity=com.example.cocktailsdbapp.MainActivity@1a24ad6
10-20 00:59:41.749   372   372 D goldfish-address-space: claimShared: Ask to claim region [0x3f13c8000 0x3f1dac000]
10-20 00:59:41.753   372   372 D goldfish-address-space: claimShared: Ask to claim region [0x3f8000000 0x3f89e4000]
10-20 00:59:41.762   372   372 D goldfish-address-space: claimShared: Ask to claim region [0x3f89e4000 0x3f93c8000]
10-20 00:59:41.819   582   637 I ActivityTaskManager: Displayed com.example.cocktailsdbapp/.MainActivity: +472ms
10-20 00:59:41.894  1929  1929 I GoogleInputMethodService: GoogleInputMethodService.onFinishInput():3420
10-20 00:59:41.895  1929  1929 I GoogleInputMethodService: GoogleInputMethodService.onStartInput():2002
10-20 00:59:41.897  1929  1929 I DeviceUnlockedTag: DeviceUnlockedTag.notifyDeviceLockStatusChanged():31 Notify device unlocked.
10-20 00:59:41.943  1545  1545 I ViewInteraction: Performing 'single click' action on view view.getId() is <2131296378/com.example.cocktailsdbapp:id/bt_register>
10-20 00:59:41.951   582   622 W InputManager-JNI: Input channel object '70e575d com.example.cocktailsdbapp.test/androidx.test.core.app.InstrumentationActivityInvoker$EmptyActivity (client)' was disposed without first being removed with the input manager!
10-20 00:59:42.122   582  2206 W InputManager-JNI: Input channel object 'b138871 Splash Screen com.example.cocktailsdbapp (client)' was disposed without first being removed with the input manager!
10-20 00:59:42.294  1186  1256 D EGL_emulation: app_time_stats: avg=221.94ms min=23.08ms max=1171.93ms count=6
10-20 00:59:42.298  1186  1256 D EGL_emulation: app_time_stats: avg=218.62ms min=26.17ms max=1153.48ms count=6
10-20 00:59:43.036  2087  2099 W ocess.gservice: Reducing the number of considered missed Gc histogram windows from 168 to 100
10-20 00:59:43.366  1545  1545 I ViewInteraction: Performing 'replace text()' action on view view.getId() is <2131296468/com.example.cocktailsdbapp:id/et_name_input>
10-20 00:59:43.374  1545  1579 D EGL_emulation: app_time_stats: avg=87.77ms min=2.47ms max=1166.73ms count=16
10-20 00:59:43.374  1545  1545 I ViewInteraction: Performing 'type text(Cocktails Test User)' action on view view.getId() is <2131296468/com.example.cocktailsdbapp:id/et_name_input>
10-20 00:59:43.426  1929  1929 I GoogleInputMethodService: GoogleInputMethodService.onFinishInput():3420
10-20 00:59:43.426  1545  1545 D InputMethodManager: showSoftInput() view=androidx.appcompat.widget.AppCompatEditText{8f3f321 VFED..CL. .F.P..ID 119,284-959,392 #7f0900d4 app:id/et_name_input aid=1073741827} flags=0 reason=SHOW_SOFT_INPUT
10-20 00:59:43.427  1929  1929 W KeyboardViewController: KeyboardViewController.show():477 Requesting to show sub view with id 2131428268(#0x7f0b03ac) when keyboard HEADER view is not ready to show
10-20 00:59:43.432  1929  1929 I GoogleInputMethodService: GoogleInputMethodService.onStartInput():2002
10-20 00:59:43.434  1929  1929 I DeviceUnlockedTag: DeviceUnlockedTag.notifyDeviceLockStatusChanged():31 Notify device unlocked.
10-20 00:59:43.437  1929  1929 I GoogleInputMethodService: GoogleInputMethodService.onStartInputView():2148
10-20 00:59:43.441  1929  1929 I DeviceUnlockedTag: DeviceUnlockedTag.notifyDeviceLockStatusChanged():31 Notify device unlocked.
10-20 00:59:43.446  1929  1929 I KeyboardViewUtil: KeyboardViewUtil.getKeyboardHeightRatio():166 systemKeyboardHeightRatio:1.000000; userKeyboardHeightRatio:1.000000.
10-20 00:59:43.447  1929  1929 I AndroidIME: AbstractIme.onActivate():86 LatinIme.onActivate() : EditorInfo = inputType=Text imeActionName=NEXT dump=[inputType=0x61 imeOptions=0x8000005 privateImeOptions=null actionLabel=null actionId=0 initialSelStart=0 initialSelEnd=0 initialCapsMode=0x0 hintText=name label=null packageName=com.example.cocktailsdbapp autofillId=1073741827 fieldId=2131296468 fieldName=null extras=Bundle[{android.support.text.emoji.emojiCompat_metadataVersion=8, android.support.text.emoji.emojiCompat_replaceAll=false}] hintLocales=null contentMimeTypes=null ], IncognitoMode = false, DeviceLocked = false
10-20 00:59:43.447  1929  1929 I Delight5Facilitator: Delight5Facilitator.initializeForIme():718 initializeForIme() : Locale = [en_US], layout = qwerty
10-20 00:59:43.447  1929  1929 I VoiceInputManagerWrapper: VoiceInputManagerWrapper.cancelShutdown():54 cancelShutdown()
10-20 00:59:43.448  1929  1929 I VoiceInputManagerWrapper: VoiceInputManagerWrapper.syncLanguagePacks():66 syncLanguagePacks()
10-20 00:59:43.448  1929 13454 I SpeechFactory: SpeechRecognitionFactory.maybeScheduleAutoPackDownloadForFallback():182 maybeScheduleAutoPackDownloadForFallback()
10-20 00:59:43.448  1929 13454 I FallbackOnDeviceRecognitionProvider: FallbackOnDeviceRecognitionProvider.maybeScheduleAutoPackDownload():194 maybeScheduleAutoPackDownload() for language tag en-US
10-20 00:59:43.448  1929  1929 I LatinIme: LatinIme.updateEnableInlineSuggestionsOnDecoderSideFlags():1293 inline flag updated to:false
10-20 00:59:43.454  1545  1545 I AssistStructure: Flattened final assist data: 2988 bytes, containing 1 windows, 17 views
10-20 00:59:43.462  1929  1929 I KeyboardWrapper: KeyboardWrapper.consumeEvent():287 Skip consuming an event as current keyboard is deactivated (state=0, keyboard existence=true)
10-20 00:59:43.476  7378  7378 W svc     : Pending fill request while another request in the same session was triggered. [CONTEXT service_id=177 ]
10-20 00:59:43.479  1929  1929 I KeyboardViewHelper: KeyboardViewHelper.getView():167 Get view with height ratio:1.000000
10-20 00:59:43.486  1957  1957 V InlineSuggestionRenderService: handleDestroySuggestionViews called for 0:85458109
10-20 00:59:43.501  1929  1929 I KeyboardViewUtil: KeyboardViewUtil.calculateMaxKeyboardBodyHeight():62 leave 354 height for app when screen height:2274, header height:116 and isFullscreenMode:false, so the max keyboard body height is:1804
10-20 00:59:43.508  1929  1929 I NormalModeController: NormalModeController.getKeyboardBodyViewHolderPaddingBottom():109 currentPrimeKeyboardType:SOFT systemPaddingBottom:-1
10-20 00:59:43.511  1929  2492 I Delight5Decoder: Delight5DecoderWrapper.setKeyboardLayout():434 setKeyboardLayout()
10-20 00:59:43.511  1929  1929 I KeyboardViewUtil: KeyboardViewUtil.calculateMaxKeyboardBodyHeight():62 leave 354 height for app when screen height:2274, header height:116 and isFullscreenMode:false, so the max keyboard body height is:1804
10-20 00:59:43.514  1929  1929 I NormalModeController: NormalModeController.getKeyboardBodyViewHolderPaddingBottom():109 currentPrimeKeyboardType:SOFT systemPaddingBottom:-1
10-20 00:59:43.514  1929  1929 I AndroidIME: KeyboardViewManager.updateKeyboardBodyViewHolderPaddingBottom():513 Set finalPaddingBottom = 0 while keyboardBottomGapFromScreen = 0; navigationHeight = 126
10-20 00:59:43.514  1929  1929 I NormalModeController: NormalModeController.getKeyboardBodyViewHolderPaddingBottom():109 currentPrimeKeyboardType:SOFT systemPaddingBottom:-1
10-20 00:59:43.516  1929  1929 I AndroidIME: KeyboardViewManager.updateKeyboardBodyViewHolderPaddingBottom():513 Set finalPaddingBottom = 0 while keyboardBottomGapFromScreen = 0; navigationHeight = 126
10-20 00:59:43.517  1929  1929 I VoiceImeExtension: VoiceImeExtension.shouldStartVoiceInputAutomatically():354 No private IME option set to start voice input.
10-20 00:59:43.531  1929  1929 I NormalModeController: NormalModeController.getKeyboardBodyViewHolderPaddingBottom():109 currentPrimeKeyboardType:SOFT systemPaddingBottom:-1
10-20 00:59:43.532   372   372 D goldfish-address-space: claimShared: Ask to claim region [0x3ea337000 0x3eacd8000]
10-20 00:59:43.532  1929  2492 I Delight5Decoder: Delight5DecoderWrapper.setKeyboardLayout():434 setKeyboardLayout()
10-20 00:59:43.547  7442  7442 D BoundBrokerSvc: onBind: Intent { act=com.google.android.gms.common.BIND_SHARED_PREFS pkg=com.google.android.gms }
10-20 00:59:43.550  1186  1256 D EGL_emulation: app_time_stats: avg=139.02ms min=14.76ms max=1121.50ms count=9
10-20 00:59:43.555   372   372 D goldfish-address-space: claimShared: Ask to claim region [0x3e8000000 0x3e89a1000]
10-20 00:59:43.547  7442  7442 D BoundBrokerSvc: Loading bound service for intent: Intent { act=com.google.android.gms.common.BIND_SHARED_PREFS pkg=com.google.android.gms }
10-20 00:59:43.562  1545  1545 D InsetsController: show(ime(), fromIme=true)
10-20 00:59:43.569  7442  7442 D BoundBrokerSvc: onUnbind: Intent { act=com.google.android.gms.common.BIND_SHARED_PREFS pkg=com.google.android.gms }
10-20 00:59:43.577   372   372 D goldfish-address-space: claimShared: Ask to claim region [0x3e89a1000 0x3e9342000]
10-20 00:59:43.613  7442  7442 D BoundBrokerSvc: onBind: Intent { act=com.google.android.gms.common.BIND_SHARED_PREFS pkg=com.google.android.gms }
10-20 00:59:43.613  7442  7442 D BoundBrokerSvc: Loading bound service for intent: Intent { act=com.google.android.gms.common.BIND_SHARED_PREFS pkg=com.google.android.gms }
10-20 00:59:43.617  7442  7442 D BoundBrokerSvc: onUnbind: Intent { act=com.google.android.gms.common.BIND_SHARED_PREFS pkg=com.google.android.gms }
10-20 00:59:43.691  1545  1545 D UiControllerImpl: Injecting string: "Cocktails Test User"
10-20 00:59:43.783  1929  1929 I InlineSuggestionCandidateViewController: InlineSuggestionCandidateViewController.textCandidatesUpdated():621 Not showing inline suggestion tooltip v2; has candidates
10-20 00:59:43.828  1929  1929 W InputContextProxy: InputContextProxy.applyClientDiffInternal():892 Ignore [FetchSuggestions] diff due to stale request: 13193<13194, inputStateId=12598, lastInputStateId=12599
10-20 00:59:43.867  1929  2492 E InputContextLock: InputContextLock.maybeTrackAcquireLockTime():63 Acquire InputContextLock takes 4 ms, mainThreadForSure=false.
10-20 00:59:43.868  1929  1929 W InputContextProxy: InputContextProxy.applyClientDiffInternal():892 Ignore [FetchSuggestions] diff due to stale request: 13195<13196, inputStateId=12600, lastInputStateId=12601
10-20 00:59:43.898  1929  1929 W InputContextProxy: InputContextProxy.applyClientDiffInternal():892 Ignore [FetchSuggestions] diff due to stale request: 13197<13199, inputStateId=12602, lastInputStateId=12603
10-20 00:59:43.929  1929  2492 I native  : I1020 00:59:43.929709    2492 input-context-store.cc:238] Ignoring stale client request for FetchSuggestions
10-20 00:59:43.936  1929  1929 W InputContextProxy: InputContextProxy.applyClientDiffInternal():892 Ignore [FetchSuggestions] diff due to stale request: 13199<13201, inputStateId=12604, lastInputStateId=12604
10-20 00:59:43.955  1929  2492 I native  : I1020 00:59:43.955568    2492 input-context-store.cc:238] Ignoring stale client request for FetchSuggestions
10-20 00:59:43.960  1929  1929 W InputContextProxy: InputContextProxy.applyClientDiffInternal():892 Ignore [FetchSuggestions] diff due to stale request: 13201<13203, inputStateId=12605, lastInputStateId=12605
10-20 00:59:44.000  1929  1929 I InlineSuggestionCandidateViewController: InlineSuggestionCandidateViewController.textCandidatesUpdated():621 Not showing inline suggestion tooltip v2; has candidates
10-20 00:59:44.039  1929  2492 I native  : I1020 00:59:44.039720    2492 input-context-store.cc:238] Ignoring stale client request for FetchSuggestions
10-20 00:59:44.043  1929  1929 W InputContextProxy: InputContextProxy.applyClientDiffInternal():892 Ignore [FetchSuggestions] diff due to stale request: 13205<13207, inputStateId=12608, lastInputStateId=12608
10-20 00:59:44.047  1929  1929 I InlineSuggestionCandidateViewController: InlineSuggestionCandidateViewController.textCandidatesUpdated():621 Not showing inline suggestion tooltip v2; has candidates
10-20 00:59:44.074  1929  2492 I native  : I1020 00:59:44.074293    2492 input-context-store.cc:178] Using roll back input context for operation: [FetchSuggestions] rolled back operation: [OverrideDecodedCandidates] reason: client [12610] vs decoder [12612]
10-20 00:59:44.077  1929  1929 W InputContextProxy: InputContextProxy.applyClientDiffInternal():892 Ignore [FetchSuggestions] diff due to stale request: 13209<13210, inputStateId=12612, lastInputStateId=12610
10-20 00:59:44.095  1929  1929 I InlineSuggestionCandidateViewController: InlineSuggestionCandidateViewController.textCandidatesUpdated():621 Not showing inline suggestion tooltip v2; has candidates
10-20 00:59:44.165  1929  1929 W InputContextProxy: InputContextProxy.applyClientDiffInternal():892 Ignore [FetchSuggestions] diff due to stale request: 13212<13213, inputStateId=12616, lastInputStateId=12617
10-20 00:59:44.217  1929  1929 I InlineSuggestionCandidateViewController: InlineSuggestionCandidateViewController.textCandidatesUpdated():621 Not showing inline suggestion tooltip v2; has candidates
10-20 00:59:44.251  1929  1929 W InputContextProxy: InputContextProxy.applyClientDiffInternal():892 Ignore [FetchSuggestions] diff due to stale request: 13219<13221, inputStateId=12622, lastInputStateId=12623
10-20 00:59:44.285  1929  1929 I KeyboardViewController: KeyboardViewController.lambda$showSelfAndAncestors$6():594 current view doesn't has the priority com.google.android.apps.inputmethod.libs.framework.keyboard.widget.AccessPointsBar{130b33d I.E...... ......ID 95,0-975,116 #7f0b0017 app:id/0_resource_name_obfuscated} to show itself, DEFAULT
10-20 00:59:44.285  1929  1929 W InputContextProxy: InputContextProxy.applyClientDiffInternal():892 Ignore [FetchSuggestions] diff due to stale request: 13221<13223, inputStateId=12624, lastInputStateId=12625
10-20 00:59:44.293  1929  2492 I native  : I1020 00:59:44.293777    2492 input-context-store.cc:178] Using roll back input context for operation: [FetchSuggestions] rolled back operation: [OverrideDecodedCandidates] reason: client [12625] vs decoder [12627]
10-20 00:59:44.297  1929  1929 W InputContextProxy: InputContextProxy.applyClientDiffInternal():892 Ignore [FetchSuggestions] diff due to stale request: 13223<13224, inputStateId=12627, lastInputStateId=12625
10-20 00:59:44.300  1929  1929 I InlineSuggestionCandidateViewController: InlineSuggestionCandidateViewController.textCandidatesUpdated():621 Not showing inline suggestion tooltip v2; has candidates
10-20 00:59:44.377  1545  1579 D EGL_emulation: app_time_stats: avg=31.74ms min=6.71ms max=236.97ms count=31
10-20 00:59:44.390  1929  1929 W InputContextProxy: InputContextProxy.applyClientDiffInternal():892 Ignore [FetchSuggestions] diff due to stale request: 13226<13230, inputStateId=12631, lastInputStateId=12634
10-20 00:59:44.425  1929  1929 I InlineSuggestionCandidateViewController: InlineSuggestionCandidateViewController.textCandidatesUpdated():621 Not showing inline suggestion tooltip v2; has candidates
10-20 00:59:44.486  1545  1545 I ViewInteraction: Performing 'replace text()' action on view view.getId() is <2131296467/com.example.cocktailsdbapp:id/et_email_input>
10-20 00:59:44.501  1929  1929 I InlineSuggestionCandidateViewController: InlineSuggestionCandidateViewController.textCandidatesUpdated():621 Not showing inline suggestion tooltip v2; has candidates
10-20 00:59:44.505  1929  1929 I KeyboardViewController: KeyboardViewController.lambda$showSelfAndAncestors$6():594 current view doesn't has the priority com.google.android.apps.inputmethod.libs.framework.keyboard.widget.AccessPointsBar{130b33d I.E...... ......ID 95,0-975,116 #7f0b0017 app:id/0_resource_name_obfuscated} to show itself, DEFAULT
10-20 00:59:44.515  1545  1545 I ViewInteraction: Performing 'type text(cocktailstest@example.com)' action on view view.getId() is <2131296467/com.example.cocktailsdbapp:id/et_email_input>
10-20 00:59:44.579  1929  1929 I GoogleInputMethodService: GoogleInputMethodService.onFinishInputView():2365
10-20 00:59:44.580  1545  1545 D InputMethodManager: showSoftInput() view=androidx.appcompat.widget.AppCompatEditText{78c346 VFED..CL. .F.P..ID 119,418-959,526 #7f0900d3 app:id/et_email_input aid=1073741828} flags=0 reason=SHOW_SOFT_INPUT
10-20 00:59:44.582  1929  1929 I InlineSuggestionCandidateViewController: InlineSuggestionCandidateViewController.setInlineSuggestionCandidateImpl():1163 set  to inlineSuggestionTextView
10-20 00:59:44.585  1929  1929 I KeyboardWrapper: KeyboardWrapper.consumeEvent():287 Skip consuming an event as current keyboard is deactivated (state=0, keyboard existence=true)
10-20 00:59:44.587  1929  1929 I VoiceInputManagerWrapper: VoiceInputManagerWrapper.shutdown():76 shutdown()
10-20 00:59:44.589  1929  1929 I AndroidIME: AbstractIme.onDeactivate():207 LatinIme.onDeactivate()
10-20 00:59:44.591  1929  1929 I GoogleInputMethodService: GoogleInputMethodService.onFinishInput():3420
10-20 00:59:44.592  1929  2492 W Delight5Decoder: Delight5DecoderWrapper.shouldAbandonMessage():1874 Detected old [FetchSuggestions] request in background: 13235<13236
10-20 00:59:44.594  1929  1929 I GoogleInputMethodService: GoogleInputMethodService.onStartInput():2002
10-20 00:59:44.596  1929  1929 I DeviceUnlockedTag: DeviceUnlockedTag.notifyDeviceLockStatusChanged():31 Notify device unlocked.
10-20 00:59:44.597  1929  1929 I GoogleInputMethodService: GoogleInputMethodService.onStartInputView():2148
10-20 00:59:44.597  1929  1929 I DeviceUnlockedTag: DeviceUnlockedTag.notifyDeviceLockStatusChanged():31 Notify device unlocked.
10-20 00:59:44.599  1929  1929 I KeyboardViewUtil: KeyboardViewUtil.getKeyboardHeightRatio():166 systemKeyboardHeightRatio:1.000000; userKeyboardHeightRatio:1.000000.
10-20 00:59:44.600  1929  1929 I AndroidIME: AbstractIme.onActivate():86 LatinIme.onActivate() : EditorInfo = inputType=Email imeActionName=NEXT dump=[inputType=0x21 imeOptions=0xc000005 privateImeOptions=null actionLabel=null actionId=0 initialSelStart=0 initialSelEnd=0 initialCapsMode=0x0 hintText=email label=null packageName=com.example.cocktailsdbapp autofillId=1073741828 fieldId=2131296467 fieldName=null extras=Bundle[{android.support.text.emoji.emojiCompat_metadataVersion=8, android.support.text.emoji.emojiCompat_replaceAll=false}] hintLocales=null contentMimeTypes=null ], IncognitoMode = false, DeviceLocked = false
10-20 00:59:44.601  1929  1929 I Delight5Facilitator: Delight5Facilitator.initializeForIme():718 initializeForIme() : Locale = [en_US], layout = qwerty
10-20 00:59:44.602  1929  1929 I VoiceInputManagerWrapper: VoiceInputManagerWrapper.cancelShutdown():54 cancelShutdown()
10-20 00:59:44.602  1929  1929 I VoiceInputManagerWrapper: VoiceInputManagerWrapper.syncLanguagePacks():66 syncLanguagePacks()
10-20 00:59:44.604  1929 13454 I SpeechFactory: SpeechRecognitionFactory.maybeScheduleAutoPackDownloadForFallback():182 maybeScheduleAutoPackDownloadForFallback()
10-20 00:59:44.604  1929 13454 I FallbackOnDeviceRecognitionProvider: FallbackOnDeviceRecognitionProvider.maybeScheduleAutoPackDownload():194 maybeScheduleAutoPackDownload() for language tag en-US
10-20 00:59:44.609  1929  1929 I LatinIme: LatinIme.updateEnableInlineSuggestionsOnDecoderSideFlags():1293 inline flag updated to:false
10-20 00:59:44.615  1929  1929 I KeyboardWrapper: KeyboardWrapper.consumeEvent():287 Skip consuming an event as current keyboard is deactivated (state=0, keyboard existence=true)
10-20 00:59:44.618   372   372 D goldfish-address-space: claimShared: Ask to claim region [0x3ebc1d000 0x3ebc6a000]
10-20 00:59:44.619  1929  1929 I KeyboardViewUtil: KeyboardViewUtil.calculateMaxKeyboardBodyHeight():62 leave 354 height for app when screen height:2274, header height:116 and isFullscreenMode:false, so the max keyboard body height is:1804
10-20 00:59:44.632   372   372 D goldfish-address-space: claimShared: Ask to claim region [0x3ebc6a000 0x3ebcb7000]
10-20 00:59:44.636  1929  1929 I NormalModeController: NormalModeController.getKeyboardBodyViewHolderPaddingBottom():109 currentPrimeKeyboardType:SOFT systemPaddingBottom:-1
10-20 00:59:44.636  1929  2492 I Delight5Decoder: Delight5DecoderWrapper.setKeyboardLayout():434 setKeyboardLayout()
10-20 00:59:44.638  1545  1545 W IInputConnectionWrapper: setComposingRegion on inactive InputConnection
10-20 00:59:44.642  1929  1929 I KeyboardViewUtil: KeyboardViewUtil.calculateMaxKeyboardBodyHeight():62 leave 354 height for app when screen height:2274, header height:116 and isFullscreenMode:false, so the max keyboard body height is:1804
10-20 00:59:44.644  1929  1929 I NormalModeController: NormalModeController.getKeyboardBodyViewHolderPaddingBottom():109 currentPrimeKeyboardType:SOFT systemPaddingBottom:-1
10-20 00:59:44.645  1929  1929 I AndroidIME: KeyboardViewManager.updateKeyboardBodyViewHolderPaddingBottom():513 Set finalPaddingBottom = 0 while keyboardBottomGapFromScreen = 0; navigationHeight = 126
10-20 00:59:44.646  1929  1929 I NormalModeController: NormalModeController.getKeyboardBodyViewHolderPaddingBottom():109 currentPrimeKeyboardType:SOFT systemPaddingBottom:-1
10-20 00:59:44.648  1929  1929 I AndroidIME: KeyboardViewManager.updateKeyboardBodyViewHolderPaddingBottom():513 Set finalPaddingBottom = 0 while keyboardBottomGapFromScreen = 0; navigationHeight = 126
10-20 00:59:44.650  1929  1929 I CurrentMicStatusHolder: CurrentMicStatusHolder.onStartInputView():79 Current Mic status = {MicIconHidden-EmailInputType,}
10-20 00:59:44.651  1929  1929 I VoiceImeExtension: VoiceImeExtension.shouldStartVoiceInputAutomatically():354 No private IME option set to start voice input.
10-20 00:59:44.667  7442  7442 D BoundBrokerSvc: onBind: Intent { act=com.google.android.gms.common.BIND_SHARED_PREFS pkg=com.google.android.gms }
10-20 00:59:44.667  7442  7442 D BoundBrokerSvc: Loading bound service for intent: Intent { act=com.google.android.gms.common.BIND_SHARED_PREFS pkg=com.google.android.gms }
10-20 00:59:44.674  1545  1545 D InsetsController: show(ime(), fromIme=true)
10-20 00:59:44.675  7442  7442 D BoundBrokerSvc: onUnbind: Intent { act=com.google.android.gms.common.BIND_SHARED_PREFS pkg=com.google.android.gms }
10-20 00:59:44.678  1929  2403 D EGL_emulation: app_time_stats: avg=65.38ms min=10.55ms max=207.31ms count=17
10-20 00:59:44.684   372   372 D goldfish-address-space: claimShared: Ask to claim region [0x3ebcb7000 0x3ebd04000]
10-20 00:59:44.699  7442  7442 D BoundBrokerSvc: onBind: Intent { act=com.google.android.gms.common.BIND_SHARED_PREFS pkg=com.google.android.gms }
10-20 00:59:44.700  7442  7442 D BoundBrokerSvc: Loading bound service for intent: Intent { act=com.google.android.gms.common.BIND_SHARED_PREFS pkg=com.google.android.gms }
10-20 00:59:44.707  7442  7442 D BoundBrokerSvc: onUnbind: Intent { act=com.google.android.gms.common.BIND_SHARED_PREFS pkg=com.google.android.gms }
10-20 00:59:44.874  1545  1545 D UiControllerImpl: Injecting string: "cocktailstest@example.com"
10-20 00:59:44.953  1929  1929 W InputContextProxy: InputContextProxy.applyClientDiffInternal():892 Ignore [FetchSuggestions] diff due to stale request: 13240<13244, inputStateId=12643, lastInputStateId=12646
10-20 00:59:44.961  1929  1929 I InlineSuggestionCandidateViewController: InlineSuggestionCandidateViewController.textCandidatesUpdated():621 Not showing inline suggestion tooltip v2; has candidates
10-20 00:59:44.969   582   622 W InputManager-JNI: Input channel object '7506895 PopupWindow:88d351c (client)' was disposed without first being removed with the input manager!
10-20 00:59:45.061  1929  1929 W InputContextProxy: InputContextProxy.applyClientDiffInternal():892 Ignore [FetchSuggestions] diff due to stale request: 13247<13248, inputStateId=12649, lastInputStateId=12650
10-20 00:59:45.090  1929  1929 I InlineSuggestionCandidateViewController: InlineSuggestionCandidateViewController.textCandidatesUpdated():621 Not showing inline suggestion tooltip v2; has candidates
10-20 00:59:45.131  1929  1929 W InputContextProxy: InputContextProxy.applyClientDiffInternal():892 Ignore [FetchSuggestions] diff due to stale request: 13251<13253, inputStateId=12653, lastInputStateId=12654
10-20 00:59:45.160  1929  1929 W InputContextProxy: InputContextProxy.applyClientDiffInternal():892 Ignore [FetchSuggestions] diff due to stale request: 13253<13255, inputStateId=12655, lastInputStateId=12656
10-20 00:59:45.199  1929  2492 I native  : I1020 00:59:45.198956    2492 input-context-store.cc:238] Ignoring stale client request for FetchSuggestions
10-20 00:59:45.199  1929  1929 W InputContextProxy: InputContextProxy.applyClientDiffInternal():892 Ignore [FetchSuggestions] diff due to stale request: 13255<13257, inputStateId=12657, lastInputStateId=12657
10-20 00:59:45.253  1929  1929 W InputContextProxy: InputContextProxy.applyClientDiffInternal():892 Ignore [FetchSuggestions] diff due to stale request: 13257<13259, inputStateId=12658, lastInputStateId=12659
10-20 00:59:45.282  1929  1929 I InlineSuggestionCandidateViewController: InlineSuggestionCandidateViewController.textCandidatesUpdated():621 Not showing inline suggestion tooltip v2; has candidates
10-20 00:59:45.336  1929  1929 W InputContextProxy: InputContextProxy.applyClientDiffInternal():892 Ignore [FetchSuggestions] diff due to stale request: 13261<13263, inputStateId=12662, lastInputStateId=12663
10-20 00:59:45.371  1929  1929 W InputContextProxy: InputContextProxy.applyClientDiffInternal():892 Ignore [FetchSuggestions] diff due to stale request: 13263<13264, inputStateId=12664, lastInputStateId=12665
10-20 00:59:45.396  1545  1579 D EGL_emulation: app_time_stats: avg=41.48ms min=9.62ms max=239.73ms count=24
10-20 00:59:45.407  1929  1929 I InlineSuggestionCandidateViewController: InlineSuggestionCandidateViewController.textCandidatesUpdated():621 Not showing inline suggestion tooltip v2; has candidates
10-20 00:59:45.443  1929  1929 W InputContextProxy: InputContextProxy.applyClientDiffInternal():892 Ignore [FetchSuggestions] diff due to stale request: 13267<13268, inputStateId=12668, lastInputStateId=12667
10-20 00:59:45.467  1929  1929 I InlineSuggestionCandidateViewController: InlineSuggestionCandidateViewController.textCandidatesUpdated():621 Not showing inline suggestion tooltip v2; has candidates
10-20 00:59:45.550  1929  2492 I native  : I1020 00:59:45.550724    2492 input-context-store.cc:238] Ignoring stale client request for FetchSuggestions
10-20 00:59:45.552  1929  2492 I native  : I1020 00:59:45.552018    2492 input-context-store.cc:161] Ignoring stale client request for OverrideDecodedCandidates
10-20 00:59:45.554  1929  1929 W InputContextProxy: InputContextProxy.applyClientDiffInternal():892 Ignore [FetchSuggestions] diff due to stale request: 13272<13275, inputStateId=0, lastInputStateId=12674
10-20 00:59:45.834  1545  1545 I ViewInteraction: Performing 'replace text()' action on view view.getId() is <2131296469/com.example.cocktailsdbapp:id/et_password_input>
10-20 00:59:45.849  1545  1545 I ViewInteraction: Performing 'type text(password123)' action on view view.getId() is <2131296469/com.example.cocktailsdbapp:id/et_password_input>
10-20 00:59:45.908  1929  1929 I GoogleInputMethodService: GoogleInputMethodService.onFinishInputView():2365
10-20 00:59:45.909  1929  1929 I InlineSuggestionCandidateViewController: InlineSuggestionCandidateViewController.setInlineSuggestionCandidateImpl():1163 set  to inlineSuggestionTextView
10-20 00:59:45.911  1929  1929 I KeyboardWrapper: KeyboardWrapper.consumeEvent():287 Skip consuming an event as current keyboard is deactivated (state=0, keyboard existence=true)
10-20 00:59:45.912  1929  1929 I VoiceInputManagerWrapper: VoiceInputManagerWrapper.shutdown():76 shutdown()
10-20 00:59:45.912  1929  1929 I AndroidIME: AbstractIme.onDeactivate():207 LatinIme.onDeactivate()
10-20 00:59:45.917  1545  1545 D InputMethodManager: showSoftInput() view=androidx.appcompat.widget.AppCompatEditText{d0ea907 VFED..CL. .F.P..ID 119,552-959,660 #7f0900d5 app:id/et_password_input aid=1073741829} flags=0 reason=SHOW_SOFT_INPUT
10-20 00:59:45.917  1929  1929 I GoogleInputMethodService: GoogleInputMethodService.onFinishInput():3420
10-20 00:59:45.917  1929  1929 I GoogleInputMethodService: GoogleInputMethodService.onStartInput():2002
10-20 00:59:45.918  1929  1929 I DeviceUnlockedTag: DeviceUnlockedTag.notifyDeviceLockStatusChanged():31 Notify device unlocked.
10-20 00:59:45.919  1929  1929 I GoogleInputMethodService: GoogleInputMethodService.onStartInputView():2148
10-20 00:59:45.926  1929  1929 I DeviceUnlockedTag: DeviceUnlockedTag.notifyDeviceLockStatusChanged():31 Notify device unlocked.
10-20 00:59:45.943   372   372 D goldfish-address-space: claimShared: Ask to claim region [0x3ebc1d000 0x3ebc6a000]
10-20 00:59:45.947   372   372 D goldfish-address-space: claimShared: Ask to claim region [0x3ebc6a000 0x3ebcb7000]
10-20 00:59:45.950   372   372 D goldfish-address-space: claimShared: Ask to claim region [0x3ebcb7000 0x3ebd04000]
10-20 00:59:45.969  1929  1929 I KeyboardViewUtil: KeyboardViewUtil.getKeyboardHeightRatio():166 systemKeyboardHeightRatio:1.000000; userKeyboardHeightRatio:1.000000.
10-20 00:59:45.970  1929  1929 I AndroidIME: AbstractIme.onActivate():86 PasswordIme.onActivate() : EditorInfo = inputType=Password imeActionName=DONE dump=[inputType=0x81 imeOptions=0x4000006 privateImeOptions=null actionLabel=null actionId=0 initialSelStart=0 initialSelEnd=0 initialCapsMode=0x0 hintText=password label=null packageName=com.example.cocktailsdbapp autofillId=1073741829 fieldId=2131296469 fieldName=null extras=Bundle[{android.support.text.emoji.emojiCompat_metadataVersion=8, android.support.text.emoji.emojiCompat_replaceAll=false}] hintLocales=null contentMimeTypes=null ], IncognitoMode = false, DeviceLocked = false
10-20 00:59:45.985  1929  1929 I KeyboardViewHelper: KeyboardViewHelper.getView():167 Get view with height ratio:1.000000
10-20 00:59:46.009  1929  1929 I KeyboardViewUtil: KeyboardViewUtil.calculateMaxKeyboardBodyHeight():62 leave 354 height for app when screen height:2274, header height:116 and isFullscreenMode:false, so the max keyboard body height is:1804
10-20 00:59:46.010  1929  1929 I InlineSuggestionCandidateViewController: InlineSuggestionCandidateViewController.setInlineSuggestionCandidateImpl():1163 set  to inlineSuggestionTextView
10-20 00:59:46.012  1929  1929 I KeyboardViewUtil: KeyboardViewUtil.calculateMaxKeyboardBodyHeight():62 leave 354 height for app when screen height:2274, header height:116 and isFullscreenMode:false, so the max keyboard body height is:1804
10-20 00:59:46.014  1929  1929 I NormalModeController: NormalModeController.getKeyboardBodyViewHolderPaddingBottom():109 currentPrimeKeyboardType:SOFT systemPaddingBottom:-1
10-20 00:59:46.016  1929  1929 I AndroidIME: KeyboardViewManager.updateKeyboardBodyViewHolderPaddingBottom():513 Set finalPaddingBottom = 0 while keyboardBottomGapFromScreen = 0; navigationHeight = 126
10-20 00:59:46.017  1929  1929 I NormalModeController: NormalModeController.getKeyboardBodyViewHolderPaddingBottom():109 currentPrimeKeyboardType:SOFT systemPaddingBottom:-1
10-20 00:59:46.022  1929  1929 I AndroidIME: KeyboardViewManager.updateKeyboardBodyViewHolderPaddingBottom():513 Set finalPaddingBottom = 0 while keyboardBottomGapFromScreen = 0; navigationHeight = 126
10-20 00:59:46.023  1929  1929 I CurrentMicStatusHolder: CurrentMicStatusHolder.onStartInputView():79 Current Mic status = {MicIconHidden-SettingOff,MicIconHidden-PasswordOrNumberOrDateInputType,}
10-20 00:59:46.028  1929  1929 I VoiceImeExtension: VoiceImeExtension.shouldStartVoiceInputAutomatically():354 No private IME option set to start voice input.
10-20 00:59:46.039  1545  1545 D InsetsController: show(ime(), fromIme=true)
10-20 00:59:46.058  1929  2403 D EGL_emulation: app_time_stats: avg=135.46ms min=4.56ms max=431.83ms count=10
10-20 00:59:46.057  1545  1545 D InsetsController: show(ime(), fromIme=true)
10-20 00:59:46.079  7442  7442 D BoundBrokerSvc: onBind: Intent { act=com.google.android.gms.common.BIND_SHARED_PREFS pkg=com.google.android.gms }
10-20 00:59:46.080  7442  7442 D BoundBrokerSvc: Loading bound service for intent: Intent { act=com.google.android.gms.common.BIND_SHARED_PREFS pkg=com.google.android.gms }
10-20 00:59:46.094  7442  7442 D BoundBrokerSvc: onUnbind: Intent { act=com.google.android.gms.common.BIND_SHARED_PREFS pkg=com.google.android.gms }
10-20 00:59:46.118  7442  7442 D BoundBrokerSvc: onBind: Intent { act=com.google.android.gms.common.BIND_SHARED_PREFS pkg=com.google.android.gms }
10-20 00:59:46.118  7442  7442 D BoundBrokerSvc: Loading bound service for intent: Intent { act=com.google.android.gms.common.BIND_SHARED_PREFS pkg=com.google.android.gms }
10-20 00:59:46.163  7442  7442 D BoundBrokerSvc: onUnbind: Intent { act=com.google.android.gms.common.BIND_SHARED_PREFS pkg=com.google.android.gms }
10-20 00:59:46.184  1545  1545 D UiControllerImpl: Injecting string: "password123"
10-20 00:59:46.334   582  2372 W InputManager-JNI: Input channel object '83ebbd PopupWindow:486f594 (client)' was disposed without first being removed with the input manager!
10-20 00:59:46.444  1545  1579 D EGL_emulation: app_time_stats: avg=43.09ms min=4.92ms max=273.24ms count=24
10-20 00:59:46.766  1545  1545 I ViewInteraction: Performing 'single click' action on view view.getId() is <2131296378/com.example.cocktailsdbapp:id/bt_register>
10-20 00:59:47.005   372   372 D goldfish-address-space: claimShared: Ask to claim region [0x3ebc1d000 0x3ebdde000]
10-20 00:59:47.013   372   372 D goldfish-address-space: claimShared: Ask to claim region [0x3ebdde000 0x3ebf9f000]
10-20 00:59:47.017   372   372 D goldfish-address-space: claimShared: Ask to claim region [0x3eacd8000 0x3eae99000]
10-20 00:59:47.093  1186  1256 D EGL_emulation: app_time_stats: avg=207.50ms min=7.29ms max=3233.08ms count=17
10-20 00:59:47.447  1545  1579 D EGL_emulation: app_time_stats: avg=20.35ms min=3.00ms max=56.06ms count=41
10-20 00:59:48.406  1545  1545 I ViewInteraction: Checking 'MatchesViewAssertion{viewMatcher=(view has effective visibility <VISIBLE> and view.getGlobalVisibleRect() to return non-empty rectangle)}' assertion on view an instance of android.widget.TextView and view.getText() with or without transformation to match: is "Registration Successful!"
10-20 00:59:48.413  1545  1545 I ViewInteraction: Performing 'single click' action on view an instance of android.widget.TextView and view.getText() with or without transformation to match: is "OK"
10-20 00:59:48.488  1545  1579 D EGL_emulation: app_time_stats: avg=180.19ms min=4.37ms max=1237.80ms count=8
10-20 00:59:48.525  1545  1579 D OpenGLRenderer: endAllActiveAnimators on 0x7eb6f8768150 (RippleDrawable) with handle 0x7eb608753cb0
10-20 00:59:48.531   582   622 W InputManager-JNI: Input channel object 'eb4e14f com.example.cocktailsdbapp/com.example.cocktailsdbapp.MainActivity (client)' was disposed without first being removed with the input manager!
10-20 00:59:48.672  1186  1256 D EGL_emulation: app_time_stats: avg=173.35ms min=8.37ms max=1438.76ms count=9
10-20 00:59:48.759  1545  1579 D EGL_emulation: app_time_stats: avg=61.57ms min=2.66ms max=540.71ms count=18
10-20 00:59:48.792  1545  2071 I okhttp.OkHttpClient: --> GET https://www.thecocktaildb.com/api/json/v1/1/filter.php?a=Alcoholic
10-20 00:59:48.795  1545  2071 I okhttp.OkHttpClient: --> END GET
10-20 00:59:48.899  1545  1545 E RecyclerView: No adapter attached; skipping layout
10-20 00:59:48.934  1929  1929 I GoogleInputMethodService: GoogleInputMethodService.onFinishInputView():2365
10-20 00:59:48.936  1929  1929 I AndroidIME: AbstractIme.onDeactivate():207 PasswordIme.onDeactivate()
10-20 00:59:48.959  1545  2071 I okhttp.OkHttpClient: <-- 200 https://www.thecocktaildb.com/api/json/v1/1/filter.php?a=Alcoholic (162ms)
10-20 00:59:48.960  1929  1929 I GoogleInputMethodService: GoogleInputMethodService.onFinishInput():3420
10-20 00:59:48.970  1545  2071 I okhttp.OkHttpClient: date: Sun, 19 Oct 2025 22:59:57 GMT
10-20 00:59:48.970  1545  2071 I okhttp.OkHttpClient: content-type: application/json
10-20 00:59:48.971  1545  2071 I okhttp.OkHttpClient: server: cloudflare
10-20 00:59:48.971  1545  2071 I okhttp.OkHttpClient: x-powered-by: PHP/7.4.33
10-20 00:59:48.971  1545  2071 I okhttp.OkHttpClient: access-control-allow-origin: *
10-20 00:59:48.971  1545  2071 I okhttp.OkHttpClient: cf-cache-status: DYNAMIC
10-20 00:59:48.971  1545  2071 I okhttp.OkHttpClient: nel: {"report_to":"cf-nel","success_fraction":0.0,"max_age":604800}
10-20 00:59:48.971  1545  2071 I okhttp.OkHttpClient: server-timing: cfCacheStatus;desc="DYNAMIC"
10-20 00:59:48.971  1545  2071 I okhttp.OkHttpClient: server-timing: cfEdge;dur=4,cfOrigin;dur=47
10-20 00:59:48.979  1545  2071 I okhttp.OkHttpClient: report-to: {"group":"cf-nel","max_age":604800,"endpoints":[{"url":"https://a.nel.cloudflare.com/report/v4?s=lVMXZYwTsfL4KxT%2FUusf8NYQmr%2B2NL3BaTN4h%2BefbM%2FevkaYtQfMRkq8rsTJmu8N3Xqcr9voBXZ02MA3LR4QsUBjJO%2BIyf1K65Qty%2FdBQVrcMlI%3D"}]}
10-20 00:59:48.979  1545  2071 I okhttp.OkHttpClient: cf-ray: 9913e3895bf7bbed-BEG
10-20 00:59:48.979  1545  2071 I okhttp.OkHttpClient: alt-svc: h3=":443"; ma=86400
10-20 00:59:48.982  1929  1929 I GoogleInputMethodService: GoogleInputMethodService.onStartInput():2002
10-20 00:59:48.985  1929  1929 I DeviceUnlockedTag: DeviceUnlockedTag.notifyDeviceLockStatusChanged():31 Notify device unlocked.
10-20 00:59:49.033  1929  2403 D EGL_emulation: app_time_stats: avg=1484.66ms min=14.39ms max=2954.93ms count=2
10-20 00:59:49.073  1545  2071 I okhttp.OkHttpClient: {"drinks":[{"strDrink":"110 in the shade","strDrinkThumb":"https:\/\/www.thecocktaildb.com\/images\/media\/drink\/xxyywq1454511117.jpg","idDrink":"15423"},{"strDrink":"151 Florida Bushwacker","strDrinkThumb":"https:\/\/www.thecocktaildb.com\/images\/media\/drink\/rvwrvv1468877323.jpg","idDrink":"14588"},{"strDrink":"155 Belmont","strDrinkThumb":"https:\/\/www.thecocktaildb.com\/images\/media\/drink\/yqvvqs1475667388.jpg","idDrink":"15346"},{"strDrink":"24k nightmare","strDrinkThumb":"https:\/\/www.thecocktaildb.com\/images\/media\/drink\/yyrwty1468877498.jpg","idDrink":"17060"},{"strDrink":"252","strDrinkThumb":"https:\/\/www.thecocktaildb.com\/images\/media\/drink\/rtpxqw1468877562.jpg","idDrink":"15288"},{"strDrink":"3 Wise Men","strDrinkThumb":"https:\/\/www.thecocktaildb.com\/images\/media\/drink\/wxqpyw1468877677.jpg","idDrink":"13899"},{"strDrink":"3-Mile Long Island Iced Tea","strDrinkThumb":"https:\/\/www.thecocktaildb.com\/images\/media\/drink\/rrtssw1472668972.jpg","idDrink":"15300"},{"strDrink":"410 Gone","strDrinkThumb":"https:\/\/www.thecocktaildb.com\/images\/media\/drink\/xtuyqv1472669026.jpg","idDrink":"13581"},{"strDrink":"50\/50","strDrinkThumb":"https:\/\/www.thecocktaildb.com\/images\/media\/drink\/wwpyvr1461919316.jpg","idDrink":"14598"},{"strDrink":"501 Blue","strDrinkThumb":"https:\/\/www.thecocktaildb.com\/images\/media\/drink\/ywxwqs1461867097.jpg","idDrink":"17105"},{"strDrink":"57 Chevy with a White License Plate","strDrinkThumb":"https:\/\/www.thecocktaildb.com\/images\/media\/drink\/qyyvtu1468878544.jpg","idDrink":"14029"},{"strDrink":"69 Special","strDrinkThumb":"https:\/\/www.thecocktaildb.com\/images\/media\/drink\/vqyxqx1472669095.jpg","idDrink":"13940"},{"strDrink":"747","strDrinkThumb":"https:\/\/www.thecocktaildb.com\/images\/media\/drink\/xxsxqy1472668106.jpg","idDrink":"14229"},{"strDrink":"747 Drink","strDrinkThumb":"https:\/\/www.thecocktaildb.com\/images\/media\/drink\/i9suxb1582474926.jpg","idDrink":"178318"},{"strDrink":"9 1\/2 Weeks","strDrinkThumb":"https:\/\/www.thecocktaildb.com\/images\/media\/drink\/xvwusr1472669302.jpg","idDrink":"16108"},{"strDrink":"A Day at the Beach","strDrinkThumb":"https:\/\/www.thecocktaildb.com\/images\/media\/drink\/trptts1454514474.jpg","idDrink":"15200"},{"strDrink":"A Furlong Too Late","strDrinkThumb":"https:\/\/www.thecocktaildb.com\/images\/media\/drink\/ssxvww1472669166.jpg","idDrink":"17831"},{"strDrink":"A Gilligan's Island","strDrinkThumb":"https:\/\/www.thecocktaildb.com\/images\/media\/drink\/wysqut1461867176.jpg","idDrink":"16943"},{"strDrink":"A midsummernight dream","strDrinkThumb":"https:\/\/www.thecocktaildb.com\/images\/media\/drink\/ysqvqp1461867292.jpg","idDrink":"15675"},{"strDrink":"A Night In Old Mandalay","strDrinkThumb":"https:\/\/www.thecocktaildb.com\/images\/media\/drink\/vyrvxt1461919380.jpg","idDrink":"17832"},{"strDrink":"A Piece of Ass","strDrinkThumb":"https:\/\/www.thecocktaildb.com\/images\/media\/drink\/tqxyxx1472719737.jpg","idDrink":"16405"},{"strDrink":"A Splash of Nash","strDrinkThumb":"https:\/\/www.thecocktaildb.com\/images\/media\/drink\/rsvtrr1472668201.jpg","idDrink":"14564"},{"strDrink":"A True Amaretto Sour","strDrinkThumb":"https:\/\/www.thecocktaildb.com\/images\/media\/drink\/rptuxy1472669372.jpg","idDrink":"17005"},{"strDrink":"A. J.","strDrinkThumb":"https:\/\/www.thecocktaildb.com\/images\/media\/drink\/l74qo91582480316.jpg","idDrink":"17833"},{"strDrink":"A.D.M. (After Dinner Mint)","strDrinkThumb":"https:\/\/www.thecocktaildb.com\/images\/media\/drink\/ruxuvp1472669600.jpg","idDrink":"14560"},{"strDrink":"A1","strDrinkThumb":"https:\/\/www.thecocktaildb.com\/images\/media\/drink\/2x8thr1504816928.jpg","idDrink":"17222"},{"strDrink":"Abbey Cocktail","strDrinkThumb":"https:\/\/www.thecocktaildb.com\/images\/media\/drink\/mr30ob1582479875.jpg","idDrink":"17834"},{"strDrink":"Abbey Martini","strDrinkThumb":"https:\/\/www.thecocktaildb.com\/images\/media\/drink\/2mcozt1504817403.jpg","idDrink":"17223"},{
10-20 00:59:49.073  1545  2071 I okhttp.OkHttpClient: "strDrink":"ABC","strDrinkThumb":"https:\/\/www.thecocktaildb.com\/images\/media\/drink\/tqpvqp1472668328.jpg","idDrink":"13501"},{"strDrink":"Abilene","strDrinkThumb":"https:\/\/www.thecocktaildb.com\/images\/media\/drink\/smb2oe1582479072.jpg","idDrink":"17835"},{"strDrink":"Absinthe #2","strDrinkThumb":"https:\/\/www.thecocktaildb.com\/images\/media\/drink\/uxxtrt1472667197.jpg","idDrink":"12790"},{"strDrink":"Absolut Evergreen","strDrinkThumb":"https:\/\/www.thecocktaildb.com\/images\/media\/drink\/wrxrxp1472812609.jpg","idDrink":"14374"},{"strDrink":"Absolut limousine","strDrinkThumb":"https:\/\/www.thecocktaildb.com\/images\/media\/drink\/ssqpyw1472719844.jpg","idDrink":"14372"},{"strDrink":"Absolut Sex","strDrinkThumb":"https:\/\/www.thecocktaildb.com\/images\/media\/drink\/xtrvtx1472668436.jpg","idDrink":"14360"},{"strDrink":"Absolut Stress #2","strDrinkThumb":"https:\/\/www.thecocktaildb.com\/images\/media\/drink\/xuyqrw1472811825.jpg","idDrink":"15597"},{"strDrink":"Absolut Summertime","strDrinkThumb":"https:\/\/www.thecocktaildb.com\/images\/media\/drink\/trpxxs1472669662.jpg","idDrink":"14107"},{"strDrink":"Absolutely Cranberry Smash","strDrinkThumb":"https:\/\/www.thecocktaildb.com\/images\/media\/drink\/vqwstv1472811884.jpg","idDrink":"15024"},{"strDrink":"Absolutely Fabulous","strDrinkThumb":"https:\/\/www.thecocktaildb.com\/images\/media\/drink\/abcpwr1504817734.jpg","idDrink":"17224"},{"strDrink":"Absolutly Screwed Up","strDrinkThumb":"https:\/\/www.thecocktaildb.com\/images\/media\/drink\/yvxrwv1472669728.jpg","idDrink":"16134"},{"strDrink":"Acapulco","strDrinkThumb":"https:\/\/www.thecocktaildb.com\/images\/media\/drink\/il9e0r1582478841.jpg","idDrink":"17836"},{"strDrink":"Ace","strDrinkThumb":"https:\/\/www.thecocktaildb.com\/images\/media\/drink\/l3cd7f1504818306.jpg","idDrink":"17225"},{"strDrink":"ACID","strDrinkThumb":"https:\/\/www.thecocktaildb.com\/images\/media\/drink\/xuxpxt1479209317.jpg","idDrink":"14610"},{"strDrink":"Adam","strDrinkThumb":"https:\/\/www.thecocktaildb.com\/images\/media\/drink\/v0at4i1582478473.jpg","idDrink":"17837"},{"strDrink":"Adam & Eve","strDrinkThumb":"https:\/\/www.thecocktaildb.com\/images\/media\/drink\/vfeumw1504819077.jpg","idDrink":"17226"},{"strDrink":"Adam Bomb","strDrinkThumb":"https:\/\/www.thecocktaildb.com\/images\/media\/drink\/tpxurs1454513016.jpg","idDrink":"16333"},{"strDrink":"Adam Sunrise","strDrinkThumb":"https:\/\/www.thecocktaildb.com\/images\/media\/drink\/vtuyvu1472812112.jpg","idDrink":"15567"},{"strDrink":"Addington","strDrinkThumb":"https:\/\/www.thecocktaildb.com\/images\/media\/drink\/ib0b7g1504818925.jpg","idDrink":"17227"},{"strDrink":"Addison","strDrinkThumb":"https:\/\/www.thecocktaildb.com\/images\/media\/drink\/yzva7x1504820300.jpg","idDrink":"17228"},{"strDrink":"Addison Special","strDrinkThumb":"https:\/\/www.thecocktaildb.com\/images\/media\/drink\/4vo5651493068493.jpg","idDrink":"14272"},{"strDrink":"Adios Amigos Cocktail","strDrinkThumb":"https:\/\/www.thecocktaildb.com\/images\/media\/drink\/8nk2mp1504819893.jpg","idDrink":"17229"},{"strDrink":"Adonis Cocktail","strDrinkThumb":"https:\/\/www.thecocktaildb.com\/images\/media\/drink\/xrvruq1472812030.jpg","idDrink":"17838"},{"strDrink":"Affair","strDrinkThumb":"https:\/\/www.thecocktaildb.com\/images\/media\/drink\/h5za6y1582477994.jpg","idDrink":"17839"},{"strDrink":"Affinity","strDrinkThumb":"https:\/\/www.thecocktaildb.com\/images\/media\/drink\/wzdtnn1582477684.jpg","idDrink":"17840"},{"strDrink":"After Dinner Cocktail","strDrinkThumb":"https:\/\/www.thecocktaildb.com\/images\/media\/drink\/vtytxq1483387578.jpg","idDrink":"11010"},{"strDrink":"After Five","strDrinkThumb":"https:\/\/www.thecocktaildb.com\/images\/media\/drink\/sk3lr91493068595.jpg","idDrink":"13807"},{"strDrink":"After sex","strDrinkThumb":"https:\/\/www.thecocktaildb.com\/images\/media\/drink\/xrl66i1493068702.jpg","idDrink":"15182"},{"strDrink":"After Supper Cocktail","strDrinkThumb":"https:\/\/www.thecocktaildb
