10-20 01:00:29.142  1545  1569 I TestRunner: started: testCocktailsSearchAction(com.example.cocktailsdbapp.ui.cocktails.CocktailsFragmentTest)
10-20 01:00:29.149   372   372 D goldfish-address-space: claimShared: Ask to claim region [0x3f49e4000 0x3f53c8000]
10-20 01:00:29.151   372 13548 D goldfish-address-space: claimShared: Ask to claim region [0x3f53c8000 0x3f5dac000]
10-20 01:00:29.161  2441  2647 I OpenGLRenderer: Davey! duration=37235ms; Flags=1, FrameTimelineVsyncId=232057, IntendedVsync=30978834066932, Vsync=30978834066932, InputEventId=0, HandleInputStart=30978836260113, AnimationStart=30978836260524, PerformTraversalsStart=30978836260763, DrawStart=30978874035013, FrameDeadline=30978867400264, FrameInterval=30978836258713, FrameStartTime=16666666, SyncQueued=30978874123601, SyncStart=30978884207468, IssueDrawCommandsStart=30978887097434, SwapBuffers=30978887184965, FrameCompleted=31016080042715, DequeueBufferDuration=6499, QueueBufferDuration=3140385, GpuCompleted=31016080042715, SwapBuffersCompleted=30978902341689, DisplayPresentTime=0,
10-20 01:00:29.196  2153  2153 I GsaVoiceInteractionSrv: Handling ACTION_START_HOTWORD
10-20 01:00:29.197  2153  2153 I GsaVoiceInteractionSrv: disregardVoiceMatch: false
10-20 01:00:29.198  2153  2153 I GsaVoiceInteractionSrv: Cannot start hotword, hotword has been explicitly disabled.
10-20 01:00:29.205  1545  1569 W Settings: Setting always_finish_activities has moved from android.provider.Settings.System to android.provider.Settings.Global, returning read-only value.
10-20 01:00:29.208   372 13548 D goldfish-address-space: claimShared: Ask to claim region [0x3f2a54000 0x3f3438000]
10-20 01:00:29.236   372 13548 D goldfish-address-space: claimShared: Ask to claim region [0x3f0000000 0x3f09e4000]
10-20 01:00:29.245   372 13548 D goldfish-address-space: claimShared: Ask to claim region [0x3f09e4000 0x3f13c8000]
10-20 01:00:29.247  1489 13832 I OpenGLRenderer: Davey! duration=11518ms; Flags=1, FrameTimelineVsyncId=234307, IntendedVsync=31004650732566, Vsync=31004650732566, InputEventId=0, HandleInputStart=31004653554062, AnimationStart=31004653554565, PerformTraversalsStart=31004653554801, DrawStart=31004727203032, FrameDeadline=31004684065898, FrameInterval=31004653552115, FrameStartTime=16666666, SyncQueued=31004730383253, SyncStart=31004730907166, IssueDrawCommandsStart=31004731265535, SwapBuffers=31004733174803, FrameCompleted=31016169529941, DequeueBufferDuration=197046, QueueBufferDuration=1980435, GpuCompleted=31016169529941, SwapBuffersCompleted=31004737562701, DisplayPresentTime=0,
10-20 01:00:29.322   582  1255 W InputManager-JNI: Input channel object '1992755 Splash Screen com.example.cocktailsdbapp.test (client)' was disposed without first being removed with the input manager!
10-20 01:00:29.334  1186  1240 D SplashScreenView: Build android.window.SplashScreenView{4c1d3ac V.E...... ......ID 0,0-0,0}
10-20 01:00:29.334  1186  1240 D SplashScreenView: Icon: view: null drawable: null size: 0
10-20 01:00:29.334  1186  1240 D SplashScreenView: Branding: view: android.view.View{80db875 G.ED..... ......I. 0,0-0,0 #10204a6 android:id/splashscreen_branding_view} drawable: null size w: 0 h: 0
10-20 01:00:29.351  1545  1545 D LifecycleMonitor: Lifecycle status change: com.example.cocktailsdbapp.MainActivity@96bc881 in: PRE_ON_CREATE
10-20 01:00:29.354  1545  1545 V ActivityScenario: Activity lifecycle changed event received but ignored because the reported transition was not ON_CREATE while the last known transition was PRE_ON_CREATE
10-20 01:00:29.410  2153  2153 I GsaVoiceInteractionSrv: Handling ACTION_STOP_HOTWORD
10-20 01:00:29.414  2153  2153 E HwDetectorWithState: a: 3
10-20 01:00:29.428   372 13548 D goldfish-address-space: claimShared: Ask to claim region [0x3f0000000 0x3f09e4000]
10-20 01:00:29.442   372 13548 D goldfish-address-space: claimShared: Ask to claim region [0x3f09e4000 0x3f13c8000]
10-20 01:00:29.478   372 13548 D goldfish-address-space: claimShared: Ask to claim region [0x3f5dac000 0x3f6790000]
10-20 01:00:29.724   359  1922 E android.hardware.audio@6.0-impl.ranchu: pcmWrite:203 pcm_write failed with  (-5)
10-20 01:00:29.724   359  1922 E android.hardware.audio@6.0-impl.ranchu: device/generic/goldfish/audio/talsa.cpp:pcmWrite:204 failure: false
10-20 01:00:29.786  1545  1545 D LifecycleMonitor: Lifecycle status change: com.example.cocktailsdbapp.MainActivity@96bc881 in: CREATED
10-20 01:00:29.787  1545  1545 V ActivityScenario: Update currentActivityStage to CREATED, currentActivity=com.example.cocktailsdbapp.MainActivity@96bc881
10-20 01:00:29.795  1545  1545 D LifecycleMonitor: Lifecycle status change: com.example.cocktailsdbapp.MainActivity@96bc881 in: STARTED
10-20 01:00:29.795  1545  1545 V ActivityScenario: Update currentActivityStage to STARTED, currentActivity=com.example.cocktailsdbapp.MainActivity@96bc881
10-20 01:00:29.798  1545  1545 D LifecycleMonitor: Lifecycle status change: com.example.cocktailsdbapp.MainActivity@96bc881 in: RESUMED
10-20 01:00:29.799  1545  1545 V ActivityScenario: Update currentActivityStage to RESUMED, currentActivity=com.example.cocktailsdbapp.MainActivity@96bc881
10-20 01:00:29.880   372 13548 D goldfish-address-space: claimShared: Ask to claim region [0x3e8654000 0x3e9038000]
10-20 01:00:29.885   372   372 D goldfish-address-space: claimShared: Ask to claim region [0x3f2a54000 0x3f3438000]
10-20 01:00:29.887   372   372 D goldfish-address-space: claimShared: Ask to claim region [0x3f6790000 0x3f7174000]
10-20 01:00:29.968   582   637 I ActivityTaskManager: Displayed com.example.cocktailsdbapp/.MainActivity: +734ms
10-20 01:00:30.019   582   593 I system_server: NativeAlloc concurrent copying GC freed 130499(5308KB) AllocSpace objects, 39(932KB) LOS objects, 48% free, 25MB/49MB, paused 50us,50us total 702.006ms
10-20 01:00:30.067  1929  1929 I GoogleInputMethodService: GoogleInputMethodService.onFinishInput():3420
10-20 01:00:30.068  1929  1929 I GoogleInputMethodService: GoogleInputMethodService.onStartInput():2002
10-20 01:00:30.069  1929  1929 I DeviceUnlockedTag: DeviceUnlockedTag.notifyDeviceLockStatusChanged():31 Notify device unlocked.
10-20 01:00:30.136  1545  1545 I ViewInteraction: Performing 'single click' action on view view.getId() is <2131296378/com.example.cocktailsdbapp:id/bt_register>
10-20 01:00:30.190   582   623 W InputManager-JNI: Input channel object '3f0202f com.example.cocktailsdbapp.test/androidx.test.core.app.InstrumentationActivityInvoker$EmptyActivity (client)' was disposed without first being removed with the input manager!
10-20 01:00:30.287   582   622 W InputManager-JNI: Input channel object '202e859 Splash Screen com.example.cocktailsdbapp (client)' was disposed without first being removed with the input manager!
10-20 01:00:30.503  1186  1256 D EGL_emulation: app_time_stats: avg=292.82ms min=10.36ms max=1297.65ms count=5
10-20 01:00:30.516  1186  1256 D EGL_emulation: app_time_stats: avg=303.88ms min=30.76ms max=1268.98ms count=5
10-20 01:00:31.721  1545  1545 I ViewInteraction: Performing 'replace text()' action on view view.getId() is <2131296468/com.example.cocktailsdbapp:id/et_name_input>
10-20 01:00:31.740  1545  1545 I ViewInteraction: Performing 'type text(Cocktails Test User)' action on view view.getId() is <2131296468/com.example.cocktailsdbapp:id/et_name_input>
10-20 01:00:31.741  1545  1579 D EGL_emulation: app_time_stats: avg=130.67ms min=3.75ms max=1238.06ms count=13
10-20 01:00:31.793  1929  1929 I GoogleInputMethodService: GoogleInputMethodService.onFinishInput():3420
10-20 01:00:31.793  1545  1545 D InputMethodManager: showSoftInput() view=androidx.appcompat.widget.AppCompatEditText{82f3310 VFED..CL. .F.P..ID 119,284-959,392 #7f0900d4 app:id/et_name_input aid=1073741827} flags=0 reason=SHOW_SOFT_INPUT
10-20 01:00:31.794  1929  1929 W KeyboardViewController: KeyboardViewController.show():477 Requesting to show sub view with id 2131428268(#0x7f0b03ac) when keyboard HEADER view is not ready to show
10-20 01:00:31.798  1929  1929 I GoogleInputMethodService: GoogleInputMethodService.onStartInput():2002
10-20 01:00:31.799  1929  1929 I DeviceUnlockedTag: DeviceUnlockedTag.notifyDeviceLockStatusChanged():31 Notify device unlocked.
10-20 01:00:31.801  1929  1929 I GoogleInputMethodService: GoogleInputMethodService.onStartInputView():2148
10-20 01:00:31.803  1929  1929 I DeviceUnlockedTag: DeviceUnlockedTag.notifyDeviceLockStatusChanged():31 Notify device unlocked.
10-20 01:00:31.807  1929  1929 I KeyboardViewUtil: KeyboardViewUtil.getKeyboardHeightRatio():166 systemKeyboardHeightRatio:1.000000; userKeyboardHeightRatio:1.000000.
10-20 01:00:31.808  1929  1929 I AndroidIME: AbstractIme.onActivate():86 LatinIme.onActivate() : EditorInfo = inputType=Text imeActionName=NEXT dump=[inputType=0x61 imeOptions=0x8000005 privateImeOptions=null actionLabel=null actionId=0 initialSelStart=0 initialSelEnd=0 initialCapsMode=0x0 hintText=name label=null packageName=com.example.cocktailsdbapp autofillId=1073741827 fieldId=2131296468 fieldName=null extras=Bundle[{android.support.text.emoji.emojiCompat_metadataVersion=8, android.support.text.emoji.emojiCompat_replaceAll=false}] hintLocales=null contentMimeTypes=null ], IncognitoMode = false, DeviceLocked = false
10-20 01:00:31.808  1929  1929 I Delight5Facilitator: Delight5Facilitator.initializeForIme():718 initializeForIme() : Locale = [en_US], layout = qwerty
10-20 01:00:31.808  1929  1929 I VoiceInputManagerWrapper: VoiceInputManagerWrapper.cancelShutdown():54 cancelShutdown()
10-20 01:00:31.809  1929  1929 I VoiceInputManagerWrapper: VoiceInputManagerWrapper.syncLanguagePacks():66 syncLanguagePacks()
10-20 01:00:31.812  1545  1545 I AssistStructure: Flattened final assist data: 2988 bytes, containing 1 windows, 17 views
10-20 01:00:31.818  1929 13454 I SpeechFactory: SpeechRecognitionFactory.maybeScheduleAutoPackDownloadForFallback():182 maybeScheduleAutoPackDownloadForFallback()
10-20 01:00:31.818  1929 13454 I FallbackOnDeviceRecognitionProvider: FallbackOnDeviceRecognitionProvider.maybeScheduleAutoPackDownload():194 maybeScheduleAutoPackDownload() for language tag en-US
10-20 01:00:31.818  1929  1929 I LatinIme: LatinIme.updateEnableInlineSuggestionsOnDecoderSideFlags():1293 inline flag updated to:false
10-20 01:00:31.829  7378  7378 W svc     : Pending fill request while another request in the same session was triggered. [CONTEXT service_id=177 ]
10-20 01:00:31.831  1929  1929 I KeyboardWrapper: KeyboardWrapper.consumeEvent():287 Skip consuming an event as current keyboard is deactivated (state=0, keyboard existence=true)
10-20 01:00:31.840  1929  1929 I KeyboardViewHelper: KeyboardViewHelper.getView():167 Get view with height ratio:1.000000
10-20 01:00:31.846  1957  1957 V InlineSuggestionRenderService: handleDestroySuggestionViews called for 0:717598936
10-20 01:00:31.858  1929  1929 I KeyboardViewUtil: KeyboardViewUtil.calculateMaxKeyboardBodyHeight():62 leave 354 height for app when screen height:2274, header height:116 and isFullscreenMode:false, so the max keyboard body height is:1804
10-20 01:00:31.862  1929  1929 I NormalModeController: NormalModeController.getKeyboardBodyViewHolderPaddingBottom():109 currentPrimeKeyboardType:SOFT systemPaddingBottom:-1
10-20 01:00:31.863  1929  2492 I Delight5Decoder: Delight5DecoderWrapper.setKeyboardLayout():434 setKeyboardLayout()
10-20 01:00:31.863  1929  1929 I KeyboardViewUtil: KeyboardViewUtil.calculateMaxKeyboardBodyHeight():62 leave 354 height for app when screen height:2274, header height:116 and isFullscreenMode:false, so the max keyboard body height is:1804
10-20 01:00:31.865  1929  1929 I NormalModeController: NormalModeController.getKeyboardBodyViewHolderPaddingBottom():109 currentPrimeKeyboardType:SOFT systemPaddingBottom:-1
10-20 01:00:31.866  1929  1929 I AndroidIME: KeyboardViewManager.updateKeyboardBodyViewHolderPaddingBottom():513 Set finalPaddingBottom = 0 while keyboardBottomGapFromScreen = 0; navigationHeight = 126
10-20 01:00:31.866  1929  1929 I NormalModeController: NormalModeController.getKeyboardBodyViewHolderPaddingBottom():109 currentPrimeKeyboardType:SOFT systemPaddingBottom:-1
10-20 01:00:31.866  1929  1929 I AndroidIME: KeyboardViewManager.updateKeyboardBodyViewHolderPaddingBottom():513 Set finalPaddingBottom = 0 while keyboardBottomGapFromScreen = 0; navigationHeight = 126
10-20 01:00:31.867  1929  1929 I VoiceImeExtension: VoiceImeExtension.shouldStartVoiceInputAutomatically():354 No private IME option set to start voice input.
10-20 01:00:31.882  7442  7442 D BoundBrokerSvc: onBind: Intent { act=com.google.android.gms.common.BIND_SHARED_PREFS pkg=com.google.android.gms }
10-20 01:00:31.882  7442  7442 D BoundBrokerSvc: Loading bound service for intent: Intent { act=com.google.android.gms.common.BIND_SHARED_PREFS pkg=com.google.android.gms }
10-20 01:00:31.886  7442  7442 D BoundBrokerSvc: onUnbind: Intent { act=com.google.android.gms.common.BIND_SHARED_PREFS pkg=com.google.android.gms }
10-20 01:00:31.893  1186  1256 D EGL_emulation: app_time_stats: avg=151.78ms min=12.50ms max=1227.53ms count=9
10-20 01:00:31.894  1929  1929 I NormalModeController: NormalModeController.getKeyboardBodyViewHolderPaddingBottom():109 currentPrimeKeyboardType:SOFT systemPaddingBottom:-1
10-20 01:00:31.895  1929  2492 I Delight5Decoder: Delight5DecoderWrapper.setKeyboardLayout():434 setKeyboardLayout()
10-20 01:00:31.899  1545  1545 D InsetsController: show(ime(), fromIme=true)
10-20 01:00:31.923  1929  2403 D EGL_emulation: app_time_stats: avg=4339.68ms min=4339.68ms max=4339.68ms count=1
10-20 01:00:31.947  7442  7442 D BoundBrokerSvc: onBind: Intent { act=com.google.android.gms.common.BIND_SHARED_PREFS pkg=com.google.android.gms }
10-20 01:00:31.948  7442  7442 D BoundBrokerSvc: Loading bound service for intent: Intent { act=com.google.android.gms.common.BIND_SHARED_PREFS pkg=com.google.android.gms }
10-20 01:00:31.966  7442  7442 D BoundBrokerSvc: onUnbind: Intent { act=com.google.android.gms.common.BIND_SHARED_PREFS pkg=com.google.android.gms }
10-20 01:00:32.042  1545  1545 D UiControllerImpl: Injecting string: "Cocktails Test User"
10-20 01:00:32.149  1929  1929 I InlineSuggestionCandidateViewController: InlineSuggestionCandidateViewController.textCandidatesUpdated():621 Not showing inline suggestion tooltip v2; has candidates
10-20 01:00:32.197  1929  1929 W InputContextProxy: InputContextProxy.applyClientDiffInternal():892 Ignore [FetchSuggestions] diff due to stale request: 13619<13621, inputStateId=12997, lastInputStateId=12998
10-20 01:00:32.236  1929  1929 W InputContextProxy: InputContextProxy.applyClientDiffInternal():892 Ignore [FetchSuggestions] diff due to stale request: 13621<13623, inputStateId=12999, lastInputStateId=13000
10-20 01:00:32.285  1929  1929 W InputContextProxy: InputContextProxy.applyClientDiffInternal():892 Ignore [FetchSuggestions] diff due to stale request: 13623<13625, inputStateId=13001, lastInputStateId=13002
10-20 01:00:32.311  1929  1929 I InlineSuggestionCandidateViewController: InlineSuggestionCandidateViewController.textCandidatesUpdated():621 Not showing inline suggestion tooltip v2; has candidates
10-20 01:00:32.358  1929  1929 W InputContextProxy: InputContextProxy.applyClientDiffInternal():892 Ignore [FetchSuggestions] diff due to stale request: 13627<13628, inputStateId=13005, lastInputStateId=13006
10-20 01:00:32.382  1929  2492 I native  : I1020 01:00:32.382240    2492 input-context-store.cc:238] Ignoring stale client request for FetchSuggestions
10-20 01:00:32.385  1929  1929 W InputContextProxy: InputContextProxy.applyClientDiffInternal():892 Ignore [FetchSuggestions] diff due to stale request: 13629<13631, inputStateId=13007, lastInputStateId=13007
10-20 01:00:32.419  1929  1929 W InputContextProxy: InputContextProxy.applyClientDiffInternal():892 Ignore [FetchSuggestions] diff due to stale request: 13631<13633, inputStateId=13008, lastInputStateId=13009
10-20 01:00:32.463  1929  1929 I InlineSuggestionCandidateViewController: InlineSuggestionCandidateViewController.textCandidatesUpdated():621 Not showing inline suggestion tooltip v2; has candidates
10-20 01:00:32.480  1929  2492 I native  : I1020 01:00:32.480403    2492 input-context-store.cc:178] Using roll back input context for operation: [FetchSuggestions] rolled back operation: [OverrideDecodedCandidates] reason: client [13011] vs decoder [13013]
10-20 01:00:32.485  1929  1929 W InputContextProxy: InputContextProxy.applyClientDiffInternal():892 Ignore [FetchSuggestions] diff due to stale request: 13635<13636, inputStateId=13013, lastInputStateId=13011
10-20 01:00:32.487  1929  1929 I InlineSuggestionCandidateViewController: InlineSuggestionCandidateViewController.textCandidatesUpdated():621 Not showing inline suggestion tooltip v2; has candidates
10-20 01:00:32.560  1929  1929 W InputContextProxy: InputContextProxy.applyClientDiffInternal():892 Ignore [FetchSuggestions] diff due to stale request: 13638<13642, inputStateId=13017, lastInputStateId=13020
10-20 01:00:32.562  1929  2492 I native  : I1020 01:00:32.562326    2492 input-context-store.cc:238] Ignoring stale client request for FetchSuggestions
10-20 01:00:32.596  1929  1929 W InputContextProxy: InputContextProxy.applyClientDiffInternal():892 Ignore [FetchSuggestions] diff due to stale request: 13641<13643, inputStateId=13020, lastInputStateId=13020
10-20 01:00:32.596  1929  1929 I InlineSuggestionCandidateViewController: InlineSuggestionCandidateViewController.textCandidatesUpdated():621 Not showing inline suggestion tooltip v2; has candidates
10-20 01:00:32.640  1929  1929 W InputContextProxy: InputContextProxy.applyClientDiffInternal():892 Ignore [FetchSuggestions] diff due to stale request: 13645<13647, inputStateId=13023, lastInputStateId=13024
10-20 01:00:32.668  1929  1929 I KeyboardViewController: KeyboardViewController.lambda$showSelfAndAncestors$6():594 current view doesn't has the priority com.google.android.apps.inputmethod.libs.framework.keyboard.widget.AccessPointsBar{130b33d I.E...... ......ID 95,0-975,116 #7f0b0017 app:id/0_resource_name_obfuscated} to show itself, DEFAULT
10-20 01:00:32.669  1929  1929 W InputContextProxy: InputContextProxy.applyClientDiffInternal():892 Ignore [FetchSuggestions] diff due to stale request: 13647<13649, inputStateId=13025, lastInputStateId=13026
10-20 01:00:32.677  1929  2492 I native  : I1020 01:00:32.677776    2492 input-context-store.cc:178] Using roll back input context for operation: [FetchSuggestions] rolled back operation: [OverrideDecodedCandidates] reason: client [13026] vs decoder [13028]
10-20 01:00:32.679  1929  1929 W InputContextProxy: InputContextProxy.applyClientDiffInternal():892 Ignore [FetchSuggestions] diff due to stale request: 13649<13650, inputStateId=13028, lastInputStateId=13026
10-20 01:00:32.687  1929  1929 I InlineSuggestionCandidateViewController: InlineSuggestionCandidateViewController.textCandidatesUpdated():621 Not showing inline suggestion tooltip v2; has candidates
10-20 01:00:32.740  1929  1929 W InputContextProxy: InputContextProxy.applyClientDiffInternal():892 Ignore [FetchSuggestions] diff due to stale request: 13652<13657, inputStateId=13032, lastInputStateId=13035
10-20 01:00:32.760  1545  1579 D EGL_emulation: app_time_stats: avg=28.99ms min=4.70ms max=244.00ms count=34
10-20 01:00:32.777  1929  1929 I InlineSuggestionCandidateViewController: InlineSuggestionCandidateViewController.textCandidatesUpdated():621 Not showing inline suggestion tooltip v2; has candidates
10-20 01:00:32.840  1545  1545 I ViewInteraction: Performing 'replace text()' action on view view.getId() is <2131296467/com.example.cocktailsdbapp:id/et_email_input>
10-20 01:00:32.863  1545  1545 I ViewInteraction: Performing 'type text(cocktailstest@example.com)' action on view view.getId() is <2131296467/com.example.cocktailsdbapp:id/et_email_input>
10-20 01:00:32.864  1929  1929 I InlineSuggestionCandidateViewController: InlineSuggestionCandidateViewController.textCandidatesUpdated():621 Not showing inline suggestion tooltip v2; has candidates
10-20 01:00:32.866  1929  1929 I KeyboardViewController: KeyboardViewController.lambda$showSelfAndAncestors$6():594 current view doesn't has the priority com.google.android.apps.inputmethod.libs.framework.keyboard.widget.AccessPointsBar{130b33d I.E...... ......ID 95,0-975,116 #7f0b0017 app:id/0_resource_name_obfuscated} to show itself, DEFAULT
10-20 01:00:32.923  1929  1929 I GoogleInputMethodService: GoogleInputMethodService.onFinishInputView():2365
10-20 01:00:32.924  1545  1545 D InputMethodManager: showSoftInput() view=androidx.appcompat.widget.AppCompatEditText{c07ce09 VFED..CL. .F.P..ID 119,418-959,526 #7f0900d3 app:id/et_email_input aid=1073741828} flags=0 reason=SHOW_SOFT_INPUT
10-20 01:00:32.925  1929  1929 I InlineSuggestionCandidateViewController: InlineSuggestionCandidateViewController.setInlineSuggestionCandidateImpl():1163 set  to inlineSuggestionTextView
10-20 01:00:32.931  1929  1929 I KeyboardWrapper: KeyboardWrapper.consumeEvent():287 Skip consuming an event as current keyboard is deactivated (state=0, keyboard existence=true)
10-20 01:00:32.932  1929  1929 I VoiceInputManagerWrapper: VoiceInputManagerWrapper.shutdown():76 shutdown()
10-20 01:00:32.934  1929  1929 I AndroidIME: AbstractIme.onDeactivate():207 LatinIme.onDeactivate()
10-20 01:00:32.935  1929  2492 W Delight5Decoder: Delight5DecoderWrapper.shouldAbandonMessage():1874 Detected old [FetchSuggestions] request in background: 13661<13662
10-20 01:00:32.937  1929  1929 I GoogleInputMethodService: GoogleInputMethodService.onFinishInput():3420
10-20 01:00:32.938  1929  1929 I GoogleInputMethodService: GoogleInputMethodService.onStartInput():2002
10-20 01:00:32.939  1929  1929 I DeviceUnlockedTag: DeviceUnlockedTag.notifyDeviceLockStatusChanged():31 Notify device unlocked.
10-20 01:00:32.941  1929  1929 I GoogleInputMethodService: GoogleInputMethodService.onStartInputView():2148
10-20 01:00:32.942  1929  1929 I DeviceUnlockedTag: DeviceUnlockedTag.notifyDeviceLockStatusChanged():31 Notify device unlocked.
10-20 01:00:32.946  1929  1929 I KeyboardViewUtil: KeyboardViewUtil.getKeyboardHeightRatio():166 systemKeyboardHeightRatio:1.000000; userKeyboardHeightRatio:1.000000.
10-20 01:00:32.947  1929  1929 I AndroidIME: AbstractIme.onActivate():86 LatinIme.onActivate() : EditorInfo = inputType=Email imeActionName=NEXT dump=[inputType=0x21 imeOptions=0xc000005 privateImeOptions=null actionLabel=null actionId=0 initialSelStart=0 initialSelEnd=0 initialCapsMode=0x0 hintText=email label=null packageName=com.example.cocktailsdbapp autofillId=1073741828 fieldId=2131296467 fieldName=null extras=Bundle[{android.support.text.emoji.emojiCompat_metadataVersion=8, android.support.text.emoji.emojiCompat_replaceAll=false}] hintLocales=null contentMimeTypes=null ], IncognitoMode = false, DeviceLocked = false
10-20 01:00:32.948  1929  1929 I Delight5Facilitator: Delight5Facilitator.initializeForIme():718 initializeForIme() : Locale = [en_US], layout = qwerty
10-20 01:00:32.948  1929  1929 I VoiceInputManagerWrapper: VoiceInputManagerWrapper.cancelShutdown():54 cancelShutdown()
10-20 01:00:32.949  1929  1929 I VoiceInputManagerWrapper: VoiceInputManagerWrapper.syncLanguagePacks():66 syncLanguagePacks()
10-20 01:00:32.950  1929  1929 I LatinIme: LatinIme.updateEnableInlineSuggestionsOnDecoderSideFlags():1293 inline flag updated to:false
10-20 01:00:32.953  1929 13454 I SpeechFactory: SpeechRecognitionFactory.maybeScheduleAutoPackDownloadForFallback():182 maybeScheduleAutoPackDownloadForFallback()
10-20 01:00:32.953  1929 13454 I FallbackOnDeviceRecognitionProvider: FallbackOnDeviceRecognitionProvider.maybeScheduleAutoPackDownload():194 maybeScheduleAutoPackDownload() for language tag en-US
10-20 01:00:32.963   372   372 D goldfish-address-space: claimShared: Ask to claim region [0x3ebc1d000 0x3ebc6a000]
10-20 01:00:32.964  1929  1929 I KeyboardWrapper: KeyboardWrapper.consumeEvent():287 Skip consuming an event as current keyboard is deactivated (state=0, keyboard existence=true)
10-20 01:00:32.968   372   372 D goldfish-address-space: claimShared: Ask to claim region [0x3ebc6a000 0x3ebcb7000]
10-20 01:00:32.975  1929  1929 I KeyboardViewUtil: KeyboardViewUtil.calculateMaxKeyboardBodyHeight():62 leave 354 height for app when screen height:2274, header height:116 and isFullscreenMode:false, so the max keyboard body height is:1804
10-20 01:00:32.979   372   372 D goldfish-address-space: claimShared: Ask to claim region [0x3ebcb7000 0x3ebd04000]
10-20 01:00:32.987  1545  1545 W IInputConnectionWrapper: setComposingRegion on inactive InputConnection
10-20 01:00:32.995  1929  1929 I NormalModeController: NormalModeController.getKeyboardBodyViewHolderPaddingBottom():109 currentPrimeKeyboardType:SOFT systemPaddingBottom:-1
10-20 01:00:32.997  1929  1929 I KeyboardViewUtil: KeyboardViewUtil.calculateMaxKeyboardBodyHeight():62 leave 354 height for app when screen height:2274, header height:116 and isFullscreenMode:false, so the max keyboard body height is:1804
10-20 01:00:32.999  1929  2492 I Delight5Decoder: Delight5DecoderWrapper.setKeyboardLayout():434 setKeyboardLayout()
10-20 01:00:33.000  1929  1929 I NormalModeController: NormalModeController.getKeyboardBodyViewHolderPaddingBottom():109 currentPrimeKeyboardType:SOFT systemPaddingBottom:-1
10-20 01:00:33.002  1929  1929 I AndroidIME: KeyboardViewManager.updateKeyboardBodyViewHolderPaddingBottom():513 Set finalPaddingBottom = 0 while keyboardBottomGapFromScreen = 0; navigationHeight = 126
10-20 01:00:33.002  1929  1929 I NormalModeController: NormalModeController.getKeyboardBodyViewHolderPaddingBottom():109 currentPrimeKeyboardType:SOFT systemPaddingBottom:-1
10-20 01:00:33.005  1929  1929 I AndroidIME: KeyboardViewManager.updateKeyboardBodyViewHolderPaddingBottom():513 Set finalPaddingBottom = 0 while keyboardBottomGapFromScreen = 0; navigationHeight = 126
10-20 01:00:33.005  1929  1929 I CurrentMicStatusHolder: CurrentMicStatusHolder.onStartInputView():79 Current Mic status = {MicIconHidden-EmailInputType,}
10-20 01:00:33.006  1929  1929 I VoiceImeExtension: VoiceImeExtension.shouldStartVoiceInputAutomatically():354 No private IME option set to start voice input.
10-20 01:00:33.015  1545  1545 D InsetsController: show(ime(), fromIme=true)
10-20 01:00:33.019  1545  1545 D InsetsController: show(ime(), fromIme=true)
10-20 01:00:33.023  1929  2403 D EGL_emulation: app_time_stats: avg=68.27ms min=14.19ms max=174.23ms count=16
10-20 01:00:33.030  7442  7442 D BoundBrokerSvc: onBind: Intent { act=com.google.android.gms.common.BIND_SHARED_PREFS pkg=com.google.android.gms }
10-20 01:00:33.031  7442  7442 D BoundBrokerSvc: Loading bound service for intent: Intent { act=com.google.android.gms.common.BIND_SHARED_PREFS pkg=com.google.android.gms }
10-20 01:00:33.036  7442  7442 D BoundBrokerSvc: onUnbind: Intent { act=com.google.android.gms.common.BIND_SHARED_PREFS pkg=com.google.android.gms }
10-20 01:00:33.047  7442  7442 D BoundBrokerSvc: onBind: Intent { act=com.google.android.gms.common.BIND_SHARED_PREFS pkg=com.google.android.gms }
10-20 01:00:33.047  7442  7442 D BoundBrokerSvc: Loading bound service for intent: Intent { act=com.google.android.gms.common.BIND_SHARED_PREFS pkg=com.google.android.gms }
10-20 01:00:33.051  7442  7442 D BoundBrokerSvc: onUnbind: Intent { act=com.google.android.gms.common.BIND_SHARED_PREFS pkg=com.google.android.gms }
10-20 01:00:33.214  1545  1545 D UiControllerImpl: Injecting string: "cocktailstest@example.com"
10-20 01:00:33.315  1929  1929 W InputContextProxy: InputContextProxy.applyClientDiffInternal():892 Ignore [FetchSuggestions] diff due to stale request: 13666<13669, inputStateId=13044, lastInputStateId=13046
10-20 01:00:33.326  1929  1929 I InlineSuggestionCandidateViewController: InlineSuggestionCandidateViewController.textCandidatesUpdated():621 Not showing inline suggestion tooltip v2; has candidates
10-20 01:00:33.339  1929  1929 I InlineSuggestionCandidateViewController: InlineSuggestionCandidateViewController.textCandidatesUpdated():621 Not showing inline suggestion tooltip v2; has candidates
10-20 01:00:33.346   582  1320 W InputManager-JNI: Input channel object '4d0294e PopupWindow:893dd8c (client)' was disposed without first being removed with the input manager!
10-20 01:00:33.416  1929  1929 I InlineSuggestionCandidateViewController: InlineSuggestionCandidateViewController.textCandidatesUpdated():621 Not showing inline suggestion tooltip v2; has candidates
10-20 01:00:33.473  1929  1929 W InputContextProxy: InputContextProxy.applyClientDiffInternal():892 Ignore [FetchSuggestions] diff due to stale request: 13675<13677, inputStateId=13053, lastInputStateId=13054
10-20 01:00:33.554  1929  1929 W InputContextProxy: InputContextProxy.applyClientDiffInternal():892 Ignore [FetchSuggestions] diff due to stale request: 13677<13679, inputStateId=13055, lastInputStateId=13056
10-20 01:00:33.581  1929  1929 W InputContextProxy: InputContextProxy.applyClientDiffInternal():892 Ignore [FetchSuggestions] diff due to stale request: 13679<13681, inputStateId=13057, lastInputStateId=13058
10-20 01:00:33.616  1929  1929 W InputContextProxy: InputContextProxy.applyClientDiffInternal():892 Ignore [FetchSuggestions] diff due to stale request: 13681<13683, inputStateId=13059, lastInputStateId=13060
10-20 01:00:33.634  1929  2492 I native  : I1020 01:00:33.634149    2492 input-context-store.cc:238] Ignoring stale client request for FetchSuggestions
10-20 01:00:33.664  1929  1929 W InputContextProxy: InputContextProxy.applyClientDiffInternal():892 Ignore [FetchSuggestions] diff due to stale request: 13683<13685, inputStateId=13061, lastInputStateId=13061
10-20 01:00:33.666  1929  1929 I InlineSuggestionCandidateViewController: InlineSuggestionCandidateViewController.textCandidatesUpdated():621 Not showing inline suggestion tooltip v2; has candidates
10-20 01:00:33.731  1929  1929 W InputContextProxy: InputContextProxy.applyClientDiffInternal():892 Ignore [FetchSuggestions] diff due to stale request: 13687<13689, inputStateId=13064, lastInputStateId=13065
10-20 01:00:33.763  1929  1929 W InputContextProxy: InputContextProxy.applyClientDiffInternal():892 Ignore [FetchSuggestions] diff due to stale request: 13689<13691, inputStateId=13066, lastInputStateId=13067
10-20 01:00:33.764  1545  1579 D EGL_emulation: app_time_stats: avg=40.06ms min=5.80ms max=247.79ms count=25
10-20 01:00:33.817  1929  1929 W InputContextProxy: InputContextProxy.applyClientDiffInternal():892 Ignore [FetchSuggestions] diff due to stale request: 13691<13696, inputStateId=13068, lastInputStateId=13072
10-20 01:00:33.818  1929  1929 W InputContextProxy: InputContextProxy.applyClientDiffInternal():892 Ignore [FetchSuggestions] diff due to stale request: 13693<13696, inputStateId=13070, lastInputStateId=13072
10-20 01:00:33.818  1929  1929 W InputContextProxy: InputContextProxy.applyClientDiffInternal():892 Ignore [FetchSuggestions] diff due to stale request: 13694<13696, inputStateId=13071, lastInputStateId=13072
10-20 01:00:33.839  1929  1929 I InlineSuggestionCandidateViewController: InlineSuggestionCandidateViewController.textCandidatesUpdated():621 Not showing inline suggestion tooltip v2; has candidates
10-20 01:00:33.888  1929  2492 W Delight5Decoder: Delight5DecoderWrapper.shouldAbandonMessage():1874 Detected old [FetchSuggestions] request in background: 13700<13701
10-20 01:00:34.191  1545  1545 I ViewInteraction: Performing 'replace text()' action on view view.getId() is <2131296469/com.example.cocktailsdbapp:id/et_password_input>
10-20 01:00:34.216  1545  1545 I ViewInteraction: Performing 'type text(password123)' action on view view.getId() is <2131296469/com.example.cocktailsdbapp:id/et_password_input>
10-20 01:00:34.299  1545  1545 D InputMethodManager: showSoftInput() view=androidx.appcompat.widget.AppCompatEditText{40fa80e VFED..CL. .F.P..ID 119,552-959,660 #7f0900d5 app:id/et_password_input aid=1073741829} flags=0 reason=SHOW_SOFT_INPUT
10-20 01:00:34.301  1929  1929 I GoogleInputMethodService: GoogleInputMethodService.onFinishInputView():2365
10-20 01:00:34.303  1929  1929 I InlineSuggestionCandidateViewController: InlineSuggestionCandidateViewController.setInlineSuggestionCandidateImpl():1163 set  to inlineSuggestionTextView
10-20 01:00:34.307  1929  1929 I KeyboardWrapper: KeyboardWrapper.consumeEvent():287 Skip consuming an event as current keyboard is deactivated (state=0, keyboard existence=true)
10-20 01:00:34.308  1929  1929 I VoiceInputManagerWrapper: VoiceInputManagerWrapper.shutdown():76 shutdown()
10-20 01:00:34.310  1929  1929 I AndroidIME: AbstractIme.onDeactivate():207 LatinIme.onDeactivate()
10-20 01:00:34.317  1929  1929 I GoogleInputMethodService: GoogleInputMethodService.onFinishInput():3420
10-20 01:00:34.320  1929  1929 I GoogleInputMethodService: GoogleInputMethodService.onStartInput():2002
10-20 01:00:34.325  1929  1929 I DeviceUnlockedTag: DeviceUnlockedTag.notifyDeviceLockStatusChanged():31 Notify device unlocked.
10-20 01:00:34.327   372   372 D goldfish-address-space: claimShared: Ask to claim region [0x3ebc1d000 0x3ebc6a000]
10-20 01:00:34.331  1929  1929 I GoogleInputMethodService: GoogleInputMethodService.onStartInputView():2148
10-20 01:00:34.332   372   372 D goldfish-address-space: claimShared: Ask to claim region [0x3ebc6a000 0x3ebcb7000]
10-20 01:00:34.336   372   372 D goldfish-address-space: claimShared: Ask to claim region [0x3ebcb7000 0x3ebd04000]
10-20 01:00:34.339  1929  1929 I DeviceUnlockedTag: DeviceUnlockedTag.notifyDeviceLockStatusChanged():31 Notify device unlocked.
10-20 01:00:34.365  1929  1929 I KeyboardViewUtil: KeyboardViewUtil.getKeyboardHeightRatio():166 systemKeyboardHeightRatio:1.000000; userKeyboardHeightRatio:1.000000.
10-20 01:00:34.366  1929  1929 I AndroidIME: AbstractIme.onActivate():86 PasswordIme.onActivate() : EditorInfo = inputType=Password imeActionName=DONE dump=[inputType=0x81 imeOptions=0x4000006 privateImeOptions=null actionLabel=null actionId=0 initialSelStart=0 initialSelEnd=0 initialCapsMode=0x0 hintText=password label=null packageName=com.example.cocktailsdbapp autofillId=1073741829 fieldId=2131296469 fieldName=null extras=Bundle[{android.support.text.emoji.emojiCompat_metadataVersion=8, android.support.text.emoji.emojiCompat_replaceAll=false}] hintLocales=null contentMimeTypes=null ], IncognitoMode = false, DeviceLocked = false
10-20 01:00:34.371  1929  1929 I KeyboardViewHelper: KeyboardViewHelper.getView():167 Get view with height ratio:1.000000
10-20 01:00:34.379  1929  1929 I KeyboardViewUtil: KeyboardViewUtil.calculateMaxKeyboardBodyHeight():62 leave 354 height for app when screen height:2274, header height:116 and isFullscreenMode:false, so the max keyboard body height is:1804
10-20 01:00:34.380  1929  1929 I InlineSuggestionCandidateViewController: InlineSuggestionCandidateViewController.setInlineSuggestionCandidateImpl():1163 set  to inlineSuggestionTextView
10-20 01:00:34.381  1929  1929 I KeyboardViewUtil: KeyboardViewUtil.calculateMaxKeyboardBodyHeight():62 leave 354 height for app when screen height:2274, header height:116 and isFullscreenMode:false, so the max keyboard body height is:1804
10-20 01:00:34.382  1929  1929 I NormalModeController: NormalModeController.getKeyboardBodyViewHolderPaddingBottom():109 currentPrimeKeyboardType:SOFT systemPaddingBottom:-1
10-20 01:00:34.383  1929  1929 I AndroidIME: KeyboardViewManager.updateKeyboardBodyViewHolderPaddingBottom():513 Set finalPaddingBottom = 0 while keyboardBottomGapFromScreen = 0; navigationHeight = 126
10-20 01:00:34.383  1929  1929 I NormalModeController: NormalModeController.getKeyboardBodyViewHolderPaddingBottom():109 currentPrimeKeyboardType:SOFT systemPaddingBottom:-1
10-20 01:00:34.384  1929  1929 I AndroidIME: KeyboardViewManager.updateKeyboardBodyViewHolderPaddingBottom():513 Set finalPaddingBottom = 0 while keyboardBottomGapFromScreen = 0; navigationHeight = 126
10-20 01:00:34.385  1929  1929 I CurrentMicStatusHolder: CurrentMicStatusHolder.onStartInputView():79 Current Mic status = {MicIconHidden-SettingOff,MicIconHidden-PasswordOrNumberOrDateInputType,}
10-20 01:00:34.385  1929  1929 I VoiceImeExtension: VoiceImeExtension.shouldStartVoiceInputAutomatically():354 No private IME option set to start voice input.
10-20 01:00:34.393  1545  1545 D InsetsController: show(ime(), fromIme=true)
10-20 01:00:34.400  1545  1545 D InsetsController: show(ime(), fromIme=true)
10-20 01:00:34.406  7442  7442 D BoundBrokerSvc: onBind: Intent { act=com.google.android.gms.common.BIND_SHARED_PREFS pkg=com.google.android.gms }
10-20 01:00:34.406  7442  7442 D BoundBrokerSvc: Loading bound service for intent: Intent { act=com.google.android.gms.common.BIND_SHARED_PREFS pkg=com.google.android.gms }
10-20 01:00:34.414  1929  2403 D EGL_emulation: app_time_stats: avg=139.07ms min=28.79ms max=404.53ms count=10
10-20 01:00:34.417  7442  7442 D BoundBrokerSvc: onUnbind: Intent { act=com.google.android.gms.common.BIND_SHARED_PREFS pkg=com.google.android.gms }
10-20 01:00:34.430  7442  7442 D BoundBrokerSvc: onBind: Intent { act=com.google.android.gms.common.BIND_SHARED_PREFS pkg=com.google.android.gms }
10-20 01:00:34.430  7442  7442 D BoundBrokerSvc: Loading bound service for intent: Intent { act=com.google.android.gms.common.BIND_SHARED_PREFS pkg=com.google.android.gms }
10-20 01:00:34.444  7442  7442 D BoundBrokerSvc: onUnbind: Intent { act=com.google.android.gms.common.BIND_SHARED_PREFS pkg=com.google.android.gms }
10-20 01:00:34.567  1545  1545 D UiControllerImpl: Injecting string: "password123"
10-20 01:00:34.669   582  2206 W InputManager-JNI: Input channel object 'b3e2957 PopupWindow:e97130f (client)' was disposed without first being removed with the input manager!
10-20 01:00:34.781  1545  1579 D EGL_emulation: app_time_stats: avg=36.70ms min=5.35ms max=242.18ms count=27
10-20 01:00:34.957  1545  1545 I ViewInteraction: Performing 'single click' action on view view.getId() is <2131296378/com.example.cocktailsdbapp:id/bt_register>
10-20 01:00:35.097   372   372 D goldfish-address-space: claimShared: Ask to claim region [0x3ebc1d000 0x3ebdde000]
10-20 01:00:35.101   372   372 D goldfish-address-space: claimShared: Ask to claim region [0x3ebdde000 0x3ebf9f000]
10-20 01:00:35.104   372 13548 D goldfish-address-space: claimShared: Ask to claim region [0x3e9eb4000 0x3ea075000]
10-20 01:00:35.158  1186  1256 D EGL_emulation: app_time_stats: avg=176.13ms min=3.61ms max=2951.88ms count=18
10-20 01:00:35.781  1545  1579 D EGL_emulation: app_time_stats: avg=11.32ms min=2.29ms max=37.78ms count=54
10-20 01:00:36.466  1545  1545 I ViewInteraction: Checking 'MatchesViewAssertion{viewMatcher=(view has effective visibility <VISIBLE> and view.getGlobalVisibleRect() to return non-empty rectangle)}' assertion on view an instance of android.widget.TextView and view.getText() with or without transformation to match: is "Registration Successful!"
10-20 01:00:36.470  1545  1545 I ViewInteraction: Performing 'single click' action on view an instance of android.widget.TextView and view.getText() with or without transformation to match: is "OK"
10-20 01:00:36.533  1545  1579 D EGL_emulation: app_time_stats: avg=154.32ms min=2.32ms max=1234.41ms count=9
10-20 01:00:36.545  1545  1579 D OpenGLRenderer: endAllActiveAnimators on 0x7eb6f88929f0 (RippleDrawable) with handle 0x7eb60870e530
10-20 01:00:36.547   582   622 W InputManager-JNI: Input channel object '548dde0 com.example.cocktailsdbapp/com.example.cocktailsdbapp.MainActivity (client)' was disposed without first being removed with the input manager!
10-20 01:00:36.585  1186  1256 D EGL_emulation: app_time_stats: avg=156.12ms min=13.05ms max=1288.35ms count=9
10-20 01:00:36.609  1545  2071 I okhttp.OkHttpClient: --> GET https://www.thecocktaildb.com/api/json/v1/1/filter.php?a=Alcoholic
10-20 01:00:36.610  1545  2071 I okhttp.OkHttpClient: --> END GET
10-20 01:00:36.648  1545  1545 E RecyclerView: No adapter attached; skipping layout
10-20 01:00:36.657  1929  1929 I GoogleInputMethodService: GoogleInputMethodService.onFinishInputView():2365
10-20 01:00:36.658  1929  1929 I AndroidIME: AbstractIme.onDeactivate():207 PasswordIme.onDeactivate()
10-20 01:00:36.671  1929  1929 I GoogleInputMethodService: GoogleInputMethodService.onFinishInput():3420
10-20 01:00:36.671  1929  1929 I GoogleInputMethodService: GoogleInputMethodService.onStartInput():2002
10-20 01:00:36.672  1929  1929 I DeviceUnlockedTag: DeviceUnlockedTag.notifyDeviceLockStatusChanged():31 Notify device unlocked.
10-20 01:00:36.703  1929  2403 D EGL_emulation: app_time_stats: avg=1142.42ms min=7.10ms max=2277.73ms count=2
10-20 01:00:36.725  1545  2071 I okhttp.OkHttpClient: <-- 200 https://www.thecocktaildb.com/api/json/v1/1/filter.php?a=Alcoholic (114ms)
10-20 01:00:36.725  1545  2071 I okhttp.OkHttpClient: date: Sun, 19 Oct 2025 23:00:44 GMT
10-20 01:00:36.727  1545  2071 I okhttp.OkHttpClient: content-type: application/json
10-20 01:00:36.727  1545  2071 I okhttp.OkHttpClient: server: cloudflare
10-20 01:00:36.733  1545  2071 I okhttp.OkHttpClient: x-powered-by: PHP/7.4.33
10-20 01:00:36.733  1545  2071 I okhttp.OkHttpClient: access-control-allow-origin: *
10-20 01:00:36.734  1545  2071 I okhttp.OkHttpClient: cf-cache-status: DYNAMIC
10-20 01:00:36.734  1545  2071 I okhttp.OkHttpClient: nel: {"report_to":"cf-nel","success_fraction":0.0,"max_age":604800}
10-20 01:00:36.734  1545  2071 I okhttp.OkHttpClient: server-timing: cfCacheStatus;desc="DYNAMIC"
10-20 01:00:36.734  1545  2071 I okhttp.OkHttpClient: server-timing: cfEdge;dur=2,cfOrigin;dur=45
10-20 01:00:36.734  1545  2071 I okhttp.OkHttpClient: report-to: {"group":"cf-nel","max_age":604800,"endpoints":[{"url":"https://a.nel.cloudflare.com/report/v4?s=IcQuZC3BJhIgQRtCwAkDa5buOil7MOYcyEy9P87CWYRReDVPAR8kf6xuB%2Fv45Ie72tTj9QlgFquKZefJ96MQbPT%2ByUlGC9xKw4MdW2eYFlJhH7U%3D"}]}
10-20 01:00:36.735  1545  2071 I okhttp.OkHttpClient: cf-ray: 9913e4b469b9bbed-BEG
10-20 01:00:36.735  1545  2071 I okhttp.OkHttpClient: alt-svc: h3=":443"; ma=86400
10-20 01:00:36.749  1545  2071 I okhttp.OkHttpClient: {"drinks":[{"strDrink":"110 in the shade","strDrinkThumb":"https:\/\/www.thecocktaildb.com\/images\/media\/drink\/xxyywq1454511117.jpg","idDrink":"15423"},{"strDrink":"151 Florida Bushwacker","strDrinkThumb":"https:\/\/www.thecocktaildb.com\/images\/media\/drink\/rvwrvv1468877323.jpg","idDrink":"14588"},{"strDrink":"155 Belmont","strDrinkThumb":"https:\/\/www.thecocktaildb.com\/images\/media\/drink\/yqvvqs1475667388.jpg","idDrink":"15346"},{"strDrink":"24k nightmare","strDrinkThumb":"https:\/\/www.thecocktaildb.com\/images\/media\/drink\/yyrwty1468877498.jpg","idDrink":"17060"},{"strDrink":"252","strDrinkThumb":"https:\/\/www.thecocktaildb.com\/images\/media\/drink\/rtpxqw1468877562.jpg","idDrink":"15288"},{"strDrink":"3 Wise Men","strDrinkThumb":"https:\/\/www.thecocktaildb.com\/images\/media\/drink\/wxqpyw1468877677.jpg","idDrink":"13899"},{"strDrink":"3-Mile Long Island Iced Tea","strDrinkThumb":"https:\/\/www.thecocktaildb.com\/images\/media\/drink\/rrtssw1472668972.jpg","idDrink":"15300"},{"strDrink":"410 Gone","strDrinkThumb":"https:\/\/www.thecocktaildb.com\/images\/media\/drink\/xtuyqv1472669026.jpg","idDrink":"13581"},{"strDrink":"50\/50","strDrinkThumb":"https:\/\/www.thecocktaildb.com\/images\/media\/drink\/wwpyvr1461919316.jpg","idDrink":"14598"},{"strDrink":"501 Blue","strDrinkThumb":"https:\/\/www.thecocktaildb.com\/images\/media\/drink\/ywxwqs1461867097.jpg","idDrink":"17105"},{"strDrink":"57 Chevy with a White License Plate","strDrinkThumb":"https:\/\/www.thecocktaildb.com\/images\/media\/drink\/qyyvtu1468878544.jpg","idDrink":"14029"},{"strDrink":"69 Special","strDrinkThumb":"https:\/\/www.thecocktaildb.com\/images\/media\/drink\/vqyxqx1472669095.jpg","idDrink":"13940"},{"strDrink":"747","strDrinkThumb":"https:\/\/www.thecocktaildb.com\/images\/media\/drink\/xxsxqy1472668106.jpg","idDrink":"14229"},{"strDrink":"747 Drink","strDrinkThumb":"https:\/\/www.thecocktaildb.com\/images\/media\/drink\/i9suxb1582474926.jpg","idDrink":"178318"},{"strDrink":"9 1\/2 Weeks","strDrinkThumb":"https:\/\/www.thecocktaildb.com\/images\/media\/drink\/xvwusr1472669302.jpg","idDrink":"16108"},{"strDrink":"A Day at the Beach","strDrinkThumb":"https:\/\/www.thecocktaildb.com\/images\/media\/drink\/trptts1454514474.jpg","idDrink":"15200"},{"strDrink":"A Furlong Too Late","strDrinkThumb":"https:\/\/www.thecocktaildb.com\/images\/media\/drink\/ssxvww1472669166.jpg","idDrink":"17831"},{"strDrink":"A Gilligan's Island","strDrinkThumb":"https:\/\/www.thecocktaildb.com\/images\/media\/drink\/wysqut1461867176.jpg","idDrink":"16943"},{"strDrink":"A midsummernight dream","strDrinkThumb":"https:\/\/www.thecocktaildb.com\/images\/media\/drink\/ysqvqp1461867292.jpg","idDrink":"15675"},{"strDrink":"A Night In Old Mandalay","strDrinkThumb":"https:\/\/www.thecocktaildb.com\/images\/media\/drink\/vyrvxt1461919380.jpg","idDrink":"17832"},{"strDrink":"A Piece of Ass","strDrinkThumb":"https:\/\/www.thecocktaildb.com\/images\/media\/drink\/tqxyxx1472719737.jpg","idDrink":"16405"},{"strDrink":"A Splash of Nash","strDrinkThumb":"https:\/\/www.thecocktaildb.com\/images\/media\/drink\/rsvtrr1472668201.jpg","idDrink":"14564"},{"strDrink":"A True Amaretto Sour","strDrinkThumb":"https:\/\/www.thecocktaildb.com\/images\/media\/drink\/rptuxy1472669372.jpg","idDrink":"17005"},{"strDrink":"A. J.","strDrinkThumb":"https:\/\/www.thecocktaildb.com\/images\/media\/drink\/l74qo91582480316.jpg","idDrink":"17833"},{"strDrink":"A.D.M. (After Dinner Mint)","strDrinkThumb":"https:\/\/www.thecocktaildb.com\/images\/media\/drink\/ruxuvp1472669600.jpg","idDrink":"14560"},{"strDrink":"A1","strDrinkThumb":"https:\/\/www.thecocktaildb.com\/images\/media\/drink\/2x8thr1504816928.jpg","idDrink":"17222"},{"strDrink":"Abbey Cocktail","strDrinkThumb":"https:\/\/www.thecocktaildb.com\/images\/media\/drink\/mr30ob1582479875.jpg","idDrink":"17834"},{"strDrink":"Abbey Martini","strDrinkThumb":"https:\/\/www.thecocktaildb.com\/images\/media\/drink\/2mcozt1504817403.jpg","idDrink":"17223"},{
