10-20 00:59:17.205  1545  1569 I TestRunner: started: testCocktailsFilterAction(com.example.cocktailsdbapp.ui.cocktails.CocktailsFragmentTest)
10-20 00:59:17.217  1545  1569 W Settings: Setting always_finish_activities has moved from android.provider.Settings.System to android.provider.Settings.Global, returning read-only value.
10-20 00:59:17.317  1186  1240 D SplashScreenView: Build android.window.SplashScreenView{35e269e V.E...... ......ID 0,0-0,0}
10-20 00:59:17.317  1186  1240 D SplashScreenView: Icon: view: null drawable: null size: 0
10-20 00:59:17.317  1186  1240 D SplashScreenView: Branding: view: android.view.View{b0ec57f G.ED..... ......I. 0,0-0,0 #10204a6 android:id/splashscreen_branding_view} drawable: null size w: 0 h: 0
10-20 00:59:17.347  1929  1929 I GoogleInputMethodService: GoogleInputMethodService.onFinishInput():3420
10-20 00:59:17.347  1929  1929 I GoogleInputMethodService: GoogleInputMethodService.onStartInput():2002
10-20 00:59:17.351  1929  1929 I DeviceUnlockedTag: DeviceUnlockedTag.notifyDeviceLockStatusChanged():31 Notify device unlocked.
10-20 00:59:17.497   372   372 D goldfish-address-space: claimShared: Ask to claim region [0x3f6de4000 0x3f77c8000]
10-20 00:59:17.507  2153  2153 I GsaVoiceInteractionSrv: Handling ACTION_STOP_HOTWORD
10-20 00:59:17.522   372   372 D goldfish-address-space: claimShared: Ask to claim region [0x3fb371000 0x3fbd55000]
10-20 00:59:17.528   372 13548 D goldfish-address-space: claimShared: Ask to claim region [0x3f8000000 0x3f89e4000]
10-20 00:59:17.530  2153  2153 E HwDetectorWithState: a: 3
10-20 00:59:17.534  1545  1545 D LifecycleMonitor: Lifecycle status change: com.example.cocktailsdbapp.MainActivity@a36a7bc in: PRE_ON_CREATE
10-20 00:59:17.535  1545  1545 V ActivityScenario: Activity lifecycle changed event received but ignored because the reported transition was not ON_CREATE while the last known transition was PRE_ON_CREATE
10-20 00:59:17.684   582   593 I system_server: NativeAlloc concurrent copying GC freed 88578(3649KB) AllocSpace objects, 21(484KB) LOS objects, 48% free, 25MB/49MB, paused 989us,339us total 802.393ms
10-20 00:59:17.910  1545  1545 D LifecycleMonitor: Lifecycle status change: com.example.cocktailsdbapp.MainActivity@a36a7bc in: CREATED
10-20 00:59:17.910  1545  1545 V ActivityScenario: Update currentActivityStage to CREATED, currentActivity=com.example.cocktailsdbapp.MainActivity@a36a7bc
10-20 00:59:17.915  1545  1545 D LifecycleMonitor: Lifecycle status change: com.example.cocktailsdbapp.MainActivity@a36a7bc in: STARTED
10-20 00:59:17.916  1545  1545 V ActivityScenario: Update currentActivityStage to STARTED, currentActivity=com.example.cocktailsdbapp.MainActivity@a36a7bc
10-20 00:59:17.921  1545  1545 D LifecycleMonitor: Lifecycle status change: com.example.cocktailsdbapp.MainActivity@a36a7bc in: RESUMED
10-20 00:59:17.921  1545  1545 V ActivityScenario: Update currentActivityStage to RESUMED, currentActivity=com.example.cocktailsdbapp.MainActivity@a36a7bc
10-20 00:59:17.964   372   372 D goldfish-address-space: claimShared: Ask to claim region [0x3ea3bd000 0x3eada1000]
10-20 00:59:17.969   372   372 D goldfish-address-space: claimShared: Ask to claim region [0x3ec000000 0x3ec9e4000]
10-20 00:59:17.974   372   372 D goldfish-address-space: claimShared: Ask to claim region [0x3eddac000 0x3ee790000]
10-20 00:59:18.031   582   637 I ActivityTaskManager: Displayed com.example.cocktailsdbapp/.MainActivity: +772ms
10-20 00:59:18.109  1929  1929 I GoogleInputMethodService: GoogleInputMethodService.onFinishInput():3420
10-20 00:59:18.110  1929  1929 I GoogleInputMethodService: GoogleInputMethodService.onStartInput():2002
10-20 00:59:18.111  1929  1929 I DeviceUnlockedTag: DeviceUnlockedTag.notifyDeviceLockStatusChanged():31 Notify device unlocked.
10-20 00:59:18.148  1545  1545 I ViewInteraction: Performing 'single click' action on view view.getId() is <2131296378/com.example.cocktailsdbapp:id/bt_register>
10-20 00:59:18.185   582  2255 W InputManager-JNI: Input channel object '30fba1e com.example.cocktailsdbapp.test/androidx.test.core.app.InstrumentationActivityInvoker$EmptyActivity (client)' was disposed without first being removed with the input manager!
10-20 00:59:18.335   582  2206 W InputManager-JNI: Input channel object '3be15c4 Splash Screen com.example.cocktailsdbapp (client)' was disposed without first being removed with the input manager!
10-20 00:59:18.516  1186  1256 D EGL_emulation: app_time_stats: avg=337.33ms min=16.67ms max=1473.51ms count=7
10-20 00:59:18.523  1186  1256 D EGL_emulation: app_time_stats: avg=268.38ms min=15.60ms max=1474.07ms count=6
10-20 00:59:19.587  1545  1545 I ViewInteraction: Performing 'replace text()' action on view view.getId() is <2131296468/com.example.cocktailsdbapp:id/et_name_input>
10-20 00:59:19.606  1545  1545 I ViewInteraction: Performing 'type text(Cocktails Test User)' action on view view.getId() is <2131296468/com.example.cocktailsdbapp:id/et_name_input>
10-20 00:59:19.607  1545  1579 D EGL_emulation: app_time_stats: avg=107.54ms min=3.76ms max=1145.09ms count=14
10-20 00:59:19.672  1929  1929 I GoogleInputMethodService: GoogleInputMethodService.onFinishInput():3420
10-20 00:59:19.673  1545  1545 D InputMethodManager: showSoftInput() view=androidx.appcompat.widget.AppCompatEditText{ef68329 VFED..CL. .F.P..ID 119,284-959,392 #7f0900d4 app:id/et_name_input aid=1073741827} flags=0 reason=SHOW_SOFT_INPUT
10-20 00:59:19.673  1929  1929 W KeyboardViewController: KeyboardViewController.show():477 Requesting to show sub view with id 2131428268(#0x7f0b03ac) when keyboard HEADER view is not ready to show
10-20 00:59:19.680  1929  1929 I GoogleInputMethodService: GoogleInputMethodService.onStartInput():2002
10-20 00:59:19.682  1929  1929 I DeviceUnlockedTag: DeviceUnlockedTag.notifyDeviceLockStatusChanged():31 Notify device unlocked.
10-20 00:59:19.689  1929  1929 I GoogleInputMethodService: GoogleInputMethodService.onStartInputView():2148
10-20 00:59:19.693  1545  1545 I AssistStructure: Flattened final assist data: 2988 bytes, containing 1 windows, 17 views
10-20 00:59:19.694  1929  1929 I DeviceUnlockedTag: DeviceUnlockedTag.notifyDeviceLockStatusChanged():31 Notify device unlocked.
10-20 00:59:19.696  1929  1929 I KeyboardViewUtil: KeyboardViewUtil.getKeyboardHeightRatio():166 systemKeyboardHeightRatio:1.000000; userKeyboardHeightRatio:1.000000.
10-20 00:59:19.699  1929  1929 I AndroidIME: AbstractIme.onActivate():86 LatinIme.onActivate() : EditorInfo = inputType=Text imeActionName=NEXT dump=[inputType=0x61 imeOptions=0x8000005 privateImeOptions=null actionLabel=null actionId=0 initialSelStart=0 initialSelEnd=0 initialCapsMode=0x0 hintText=name label=null packageName=com.example.cocktailsdbapp autofillId=1073741827 fieldId=2131296468 fieldName=null extras=Bundle[{android.support.text.emoji.emojiCompat_metadataVersion=8, android.support.text.emoji.emojiCompat_replaceAll=false}] hintLocales=null contentMimeTypes=null ], IncognitoMode = false, DeviceLocked = false
10-20 00:59:19.700  1929  1929 I Delight5Facilitator: Delight5Facilitator.initializeForIme():718 initializeForIme() : Locale = [en_US], layout = qwerty
10-20 00:59:19.716  1929  1929 I VoiceInputManagerWrapper: VoiceInputManagerWrapper.cancelShutdown():54 cancelShutdown()
10-20 00:59:19.719  1929  1929 I VoiceInputManagerWrapper: VoiceInputManagerWrapper.syncLanguagePacks():66 syncLanguagePacks()
10-20 00:59:19.722  1929 13454 I SpeechFactory: SpeechRecognitionFactory.maybeScheduleAutoPackDownloadForFallback():182 maybeScheduleAutoPackDownloadForFallback()
10-20 00:59:19.723  1929 13454 I FallbackOnDeviceRecognitionProvider: FallbackOnDeviceRecognitionProvider.maybeScheduleAutoPackDownload():194 maybeScheduleAutoPackDownload() for language tag en-US
10-20 00:59:19.729  1929  1929 I LatinIme: LatinIme.updateEnableInlineSuggestionsOnDecoderSideFlags():1293 inline flag updated to:false
10-20 00:59:19.743  1929  1929 I KeyboardWrapper: KeyboardWrapper.consumeEvent():287 Skip consuming an event as current keyboard is deactivated (state=0, keyboard existence=true)
10-20 00:59:19.744  7378  7378 W svc     : Pending fill request while another request in the same session was triggered. [CONTEXT service_id=177 ]
10-20 00:59:19.761  1957  1957 V InlineSuggestionRenderService: handleDestroySuggestionViews called for 0:1002321348
10-20 00:59:19.771  1929  1929 I KeyboardViewHelper: KeyboardViewHelper.getView():167 Get view with height ratio:1.000000
10-20 00:59:19.786  1929  1929 I KeyboardViewUtil: KeyboardViewUtil.calculateMaxKeyboardBodyHeight():62 leave 354 height for app when screen height:2274, header height:116 and isFullscreenMode:false, so the max keyboard body height is:1804
10-20 00:59:19.791  1929  1929 I NormalModeController: NormalModeController.getKeyboardBodyViewHolderPaddingBottom():109 currentPrimeKeyboardType:SOFT systemPaddingBottom:-1
10-20 00:59:19.792  1929  2492 I Delight5Decoder: Delight5DecoderWrapper.setKeyboardLayout():434 setKeyboardLayout()
10-20 00:59:19.796  1929  1929 I KeyboardViewUtil: KeyboardViewUtil.calculateMaxKeyboardBodyHeight():62 leave 354 height for app when screen height:2274, header height:116 and isFullscreenMode:false, so the max keyboard body height is:1804
10-20 00:59:19.801  1929  1929 I NormalModeController: NormalModeController.getKeyboardBodyViewHolderPaddingBottom():109 currentPrimeKeyboardType:SOFT systemPaddingBottom:-1
10-20 00:59:19.802  1929  1929 I AndroidIME: KeyboardViewManager.updateKeyboardBodyViewHolderPaddingBottom():513 Set finalPaddingBottom = 0 while keyboardBottomGapFromScreen = 0; navigationHeight = 126
10-20 00:59:19.802  1929  1929 I NormalModeController: NormalModeController.getKeyboardBodyViewHolderPaddingBottom():109 currentPrimeKeyboardType:SOFT systemPaddingBottom:-1
10-20 00:59:19.805  1929  1929 I AndroidIME: KeyboardViewManager.updateKeyboardBodyViewHolderPaddingBottom():513 Set finalPaddingBottom = 0 while keyboardBottomGapFromScreen = 0; navigationHeight = 126
10-20 00:59:19.812  1929  1929 I ProactiveSuggestionsHolderManager: ProactiveSuggestionsHolderManager$3.display():213 Requesting to show proactive suggestions: CLIPBOARD PREEMPTIVE_WITH_SUPPRESSION
10-20 00:59:19.816  1929  1929 I VoiceImeExtension: VoiceImeExtension.shouldStartVoiceInputAutomatically():354 No private IME option set to start voice input.
10-20 00:59:19.835  7442  7442 D BoundBrokerSvc: onBind: Intent { act=com.google.android.gms.common.BIND_SHARED_PREFS pkg=com.google.android.gms }
10-20 00:59:19.836  7442  7442 D BoundBrokerSvc: Loading bound service for intent: Intent { act=com.google.android.gms.common.BIND_SHARED_PREFS pkg=com.google.android.gms }
10-20 00:59:19.840  1186  1256 D EGL_emulation: app_time_stats: avg=140.57ms min=6.80ms max=1180.68ms count=9
10-20 00:59:19.847  7442  7442 D BoundBrokerSvc: onUnbind: Intent { act=com.google.android.gms.common.BIND_SHARED_PREFS pkg=com.google.android.gms }
10-20 00:59:19.848   372   372 D goldfish-address-space: claimShared: Ask to claim region [0x3e8000000 0x3e89a1000]
10-20 00:59:19.848  1929  1929 I NormalModeController: NormalModeController.getKeyboardBodyViewHolderPaddingBottom():109 currentPrimeKeyboardType:SOFT systemPaddingBottom:-1
10-20 00:59:19.850  1929  2492 I Delight5Decoder: Delight5DecoderWrapper.setKeyboardLayout():434 setKeyboardLayout()
10-20 00:59:19.872   372   372 D goldfish-address-space: claimShared: Ask to claim region [0x3e89a1000 0x3e9342000]
10-20 00:59:19.879  1545  1545 D InsetsController: show(ime(), fromIme=true)
10-20 00:59:19.899  7442  7442 D BoundBrokerSvc: onBind: Intent { act=com.google.android.gms.common.BIND_SHARED_PREFS pkg=com.google.android.gms }
10-20 00:59:19.899  7442  7442 D BoundBrokerSvc: Loading bound service for intent: Intent { act=com.google.android.gms.common.BIND_SHARED_PREFS pkg=com.google.android.gms }
10-20 00:59:19.903  7442  7442 D BoundBrokerSvc: onUnbind: Intent { act=com.google.android.gms.common.BIND_SHARED_PREFS pkg=com.google.android.gms }
10-20 00:59:19.914   372   372 D goldfish-address-space: claimShared: Ask to claim region [0x3e9342000 0x3e9ce3000]
10-20 00:59:19.963  1545  1545 D UiControllerImpl: Injecting string: "Cocktails Test User"
10-20 00:59:20.133  1929  1929 I InlineSuggestionCandidateViewController: InlineSuggestionCandidateViewController.textCandidatesUpdated():621 Not showing inline suggestion tooltip v2; has candidates
10-20 00:59:20.142  1929  1929 I KeyboardViewController: KeyboardViewController.lambda$showSelfAndAncestors$6():594 current view doesn't has the priority com.google.android.apps.inputmethod.latin.keyboard.widget.LatinFixedCountCandidatesHolderView{1ea64fd I.E...... ......ID 95,0-975,116 #7f0b145f app:id/softkey_holder_fixed_candidates} to show itself, PREEMPTIVE
10-20 00:59:20.233  1929  1929 W InputContextProxy: InputContextProxy.applyClientDiffInternal():892 Ignore [FetchSuggestions] diff due to stale request: 12978<12980, inputStateId=12393, lastInputStateId=12394
10-20 00:59:20.269  1929  1929 W InputContextProxy: InputContextProxy.applyClientDiffInternal():892 Ignore [FetchSuggestions] diff due to stale request: 12980<12982, inputStateId=12395, lastInputStateId=12396
10-20 00:59:20.306  1929  1929 W InputContextProxy: InputContextProxy.applyClientDiffInternal():892 Ignore [FetchSuggestions] diff due to stale request: 12982<12983, inputStateId=12397, lastInputStateId=12398
10-20 00:59:20.363  1929  2492 I native  : I1020 00:59:20.363213    2492 input-context-store.cc:238] Ignoring stale client request for FetchSuggestions
10-20 00:59:20.367  1929  1929 W InputContextProxy: InputContextProxy.applyClientDiffInternal():892 Ignore [FetchSuggestions] diff due to stale request: 12984<12986, inputStateId=12399, lastInputStateId=12399
10-20 00:59:20.415  1929  2492 I native  : I1020 00:59:20.415259    2492 input-context-store.cc:238] Ignoring stale client request for FetchSuggestions
10-20 00:59:20.460  1929  1929 W InputContextProxy: InputContextProxy.applyClientDiffInternal():892 Ignore [FetchSuggestions] diff due to stale request: 12986<12990, inputStateId=12400, lastInputStateId=12402
10-20 00:59:20.463  1929  1929 W InputContextProxy: InputContextProxy.applyClientDiffInternal():892 Ignore [FetchSuggestions] diff due to stale request: 12988<12990, inputStateId=12401, lastInputStateId=12402
10-20 00:59:20.496  1929  2492 I native  : I1020 00:59:20.496389    2492 input-context-store.cc:238] Ignoring stale client request for FetchSuggestions
10-20 00:59:20.498  1929  1929 W InputContextProxy: InputContextProxy.applyClientDiffInternal():892 Ignore [FetchSuggestions] diff due to stale request: 12990<12992, inputStateId=12403, lastInputStateId=12403
10-20 00:59:20.504  1929  1929 I InlineSuggestionCandidateViewController: InlineSuggestionCandidateViewController.textCandidatesUpdated():621 Not showing inline suggestion tooltip v2; has candidates
10-20 00:59:20.509  1929  1929 I KeyboardViewController: KeyboardViewController.lambda$showSelfAndAncestors$6():594 current view doesn't has the priority com.google.android.apps.inputmethod.latin.keyboard.widget.LatinFixedCountCandidatesHolderView{1ea64fd I.E...... ......ID 95,0-975,116 #7f0b145f app:id/softkey_holder_fixed_candidates} to show itself, PREEMPTIVE
10-20 00:59:20.564  1929  2492 I native  : I1020 00:59:20.564637    2492 input-context-store.cc:178] Using roll back input context for operation: [FetchSuggestions] rolled back operation: [OverrideDecodedCandidates] reason: client [12405] vs decoder [12407]
10-20 00:59:20.566  1929  1929 W InputContextProxy: InputContextProxy.applyClientDiffInternal():892 Ignore [FetchSuggestions] diff due to stale request: 12994<12995, inputStateId=12407, lastInputStateId=12405
10-20 00:59:20.594  1929  1929 I InlineSuggestionCandidateViewController: InlineSuggestionCandidateViewController.textCandidatesUpdated():621 Not showing inline suggestion tooltip v2; has candidates
10-20 00:59:20.609  1929  1929 I KeyboardViewController: KeyboardViewController.lambda$showSelfAndAncestors$6():594 current view doesn't has the priority com.google.android.apps.inputmethod.latin.keyboard.widget.LatinFixedCountCandidatesHolderView{1ea64fd I.E...... ......ID 95,0-975,116 #7f0b145f app:id/softkey_holder_fixed_candidates} to show itself, PREEMPTIVE
10-20 00:59:20.622  1545  1579 D EGL_emulation: app_time_stats: avg=53.32ms min=17.46ms max=330.38ms count=19
10-20 00:59:20.726  1929  1929 W InputContextProxy: InputContextProxy.applyClientDiffInternal():892 Ignore [FetchSuggestions] diff due to stale request: 12997<13001, inputStateId=12411, lastInputStateId=12414
10-20 00:59:20.748  1929  1929 I InlineSuggestionCandidateViewController: InlineSuggestionCandidateViewController.textCandidatesUpdated():621 Not showing inline suggestion tooltip v2; has candidates
10-20 00:59:20.751  1929  1929 I KeyboardViewController: KeyboardViewController.lambda$showSelfAndAncestors$6():594 current view doesn't has the priority com.google.android.apps.inputmethod.latin.keyboard.widget.LatinFixedCountCandidatesHolderView{1ea64fd I.E...... ......ID 95,0-975,116 #7f0b145f app:id/softkey_holder_fixed_candidates} to show itself, PREEMPTIVE
10-20 00:59:20.854  1929  2492 E InputContextLock: InputContextLock.maybeTrackAcquireLockTime():63 Acquire InputContextLock takes 46 ms, mainThreadForSure=false.
10-20 00:59:20.856  1929  1929 W InputContextProxy: InputContextProxy.applyClientDiffInternal():892 Ignore [FetchSuggestions] diff due to stale request: 13004<13005, inputStateId=12417, lastInputStateId=12418
10-20 00:59:20.909  1929  2492 I native  : I1020 00:59:20.909652    2492 input-context-store.cc:178] Using roll back input context for operation: [FetchSuggestions] rolled back operation: [OverrideDecodedCandidates] reason: client [12420] vs decoder [12422]
10-20 00:59:20.911  1929  1929 W InputContextProxy: InputContextProxy.applyClientDiffInternal():892 Ignore [FetchSuggestions] diff due to stale request: 13006<13009, inputStateId=12419, lastInputStateId=12420
10-20 00:59:20.914  1929  1929 W InputContextProxy: InputContextProxy.applyClientDiffInternal():892 Ignore [FetchSuggestions] diff due to stale request: 13008<13009, inputStateId=12422, lastInputStateId=12420
10-20 00:59:20.923  1929  2403 D EGL_emulation: app_time_stats: avg=83.14ms min=9.83ms max=410.26ms count=12
10-20 00:59:20.930  1929  1929 I InlineSuggestionCandidateViewController: InlineSuggestionCandidateViewController.textCandidatesUpdated():621 Not showing inline suggestion tooltip v2; has candidates
10-20 00:59:20.943  1929  1929 I KeyboardViewController: KeyboardViewController.lambda$showSelfAndAncestors$6():594 current view doesn't has the priority com.google.android.apps.inputmethod.latin.keyboard.widget.LatinFixedCountCandidatesHolderView{1ea64fd I.E...... ......ID 95,0-975,116 #7f0b145f app:id/softkey_holder_fixed_candidates} to show itself, PREEMPTIVE
10-20 00:59:21.030  1929  1929 W InputContextProxy: InputContextProxy.applyClientDiffInternal():892 Ignore [FetchSuggestions] diff due to stale request: 13011<13012, inputStateId=12426, lastInputStateId=12427
10-20 00:59:21.045  1929  2492 W Delight5Decoder: Delight5DecoderWrapper.shouldAbandonMessage():1874 Detected old [FetchSuggestions] request in background: 13014<13015
10-20 00:59:21.079  1929  1929 I InlineSuggestionCandidateViewController: InlineSuggestionCandidateViewController.textCandidatesUpdated():621 Not showing inline suggestion tooltip v2; has candidates
10-20 00:59:21.083  1929  1929 I KeyboardViewController: KeyboardViewController.lambda$showSelfAndAncestors$6():594 current view doesn't has the priority com.google.android.apps.inputmethod.latin.keyboard.widget.LatinFixedCountCandidatesHolderView{1ea64fd I.E...... ......ID 95,0-975,116 #7f0b145f app:id/softkey_holder_fixed_candidates} to show itself, PREEMPTIVE
10-20 00:59:21.154  1545  1545 I ViewInteraction: Performing 'replace text()' action on view view.getId() is <2131296467/com.example.cocktailsdbapp:id/et_email_input>
10-20 00:59:21.162  1929  1929 I InlineSuggestionCandidateViewController: InlineSuggestionCandidateViewController.textCandidatesUpdated():621 Not showing inline suggestion tooltip v2; has candidates
10-20 00:59:21.170  1929  1929 I KeyboardViewController: KeyboardViewController.lambda$showSelfAndAncestors$6():594 current view doesn't has the priority com.google.android.apps.inputmethod.latin.keyboard.widget.LatinFixedCountCandidatesHolderView{1ea64fd I.E...... ......ID 95,0-975,116 #7f0b145f app:id/softkey_holder_fixed_candidates} to show itself, PREEMPTIVE
10-20 00:59:21.221  1545  1545 I ViewInteraction: Performing 'type text(cocktailstest@example.com)' action on view view.getId() is <2131296467/com.example.cocktailsdbapp:id/et_email_input>
10-20 00:59:21.331  1929  1929 I GoogleInputMethodService: GoogleInputMethodService.onFinishInputView():2365
10-20 00:59:21.336  1545  1545 D InputMethodManager: showSoftInput() view=androidx.appcompat.widget.AppCompatEditText{5a286ae VFED..CL. .F.P..ID 119,418-959,526 #7f0900d3 app:id/et_email_input aid=1073741828} flags=0 reason=SHOW_SOFT_INPUT
10-20 00:59:21.356  1929  1929 I InlineSuggestionCandidateViewController: InlineSuggestionCandidateViewController.setInlineSuggestionCandidateImpl():1163 set  to inlineSuggestionTextView
10-20 00:59:21.382   372   372 D goldfish-address-space: claimShared: Ask to claim region [0x3ebc1d000 0x3ebc6a000]
10-20 00:59:21.387  1929  1929 I KeyboardWrapper: KeyboardWrapper.consumeEvent():287 Skip consuming an event as current keyboard is deactivated (state=0, keyboard existence=true)
10-20 00:59:21.393  1929  1929 I VoiceInputManagerWrapper: VoiceInputManagerWrapper.shutdown():76 shutdown()
10-20 00:59:21.394  1929  1929 I AndroidIME: AbstractIme.onDeactivate():207 LatinIme.onDeactivate()
10-20 00:59:21.395  1929  1929 I GoogleInputMethodService: GoogleInputMethodService.onFinishInput():3420
10-20 00:59:21.395  1929  1929 I GoogleInputMethodService: GoogleInputMethodService.onStartInput():2002
10-20 00:59:21.398   372   372 D goldfish-address-space: claimShared: Ask to claim region [0x3ebc6a000 0x3ebcb7000]
10-20 00:59:21.416  1929  1929 I DeviceUnlockedTag: DeviceUnlockedTag.notifyDeviceLockStatusChanged():31 Notify device unlocked.
10-20 00:59:21.418  1929  1929 I GoogleInputMethodService: GoogleInputMethodService.onStartInputView():2148
10-20 00:59:21.419   372   372 D goldfish-address-space: claimShared: Ask to claim region [0x3ebcb7000 0x3ebd04000]
10-20 00:59:21.427  1929  1929 I DeviceUnlockedTag: DeviceUnlockedTag.notifyDeviceLockStatusChanged():31 Notify device unlocked.
10-20 00:59:21.431  1929  1929 I KeyboardViewUtil: KeyboardViewUtil.getKeyboardHeightRatio():166 systemKeyboardHeightRatio:1.000000; userKeyboardHeightRatio:1.000000.
10-20 00:59:21.432  1929  1929 I AndroidIME: AbstractIme.onActivate():86 LatinIme.onActivate() : EditorInfo = inputType=Email imeActionName=NEXT dump=[inputType=0x21 imeOptions=0xc000005 privateImeOptions=null actionLabel=null actionId=0 initialSelStart=0 initialSelEnd=0 initialCapsMode=0x0 hintText=email label=null packageName=com.example.cocktailsdbapp autofillId=1073741828 fieldId=2131296467 fieldName=null extras=Bundle[{android.support.text.emoji.emojiCompat_metadataVersion=8, android.support.text.emoji.emojiCompat_replaceAll=false}] hintLocales=null contentMimeTypes=null ], IncognitoMode = false, DeviceLocked = false
10-20 00:59:21.434  1929  1929 I Delight5Facilitator: Delight5Facilitator.initializeForIme():718 initializeForIme() : Locale = [en_US], layout = qwerty
10-20 00:59:21.448  1929  1929 I VoiceInputManagerWrapper: VoiceInputManagerWrapper.cancelShutdown():54 cancelShutdown()
10-20 00:59:21.451  1929  1929 I VoiceInputManagerWrapper: VoiceInputManagerWrapper.syncLanguagePacks():66 syncLanguagePacks()
10-20 00:59:21.456  1929 13454 I SpeechFactory: SpeechRecognitionFactory.maybeScheduleAutoPackDownloadForFallback():182 maybeScheduleAutoPackDownloadForFallback()
10-20 00:59:21.458  1929 13454 I FallbackOnDeviceRecognitionProvider: FallbackOnDeviceRecognitionProvider.maybeScheduleAutoPackDownload():194 maybeScheduleAutoPackDownload() for language tag en-US
10-20 00:59:21.463  1929  1929 I LatinIme: LatinIme.updateEnableInlineSuggestionsOnDecoderSideFlags():1293 inline flag updated to:false
10-20 00:59:21.467  1545  1545 W IInputConnectionWrapper: setComposingRegion on inactive InputConnection
10-20 00:59:21.572  1929  1929 I KeyboardWrapper: KeyboardWrapper.consumeEvent():287 Skip consuming an event as current keyboard is deactivated (state=0, keyboard existence=true)
10-20 00:59:21.580  1929  2492 I native  : I1020 00:59:21.580006    2492 input-context-store.cc:238] Ignoring stale client request for FetchSuggestions
10-20 00:59:21.597  1929  1929 I KeyboardViewUtil: KeyboardViewUtil.calculateMaxKeyboardBodyHeight():62 leave 354 height for app when screen height:2274, header height:116 and isFullscreenMode:false, so the max keyboard body height is:1804
10-20 00:59:21.606  1929  1929 I NormalModeController: NormalModeController.getKeyboardBodyViewHolderPaddingBottom():109 currentPrimeKeyboardType:SOFT systemPaddingBottom:-1
10-20 00:59:21.609  1929  2492 I Delight5Decoder: Delight5DecoderWrapper.setKeyboardLayout():434 setKeyboardLayout()
10-20 00:59:21.612  1929  1929 I KeyboardViewUtil: KeyboardViewUtil.calculateMaxKeyboardBodyHeight():62 leave 354 height for app when screen height:2274, header height:116 and isFullscreenMode:false, so the max keyboard body height is:1804
10-20 00:59:21.616  1929  1929 I NormalModeController: NormalModeController.getKeyboardBodyViewHolderPaddingBottom():109 currentPrimeKeyboardType:SOFT systemPaddingBottom:-1
10-20 00:59:21.617  1929  1929 I AndroidIME: KeyboardViewManager.updateKeyboardBodyViewHolderPaddingBottom():513 Set finalPaddingBottom = 0 while keyboardBottomGapFromScreen = 0; navigationHeight = 126
10-20 00:59:21.622  1929  1929 I NormalModeController: NormalModeController.getKeyboardBodyViewHolderPaddingBottom():109 currentPrimeKeyboardType:SOFT systemPaddingBottom:-1
10-20 00:59:21.626  1929  1929 I AndroidIME: KeyboardViewManager.updateKeyboardBodyViewHolderPaddingBottom():513 Set finalPaddingBottom = 0 while keyboardBottomGapFromScreen = 0; navigationHeight = 126
10-20 00:59:21.633  1929  1929 I ProactiveSuggestionsHolderManager: ProactiveSuggestionsHolderManager$3.display():213 Requesting to show proactive suggestions: CLIPBOARD PREEMPTIVE_WITH_SUPPRESSION
10-20 00:59:21.638  1929  1929 I CurrentMicStatusHolder: CurrentMicStatusHolder.onStartInputView():79 Current Mic status = {MicIconHidden-EmailInputType,}
10-20 00:59:21.638  1929  1929 I VoiceImeExtension: VoiceImeExtension.shouldStartVoiceInputAutomatically():354 No private IME option set to start voice input.
10-20 00:59:21.647  1545  1545 D InsetsController: show(ime(), fromIme=true)
10-20 00:59:21.654  1545  1545 D InsetsController: show(ime(), fromIme=true)
10-20 00:59:21.668  7442  7442 D BoundBrokerSvc: onBind: Intent { act=com.google.android.gms.common.BIND_SHARED_PREFS pkg=com.google.android.gms }
10-20 00:59:21.668  7442  7442 D BoundBrokerSvc: Loading bound service for intent: Intent { act=com.google.android.gms.common.BIND_SHARED_PREFS pkg=com.google.android.gms }
10-20 00:59:21.676  1929  1929 W InputContextProxy: InputContextProxy.applyClientDiffInternal():892 Ignore [FetchSuggestions] diff due to stale request: 13020<13023, inputStateId=12435, lastInputStateId=12435
10-20 00:59:21.682  7442  7442 D BoundBrokerSvc: onUnbind: Intent { act=com.google.android.gms.common.BIND_SHARED_PREFS pkg=com.google.android.gms }
10-20 00:59:21.691  1545  1545 D UiControllerImpl: Injecting string: "cocktailstest@example.com"
10-20 00:59:21.696  7442  7442 D BoundBrokerSvc: onBind: Intent { act=com.google.android.gms.common.BIND_SHARED_PREFS pkg=com.google.android.gms }
10-20 00:59:21.696  7442  7442 D BoundBrokerSvc: Loading bound service for intent: Intent { act=com.google.android.gms.common.BIND_SHARED_PREFS pkg=com.google.android.gms }
10-20 00:59:21.702  7442  7442 D BoundBrokerSvc: onUnbind: Intent { act=com.google.android.gms.common.BIND_SHARED_PREFS pkg=com.google.android.gms }
10-20 00:59:21.731  1545  1579 D EGL_emulation: app_time_stats: avg=50.72ms min=10.65ms max=256.61ms count=20
10-20 00:59:21.799  1929  1929 W InputContextProxy: InputContextProxy.applyClientDiffInternal():892 Ignore [FetchSuggestions] diff due to stale request: 13025<13029, inputStateId=12438, lastInputStateId=12441
10-20 00:59:21.801  1929  2492 I native  : I1020 00:59:21.800169    2492 input-context-store.cc:238] Ignoring stale client request for FetchSuggestions
10-20 00:59:21.804  1929  1929 W InputContextProxy: InputContextProxy.applyClientDiffInternal():892 Ignore [FetchSuggestions] diff due to stale request: 13028<13030, inputStateId=12441, lastInputStateId=12441
10-20 00:59:21.813  1929  1929 I InlineSuggestionCandidateViewController: InlineSuggestionCandidateViewController.textCandidatesUpdated():621 Not showing inline suggestion tooltip v2; has candidates
10-20 00:59:21.814   582  2372 W InputManager-JNI: Input channel object 'e369a77 PopupWindow:7d78230 (client)' was disposed without first being removed with the input manager!
10-20 00:59:21.817  1929  1929 I KeyboardViewController: KeyboardViewController.lambda$showSelfAndAncestors$6():594 current view doesn't has the priority com.google.android.apps.inputmethod.latin.keyboard.widget.LatinFixedCountCandidatesHolderView{1ea64fd I.E...... ......ID 95,0-975,116 #7f0b145f app:id/softkey_holder_fixed_candidates} to show itself, PREEMPTIVE
10-20 00:59:21.896  1929  1929 W InputContextProxy: InputContextProxy.applyClientDiffInternal():892 Ignore [FetchSuggestions] diff due to stale request: 13032<13034, inputStateId=12444, lastInputStateId=12445
10-20 00:59:21.927  1929  1929 I InlineSuggestionCandidateViewController: InlineSuggestionCandidateViewController.textCandidatesUpdated():621 Not showing inline suggestion tooltip v2; has candidates
10-20 00:59:21.930  1929  1929 I KeyboardViewController: KeyboardViewController.lambda$showSelfAndAncestors$6():594 current view doesn't has the priority com.google.android.apps.inputmethod.latin.keyboard.widget.LatinFixedCountCandidatesHolderView{1ea64fd I.E...... ......ID 95,0-975,116 #7f0b145f app:id/softkey_holder_fixed_candidates} to show itself, PREEMPTIVE
10-20 00:59:21.958  1929  2403 D EGL_emulation: app_time_stats: avg=100.13ms min=5.63ms max=569.10ms count=10
10-20 00:59:21.967  1929  2492 I native  : I1020 00:59:21.967924    2492 input-context-store.cc:238] Ignoring stale client request for FetchSuggestions
10-20 00:59:22.028  1929  1929 W InputContextProxy: InputContextProxy.applyClientDiffInternal():892 Ignore [FetchSuggestions] diff due to stale request: 13036<13040, inputStateId=12448, lastInputStateId=12450
10-20 00:59:22.049  1929  1929 W InputContextProxy: InputContextProxy.applyClientDiffInternal():892 Ignore [FetchSuggestions] diff due to stale request: 13038<13040, inputStateId=12449, lastInputStateId=12450
10-20 00:59:22.090  1929  1929 W InputContextProxy: InputContextProxy.applyClientDiffInternal():892 Ignore [FetchSuggestions] diff due to stale request: 13040<13041, inputStateId=12451, lastInputStateId=12452
10-20 00:59:22.144  1929  1929 W InputContextProxy: InputContextProxy.applyClientDiffInternal():892 Ignore [FetchSuggestions] diff due to stale request: 13042<13044, inputStateId=12453, lastInputStateId=12454
10-20 00:59:22.148  1929  1929 I InlineSuggestionCandidateViewController: InlineSuggestionCandidateViewController.textCandidatesUpdated():621 Not showing inline suggestion tooltip v2; has candidates
10-20 00:59:22.150  1929  1929 I KeyboardViewController: KeyboardViewController.lambda$showSelfAndAncestors$6():594 current view doesn't has the priority com.google.android.apps.inputmethod.latin.keyboard.widget.LatinFixedCountCandidatesHolderView{1ea64fd I.E...... ......ID 95,0-975,116 #7f0b145f app:id/softkey_holder_fixed_candidates} to show itself, PREEMPTIVE
10-20 00:59:22.239  1929  1929 W InputContextProxy: InputContextProxy.applyClientDiffInternal():892 Ignore [FetchSuggestions] diff due to stale request: 13046<13047, inputStateId=12457, lastInputStateId=12458
10-20 00:59:22.276  1929  1929 W InputContextProxy: InputContextProxy.applyClientDiffInternal():892 Ignore [FetchSuggestions] diff due to stale request: 13048<13049, inputStateId=12459, lastInputStateId=12460
10-20 00:59:22.315  1929  1929 W InputContextProxy: InputContextProxy.applyClientDiffInternal():892 Ignore [FetchSuggestions] diff due to stale request: 13050<13051, inputStateId=12461, lastInputStateId=12462
10-20 00:59:22.374  1929  1929 I InlineSuggestionCandidateViewController: InlineSuggestionCandidateViewController.textCandidatesUpdated():621 Not showing inline suggestion tooltip v2; has candidates
10-20 00:59:22.375  1929  1929 I KeyboardViewController: KeyboardViewController.lambda$showSelfAndAncestors$6():594 current view doesn't has the priority com.google.android.apps.inputmethod.latin.keyboard.widget.LatinFixedCountCandidatesHolderView{1ea64fd I.E...... ......ID 95,0-975,116 #7f0b145f app:id/softkey_holder_fixed_candidates} to show itself, PREEMPTIVE
10-20 00:59:22.473  1929  2492 I native  : I1020 00:59:22.473197    2492 input-context-store.cc:161] Ignoring stale client request for FetchSuggestions
10-20 00:59:22.477  1929  1929 W InputContextProxy: InputContextProxy.applyClientDiffInternal():892 Ignore [FetchSuggestions] diff due to stale request: 13057<13060, inputStateId=0, lastInputStateId=12468
10-20 00:59:22.734  1545  1579 D EGL_emulation: app_time_stats: avg=35.15ms min=5.30ms max=83.59ms count=28
10-20 00:59:22.774  1545  1545 I ViewInteraction: Performing 'replace text()' action on view view.getId() is <2131296469/com.example.cocktailsdbapp:id/et_password_input>
10-20 00:59:22.793  1545  1545 I ViewInteraction: Performing 'type text(password123)' action on view view.getId() is <2131296469/com.example.cocktailsdbapp:id/et_password_input>
10-20 00:59:22.867  1929  1929 I GoogleInputMethodService: GoogleInputMethodService.onFinishInputView():2365
10-20 00:59:22.868  1545  1545 D InputMethodManager: showSoftInput() view=androidx.appcompat.widget.AppCompatEditText{3d08c4f VFED..CL. .F.P..ID 119,552-959,660 #7f0900d5 app:id/et_password_input aid=1073741829} flags=0 reason=SHOW_SOFT_INPUT
10-20 00:59:22.877  1929  1929 I InlineSuggestionCandidateViewController: InlineSuggestionCandidateViewController.setInlineSuggestionCandidateImpl():1163 set  to inlineSuggestionTextView
10-20 00:59:22.882  1929  1929 I KeyboardWrapper: KeyboardWrapper.consumeEvent():287 Skip consuming an event as current keyboard is deactivated (state=0, keyboard existence=true)
10-20 00:59:22.883  1929  1929 I VoiceInputManagerWrapper: VoiceInputManagerWrapper.shutdown():76 shutdown()
10-20 00:59:22.884  1929  1929 I AndroidIME: AbstractIme.onDeactivate():207 LatinIme.onDeactivate()
10-20 00:59:22.890  1929  1929 I GoogleInputMethodService: GoogleInputMethodService.onFinishInput():3420
10-20 00:59:22.891  1929  1929 I GoogleInputMethodService: GoogleInputMethodService.onStartInput():2002
10-20 00:59:22.893  1929  1929 I DeviceUnlockedTag: DeviceUnlockedTag.notifyDeviceLockStatusChanged():31 Notify device unlocked.
10-20 00:59:22.898  1929  1929 I GoogleInputMethodService: GoogleInputMethodService.onStartInputView():2148
10-20 00:59:22.900  1929  1929 I DeviceUnlockedTag: DeviceUnlockedTag.notifyDeviceLockStatusChanged():31 Notify device unlocked.
10-20 00:59:22.934   372   372 D goldfish-address-space: claimShared: Ask to claim region [0x3ebc1d000 0x3ebc6a000]
10-20 00:59:22.939   372 13548 D goldfish-address-space: claimShared: Ask to claim region [0x3ebc6a000 0x3ebcb7000]
10-20 00:59:22.943   372 13548 D goldfish-address-space: claimShared: Ask to claim region [0x3ebcb7000 0x3ebd04000]
10-20 00:59:22.987  1929  1929 I KeyboardViewUtil: KeyboardViewUtil.getKeyboardHeightRatio():166 systemKeyboardHeightRatio:1.000000; userKeyboardHeightRatio:1.000000.
10-20 00:59:22.990  1929  1929 I AndroidIME: AbstractIme.onActivate():86 PasswordIme.onActivate() : EditorInfo = inputType=Password imeActionName=DONE dump=[inputType=0x81 imeOptions=0x4000006 privateImeOptions=null actionLabel=null actionId=0 initialSelStart=0 initialSelEnd=0 initialCapsMode=0x0 hintText=password label=null packageName=com.example.cocktailsdbapp autofillId=1073741829 fieldId=2131296469 fieldName=null extras=Bundle[{android.support.text.emoji.emojiCompat_metadataVersion=8, android.support.text.emoji.emojiCompat_replaceAll=false}] hintLocales=null contentMimeTypes=null ], IncognitoMode = false, DeviceLocked = false
10-20 00:59:23.001  1929  1929 I KeyboardViewHelper: KeyboardViewHelper.getView():167 Get view with height ratio:1.000000
10-20 00:59:23.027  1929  1929 I KeyboardViewUtil: KeyboardViewUtil.calculateMaxKeyboardBodyHeight():62 leave 354 height for app when screen height:2274, header height:116 and isFullscreenMode:false, so the max keyboard body height is:1804
10-20 00:59:23.028  1929  1929 I InlineSuggestionCandidateViewController: InlineSuggestionCandidateViewController.setInlineSuggestionCandidateImpl():1163 set  to inlineSuggestionTextView
10-20 00:59:23.030  1929  1929 I KeyboardViewUtil: KeyboardViewUtil.calculateMaxKeyboardBodyHeight():62 leave 354 height for app when screen height:2274, header height:116 and isFullscreenMode:false, so the max keyboard body height is:1804
10-20 00:59:23.032  1929  1929 I NormalModeController: NormalModeController.getKeyboardBodyViewHolderPaddingBottom():109 currentPrimeKeyboardType:SOFT systemPaddingBottom:-1
10-20 00:59:23.034  1929  1929 I AndroidIME: KeyboardViewManager.updateKeyboardBodyViewHolderPaddingBottom():513 Set finalPaddingBottom = 0 while keyboardBottomGapFromScreen = 0; navigationHeight = 126
10-20 00:59:23.035  1929  1929 I NormalModeController: NormalModeController.getKeyboardBodyViewHolderPaddingBottom():109 currentPrimeKeyboardType:SOFT systemPaddingBottom:-1
10-20 00:59:23.039  1929  1929 I AndroidIME: KeyboardViewManager.updateKeyboardBodyViewHolderPaddingBottom():513 Set finalPaddingBottom = 0 while keyboardBottomGapFromScreen = 0; navigationHeight = 126
10-20 00:59:23.048  1929  1929 I ProactiveSuggestionsHolderManager: ProactiveSuggestionsHolderManager$3.display():213 Requesting to show proactive suggestions: CLIPBOARD PREEMPTIVE_WITH_SUPPRESSION
10-20 00:59:23.054  1929  1929 I CurrentMicStatusHolder: CurrentMicStatusHolder.onStartInputView():79 Current Mic status = {MicIconHidden-SettingOff,MicIconHidden-PasswordOrNumberOrDateInputType,}
10-20 00:59:23.055  1929  1929 I VoiceImeExtension: VoiceImeExtension.shouldStartVoiceInputAutomatically():354 No private IME option set to start voice input.
10-20 00:59:23.061  1545  1545 D InsetsController: show(ime(), fromIme=true)
10-20 00:59:23.082  7442  7442 D BoundBrokerSvc: onBind: Intent { act=com.google.android.gms.common.BIND_SHARED_PREFS pkg=com.google.android.gms }
10-20 00:59:23.082  7442  7442 D BoundBrokerSvc: Loading bound service for intent: Intent { act=com.google.android.gms.common.BIND_SHARED_PREFS pkg=com.google.android.gms }
10-20 00:59:23.095  1545  1545 D InsetsController: show(ime(), fromIme=true)
10-20 00:59:23.105  1929  2403 D EGL_emulation: app_time_stats: avg=573.12ms min=371.78ms max=774.45ms count=2
10-20 00:59:23.113  7442  7442 D BoundBrokerSvc: onUnbind: Intent { act=com.google.android.gms.common.BIND_SHARED_PREFS pkg=com.google.android.gms }
10-20 00:59:23.126  7442  7442 D BoundBrokerSvc: onBind: Intent { act=com.google.android.gms.common.BIND_SHARED_PREFS pkg=com.google.android.gms }
10-20 00:59:23.126  7442  7442 D BoundBrokerSvc: Loading bound service for intent: Intent { act=com.google.android.gms.common.BIND_SHARED_PREFS pkg=com.google.android.gms }
10-20 00:59:23.140  7442  7442 D BoundBrokerSvc: onUnbind: Intent { act=com.google.android.gms.common.BIND_SHARED_PREFS pkg=com.google.android.gms }
10-20 00:59:23.200  1545  1545 D UiControllerImpl: Injecting string: "password123"
10-20 00:59:23.261  1929  1929 I KeyboardViewController: KeyboardViewController.lambda$showSelfAndAncestors$6():594 current view doesn't has the priority android.widget.LinearLayout{a3fff2a I.E...... .......D 0,0-1080,116 #7f0b03ac app:id/key_pos_password_header_numbers} to show itself, DEFAULT
10-20 00:59:23.310  1929  1929 I KeyboardViewController: KeyboardViewController.lambda$showSelfAndAncestors$6():594 current view doesn't has the priority android.widget.LinearLayout{a3fff2a I.E...... .......D 0,0-1080,116 #7f0b03ac app:id/key_pos_password_header_numbers} to show itself, DEFAULT
10-20 00:59:23.331   582  2372 W InputManager-JNI: Input channel object 'e62845f PopupWindow:b431327 (client)' was disposed without first being removed with the input manager!
10-20 00:59:23.441   359  1922 E android.hardware.audio@6.0-impl.ranchu: pcmWrite:203 pcm_write failed with  (-5)
10-20 00:59:23.441   359  1922 E android.hardware.audio@6.0-impl.ranchu: device/generic/goldfish/audio/talsa.cpp:pcmWrite:204 failure: false
10-20 00:59:23.522  1929  1929 E InputConnectionWrapper: InputConnectionWrapper.waitForInputConnectionFutureInternal():1486 Failed to get the input connection call's result.
10-20 00:59:23.522  1929  1929 E InputConnectionWrapper: java.util.concurrent.TimeoutException: Waited 100 milliseconds (plus 28 milliseconds, 765778 nanoseconds delay) for ott@70704bf[status=PENDING, info=[task=[running=[RUNNING ON ICWrapper-1], jeu@c29678c]]]
10-20 00:59:23.522  1929  1929 E InputConnectionWrapper: 	at oqk.get(PG:50)
10-20 00:59:23.522  1929  1929 E InputConnectionWrapper: 	at jfe.u(PG:2)
10-20 00:59:23.522  1929  1929 E InputConnectionWrapper: 	at jfe.t(PG:2)
10-20 00:59:23.522  1929  1929 E InputConnectionWrapper: 	at jfd.e(PG:8)
10-20 00:59:23.522  1929  1929 E InputConnectionWrapper: 	at jfm.D(PG:1)
10-20 00:59:23.522  1929  1929 E InputConnectionWrapper: 	at jfm.x(PG:1)
10-20 00:59:23.522  1929  1929 E InputConnectionWrapper: 	at jfm.c(PG:5)
10-20 00:59:23.522  1929  1929 E InputConnectionWrapper: 	at jfe.b(PG:14)
10-20 00:59:23.522  1929  1929 E InputConnectionWrapper: 	at dro.onUpdateSelection(PG:5)
10-20 00:59:23.522  1929  1929 E InputConnectionWrapper: 	at android.inputmethodservice.InputMethodService$InputMethodSessionImpl.updateSelection(InputMethodService.java:1020)
10-20 00:59:23.522  1929  1929 E InputConnectionWrapper: 	at android.inputmethodservice.IInputMethodSessionWrapper.executeMessage(IInputMethodSessionWrapper.java:105)
10-20 00:59:23.522  1929  1929 E InputConnectionWrapper: 	at com.android.internal.os.HandlerCaller$MyHandler.handleMessage(HandlerCaller.java:44)
10-20 00:59:23.522  1929  1929 E InputConnectionWrapper: 	at android.os.Handler.dispatchMessage(Handler.java:106)
10-20 00:59:23.522  1929  1929 E InputConnectionWrapper: 	at android.os.Looper.loopOnce(Looper.java:201)
10-20 00:59:23.522  1929  1929 E InputConnectionWrapper: 	at android.os.Looper.loop(Looper.java:288)
10-20 00:59:23.522  1929  1929 E InputConnectionWrapper: 	at android.app.ActivityThread.main(ActivityThread.java:7839)
10-20 00:59:23.522  1929  1929 E InputConnectionWrapper: 	at java.lang.reflect.Method.invoke(Native Method)
10-20 00:59:23.522  1929  1929 E InputConnectionWrapper: 	at com.android.internal.os.RuntimeInit$MethodAndArgsCaller.run(RuntimeInit.java:548)
10-20 00:59:23.522  1929  1929 E InputConnectionWrapper: 	at com.android.internal.os.ZygoteInit.main(ZygoteInit.java:1003)
10-20 00:59:23.522  1929  1929 W InputConnectionWrapper: InputConnectionWrapper.recordDuration():1449 IPC IC_GET_SURROUNDING_TEXT took 150 ms
10-20 00:59:23.650  1929  1929 I KeyboardViewController: KeyboardViewController.lambda$showSelfAndAncestors$6():594 current view doesn't has the priority android.widget.LinearLayout{a3fff2a I.E...... .......D 0,0-1080,116 #7f0b03ac app:id/key_pos_password_header_numbers} to show itself, DEFAULT
10-20 00:59:23.704  1929  1929 I KeyboardViewController: KeyboardViewController.lambda$showSelfAndAncestors$6():594 current view doesn't has the priority android.widget.LinearLayout{a3fff2a I.E...... .......D 0,0-1080,116 #7f0b03ac app:id/key_pos_password_header_numbers} to show itself, DEFAULT
10-20 00:59:23.757  1929  1929 I KeyboardViewController: KeyboardViewController.lambda$showSelfAndAncestors$6():594 current view doesn't has the priority android.widget.LinearLayout{a3fff2a I.E...... .......D 0,0-1080,116 #7f0b03ac app:id/key_pos_password_header_numbers} to show itself, DEFAULT
10-20 00:59:23.759  1545  1579 D EGL_emulation: app_time_stats: avg=82.48ms min=14.79ms max=249.98ms count=12
10-20 00:59:23.816  1929  1929 I KeyboardViewController: KeyboardViewController.lambda$showSelfAndAncestors$6():594 current view doesn't has the priority android.widget.LinearLayout{a3fff2a I.E...... .......D 0,0-1080,116 #7f0b03ac app:id/key_pos_password_header_numbers} to show itself, DEFAULT
10-20 00:59:23.871  1929  1929 I KeyboardViewController: KeyboardViewController.lambda$showSelfAndAncestors$6():594 current view doesn't has the priority android.widget.LinearLayout{a3fff2a I.E...... .......D 0,0-1080,116 #7f0b03ac app:id/key_pos_password_header_numbers} to show itself, DEFAULT
10-20 00:59:23.909  1929  1929 I KeyboardViewController: KeyboardViewController.lambda$showSelfAndAncestors$6():594 current view doesn't has the priority android.widget.LinearLayout{a3fff2a I.E...... .......D 0,0-1080,116 #7f0b03ac app:id/key_pos_password_header_numbers} to show itself, DEFAULT
10-20 00:59:23.972  1929  1929 I KeyboardViewController: KeyboardViewController.lambda$showSelfAndAncestors$6():594 current view doesn't has the priority android.widget.LinearLayout{a3fff2a I.E...... .......D 0,0-1080,116 #7f0b03ac app:id/key_pos_password_header_numbers} to show itself, DEFAULT
10-20 00:59:24.030  1929  1929 I KeyboardViewController: KeyboardViewController.lambda$showSelfAndAncestors$6():594 current view doesn't has the priority android.widget.LinearLayout{a3fff2a I.E...... .......D 0,0-1080,116 #7f0b03ac app:id/key_pos_password_header_numbers} to show itself, DEFAULT
10-20 00:59:24.041  1545  1545 I ViewInteraction: Performing 'single click' action on view view.getId() is <2131296378/com.example.cocktailsdbapp:id/bt_register>
10-20 00:59:24.471   372 13548 D goldfish-address-space: claimShared: Ask to claim region [0x3ebc1d000 0x3ebdde000]
10-20 00:59:24.487   372 13548 D goldfish-address-space: claimShared: Ask to claim region [0x3ebdde000 0x3ebf9f000]
10-20 00:59:24.495   372 13548 D goldfish-address-space: claimShared: Ask to claim region [0x3eada1000 0x3eaf62000]
10-20 00:59:24.496  1545  1557 I .cocktailsdbap: Background concurrent copying GC freed 124429(5553KB) AllocSpace objects, 5(496KB) LOS objects, 49% free, 10MB/20MB, paused 67us,4.942ms total 326.001ms
10-20 00:59:24.631  1186  1256 D EGL_emulation: app_time_stats: avg=313.12ms min=4.24ms max=4433.65ms count=15
10-20 00:59:24.773  1545  1579 D EGL_emulation: app_time_stats: avg=25.56ms min=6.37ms max=67.92ms count=36
10-20 00:59:25.973  1545  1579 D EGL_emulation: app_time_stats: avg=203.08ms min=22.48ms max=1116.79ms count=7
10-20 00:59:26.239  1545  1545 I ViewInteraction: Checking 'MatchesViewAssertion{viewMatcher=(view has effective visibility <VISIBLE> and view.getGlobalVisibleRect() to return non-empty rectangle)}' assertion on view an instance of android.widget.TextView and view.getText() with or without transformation to match: is "Registration Successful!"
10-20 00:59:26.247  1545  1545 I ViewInteraction: Performing 'single click' action on view an instance of android.widget.TextView and view.getText() with or without transformation to match: is "OK"
10-20 00:59:26.332  1545  1579 D OpenGLRenderer: endAllActiveAnimators on 0x7eb6f8888290 (RippleDrawable) with handle 0x7eb6087336d0
10-20 00:59:26.335   582  2833 W InputManager-JNI: Input channel object 'b06d8c8 com.example.cocktailsdbapp/com.example.cocktailsdbapp.MainActivity (client)' was disposed without first being removed with the input manager!
10-20 00:59:26.363  1186  1256 D EGL_emulation: app_time_stats: avg=282.97ms min=13.94ms max=1575.00ms count=6
10-20 00:59:26.407  1545  1579 D EGL_emulation: app_time_stats: avg=115.78ms min=9.81ms max=898.36ms count=14
10-20 00:59:26.450  1545  2071 I okhttp.OkHttpClient: --> GET https://www.thecocktaildb.com/api/json/v1/1/filter.php?a=Alcoholic
10-20 00:59:26.452  1545  2071 I okhttp.OkHttpClient: --> END GET
10-20 00:59:26.526  1545  1545 E RecyclerView: No adapter attached; skipping layout
10-20 00:59:26.538  1545  2071 I okhttp.OkHttpClient: <-- 200 https://www.thecocktaildb.com/api/json/v1/1/filter.php?a=Alcoholic (81ms)
10-20 00:59:26.543  1929  1929 I GoogleInputMethodService: GoogleInputMethodService.onFinishInputView():2365
10-20 00:59:26.546  1545  2071 I okhttp.OkHttpClient: date: Sun, 19 Oct 2025 22:59:34 GMT
10-20 00:59:26.548  1545  2071 I okhttp.OkHttpClient: content-type: application/json
10-20 00:59:26.551  1545  2071 I okhttp.OkHttpClient: server: cloudflare
10-20 00:59:26.559  1929  1929 I AndroidIME: AbstractIme.onDeactivate():207 PasswordIme.onDeactivate()
10-20 00:59:26.564  1929  1929 I GoogleInputMethodService: GoogleInputMethodService.onFinishInput():3420
10-20 00:59:26.564  1545  2071 I okhttp.OkHttpClient: x-powered-by: PHP/7.4.33
10-20 00:59:26.565  1545  2071 I okhttp.OkHttpClient: access-control-allow-origin: *
10-20 00:59:26.565  1929  1929 I GoogleInputMethodService: GoogleInputMethodService.onStartInput():2002
10-20 00:59:26.565  1545  2071 I okhttp.OkHttpClient: cf-cache-status: DYNAMIC
10-20 00:59:26.566  1545  2071 I okhttp.OkHttpClient: nel: {"report_to":"cf-nel","success_fraction":0.0,"max_age":604800}
10-20 00:59:26.566  1545  2071 I okhttp.OkHttpClient: server-timing: cfCacheStatus;desc="DYNAMIC"
10-20 00:59:26.566  1545  2071 I okhttp.OkHttpClient: server-timing: cfEdge;dur=2,cfOrigin;dur=47
