10-22 00:11:27.852 21439 21456 I TestRunner: started: testAppFlow(com.example.cocktailsdbapp.ui.AppFlowTest)
10-22 00:11:27.873 21439 21456 W Settings: Setting always_finish_activities has moved from android.provider.Settings.System to android.provider.Settings.Global, returning read-only value.
10-22 00:11:27.955   774   863 D SplashScreenView: Build android.window.SplashScreenView{5a008e6 V.E...... ......ID 0,0-0,0}
10-22 00:11:27.955   774   863 D SplashScreenView: Icon: view: null drawable: null size: 0
10-22 00:11:27.955   774   863 D SplashScreenView: Branding: view: android.view.View{fbe0e27 G.ED..... ......I. 0,0-0,0 #10204a6 android:id/splashscreen_branding_view} drawable: null size w: 0 h: 0
10-22 00:11:28.011   361   403 D goldfish-address-space: claimShared: Ask to claim region [0x3ef36f000 0x3efd53000]
10-22 00:11:28.037   361   403 D goldfish-address-space: claimShared: Ask to claim region [0x3ec000000 0x3ec9e4000]
10-22 00:11:28.044   361   403 D goldfish-address-space: claimShared: Ask to claim region [0x3ec9e4000 0x3ed3c8000]
10-22 00:11:28.070 21439 21464 D libEGL  : loaded /vendor/lib64/egl/libEGL_emulation.so
10-22 00:11:28.082  1506  1506 I GsaVoiceInteractionSrv: Handling ACTION_STOP_HOTWORD
10-22 00:11:28.084  1506  1506 E HwDetectorWithState: a: 3
10-22 00:11:28.092 21439 21464 D libEGL  : loaded /vendor/lib64/egl/libGLESv1_CM_emulation.so
10-22 00:11:28.096  1063  1648 D EGL_emulation: app_time_stats: avg=7034.66ms min=7034.66ms max=7034.66ms count=1
10-22 00:11:28.149 21439 21464 D libEGL  : loaded /vendor/lib64/egl/libGLESv2_emulation.so
10-22 00:11:28.150 21439 21439 D AppCompatDelegate: Checking for metadata for AppLocalesMetadataHolderService : Service not found
10-22 00:11:28.168   774   875 D EGL_emulation: app_time_stats: avg=10312.60ms min=10312.60ms max=10312.60ms count=1
10-22 00:11:28.200 21439 21439 D LifecycleMonitor: Lifecycle status change: com.example.cocktailsdbapp.MainActivity@eb85af4 in: PRE_ON_CREATE
10-22 00:11:28.204 21439 21439 V ActivityScenario: Activity lifecycle changed event received but ignored because the reported transition was not ON_CREATE while the last known transition was PRE_ON_CREATE
10-22 00:11:28.213   774   875 D EGL_emulation: app_time_stats: avg=23822.65ms min=12.66ms max=309500.78ms count=13
10-22 00:11:28.415 21439 21439 W .cocktailsdbap: Accessing hidden method Landroid/view/View;->computeFitSystemWindows(Landroid/graphics/Rect;Landroid/graphics/Rect;)Z (unsupported, reflection, allowed)
10-22 00:11:28.418 21439 21439 W .cocktailsdbap: Accessing hidden method Landroid/view/ViewGroup;->makeOptionalFitsSystemWindows()V (unsupported, reflection, allowed)
10-22 00:11:28.450  1718  1718 I A       : onApplyWindowInsets: systemWindowInsets=Insets{left=0, top=63, right=0, bottom=126}
10-22 00:11:28.450  1718  1718 I A       : onApplyWindowInsets: systemWindowInsets=Insets{left=0, top=63, right=0, bottom=126}
10-22 00:11:29.079 21439 21439 D LifecycleMonitor: Lifecycle status change: com.example.cocktailsdbapp.MainActivity@eb85af4 in: CREATED
10-22 00:11:29.080 21439 21439 V ActivityScenario: Update currentActivityStage to CREATED, currentActivity=com.example.cocktailsdbapp.MainActivity@eb85af4
10-22 00:11:29.090 21439 21439 D LifecycleMonitor: Lifecycle status change: com.example.cocktailsdbapp.MainActivity@eb85af4 in: STARTED
10-22 00:11:29.090 21439 21439 V ActivityScenario: Update currentActivityStage to STARTED, currentActivity=com.example.cocktailsdbapp.MainActivity@eb85af4
10-22 00:11:29.094 21439 21439 D LifecycleMonitor: Lifecycle status change: com.example.cocktailsdbapp.MainActivity@eb85af4 in: RESUMED
10-22 00:11:29.095 21439 21439 V ActivityScenario: Update currentActivityStage to RESUMED, currentActivity=com.example.cocktailsdbapp.MainActivity@eb85af4
10-22 00:11:29.190   412   556 W ServiceManager: Permission failure: android.permission.ACCESS_SURFACE_FLINGER from uid=10225 pid=21439
10-22 00:11:29.191   412   556 D PermissionCache: checking android.permission.ACCESS_SURFACE_FLINGER for uid=10225 => denied (1319 us)
10-22 00:11:29.191   412   556 W ServiceManager: Permission failure: android.permission.ROTATE_SURFACE_FLINGER from uid=10225 pid=21439
10-22 00:11:29.192   412   556 D PermissionCache: checking android.permission.ROTATE_SURFACE_FLINGER for uid=10225 => denied (989 us)
10-22 00:11:29.210 21439 21462 D HostConnection: createUnique: call
10-22 00:11:29.253 21439 21462 D HostConnection: HostConnection::get() New Host Connection established 0x7a16aeedffd0, tid 21462
10-22 00:11:29.333 21439 21462 D HostConnection: HostComposition ext ANDROID_EMU_CHECKSUM_HELPER_v1 ANDROID_EMU_native_sync_v2 ANDROID_EMU_native_sync_v3 ANDROID_EMU_native_sync_v4 ANDROID_EMU_dma_v1 ANDROID_EMU_direct_mem ANDROID_EMU_host_composition_v1 ANDROID_EMU_host_composition_v2 ANDROID_EMU_YUV_Cache ANDROID_EMU_has_shared_slots_host_memory_allocator ANDROID_EMU_sync_buffer_data ANDROID_EMU_read_color_buffer_dma ANDROID_EMU_hwc_color_transform GL_OES_EGL_image_external_essl3 GL_OES_vertex_array_object GL_KHR_texture_compression_astc_ldr ANDROID_EMU_host_side_tracing ANDROID_EMU_gles_max_version_3_0
10-22 00:11:29.340   198   198 I hwservicemanager: getTransport: Cannot find entry android.hardware.configstore@1.0::ISurfaceFlingerConfigs/default in either framework or device VINTF manifest.
10-22 00:11:29.343 21439 21462 W OpenGLRenderer: Failed to choose config with EGL_SWAP_BEHAVIOR_PRESERVED, retrying without...
10-22 00:11:29.344 21439 21462 W OpenGLRenderer: Failed to initialize 101010-2 format, error = EGL_SUCCESS
10-22 00:11:29.350 21439 21462 D EGL_emulation: eglCreateContext: 0x7a16aeedee90: maj 3 min 0 rcv 3
10-22 00:11:29.354 21439 21462 D EGL_emulation: eglMakeCurrent: 0x7a16aeedee90: ver 3 0 (tinfo 0x7a18d52e1080) (first time)
10-22 00:11:29.372   412   556 E HWComposer: getSupportedContentTypes: getSupportedContentTypes failed for display 4619827259835644672: Unsupported (8)
10-22 00:11:29.376   198   198 I hwservicemanager: getTransport: Cannot find entry android.hardware.graphics.mapper@4.0::IMapper/default in either framework or device VINTF manifest.
10-22 00:11:29.377 21439 21462 I Gralloc4: mapper 4.x is not supported
10-22 00:11:29.381 21439 21462 D HostConnection: createUnique: call
10-22 00:11:29.383 21439 21462 D HostConnection: HostConnection::get() New Host Connection established 0x7a16aeedeb90, tid 21462
10-22 00:11:29.384 21439 21462 D goldfish-address-space: allocate: Ask for block of size 0x100
10-22 00:11:29.385 21439 21462 D goldfish-address-space: allocate: ioctl allocate returned offset 0x3ebffe000 size 0x2000
10-22 00:11:29.388   198   198 I hwservicemanager: getTransport: Cannot find entry android.hardware.graphics.allocator@4.0::IAllocator/default in either framework or device VINTF manifest.
10-22 00:11:29.389 21439 21462 W Gralloc4: allocator 4.x is not supported
10-22 00:11:29.394   361   403 D goldfish-address-space: claimShared: Ask to claim region [0x3f354f000 0x3f3f33000]
10-22 00:11:29.475 21439 21462 D HostConnection: HostComposition ext ANDROID_EMU_CHECKSUM_HELPER_v1 ANDROID_EMU_native_sync_v2 ANDROID_EMU_native_sync_v3 ANDROID_EMU_native_sync_v4 ANDROID_EMU_dma_v1 ANDROID_EMU_direct_mem ANDROID_EMU_host_composition_v1 ANDROID_EMU_host_composition_v2 ANDROID_EMU_YUV_Cache ANDROID_EMU_has_shared_slots_host_memory_allocator ANDROID_EMU_sync_buffer_data ANDROID_EMU_read_color_buffer_dma ANDROID_EMU_hwc_color_transform GL_OES_EGL_image_external_essl3 GL_OES_vertex_array_object GL_KHR_texture_compression_astc_ldr ANDROID_EMU_host_side_tracing ANDROID_EMU_gles_max_version_3_0
10-22 00:11:29.480   361   403 D goldfish-address-space: claimShared: Ask to claim region [0x3f2070000 0x3f2a54000]
10-22 00:11:29.483   361   403 D goldfish-address-space: claimShared: Ask to claim region [0x3f7177000 0x3f7b5b000]
10-22 00:11:29.652   572   599 I ActivityTaskManager: Displayed com.example.cocktailsdbapp/.MainActivity: +1s757ms
10-22 00:11:29.772 21439 21439 I Choreographer: Skipped 38 frames!  The application may be doing too much work on its main thread.
10-22 00:11:29.830  1385  1385 I GoogleInputMethodService: GoogleInputMethodService.onFinishInput():3420
10-22 00:11:29.848  1385  1385 I GoogleInputMethodService: GoogleInputMethodService.onStartInput():2002
10-22 00:11:29.852  1385  1385 I DeviceUnlockedTag: DeviceUnlockedTag.notifyDeviceLockStatusChanged():31 Notify device unlocked.
10-22 00:11:29.866  3983  4003 I FontLog : Received query Noto Color Emoji Compat, URI content://com.google.android.gms.fonts [CONTEXT service_id=132 ]
10-22 00:11:29.868  3983  4003 I FontLog : Query [emojicompat-emoji-font] resolved to {Noto Color Emoji Compat, wdth 100.0, wght 400, ital 0.0, bestEffort false} [CONTEXT service_id=132 ]
10-22 00:11:29.880  3983  4003 I FontLog : Fetch {Noto Color Emoji Compat, wdth 100.0, wght 400, ital 0.0, bestEffort false} end status Status{statusCode=SUCCESS, resolution=null} [CONTEXT service_id=132 ]
10-22 00:11:29.903  3983  4003 I FontLog : Pulling font file for id = 52, cache size = 4 [CONTEXT service_id=132 ]
10-22 00:11:29.935  3983  4003 I FontLog : Pulling font file for id = 52, cache size = 4 [CONTEXT service_id=132 ]
10-22 00:11:29.970 21439 21456 I Tracing : Tracer added: class androidx.test.platform.tracing.AndroidXTracer
10-22 00:11:29.984   572  1815 W InputManager-JNI: Input channel object 'abaa7e5 Splash Screen com.example.cocktailsdbapp (client)' was disposed without first being removed with the input manager!
10-22 00:11:30.039 21439 21456 W .cocktailsdbap: Accessing hidden method Landroid/view/ViewConfiguration;->getDoubleTapMinTime()I (unsupported, reflection, allowed)
10-22 00:11:30.061 21439 21439 W .cocktailsdbap: Accessing hidden method Landroid/os/MessageQueue;->next()Landroid/os/Message; (unsupported, reflection, allowed)
10-22 00:11:30.061 21439 21439 W .cocktailsdbap: Accessing hidden field Landroid/os/MessageQueue;->mMessages:Landroid/os/Message; (unsupported, reflection, allowed)
10-22 00:11:30.062 21439 21439 W .cocktailsdbap: Accessing hidden method Landroid/os/Message;->recycleUnchecked()V (unsupported, reflection, allowed)
10-22 00:11:30.079 21439 21439 I ViewInteraction: Performing 'single click' action on view view.getId() is <2131296379/com.example.cocktailsdbapp:id/bt_register>
10-22 00:11:30.108 21439 21472 W .cocktailsdbap: Accessing hidden method Landroid/hardware/input/InputManager;->injectInputEvent(Landroid/view/InputEvent;I)Z (unsupported, reflection, allowed)
10-22 00:11:30.172   774   875 D EGL_emulation: app_time_stats: avg=332.66ms min=10.76ms max=1875.04ms count=6
10-22 00:11:30.183   774   875 D EGL_emulation: app_time_stats: avg=328.18ms min=15.90ms max=1876.29ms count=6
10-22 00:11:31.689 21439 21439 I ViewInteraction: Performing 'replace text()' action on view view.getId() is <2131296469/com.example.cocktailsdbapp:id/et_name_input>
10-22 00:11:31.711 21439 21462 D EGL_emulation: app_time_stats: avg=132.11ms min=2.57ms max=1168.88ms count=15
10-22 00:11:31.713 21439 21439 I ViewInteraction: Performing 'type text(Cocktails Test User)' action on view view.getId() is <2131296469/com.example.cocktailsdbapp:id/et_name_input>
10-22 00:11:31.777  1385  1385 I GoogleInputMethodService: GoogleInputMethodService.onFinishInput():3420
10-22 00:11:31.777 21439 21439 D CompatibilityChangeReporter: Compat change id reported: 163400105; UID 10225; state: ENABLED
10-22 00:11:31.778 21439 21439 D InputMethodManager: showSoftInput() view=androidx.appcompat.widget.AppCompatEditText{af0f5fc VFED..CL. .F.P..ID 119,284-959,392 #7f0900d5 app:id/et_name_input aid=1073741827} flags=0 reason=SHOW_SOFT_INPUT
10-22 00:11:31.792 21439 21439 I AssistStructure: Flattened final assist data: 2988 bytes, containing 1 windows, 17 views
10-22 00:11:31.796  1385  1385 I GoogleInputMethodService: GoogleInputMethodService.onStartInput():2002
10-22 00:11:31.799  1385  1385 I DeviceUnlockedTag: DeviceUnlockedTag.notifyDeviceLockStatusChanged():31 Notify device unlocked.
10-22 00:11:31.813  1385  1385 I GoogleInputMethodService: GoogleInputMethodService.onStartInputView():2148
10-22 00:11:31.817  1385  1385 I DeviceUnlockedTag: DeviceUnlockedTag.notifyDeviceLockStatusChanged():31 Notify device unlocked.
10-22 00:11:31.822  1385  1385 I KeyboardViewUtil: KeyboardViewUtil.getKeyboardHeightRatio():166 systemKeyboardHeightRatio:1.000000; userKeyboardHeightRatio:1.000000.
10-22 00:11:31.824  1385  1385 I AndroidIME: AbstractIme.onActivate():86 LatinIme.onActivate() : EditorInfo = inputType=Text imeActionName=NEXT dump=[inputType=0x61 imeOptions=0x8000005 privateImeOptions=null actionLabel=null actionId=0 initialSelStart=0 initialSelEnd=0 initialCapsMode=0x0 hintText=name label=null packageName=com.example.cocktailsdbapp autofillId=1073741827 fieldId=2131296469 fieldName=null extras=Bundle[{android.support.text.emoji.emojiCompat_metadataVersion=8, android.support.text.emoji.emojiCompat_replaceAll=false}] hintLocales=null contentMimeTypes=null ], IncognitoMode = false, DeviceLocked = false
10-22 00:11:31.826  1385  1385 I Delight5Facilitator: Delight5Facilitator.initializeForIme():718 initializeForIme() : Locale = [en_US], layout = qwerty
10-22 00:11:31.829  1385  1385 I VoiceInputManagerWrapper: VoiceInputManagerWrapper.cancelShutdown():54 cancelShutdown()
10-22 00:11:31.829  1385  1385 I VoiceInputManagerWrapper: VoiceInputManagerWrapper.syncLanguagePacks():66 syncLanguagePacks()
10-22 00:11:31.834  1385  5303 I SpeechFactory: SpeechRecognitionFactory.maybeScheduleAutoPackDownloadForFallback():182 maybeScheduleAutoPackDownloadForFallback()
10-22 00:11:31.834  1385  5303 I FallbackOnDeviceRecognitionProvider: FallbackOnDeviceRecognitionProvider.maybeScheduleAutoPackDownload():194 maybeScheduleAutoPackDownload() for language tag en-US
10-22 00:11:31.835  1385  1385 I LatinIme: LatinIme.updateEnableInlineSuggestionsOnDecoderSideFlags():1293 inline flag updated to:false
10-22 00:11:31.842  3983  3983 W svc     : Pending fill request while another request in the same session was triggered. [CONTEXT service_id=177 ]
10-22 00:11:31.847  1385  1385 I KeyboardWrapper: KeyboardWrapper.consumeEvent():287 Skip consuming an event as current keyboard is deactivated (state=0, keyboard existence=true)
10-22 00:11:31.857  8529  8529 D BoundBrokerSvc: onBind: Intent { act=com.google.android.mdd.service.START dat=chimera-action: cmp=com.google.android.gms/.chimera.GmsBoundBrokerService }
10-22 00:11:31.857  8529  8529 D BoundBrokerSvc: Loading bound service for intent: Intent { act=com.google.android.mdd.service.START dat=chimera-action: cmp=com.google.android.gms/.chimera.GmsBoundBrokerService }
10-22 00:11:31.869  1385  1385 I KeyboardViewUtil: KeyboardViewUtil.calculateMaxKeyboardBodyHeight():62 leave 354 height for app when screen height:2274, header height:116 and isFullscreenMode:false, so the max keyboard body height is:1804
10-22 00:11:31.872  1008  1008 V InlineSuggestionRenderService: handleDestroySuggestionViews called for 0:439304882
10-22 00:11:31.883  1385  1385 I NormalModeController: NormalModeController.getKeyboardBodyViewHolderPaddingBottom():109 currentPrimeKeyboardType:SOFT systemPaddingBottom:-1
10-22 00:11:31.885  1385  1385 I KeyboardViewUtil: KeyboardViewUtil.calculateMaxKeyboardBodyHeight():62 leave 354 height for app when screen height:2274, header height:116 and isFullscreenMode:false, so the max keyboard body height is:1804
10-22 00:11:31.886  1385  2206 I Delight5Decoder: Delight5DecoderWrapper.setKeyboardLayout():434 setKeyboardLayout()
10-22 00:11:31.891  1385  1385 I NormalModeController: NormalModeController.getKeyboardBodyViewHolderPaddingBottom():109 currentPrimeKeyboardType:SOFT systemPaddingBottom:-1
10-22 00:11:31.892  1385  1385 I AndroidIME: KeyboardViewManager.updateKeyboardBodyViewHolderPaddingBottom():513 Set finalPaddingBottom = 0 while keyboardBottomGapFromScreen = 0; navigationHeight = 126
10-22 00:11:31.893  1385  1385 I NormalModeController: NormalModeController.getKeyboardBodyViewHolderPaddingBottom():109 currentPrimeKeyboardType:SOFT systemPaddingBottom:-1
10-22 00:11:31.895  1385  1385 I AndroidIME: KeyboardViewManager.updateKeyboardBodyViewHolderPaddingBottom():513 Set finalPaddingBottom = 0 while keyboardBottomGapFromScreen = 0; navigationHeight = 126
10-22 00:11:31.900  1385  1385 I VoiceImeExtension: VoiceImeExtension.shouldStartVoiceInputAutomatically():354 No private IME option set to start voice input.
10-22 00:11:31.907  8529  8529 D BoundBrokerSvc: onBind: Intent { act=com.google.firebase.dynamiclinks.service.START pkg=com.google.android.gms }
10-22 00:11:31.907  8529  8529 D BoundBrokerSvc: Loading bound service for intent: Intent { act=com.google.firebase.dynamiclinks.service.START pkg=com.google.android.gms }
10-22 00:11:31.922   361   403 D goldfish-address-space: claimShared: Ask to claim region [0x3ee37a000 0x3eed1b000]
10-22 00:11:31.927   774   875 D EGL_emulation: app_time_stats: avg=248.71ms min=16.32ms max=1602.12ms count=7
10-22 00:11:31.976   361   403 D goldfish-address-space: claimShared: Ask to claim region [0x3ef36f000 0x3efd10000]
10-22 00:11:31.981 21439 21439 D InsetsController: show(ime(), fromIme=true)
10-22 00:11:32.025  8529  8529 D BoundBrokerSvc: onBind: Intent { act=com.google.android.gms.common.BIND_SHARED_PREFS pkg=com.google.android.gms }
10-22 00:11:32.028  8529  8529 D BoundBrokerSvc: Loading bound service for intent: Intent { act=com.google.android.gms.common.BIND_SHARED_PREFS pkg=com.google.android.gms }
10-22 00:11:32.038  8529  8529 D BoundBrokerSvc: onUnbind: Intent { act=com.google.android.gms.common.BIND_SHARED_PREFS pkg=com.google.android.gms }
10-22 00:11:32.051 21439 21439 D UiControllerImpl: Injecting string: "Cocktails Test User"
10-22 00:11:32.052  8529  8529 D BoundBrokerSvc: onBind: Intent { act=com.google.android.gms.common.BIND_SHARED_PREFS pkg=com.google.android.gms }
10-22 00:11:32.052  8529  8529 D BoundBrokerSvc: Loading bound service for intent: Intent { act=com.google.android.gms.common.BIND_SHARED_PREFS pkg=com.google.android.gms }
10-22 00:11:32.075  8529  8529 D BoundBrokerSvc: onUnbind: Intent { act=com.google.android.gms.common.BIND_SHARED_PREFS pkg=com.google.android.gms }
10-22 00:11:32.102   361   403 D goldfish-address-space: claimShared: Ask to claim region [0x3ec000000 0x3ec9a1000]
10-22 00:11:32.309  1385  2206 I native  : I1022 00:11:32.308573    2206 input-context-store.cc:238] Ignoring stale client request for FetchSuggestions
10-22 00:11:32.314  1385  1385 W InputContextProxyV4: InputContextProxyV4.applyClientDiffInternal():880 Ignore [FetchSuggestions] diff due to stale request: 7498<7500, inputStateId=7200, lastInputStateId=7200
10-22 00:11:32.330  1385  1385 W InputContextProxyV4: InputContextProxyV4.applyClientDiffInternal():880 Ignore [FetchSuggestions] diff due to stale request: 7500<7502, inputStateId=7201, lastInputStateId=7202
10-22 00:11:32.363  1385  2206 I native  : I1022 00:11:32.363274    2206 input-context-store.cc:238] Ignoring stale client request for FetchSuggestions
10-22 00:11:32.366  1385  1385 W InputContextProxyV4: InputContextProxyV4.applyClientDiffInternal():880 Ignore [FetchSuggestions] diff due to stale request: 7502<7503, inputStateId=7203, lastInputStateId=7203
10-22 00:11:32.409  1385  1385 W InputContextProxyV4: InputContextProxyV4.applyClientDiffInternal():880 Ignore [FetchSuggestions] diff due to stale request: 7504<7506, inputStateId=7204, lastInputStateId=7205
10-22 00:11:32.449  1385  1385 I InlineSuggestionCandidateViewController: InlineSuggestionCandidateViewController.textCandidatesUpdated():621 Not showing inline suggestion tooltip v2; has candidates
10-22 00:11:32.538  1385  1385 W InputContextProxyV4: InputContextProxyV4.applyClientDiffInternal():880 Ignore [FetchSuggestions] diff due to stale request: 7508<7509, inputStateId=7208, lastInputStateId=7209
10-22 00:11:32.586  1385  1385 W InputContextProxyV4: InputContextProxyV4.applyClientDiffInternal():880 Ignore [FetchSuggestions] diff due to stale request: 7510<7511, inputStateId=7210, lastInputStateId=7211
10-22 00:11:32.629  1385  1385 I InlineSuggestionCandidateViewController: InlineSuggestionCandidateViewController.textCandidatesUpdated():621 Not showing inline suggestion tooltip v2; has candidates
10-22 00:11:32.659  1385  1385 I InlineSuggestionCandidateViewController: InlineSuggestionCandidateViewController.textCandidatesUpdated():621 Not showing inline suggestion tooltip v2; has candidates
10-22 00:11:32.718  1385  2206 I native  : I1022 00:11:32.718751    2206 input-context-store.cc:178] Using roll back input context for operation: [FetchSuggestions] rolled back operation: [OverrideDecodedCandidates] reason: client [7215] vs decoder [7217]
10-22 00:11:32.726  1385  1385 W InputContextProxyV4: InputContextProxyV4.applyClientDiffInternal():880 Ignore [FetchSuggestions] diff due to stale request: 7516<7517, inputStateId=7217, lastInputStateId=7215
10-22 00:11:32.730  1385  1385 I InlineSuggestionCandidateViewController: InlineSuggestionCandidateViewController.textCandidatesUpdated():621 Not showing inline suggestion tooltip v2; has candidates
10-22 00:11:32.731 21439 21462 D EGL_emulation: app_time_stats: avg=53.09ms min=10.97ms max=302.09ms count=19
10-22 00:11:32.847  1385  1385 I InlineSuggestionCandidateViewController: InlineSuggestionCandidateViewController.textCandidatesUpdated():621 Not showing inline suggestion tooltip v2; has candidates
10-22 00:11:32.903  1385  1385 I InlineSuggestionCandidateViewController: InlineSuggestionCandidateViewController.textCandidatesUpdated():621 Not showing inline suggestion tooltip v2; has candidates
10-22 00:11:32.949  1385  1385 I InlineSuggestionCandidateViewController: InlineSuggestionCandidateViewController.textCandidatesUpdated():621 Not showing inline suggestion tooltip v2; has candidates
10-22 00:11:33.011  1385  1385 W InputContextProxyV4: InputContextProxyV4.applyClientDiffInternal():880 Ignore [FetchSuggestions] diff due to stale request: 7525<7526, inputStateId=7227, lastInputStateId=7228
10-22 00:11:33.025  1385  1385 I InlineSuggestionCandidateViewController: InlineSuggestionCandidateViewController.textCandidatesUpdated():621 Not showing inline suggestion tooltip v2; has candidates
10-22 00:11:33.136  1385  1385 W InputContextProxyV4: InputContextProxyV4.applyClientDiffInternal():880 Ignore [FetchSuggestions] diff due to stale request: 7530<7531, inputStateId=7232, lastInputStateId=7233
10-22 00:11:33.162  1385  2053 D EGL_emulation: app_time_stats: avg=73.53ms min=15.86ms max=287.36ms count=16
10-22 00:11:33.201  1385  1385 I InlineSuggestionCandidateViewController: InlineSuggestionCandidateViewController.textCandidatesUpdated():621 Not showing inline suggestion tooltip v2; has candidates
10-22 00:11:33.266  1385  1385 I KeyboardViewController: KeyboardViewController.lambda$showSelfAndAncestors$6():594 current view doesn't has the priority com.google.android.apps.inputmethod.libs.framework.keyboard.widget.AccessPointsBar{38333e6 I.E...... ......ID 95,0-975,116 #7f0b0017 app:id/0_resource_name_obfuscated} to show itself, DEFAULT
10-22 00:11:33.269  1385  1385 I InlineSuggestionCandidateViewController: InlineSuggestionCandidateViewController.textCandidatesUpdated():621 Not showing inline suggestion tooltip v2; has candidates
10-22 00:11:33.277 21439 21439 I ViewInteraction: Performing 'replace text()' action on view view.getId() is <2131296468/com.example.cocktailsdbapp:id/et_email_input>
10-22 00:11:33.330 21439 21439 I ViewInteraction: Performing 'type text(cocktailstest@example.com)' action on view view.getId() is <2131296468/com.example.cocktailsdbapp:id/et_email_input>
10-22 00:11:33.373 21439 21477 D ProfileInstaller: Installing profile for com.example.cocktailsdbapp
10-22 00:11:33.418  1385  1385 I GoogleInputMethodService: GoogleInputMethodService.onFinishInputView():2365
10-22 00:11:33.418 21439 21439 D InputMethodManager: showSoftInput() view=androidx.appcompat.widget.AppCompatEditText{73b485 VFED..CL. .F.P..ID 119,418-959,526 #7f0900d4 app:id/et_email_input aid=1073741828} flags=0 reason=SHOW_SOFT_INPUT
10-22 00:11:33.422  1385  1385 I InlineSuggestionCandidateViewController: InlineSuggestionCandidateViewController.setInlineSuggestionCandidateImpl():1163 set  to inlineSuggestionTextView
10-22 00:11:33.432  1385  1385 I KeyboardWrapper: KeyboardWrapper.consumeEvent():287 Skip consuming an event as current keyboard is deactivated (state=0, keyboard existence=true)
10-22 00:11:33.434  1385  1385 I VoiceInputManagerWrapper: VoiceInputManagerWrapper.shutdown():76 shutdown()
10-22 00:11:33.436  1385  1385 I AndroidIME: AbstractIme.onDeactivate():207 LatinIme.onDeactivate()
10-22 00:11:33.438  1385  1385 I GoogleInputMethodService: GoogleInputMethodService.onFinishInput():3420
10-22 00:11:33.439  1385  1385 I GoogleInputMethodService: GoogleInputMethodService.onStartInput():2002
10-22 00:11:33.443  1385  1385 I DeviceUnlockedTag: DeviceUnlockedTag.notifyDeviceLockStatusChanged():31 Notify device unlocked.
10-22 00:11:33.448  1385  1385 I GoogleInputMethodService: GoogleInputMethodService.onStartInputView():2148
10-22 00:11:33.450  1385  2206 W Delight5Decoder: Delight5DecoderWrapper.shouldAbandonMessage():1874 Detected old [FetchSuggestions] request in background: 7539<7540
10-22 00:11:33.451  1385  1385 I DeviceUnlockedTag: DeviceUnlockedTag.notifyDeviceLockStatusChanged():31 Notify device unlocked.
10-22 00:11:33.453  1385  1385 I KeyboardViewUtil: KeyboardViewUtil.getKeyboardHeightRatio():166 systemKeyboardHeightRatio:1.000000; userKeyboardHeightRatio:1.000000.
10-22 00:11:33.457  1385  1385 I AndroidIME: AbstractIme.onActivate():86 LatinIme.onActivate() : EditorInfo = inputType=Email imeActionName=NEXT dump=[inputType=0x21 imeOptions=0xc000005 privateImeOptions=null actionLabel=null actionId=0 initialSelStart=0 initialSelEnd=0 initialCapsMode=0x0 hintText=email label=null packageName=com.example.cocktailsdbapp autofillId=1073741828 fieldId=2131296468 fieldName=null extras=Bundle[{android.support.text.emoji.emojiCompat_metadataVersion=8, android.support.text.emoji.emojiCompat_replaceAll=false}] hintLocales=null contentMimeTypes=null ], IncognitoMode = false, DeviceLocked = false
10-22 00:11:33.459  1385  1385 I Delight5Facilitator: Delight5Facilitator.initializeForIme():718 initializeForIme() : Locale = [en_US], layout = qwerty
10-22 00:11:33.461  1385  1385 I VoiceInputManagerWrapper: VoiceInputManagerWrapper.cancelShutdown():54 cancelShutdown()
10-22 00:11:33.462  1385  1385 I VoiceInputManagerWrapper: VoiceInputManagerWrapper.syncLanguagePacks():66 syncLanguagePacks()
10-22 00:11:33.463  1385  5303 I SpeechFactory: SpeechRecognitionFactory.maybeScheduleAutoPackDownloadForFallback():182 maybeScheduleAutoPackDownloadForFallback()
10-22 00:11:33.464  1385  5303 I FallbackOnDeviceRecognitionProvider: FallbackOnDeviceRecognitionProvider.maybeScheduleAutoPackDownload():194 maybeScheduleAutoPackDownload() for language tag en-US
10-22 00:11:33.467  1385  1385 I LatinIme: LatinIme.updateEnableInlineSuggestionsOnDecoderSideFlags():1293 inline flag updated to:false
10-22 00:11:33.471   361   403 D goldfish-address-space: claimShared: Ask to claim region [0x3efd10000 0x3efd5d000]
10-22 00:11:33.482   361   403 D goldfish-address-space: claimShared: Ask to claim region [0x3efd5d000 0x3efdaa000]
10-22 00:11:33.488  1385  1385 I KeyboardWrapper: KeyboardWrapper.consumeEvent():287 Skip consuming an event as current keyboard is deactivated (state=0, keyboard existence=true)
10-22 00:11:33.493  1385  1385 I KeyboardViewUtil: KeyboardViewUtil.calculateMaxKeyboardBodyHeight():62 leave 354 height for app when screen height:2274, header height:116 and isFullscreenMode:false, so the max keyboard body height is:1804
10-22 00:11:33.505   361   403 D goldfish-address-space: claimShared: Ask to claim region [0x3efdaa000 0x3efdf7000]
10-22 00:11:33.520  1385  1385 I NormalModeController: NormalModeController.getKeyboardBodyViewHolderPaddingBottom():109 currentPrimeKeyboardType:SOFT systemPaddingBottom:-1
10-22 00:11:33.521  1385  1385 I KeyboardViewUtil: KeyboardViewUtil.calculateMaxKeyboardBodyHeight():62 leave 354 height for app when screen height:2274, header height:116 and isFullscreenMode:false, so the max keyboard body height is:1804
10-22 00:11:33.522  1385  2206 I Delight5Decoder: Delight5DecoderWrapper.setKeyboardLayout():434 setKeyboardLayout()
10-22 00:11:33.525  1385  1385 I NormalModeController: NormalModeController.getKeyboardBodyViewHolderPaddingBottom():109 currentPrimeKeyboardType:SOFT systemPaddingBottom:-1
10-22 00:11:33.525  1385  1385 I AndroidIME: KeyboardViewManager.updateKeyboardBodyViewHolderPaddingBottom():513 Set finalPaddingBottom = 0 while keyboardBottomGapFromScreen = 0; navigationHeight = 126
10-22 00:11:33.526  1385  1385 I NormalModeController: NormalModeController.getKeyboardBodyViewHolderPaddingBottom():109 currentPrimeKeyboardType:SOFT systemPaddingBottom:-1
10-22 00:11:33.527  1385  1385 I AndroidIME: KeyboardViewManager.updateKeyboardBodyViewHolderPaddingBottom():513 Set finalPaddingBottom = 0 while keyboardBottomGapFromScreen = 0; navigationHeight = 126
10-22 00:11:33.535  1385  1385 I CurrentMicStatusHolder: CurrentMicStatusHolder.onStartInputView():79 Current Mic status = {MicIconHidden-EmailInputType,}
10-22 00:11:33.536  1385  1385 I VoiceImeExtension: VoiceImeExtension.shouldStartVoiceInputAutomatically():354 No private IME option set to start voice input.
10-22 00:11:33.565 21439 21439 W IInputConnectionWrapper: setComposingRegion on inactive InputConnection
10-22 00:11:33.566 21439 21439 D InsetsController: show(ime(), fromIme=true)
10-22 00:11:33.568 21439 21439 D InsetsController: show(ime(), fromIme=true)
10-22 00:11:33.601  8529  8529 D BoundBrokerSvc: onBind: Intent { act=com.google.android.gms.common.BIND_SHARED_PREFS pkg=com.google.android.gms }
10-22 00:11:33.602  8529  8529 D BoundBrokerSvc: Loading bound service for intent: Intent { act=com.google.android.gms.common.BIND_SHARED_PREFS pkg=com.google.android.gms }
10-22 00:11:33.613  8529  8529 D BoundBrokerSvc: onUnbind: Intent { act=com.google.android.gms.common.BIND_SHARED_PREFS pkg=com.google.android.gms }
10-22 00:11:33.620  8529  8529 D BoundBrokerSvc: onBind: Intent { act=com.google.android.gms.common.BIND_SHARED_PREFS pkg=com.google.android.gms }
10-22 00:11:33.621  8529  8529 D BoundBrokerSvc: Loading bound service for intent: Intent { act=com.google.android.gms.common.BIND_SHARED_PREFS pkg=com.google.android.gms }
10-22 00:11:33.629  8529  8529 D BoundBrokerSvc: onUnbind: Intent { act=com.google.android.gms.common.BIND_SHARED_PREFS pkg=com.google.android.gms }
10-22 00:11:33.810   572  1813 D WifiNl80211Manager: Scan result ready event
10-22 00:11:33.810   572  1813 D WifiNative: Scan result ready event
10-22 00:11:33.830 21439 21439 D UiControllerImpl: Injecting string: "cocktailstest@example.com"
10-22 00:11:33.879 21439 21462 D EGL_emulation: app_time_stats: avg=53.93ms min=16.95ms max=303.50ms count=21
10-22 00:11:33.982  1385  1385 W InputContextProxyV4: InputContextProxyV4.applyClientDiffInternal():880 Ignore [FetchSuggestions] diff due to stale request: 7544<7547, inputStateId=7244, lastInputStateId=7246
10-22 00:11:33.999  1385  1385 I InlineSuggestionCandidateViewController: InlineSuggestionCandidateViewController.textCandidatesUpdated():621 Not showing inline suggestion tooltip v2; has candidates
10-22 00:11:34.022  1385  1385 I InlineSuggestionCandidateViewController: InlineSuggestionCandidateViewController.textCandidatesUpdated():621 Not showing inline suggestion tooltip v2; has candidates
10-22 00:11:34.030   572  1094 W InputManager-JNI: Input channel object 'c093a7e PopupWindow:b7de47b (client)' was disposed without first being removed with the input manager!
10-22 00:11:34.168  1385  1385 W InputContextProxyV4: InputContextProxyV4.applyClientDiffInternal():880 Ignore [FetchSuggestions] diff due to stale request: 7551<7552, inputStateId=7251, lastInputStateId=7252
10-22 00:11:34.237  1385  1385 I InlineSuggestionCandidateViewController: InlineSuggestionCandidateViewController.textCandidatesUpdated():621 Not showing inline suggestion tooltip v2; has candidates
10-22 00:11:34.308  1385  1385 W InputContextProxyV4: InputContextProxyV4.applyClientDiffInternal():880 Ignore [FetchSuggestions] diff due to stale request: 7555<7557, inputStateId=7255, lastInputStateId=7256
10-22 00:11:34.333  1385  2053 D EGL_emulation: app_time_stats: avg=165.95ms min=8.04ms max=446.88ms count=7
10-22 00:11:34.371  1385  1385 W InputContextProxyV4: InputContextProxyV4.applyClientDiffInternal():880 Ignore [FetchSuggestions] diff due to stale request: 7557<7559, inputStateId=7257, lastInputStateId=7258
10-22 00:11:34.424  1385  1385 W InputContextProxyV4: InputContextProxyV4.applyClientDiffInternal():880 Ignore [FetchSuggestions] diff due to stale request: 7559<7560, inputStateId=7259, lastInputStateId=7260
10-22 00:11:34.475  1385  1385 W InputContextProxyV4: InputContextProxyV4.applyClientDiffInternal():880 Ignore [FetchSuggestions] diff due to stale request: 7561<7562, inputStateId=7261, lastInputStateId=7262
10-22 00:11:34.481  1385  1385 I InlineSuggestionCandidateViewController: InlineSuggestionCandidateViewController.textCandidatesUpdated():621 Not showing inline suggestion tooltip v2; has candidates
10-22 00:11:34.584  1385  1385 I InlineSuggestionCandidateViewController: InlineSuggestionCandidateViewController.textCandidatesUpdated():621 Not showing inline suggestion tooltip v2; has candidates
10-22 00:11:34.646  1385  1385 I InlineSuggestionCandidateViewController: InlineSuggestionCandidateViewController.textCandidatesUpdated():621 Not showing inline suggestion tooltip v2; has candidates
10-22 00:11:34.706  1385  1385 I InlineSuggestionCandidateViewController: InlineSuggestionCandidateViewController.textCandidatesUpdated():621 Not showing inline suggestion tooltip v2; has candidates
10-22 00:11:34.764  1385  1385 W InputContextProxyV4: InputContextProxyV4.applyClientDiffInternal():880 Ignore [FetchSuggestions] diff due to stale request: 7571<7572, inputStateId=7271, lastInputStateId=7270
10-22 00:11:34.765  1385  1385 I InlineSuggestionCandidateViewController: InlineSuggestionCandidateViewController.textCandidatesUpdated():621 Not showing inline suggestion tooltip v2; has candidates
10-22 00:11:34.842  1385  2206 I native  : I1022 00:11:34.842429    2206 input-context-store.cc:161] Ignoring stale client request for FetchSuggestions
10-22 00:11:34.845  1385  2206 I native  : I1022 00:11:34.845316    2206 input-context-store.cc:161] Ignoring stale client request for OverrideDecodedCandidates
10-22 00:11:34.879  1385  1385 W InputContextProxyV4: InputContextProxyV4.applyClientDiffInternal():880 Ignore [FetchSuggestions] diff due to stale request: 7576<7579, inputStateId=0, lastInputStateId=7277
10-22 00:11:34.921 21439 21462 D EGL_emulation: app_time_stats: avg=51.32ms min=8.89ms max=87.07ms count=20
10-22 00:11:35.285 21439 21439 I ViewInteraction: Performing 'replace text()' action on view view.getId() is <2131296470/com.example.cocktailsdbapp:id/et_password_input>
10-22 00:11:35.328 21439 21439 I ViewInteraction: Performing 'type text(password123)' action on view view.getId() is <2131296470/com.example.cocktailsdbapp:id/et_password_input>
10-22 00:11:35.418 21439 21439 D InputMethodManager: showSoftInput() view=androidx.appcompat.widget.AppCompatEditText{62292da VFED..CL. .F.P..ID 119,552-959,660 #7f0900d6 app:id/et_password_input aid=1073741829} flags=0 reason=SHOW_SOFT_INPUT
10-22 00:11:35.419  1385  1385 I GoogleInputMethodService: GoogleInputMethodService.onFinishInputView():2365
10-22 00:11:35.421  1385  1385 I InlineSuggestionCandidateViewController: InlineSuggestionCandidateViewController.setInlineSuggestionCandidateImpl():1163 set  to inlineSuggestionTextView
10-22 00:11:35.423  1385  1385 I KeyboardWrapper: KeyboardWrapper.consumeEvent():287 Skip consuming an event as current keyboard is deactivated (state=0, keyboard existence=true)
10-22 00:11:35.424  1385  1385 I VoiceInputManagerWrapper: VoiceInputManagerWrapper.shutdown():76 shutdown()
10-22 00:11:35.424  1385  1385 I AndroidIME: AbstractIme.onDeactivate():207 LatinIme.onDeactivate()
10-22 00:11:35.426  1385  1385 I GoogleInputMethodService: GoogleInputMethodService.onFinishInput():3420
10-22 00:11:35.426  1385  1385 I GoogleInputMethodService: GoogleInputMethodService.onStartInput():2002
10-22 00:11:35.439  1385  1385 I DeviceUnlockedTag: DeviceUnlockedTag.notifyDeviceLockStatusChanged():31 Notify device unlocked.
10-22 00:11:35.444  1385  1385 I GoogleInputMethodService: GoogleInputMethodService.onStartInputView():2148
10-22 00:11:35.451  1385  1385 I DeviceUnlockedTag: DeviceUnlockedTag.notifyDeviceLockStatusChanged():31 Notify device unlocked.
10-22 00:11:35.468   361   403 D goldfish-address-space: claimShared: Ask to claim region [0x3efd10000 0x3efd5d000]
10-22 00:11:35.481   361   403 D goldfish-address-space: claimShared: Ask to claim region [0x3efd5d000 0x3efdaa000]
10-22 00:11:35.485   361   405 D goldfish-address-space: claimShared: Ask to claim region [0x3efdaa000 0x3efdf7000]
10-22 00:11:35.545  1718  1718 V ClearcutMetricXmitter: Transmission is done.
10-22 00:11:35.553  1718  1718 V ClearcutMetricXmitter: Transmission is done.
10-22 00:11:35.559  1385  1385 E InputConnectionWrapper: InputConnectionWrapper.waitForInputConnectionFutureInternal():1486 Failed to get the input connection call's result.
10-22 00:11:35.559  1385  1385 E InputConnectionWrapper: java.util.concurrent.TimeoutException: Waited 100 milliseconds (plus 2 milliseconds, 67103 nanoseconds delay) for ott@bf8b9b6[status=PENDING, info=[task=[running=[RUNNING ON ICWrapper-1], jeu@a40b6b7]]]
10-22 00:11:35.559  1385  1385 E InputConnectionWrapper: 	at oqk.get(PG:50)
10-22 00:11:35.559  1385  1385 E InputConnectionWrapper: 	at jfe.u(PG:2)
10-22 00:11:35.559  1385  1385 E InputConnectionWrapper: 	at jfe.t(PG:2)
10-22 00:11:35.559  1385  1385 E InputConnectionWrapper: 	at jfd.e(PG:8)
10-22 00:11:35.559  1385  1385 E InputConnectionWrapper: 	at jfm.D(PG:1)
10-22 00:11:35.559  1385  1385 E InputConnectionWrapper: 	at jfm.x(PG:1)
10-22 00:11:35.559  1385  1385 E InputConnectionWrapper: 	at jfe.f(PG:1)
10-22 00:11:35.559  1385  1385 E InputConnectionWrapper: 	at com.android.inputmethod.latin.LatinIME.f(PG:118)
10-22 00:11:35.559  1385  1385 E InputConnectionWrapper: 	at dro.onStartInputView(PG:28)
10-22 00:11:35.559  1385  1385 E InputConnectionWrapper: 	at android.inputmethodservice.InputMethodService.doStartInput(InputMethodService.java:2456)
10-22 00:11:35.559  1385  1385 E InputConnectionWrapper: 	at android.inputmethodservice.InputMethodService$InputMethodImpl.startInput(InputMethodService.java:697)
10-22 00:11:35.559  1385  1385 E InputConnectionWrapper: 	at android.inputmethodservice.InputMethodService$InputMethodImpl.dispatchStartInputWithToken(InputMethodService.java:727)
10-22 00:11:35.559  1385  1385 E InputConnectionWrapper: 	at android.inputmethodservice.IInputMethodWrapper.executeMessage(IInputMethodWrapper.java:199)
10-22 00:11:35.559  1385  1385 E InputConnectionWrapper: 	at com.android.internal.os.HandlerCaller$MyHandler.handleMessage(HandlerCaller.java:44)
10-22 00:11:35.559  1385  1385 E InputConnectionWrapper: 	at android.os.Handler.dispatchMessage(Handler.java:106)
10-22 00:11:35.559  1385  1385 E InputConnectionWrapper: 	at android.os.Looper.loopOnce(Looper.java:201)
10-22 00:11:35.559  1385  1385 E InputConnectionWrapper: 	at android.os.Looper.loop(Looper.java:288)
10-22 00:11:35.559  1385  1385 E InputConnectionWrapper: 	at android.app.ActivityThread.main(ActivityThread.java:7839)
10-22 00:11:35.559  1385  1385 E InputConnectionWrapper: 	at java.lang.reflect.Method.invoke(Native Method)
10-22 00:11:35.559  1385  1385 E InputConnectionWrapper: 	at com.android.internal.os.RuntimeInit$MethodAndArgsCaller.run(RuntimeInit.java:548)
10-22 00:11:35.559  1385  1385 E InputConnectionWrapper: 	at com.android.internal.os.ZygoteInit.main(ZygoteInit.java:1003)
10-22 00:11:35.559  1385  1385 W InputConnectionWrapper: InputConnectionWrapper.recordDuration():1449 IPC IC_GET_SURROUNDING_TEXT took 108 ms
10-22 00:11:35.561  1385  1385 I KeyboardViewUtil: KeyboardViewUtil.getKeyboardHeightRatio():166 systemKeyboardHeightRatio:1.000000; userKeyboardHeightRatio:1.000000.
10-22 00:11:35.563  1385  1385 I AndroidIME: AbstractIme.onActivate():86 PasswordIme.onActivate() : EditorInfo = inputType=Password imeActionName=DONE dump=[inputType=0x81 imeOptions=0x4000006 privateImeOptions=null actionLabel=null actionId=0 initialSelStart=0 initialSelEnd=0 initialCapsMode=0x0 hintText=password label=null packageName=com.example.cocktailsdbapp autofillId=1073741829 fieldId=2131296470 fieldName=null extras=Bundle[{android.support.text.emoji.emojiCompat_metadataVersion=8, android.support.text.emoji.emojiCompat_replaceAll=false}] hintLocales=null contentMimeTypes=null ], IncognitoMode = false, DeviceLocked = false
10-22 00:11:35.581  1385  1385 I KeyboardViewHelper: KeyboardViewHelper.getView():167 Get view with height ratio:1.000000
10-22 00:11:35.591  1385  1385 I KeyboardViewUtil: KeyboardViewUtil.calculateMaxKeyboardBodyHeight():62 leave 354 height for app when screen height:2274, header height:116 and isFullscreenMode:false, so the max keyboard body height is:1804
10-22 00:11:35.592  1385  1385 I InlineSuggestionCandidateViewController: InlineSuggestionCandidateViewController.setInlineSuggestionCandidateImpl():1163 set  to inlineSuggestionTextView
10-22 00:11:35.594  1385  1385 I KeyboardViewUtil: KeyboardViewUtil.calculateMaxKeyboardBodyHeight():62 leave 354 height for app when screen height:2274, header height:116 and isFullscreenMode:false, so the max keyboard body height is:1804
10-22 00:11:35.596  1385  1385 I NormalModeController: NormalModeController.getKeyboardBodyViewHolderPaddingBottom():109 currentPrimeKeyboardType:SOFT systemPaddingBottom:-1
10-22 00:11:35.596  1385  1385 I AndroidIME: KeyboardViewManager.updateKeyboardBodyViewHolderPaddingBottom():513 Set finalPaddingBottom = 0 while keyboardBottomGapFromScreen = 0; navigationHeight = 126
10-22 00:11:35.598  1385  1385 I NormalModeController: NormalModeController.getKeyboardBodyViewHolderPaddingBottom():109 currentPrimeKeyboardType:SOFT systemPaddingBottom:-1
10-22 00:11:35.600  1385  1385 I AndroidIME: KeyboardViewManager.updateKeyboardBodyViewHolderPaddingBottom():513 Set finalPaddingBottom = 0 while keyboardBottomGapFromScreen = 0; navigationHeight = 126
10-22 00:11:35.604  1385  1385 I CurrentMicStatusHolder: CurrentMicStatusHolder.onStartInputView():79 Current Mic status = {MicIconHidden-SettingOff,MicIconHidden-PasswordOrNumberOrDateInputType,}
10-22 00:11:35.604  1385  1385 I VoiceImeExtension: VoiceImeExtension.shouldStartVoiceInputAutomatically():354 No private IME option set to start voice input.
10-22 00:11:35.609 21439 21439 D InsetsController: show(ime(), fromIme=true)
10-22 00:11:35.618 21439 21439 D InsetsController: show(ime(), fromIme=true)
10-22 00:11:35.632  8529  8529 D BoundBrokerSvc: onBind: Intent { act=com.google.android.gms.common.BIND_SHARED_PREFS pkg=com.google.android.gms }
10-22 00:11:35.633  8529  8529 D BoundBrokerSvc: Loading bound service for intent: Intent { act=com.google.android.gms.common.BIND_SHARED_PREFS pkg=com.google.android.gms }
10-22 00:11:35.646  8529  8529 D BoundBrokerSvc: onUnbind: Intent { act=com.google.android.gms.common.BIND_SHARED_PREFS pkg=com.google.android.gms }
10-22 00:11:35.651  1385  2053 D EGL_emulation: app_time_stats: avg=164.57ms min=52.89ms max=688.06ms count=8
10-22 00:11:35.674  8529  8529 D BoundBrokerSvc: onBind: Intent { act=com.google.android.gms.common.BIND_SHARED_PREFS pkg=com.google.android.gms }
10-22 00:11:35.674  8529  8529 D BoundBrokerSvc: Loading bound service for intent: Intent { act=com.google.android.gms.common.BIND_SHARED_PREFS pkg=com.google.android.gms }
10-22 00:11:35.682  8529  8529 D BoundBrokerSvc: onUnbind: Intent { act=com.google.android.gms.common.BIND_SHARED_PREFS pkg=com.google.android.gms }
10-22 00:11:35.774 21439 21439 D UiControllerImpl: Injecting string: "password123"
10-22 00:11:35.891   572  1094 W InputManager-JNI: Input channel object '1c894c7 PopupWindow:d6a1bc (client)' was disposed without first being removed with the input manager!
10-22 00:11:35.932 21439 21462 D EGL_emulation: app_time_stats: avg=67.18ms min=26.64ms max=276.25ms count=15
10-22 00:11:36.344 21439 21439 I ViewInteraction: Performing 'single click' action on view view.getId() is <2131296379/com.example.cocktailsdbapp:id/bt_register>
10-22 00:11:36.516   407   533 D AudioFlinger: mixer(0x78d16b108a70) throttle end: throttle time(43)
10-22 00:11:36.681 21439 21439 D CompatibilityChangeReporter: Compat change id reported: 171228096; UID 10225; state: ENABLED
10-22 00:11:36.763 21439 21447 I .cocktailsdbap: JIT allocated 77KB for compiled code of void android.view.View.<init>(android.content.Context, android.util.AttributeSet, int, int)
10-22 00:11:36.959 21439 21462 D EGL_emulation: app_time_stats: avg=24.59ms min=5.32ms max=147.51ms count=31
10-22 00:11:37.061   361   405 D goldfish-address-space: claimShared: Ask to claim region [0x3efd10000 0x3efed1000]
10-22 00:11:37.072   361   405 D goldfish-address-space: claimShared: Ask to claim region [0x3ec9a1000 0x3ecb62000]
10-22 00:11:37.081  8529  8529 D BoundBrokerSvc: onUnbind: Intent { act=com.google.android.gms.feedback.internal.IFeedbackService dat=chimera-action: cmp=com.google.android.gms/.chimera.GmsBoundBrokerService }
10-22 00:11:37.090   361   405 D goldfish-address-space: claimShared: Ask to claim region [0x3ecb62000 0x3ecd23000]
10-22 00:11:37.313   774   875 D EGL_emulation: app_time_stats: avg=294.65ms min=3.46ms max=5010.06ms count=18
10-22 00:11:38.577 21439 21462 D EGL_emulation: app_time_stats: avg=172.19ms min=13.12ms max=1083.20ms count=8
10-22 00:11:38.831 21439 21439 I ViewInteraction: Checking 'MatchesViewAssertion{viewMatcher=(view has effective visibility <VISIBLE> and view.getGlobalVisibleRect() to return non-empty rectangle)}' assertion on view an instance of android.widget.TextView and view.getText() with or without transformation to match: is "Registration Successful!"
10-22 00:11:38.845 21439 21439 I ViewInteraction: Performing 'single click' action on view an instance of android.widget.TextView and view.getText() with or without transformation to match: is "OK"
10-22 00:11:38.946 21439 21462 D OpenGLRenderer: endAllActiveAnimators on 0x7a172ef2b880 (RippleDrawable) with handle 0x7a163ef52760
10-22 00:11:38.950   572  2081 W InputManager-JNI: Input channel object '4a8439a com.example.cocktailsdbapp/com.example.cocktailsdbapp.MainActivity (client)' was disposed without first being removed with the input manager!
10-22 00:11:38.963   407   533 D AudioFlinger: mixer(0x78d16b108a70) throttle end: throttle time(34)
10-22 00:11:39.001   774   875 D EGL_emulation: app_time_stats: avg=272.54ms min=4.81ms max=1559.82ms count=6
10-22 00:11:39.216 21439 21462 D EGL_emulation: app_time_stats: avg=91.31ms min=8.95ms max=1407.14ms count=24
10-22 00:11:39.337 21439 21439 W .cocktailsdbap: Accessing hidden method Ljava/lang/invoke/MethodHandles$Lookup;-><init>(Ljava/lang/Class;I)V (unsupported, reflection, allowed)
10-22 00:11:39.439 21439 21486 I okhttp.OkHttpClient: --> GET https://www.thecocktaildb.com/api/json/v1/1/filter.php?a=Alcoholic
10-22 00:11:39.439 21439 21486 I okhttp.OkHttpClient: --> END GET
10-22 00:11:39.451   340 21487 D resolv  : GetAddrInfoHandler::run: {102 102 102 983142 10225 0}
10-22 00:11:39.453   340 21487 D resolv  : resolv_getaddrinfo: explore_fqdn(): ai_family=0 ai_socktype=1 ai_protocol=6
10-22 00:11:39.458   340 21488 D resolv  : doQuery: (1, 28)
10-22 00:11:39.458   340 21488 D resolv  : res_nmkquery: (QUERY, IN, AAAA)
10-22 00:11:39.459   340 21488 D resolv  : res_nsend
10-22 00:11:39.459   340 21488 I resolv  : resolv_cache_lookup: lookup
10-22 00:11:39.459   340 21488 I resolv  : resolv_cache_lookup: NOT IN CACHE (STALE ENTRY 0x7c1e682875b0DISCARDED)
10-22 00:11:39.459   340 21488 I resolv  : _cache_remove_p: entry 25 removed (count=8)
10-22 00:11:39.460   340 21488 I resolv  : resolv_populate_res_for_net: netid=102
10-22 00:11:39.460   340 21488 I resolv  : res_stats_usable_server: NS stats: S 25 + E 0 + T 0 + I 0 = 25, rtt = 29, min_samples = 8
10-22 00:11:39.460   340 21488 I resolv  : res_stats_usable_server: success rate 100
10-22 00:11:39.460   340 21488 D resolv  : res_nsend: Querying server (# 1) address = 10.0.2.3:53
10-22 00:11:39.462   340 21489 D resolv  : doQuery: (1, 1)
10-22 00:11:39.462   340 21489 D resolv  : res_nmkquery: (QUERY, IN, A)
10-22 00:11:39.462   340 21488 D resolv  : send_dg: new DG socket
10-22 00:11:39.462   340 21489 D resolv  : res_nsend
10-22 00:11:39.462   340 21489 I resolv  : resolv_cache_lookup: lookup
10-22 00:11:39.462   340 21489 I resolv  : resolv_cache_lookup: NOT IN CACHE (STALE ENTRY 0x7c1e58291430DISCARDED)
10-22 00:11:39.463   340 21489 I resolv  : _cache_remove_p: entry 24 removed (count=7)
10-22 00:11:39.463   340 21489 I resolv  : resolv_populate_res_for_net: netid=102
10-22 00:11:39.465   340 21488 I resolv  : get_timeout: using timeout of 5000 msec
10-22 00:11:39.466   340 21489 I resolv  : res_stats_usable_server: NS stats: S 25 + E 0 + T 0 + I 0 = 25, rtt = 29, min_samples = 8
10-22 00:11:39.465   340 21488 I resolv  : retrying_poll: 55 retrying_poll
10-22 00:11:39.466   340 21489 I resolv  : res_stats_usable_server: success rate 100
10-22 00:11:39.466   340 21489 D resolv  : res_nsend: Querying server (# 1) address = 10.0.2.3:53
10-22 00:11:39.467   340 21489 D resolv  : send_dg: new DG socket
10-22 00:11:39.467   340 21489 I resolv  : get_timeout: using timeout of 5000 msec
10-22 00:11:39.468   340 21489 I resolv  : retrying_poll: 56 retrying_poll
