10-22 00:13:25.886  1385  1385 E InputConnectionWrapper: 	at jfe.t(PG:2)
10-22 00:13:25.886  1385  1385 E InputConnectionWrapper: 	at jfd.e(PG:8)
10-22 00:13:25.886  1385  1385 E InputConnectionWrapper: 	at jfm.D(PG:1)
10-22 00:13:25.886  1385  1385 E InputConnectionWrapper: 	at jfm.x(PG:1)
10-22 00:13:25.886  1385  1385 E InputConnectionWrapper: 	at jfm.c(PG:5)
10-22 00:13:25.886  1385  1385 E InputConnectionWrapper: 	at jfe.b(PG:14)
10-22 00:13:25.886  1385  1385 E InputConnectionWrapper: 	at dro.onUpdateSelection(PG:5)
10-22 00:13:25.886  1385  1385 E InputConnectionWrapper: 	at android.inputmethodservice.InputMethodService$InputMethodSessionImpl.updateSelection(InputMethodService.java:1020)
10-22 00:13:25.886  1385  1385 E InputConnectionWrapper: 	at android.inputmethodservice.IInputMethodSessionWrapper.executeMessage(IInputMethodSessionWrapper.java:105)
10-22 00:13:25.886  1385  1385 E InputConnectionWrapper: 	at com.android.internal.os.HandlerCaller$MyHandler.handleMessage(HandlerCaller.java:44)
10-22 00:13:25.886  1385  1385 E InputConnectionWrapper: 	at android.os.Handler.dispatchMessage(Handler.java:106)
10-22 00:13:25.886  1385  1385 E InputConnectionWrapper: 	at android.os.Looper.loopOnce(Looper.java:201)
10-22 00:13:25.886  1385  1385 E InputConnectionWrapper: 	at android.os.Looper.loop(Looper.java:288)
10-22 00:13:25.886  1385  1385 E InputConnectionWrapper: 	at android.app.ActivityThread.main(ActivityThread.java:7839)
10-22 00:13:25.886  1385  1385 E InputConnectionWrapper: 	at java.lang.reflect.Method.invoke(Native Method)
10-22 00:13:25.886  1385  1385 E InputConnectionWrapper: 	at com.android.internal.os.RuntimeInit$MethodAndArgsCaller.run(RuntimeInit.java:548)
10-22 00:13:25.886  1385  1385 E InputConnectionWrapper: 	at com.android.internal.os.ZygoteInit.main(ZygoteInit.java:1003)
10-22 00:13:25.902  1385  1385 W InputConnectionWrapper: InputConnectionWrapper.recordDuration():1449 IPC IC_GET_SURROUNDING_TEXT took 149 ms
10-22 00:13:26.287 21439 21439 I ViewInteraction: Performing 'single click' action on view view.getId() is <2131296379/com.example.cocktailsdbapp:id/bt_register>
10-22 00:13:26.353   407   533 D AudioFlinger: mixer(0x78d16b108a70) throttle end: throttle time(41)
10-22 00:13:26.553 21439 21462 D EGL_emulation: app_time_stats: avg=39.18ms min=4.87ms max=350.42ms count=23
10-22 00:13:26.684   361   403 D goldfish-address-space: claimShared: Ask to claim region [0x3efd53000 0x3eff14000]
10-22 00:13:26.692   361   403 D goldfish-address-space: claimShared: Ask to claim region [0x3ec000000 0x3ec1c1000]
10-22 00:13:26.699   361   403 D goldfish-address-space: claimShared: Ask to claim region [0x3ec1c1000 0x3ec382000]
10-22 00:13:26.815   774   875 D EGL_emulation: app_time_stats: avg=394.06ms min=6.02ms max=5929.73ms count=16
10-22 00:13:27.759 21439 21462 D EGL_emulation: app_time_stats: avg=28.78ms min=3.60ms max=434.05ms count=36
10-22 00:13:28.194 21439 21462 D EGL_emulation: app_time_stats: avg=181.42ms min=6.54ms max=1151.64ms count=8
10-22 00:13:29.287 21439 21439 D LifecycleMonitor: Lifecycle status change: com.example.cocktailsdbapp.MainActivity@3a00e87 in: PAUSED
10-22 00:13:29.288 21439 21439 V ActivityScenario: Update currentActivityStage to PAUSED, currentActivity=com.example.cocktailsdbapp.MainActivity@3a00e87
10-22 00:13:29.305   361   403 D goldfish-address-space: claimShared: Ask to claim region [0x3f354f000 0x3f3ef0000]
10-22 00:13:29.343 21439 21439 D LifecycleMonitor: Lifecycle status change: androidx.test.core.app.InstrumentationActivityInvoker$EmptyActivity@4b2666c in: PRE_ON_CREATE
10-22 00:13:29.345 21439 21439 V ActivityScenario: Activity lifecycle changed event received but ignored because the intent does not match. startActivityIntent=Intent { act=android.intent.action.MAIN cat=[android.intent.category.LAUNCHER] flg=0x10008000 cmp=com.example.cocktailsdbapp/.MainActivity }, activity.getIntent()=Intent { act=android.intent.action.MAIN cat=[android.intent.category.LAUNCHER] flg=0x10000000 cmp=com.example.cocktailsdbapp/androidx.test.core.app.InstrumentationActivityInvoker$EmptyActivity }, activity=androidx.test.core.app.InstrumentationActivityInvoker$EmptyActivity@4b2666c
10-22 00:13:29.367 21439 21439 D LifecycleMonitor: Lifecycle status change: androidx.test.core.app.InstrumentationActivityInvoker$EmptyActivity@4b2666c in: CREATED
10-22 00:13:29.368 21439 21439 V ActivityScenario: Activity lifecycle changed event received but ignored because the intent does not match. startActivityIntent=Intent { act=android.intent.action.MAIN cat=[android.intent.category.LAUNCHER] flg=0x10008000 cmp=com.example.cocktailsdbapp/.MainActivity }, activity.getIntent()=Intent { act=android.intent.action.MAIN cat=[android.intent.category.LAUNCHER] flg=0x10000000 cmp=com.example.cocktailsdbapp/androidx.test.core.app.InstrumentationActivityInvoker$EmptyActivity }, activity=androidx.test.core.app.InstrumentationActivityInvoker$EmptyActivity@4b2666c
10-22 00:13:29.371 21439 21439 D LifecycleMonitor: Lifecycle status change: androidx.test.core.app.InstrumentationActivityInvoker$EmptyActivity@4b2666c in: STARTED
10-22 00:13:29.372 21439 21439 V ActivityScenario: Activity lifecycle changed event received but ignored because the intent does not match. startActivityIntent=Intent { act=android.intent.action.MAIN cat=[android.intent.category.LAUNCHER] flg=0x10008000 cmp=com.example.cocktailsdbapp/.MainActivity }, activity.getIntent()=Intent { act=android.intent.action.MAIN cat=[android.intent.category.LAUNCHER] flg=0x10000000 cmp=com.example.cocktailsdbapp/androidx.test.core.app.InstrumentationActivityInvoker$EmptyActivity }, activity=androidx.test.core.app.InstrumentationActivityInvoker$EmptyActivity@4b2666c
10-22 00:13:29.375 21439 21439 D LifecycleMonitor: Lifecycle status change: androidx.test.core.app.InstrumentationActivityInvoker$EmptyActivity@4b2666c in: RESUMED
10-22 00:13:29.376 21439 21439 V ActivityScenario: Activity lifecycle changed event received but ignored because the intent does not match. startActivityIntent=Intent { act=android.intent.action.MAIN cat=[android.intent.category.LAUNCHER] flg=0x10008000 cmp=com.example.cocktailsdbapp/.MainActivity }, activity.getIntent()=Intent { act=android.intent.action.MAIN cat=[android.intent.category.LAUNCHER] flg=0x10000000 cmp=com.example.cocktailsdbapp/androidx.test.core.app.InstrumentationActivityInvoker$EmptyActivity }, activity=androidx.test.core.app.InstrumentationActivityInvoker$EmptyActivity@4b2666c
10-22 00:13:29.412   361   403 D goldfish-address-space: claimShared: Ask to claim region [0x3f0ca8000 0x3f168c000]
10-22 00:13:29.420   361   403 D goldfish-address-space: claimShared: Ask to claim region [0x3f168c000 0x3f2070000]
10-22 00:13:29.427   361   403 D goldfish-address-space: claimShared: Ask to claim region [0x3f7177000 0x3f7b5b000]
10-22 00:13:29.444   572   599 I ActivityTaskManager: Displayed com.example.cocktailsdbapp/androidx.test.core.app.InstrumentationActivityInvoker$EmptyActivity: +178ms
10-22 00:13:29.474 21439 21462 D EGL_emulation: app_time_stats: avg=71.62ms min=3.20ms max=1014.79ms count=16
10-22 00:13:29.485   774   875 D EGL_emulation: app_time_stats: avg=291.20ms min=7.70ms max=2495.25ms count=9
10-22 00:13:29.497 21439 21439 D LifecycleMonitor: Lifecycle status change: com.example.cocktailsdbapp.MainActivity@3a00e87 in: STOPPED
10-22 00:13:29.508 21439 21439 V ActivityScenario: Update currentActivityStage to STOPPED, currentActivity=com.example.cocktailsdbapp.MainActivity@3a00e87
10-22 00:13:29.519 21439 21439 D AutofillManager: onActivityFinishing(): calling cancelLocked()
10-22 00:13:29.539 21439 21439 D LifecycleMonitor: Lifecycle status change: com.example.cocktailsdbapp.MainActivity@3a00e87 in: DESTROYED
10-22 00:13:29.541 21439 21439 V ActivityScenario: Update currentActivityStage to DESTROYED, currentActivity=null
10-22 00:13:29.556   572   898 W InputManager-JNI: Input channel object '392b33f com.example.cocktailsdbapp/com.example.cocktailsdbapp.MainActivity (client)' was disposed without first being removed with the input manager!
10-22 00:13:29.614 21439 21439 E WindowManager: android.view.WindowLeaked: Activity com.example.cocktailsdbapp.MainActivity has leaked window DecorView@1a87b8[MainActivity] that was originally added here
10-22 00:13:29.614 21439 21439 E WindowManager: 	at android.view.ViewRootImpl.<init>(ViewRootImpl.java:783)
10-22 00:13:29.614 21439 21439 E WindowManager: 	at android.view.ViewRootImpl.<init>(ViewRootImpl.java:767)
10-22 00:13:29.614 21439 21439 E WindowManager: 	at android.view.WindowManagerGlobal.addView(WindowManagerGlobal.java:389)
10-22 00:13:29.614 21439 21439 E WindowManager: 	at android.view.WindowManagerImpl.addView(WindowManagerImpl.java:133)
10-22 00:13:29.614 21439 21439 E WindowManager: 	at android.app.Dialog.show(Dialog.java:345)
10-22 00:13:29.614 21439 21439 E WindowManager: 	at com.example.cocktailsdbapp.ui.BaseFragment.showSuccessPopUp(BaseFragment.kt:54)
10-22 00:13:29.614 21439 21439 E WindowManager: 	at com.example.cocktailsdbapp.ui.authorization.RegistrationFragment.registerListeners$lambda$1(RegistrationFragment.kt:71)
10-22 00:13:29.614 21439 21439 E WindowManager: 	at com.example.cocktailsdbapp.ui.authorization.RegistrationFragment.$r8$lambda$3aacJzQnC146SFZ_d-0gq1R0Y8c(Unknown Source:0)
10-22 00:13:29.614 21439 21439 E WindowManager: 	at com.example.cocktailsdbapp.ui.authorization.RegistrationFragment$$ExternalSyntheticLambda2.onClick(Unknown Source:2)
10-22 00:13:29.614 21439 21439 E WindowManager: 	at android.view.View.performClick(View.java:7441)
10-22 00:13:29.614 21439 21439 E WindowManager: 	at com.google.android.material.button.MaterialButton.performClick(MaterialButton.java:1213)
10-22 00:13:29.614 21439 21439 E WindowManager: 	at android.view.View.performClickInternal(View.java:7418)
10-22 00:13:29.614 21439 21439 E WindowManager: 	at android.view.View.access$3700(View.java:835)
10-22 00:13:29.614 21439 21439 E WindowManager: 	at android.view.View$PerformClick.run(View.java:28676)
10-22 00:13:29.614 21439 21439 E WindowManager: 	at android.os.Handler.handleCallback(Handler.java:938)
10-22 00:13:29.614 21439 21439 E WindowManager: 	at android.os.Handler.dispatchMessage(Handler.java:99)
10-22 00:13:29.614 21439 21439 E WindowManager: 	at androidx.test.espresso.base.TestLooperManagerCompat.execute(TestLooperManagerCompat.java:121)
10-22 00:13:29.614 21439 21439 E WindowManager: 	at androidx.test.espresso.base.Interrogator.loopAndInterrogate(Interrogator.java:128)
10-22 00:13:29.614 21439 21439 E WindowManager: 	at androidx.test.espresso.base.UiControllerImpl.loopUntil(UiControllerImpl.java:513)
10-22 00:13:29.614 21439 21439 E WindowManager: 	at androidx.test.espresso.base.UiControllerImpl.loopUntil(UiControllerImpl.java:469)
10-22 00:13:29.614 21439 21439 E WindowManager: 	at androidx.test.espresso.base.UiControllerImpl.injectMotionEvent(UiControllerImpl.java:235)
10-22 00:13:29.614 21439 21439 E WindowManager: 	at androidx.test.espresso.action.MotionEvents.sendUp(MotionEvents.java:175)
10-22 00:13:29.614 21439 21439 E WindowManager: 	at androidx.test.espresso.action.MotionEvents.sendUp(MotionEvents.java:138)
10-22 00:13:29.614 21439 21439 E WindowManager: 	at androidx.test.espresso.action.Tap.sendSingleTap(Tap.java:168)
10-22 00:13:29.614 21439 21439 E WindowManager: 	at androidx.test.espresso.action.Tap.-$$Nest$smsendSingleTap(Unknown Source:0)
10-22 00:13:29.614 21439 21439 E WindowManager: 	at androidx.test.espresso.action.Tap$1.sendTap(Tap.java:46)
10-22 00:13:29.614 21439 21439 E WindowManager: 	at androidx.test.espresso.action.GeneralClickAction.perform(GeneralClickAction.java:134)
10-22 00:13:29.614 21439 21439 E WindowManager: 	at androidx.test.espresso.ViewInteraction$SingleExecutionViewAction.perform(ViewInteraction.java:429)
10-22 00:13:29.614 21439 21439 E WindowManager: 	at androidx.test.espresso.ViewInteraction.doPerform(ViewInteraction.java:297)
10-22 00:13:29.614 21439 21439 E WindowManager: 	at androidx.test.espresso.ViewInteraction.-$$Nest$mdoPerform(Unknown Source:0)
10-22 00:13:29.614 21439 21439 E WindowManager: 	at androidx.test.espresso.ViewInteraction$1.call(ViewInteraction.java:193)
10-22 00:13:29.614 21439 21439 E WindowManager: 	at androidx.test.espresso.ViewInteraction$1.call(ViewInteraction.java:182)
10-22 00:13:29.614 21439 21439 E WindowManager: 	at java.util.concurrent.FutureTask.run(FutureTask.java:266)
10-22 00:13:29.614 21439 21439 E WindowManager: 	at android.os.Handler.handleCallback(Handler.java:938)
10-22 00:13:29.614 21439 21439 E WindowManager: 	at android.os.Handler.dispatchMessage(Handler.java:99)
10-22 00:13:29.614 21439 21439 E WindowManager: 	at android.os.Looper.loopOnce(Looper.java:201)
10-22 00:13:29.614 21439 21439 E WindowManager: 	at android.os.Looper.loop(Looper.java:288)
10-22 00:13:29.614 21439 21439 E WindowManager: 	at android.app.ActivityThread.main(ActivityThread.java:7839)
10-22 00:13:29.614 21439 21439 E WindowManager: 	at java.lang.reflect.Method.invoke(Native Method)
10-22 00:13:29.614 21439 21439 E WindowManager: 	at com.android.internal.os.RuntimeInit$MethodAndArgsCaller.run(RuntimeInit.java:548)
10-22 00:13:29.614 21439 21439 E WindowManager: 	at com.android.internal.os.ZygoteInit.main(ZygoteInit.java:1003)
10-22 00:13:29.643   572  2188 W InputManager-JNI: Input channel object 'bb94cd7 com.example.cocktailsdbapp/com.example.cocktailsdbapp.MainActivity (client)' was disposed without first being removed with the input manager!
10-22 00:13:29.656   361   403 D goldfish-address-space: claimShared: Ask to claim region [0x3f26c4000 0x3f2d18000]
10-22 00:13:29.727 21439 21439 D LifecycleMonitor: Lifecycle status change: androidx.test.core.app.InstrumentationActivityInvoker$EmptyActivity@4b2666c in: PAUSED
10-22 00:13:29.727 21439 21439 V ActivityScenario: Activity lifecycle changed event received but ignored because the intent does not match. startActivityIntent=Intent { act=android.intent.action.MAIN cat=[android.intent.category.LAUNCHER] flg=0x10008000 cmp=com.example.cocktailsdbapp/.MainActivity }, activity.getIntent()=Intent { act=android.intent.action.MAIN cat=[android.intent.category.LAUNCHER] flg=0x10000000 cmp=com.example.cocktailsdbapp/androidx.test.core.app.InstrumentationActivityInvoker$EmptyActivity }, activity=androidx.test.core.app.InstrumentationActivityInvoker$EmptyActivity@4b2666c
10-22 00:13:29.776 21439 21456 I TestRunner: finished: testRegisterButtonWithValidInput(com.example.cocktailsdbapp.ui.authorization.RegistrationFragmentTest)
