10-20 00:58:15.967  1929  1929 I KeyboardViewController: KeyboardViewController.lambda$showSelfAndAncestors$6():594 current view doesn't has the priority com.google.android.apps.inputmethod.latin.keyboard.widget.LatinFixedCountCandidatesHolderView{1ea64fd I.E...... ......ID 95,0-975,116 #7f0b145f app:id/softkey_holder_fixed_candidates} to show itself, PREEMPTIVE
10-20 00:58:16.010  1929  1929 W InputContextProxy: InputContextProxy.applyClientDiffInternal():892 Ignore [FetchSuggestions] diff due to stale request: 12476<12478, inputStateId=11904, lastInputStateId=11905
10-20 00:58:16.049  1929  1929 I InlineSuggestionCandidateViewController: InlineSuggestionCandidateViewController.textCandidatesUpdated():621 Not showing inline suggestion tooltip v2; has candidates
10-20 00:58:16.050  1929  1929 I KeyboardViewController: KeyboardViewController.lambda$showSelfAndAncestors$6():594 current view doesn't has the priority com.google.android.apps.inputmethod.latin.keyboard.widget.LatinFixedCountCandidatesHolderView{1ea64fd I.E...... ......ID 95,0-975,116 #7f0b145f app:id/softkey_holder_fixed_candidates} to show itself, PREEMPTIVE
10-20 00:58:16.091  1929  1929 W InputContextProxy: InputContextProxy.applyClientDiffInternal():892 Ignore [FetchSuggestions] diff due to stale request: 12480<12481, inputStateId=11908, lastInputStateId=11909
10-20 00:58:16.135  1929  1929 W InputContextProxy: InputContextProxy.applyClientDiffInternal():892 Ignore [FetchSuggestions] diff due to stale request: 12482<12484, inputStateId=11910, lastInputStateId=11911
10-20 00:58:16.172  1929  1929 W InputContextProxy: InputContextProxy.applyClientDiffInternal():892 Ignore [FetchSuggestions] diff due to stale request: 12484<12485, inputStateId=11912, lastInputStateId=11913
10-20 00:58:16.222  1929  1929 W InputContextProxy: InputContextProxy.applyClientDiffInternal():892 Ignore [FetchSuggestions] diff due to stale request: 12486<12488, inputStateId=11914, lastInputStateId=11915
10-20 00:58:16.260  1929  1929 W InputContextProxy: InputContextProxy.applyClientDiffInternal():892 Ignore [FetchSuggestions] diff due to stale request: 12488<12489, inputStateId=11916, lastInputStateId=11917
10-20 00:58:16.300  1929  1929 I InlineSuggestionCandidateViewController: InlineSuggestionCandidateViewController.textCandidatesUpdated():621 Not showing inline suggestion tooltip v2; has candidates
10-20 00:58:16.302  1929  1929 I KeyboardViewController: KeyboardViewController.lambda$showSelfAndAncestors$6():594 current view doesn't has the priority com.google.android.apps.inputmethod.latin.keyboard.widget.LatinFixedCountCandidatesHolderView{1ea64fd I.E...... ......ID 95,0-975,116 #7f0b145f app:id/softkey_holder_fixed_candidates} to show itself, PREEMPTIVE
10-20 00:58:16.336  1929  1929 I InlineSuggestionCandidateViewController: InlineSuggestionCandidateViewController.textCandidatesUpdated():621 Not showing inline suggestion tooltip v2; has candidates
10-20 00:58:16.338  1929  1929 I KeyboardViewController: KeyboardViewController.lambda$showSelfAndAncestors$6():594 current view doesn't has the priority com.google.android.apps.inputmethod.latin.keyboard.widget.LatinFixedCountCandidatesHolderView{1ea64fd I.E...... ......ID 95,0-975,116 #7f0b145f app:id/softkey_holder_fixed_candidates} to show itself, PREEMPTIVE
10-20 00:58:16.370  1929  1929 I InlineSuggestionCandidateViewController: InlineSuggestionCandidateViewController.textCandidatesUpdated():621 Not showing inline suggestion tooltip v2; has candidates
10-20 00:58:16.371  1929  1929 I KeyboardViewController: KeyboardViewController.lambda$showSelfAndAncestors$6():594 current view doesn't has the priority com.google.android.apps.inputmethod.latin.keyboard.widget.LatinFixedCountCandidatesHolderView{1ea64fd I.E...... ......ID 95,0-975,116 #7f0b145f app:id/softkey_holder_fixed_candidates} to show itself, PREEMPTIVE
10-20 00:58:16.431  1929  1929 W InputContextProxy: InputContextProxy.applyClientDiffInternal():892 Ignore [FetchSuggestions] diff due to stale request: 12496<12497, inputStateId=11924, lastInputStateId=11925
10-20 00:58:16.442  1929  2403 D EGL_emulation: app_time_stats: avg=86.88ms min=4.27ms max=735.33ms count=17
10-20 00:58:16.482  1929  1929 I InlineSuggestionCandidateViewController: InlineSuggestionCandidateViewController.textCandidatesUpdated():621 Not showing inline suggestion tooltip v2; has candidates
10-20 00:58:16.483  1929  1929 I KeyboardViewController: KeyboardViewController.lambda$showSelfAndAncestors$6():594 current view doesn't has the priority com.google.android.apps.inputmethod.latin.keyboard.widget.LatinFixedCountCandidatesHolderView{1ea64fd I.E...... ......ID 95,0-975,116 #7f0b145f app:id/softkey_holder_fixed_candidates} to show itself, PREEMPTIVE
10-20 00:58:16.549  1929  1929 W InputContextProxy: InputContextProxy.applyClientDiffInternal():892 Ignore [FetchSuggestions] diff due to stale request: 12503<12506, inputStateId=11930, lastInputStateId=11932
10-20 00:58:16.712  1545  1579 D EGL_emulation: app_time_stats: avg=29.64ms min=10.98ms max=52.57ms count=34
10-20 00:58:16.835  1545  1545 I ViewInteraction: Performing 'type text(pppppppppppppppppppppppppppppp)' action on view view.getId() is <2131296469/com.example.cocktailsdbapp:id/et_password_input>
10-20 00:58:16.881  1929  1929 I GoogleInputMethodService: GoogleInputMethodService.onFinishInputView():2365
10-20 00:58:16.884  1545  1545 D InputMethodManager: showSoftInput() view=androidx.appcompat.widget.AppCompatEditText{f10eaab VFED..CL. .F.P..ID 119,552-959,660 #7f0900d5 app:id/et_password_input aid=1073741829} flags=0 reason=SHOW_SOFT_INPUT
10-20 00:58:16.888  1929  1929 I InlineSuggestionCandidateViewController: InlineSuggestionCandidateViewController.setInlineSuggestionCandidateImpl():1163 set  to inlineSuggestionTextView
10-20 00:58:16.892  1929  1929 I KeyboardWrapper: KeyboardWrapper.consumeEvent():287 Skip consuming an event as current keyboard is deactivated (state=0, keyboard existence=true)
10-20 00:58:16.892  1929  1929 I VoiceInputManagerWrapper: VoiceInputManagerWrapper.shutdown():76 shutdown()
10-20 00:58:16.893  1929  1929 I AndroidIME: AbstractIme.onDeactivate():207 LatinIme.onDeactivate()
10-20 00:58:16.894  1929  1929 I GoogleInputMethodService: GoogleInputMethodService.onFinishInput():3420
10-20 00:58:16.895  1929  1929 I GoogleInputMethodService: GoogleInputMethodService.onStartInput():2002
10-20 00:58:16.898  1929  1929 I DeviceUnlockedTag: DeviceUnlockedTag.notifyDeviceLockStatusChanged():31 Notify device unlocked.
10-20 00:58:16.899  1929  1929 I GoogleInputMethodService: GoogleInputMethodService.onStartInputView():2148
10-20 00:58:16.904  1929  1929 I DeviceUnlockedTag: DeviceUnlockedTag.notifyDeviceLockStatusChanged():31 Notify device unlocked.
10-20 00:58:16.927  1929  1929 I KeyboardViewUtil: KeyboardViewUtil.getKeyboardHeightRatio():166 systemKeyboardHeightRatio:1.000000; userKeyboardHeightRatio:1.000000.
10-20 00:58:16.928  1929  1929 I AndroidIME: AbstractIme.onActivate():86 PasswordIme.onActivate() : EditorInfo = inputType=Password imeActionName=DONE dump=[inputType=0x81 imeOptions=0x4000006 privateImeOptions=null actionLabel=null actionId=0 initialSelStart=0 initialSelEnd=0 initialCapsMode=0x0 hintText=password label=null packageName=com.example.cocktailsdbapp autofillId=1073741829 fieldId=2131296469 fieldName=null extras=Bundle[{android.support.text.emoji.emojiCompat_metadataVersion=8, android.support.text.emoji.emojiCompat_replaceAll=false}] hintLocales=null contentMimeTypes=null ], IncognitoMode = false, DeviceLocked = false
10-20 00:58:16.932  1929  1929 I KeyboardViewHelper: KeyboardViewHelper.getView():167 Get view with height ratio:1.000000
10-20 00:58:16.941  1929  1929 I KeyboardViewUtil: KeyboardViewUtil.calculateMaxKeyboardBodyHeight():62 leave 354 height for app when screen height:2274, header height:116 and isFullscreenMode:false, so the max keyboard body height is:1804
10-20 00:58:16.942  1929  1929 I InlineSuggestionCandidateViewController: InlineSuggestionCandidateViewController.setInlineSuggestionCandidateImpl():1163 set  to inlineSuggestionTextView
10-20 00:58:16.944  1929  1929 I KeyboardViewUtil: KeyboardViewUtil.calculateMaxKeyboardBodyHeight():62 leave 354 height for app when screen height:2274, header height:116 and isFullscreenMode:false, so the max keyboard body height is:1804
10-20 00:58:16.945  1929  1929 I NormalModeController: NormalModeController.getKeyboardBodyViewHolderPaddingBottom():109 currentPrimeKeyboardType:SOFT systemPaddingBottom:-1
10-20 00:58:16.946  1929  1929 I AndroidIME: KeyboardViewManager.updateKeyboardBodyViewHolderPaddingBottom():513 Set finalPaddingBottom = 0 while keyboardBottomGapFromScreen = 0; navigationHeight = 126
10-20 00:58:16.946  1929  1929 I NormalModeController: NormalModeController.getKeyboardBodyViewHolderPaddingBottom():109 currentPrimeKeyboardType:SOFT systemPaddingBottom:-1
10-20 00:58:16.947  1929  1929 I AndroidIME: KeyboardViewManager.updateKeyboardBodyViewHolderPaddingBottom():513 Set finalPaddingBottom = 0 while keyboardBottomGapFromScreen = 0; navigationHeight = 126
10-20 00:58:16.952  1929  1929 I ProactiveSuggestionsHolderManager: ProactiveSuggestionsHolderManager$3.display():213 Requesting to show proactive suggestions: CLIPBOARD PREEMPTIVE_WITH_SUPPRESSION
10-20 00:58:16.955  1929  1929 I CurrentMicStatusHolder: CurrentMicStatusHolder.onStartInputView():79 Current Mic status = {MicIconHidden-SettingOff,MicIconHidden-PasswordOrNumberOrDateInputType,}
10-20 00:58:16.955  1929  1929 I VoiceImeExtension: VoiceImeExtension.shouldStartVoiceInputAutomatically():354 No private IME option set to start voice input.
10-20 00:58:16.960  1545  1545 D InsetsController: show(ime(), fromIme=true)
10-20 00:58:16.965  7442  7442 D BoundBrokerSvc: onBind: Intent { act=com.google.android.gms.common.BIND_SHARED_PREFS pkg=com.google.android.gms }
10-20 00:58:16.965  7442  7442 D BoundBrokerSvc: Loading bound service for intent: Intent { act=com.google.android.gms.common.BIND_SHARED_PREFS pkg=com.google.android.gms }
10-20 00:58:16.974  7442  7442 D BoundBrokerSvc: onUnbind: Intent { act=com.google.android.gms.common.BIND_SHARED_PREFS pkg=com.google.android.gms }
10-20 00:58:16.983  1545  1545 D InsetsController: show(ime(), fromIme=true)
10-20 00:58:17.000  7442  7442 D BoundBrokerSvc: onBind: Intent { act=com.google.android.gms.common.BIND_SHARED_PREFS pkg=com.google.android.gms }
10-20 00:58:17.000  7442  7442 D BoundBrokerSvc: Loading bound service for intent: Intent { act=com.google.android.gms.common.BIND_SHARED_PREFS pkg=com.google.android.gms }
10-20 00:58:17.013  7442  7442 D BoundBrokerSvc: onUnbind: Intent { act=com.google.android.gms.common.BIND_SHARED_PREFS pkg=com.google.android.gms }
10-20 00:58:17.143  1545  1545 D UiControllerImpl: Injecting string: "pppppppppppppppppppppppppppppp"
10-20 00:58:17.181   372 13548 D goldfish-address-space: claimShared: Ask to claim region [0x3ebc1d000 0x3ebc6a000]
10-20 00:58:17.186   372 13548 D goldfish-address-space: claimShared: Ask to claim region [0x3ebc6a000 0x3ebcb7000]
10-20 00:58:17.195   372 13548 D goldfish-address-space: claimShared: Ask to claim region [0x3ebcb7000 0x3ebd04000]
10-20 00:58:17.225  1929  1929 I KeyboardViewController: KeyboardViewController.lambda$showSelfAndAncestors$6():594 current view doesn't has the priority android.widget.LinearLayout{a3fff2a I.E...... .......D 0,0-1080,116 #7f0b03ac app:id/key_pos_password_header_numbers} to show itself, DEFAULT
10-20 00:58:17.268  1929  1929 I KeyboardViewController: KeyboardViewController.lambda$showSelfAndAncestors$6():594 current view doesn't has the priority android.widget.LinearLayout{a3fff2a I.E...... .......D 0,0-1080,116 #7f0b03ac app:id/key_pos_password_header_numbers} to show itself, DEFAULT
10-20 00:58:17.294   582  1320 W InputManager-JNI: Input channel object 'c6e9662 PopupWindow:b93bb99 (client)' was disposed without first being removed with the input manager!
10-20 00:58:17.316  1929  1929 I KeyboardViewController: KeyboardViewController.lambda$showSelfAndAncestors$6():594 current view doesn't has the priority android.widget.LinearLayout{a3fff2a I.E...... .......D 0,0-1080,116 #7f0b03ac app:id/key_pos_password_header_numbers} to show itself, DEFAULT
10-20 00:58:17.350  1929  1929 I KeyboardViewController: KeyboardViewController.lambda$showSelfAndAncestors$6():594 current view doesn't has the priority android.widget.LinearLayout{a3fff2a I.E...... .......D 0,0-1080,116 #7f0b03ac app:id/key_pos_password_header_numbers} to show itself, DEFAULT
10-20 00:58:17.383  1929  1929 I KeyboardViewController: KeyboardViewController.lambda$showSelfAndAncestors$6():594 current view doesn't has the priority android.widget.LinearLayout{a3fff2a I.E...... .......D 0,0-1080,116 #7f0b03ac app:id/key_pos_password_header_numbers} to show itself, DEFAULT
10-20 00:58:17.416  1929  1929 I KeyboardViewController: KeyboardViewController.lambda$showSelfAndAncestors$6():594 current view doesn't has the priority android.widget.LinearLayout{a3fff2a I.E...... .......D 0,0-1080,116 #7f0b03ac app:id/key_pos_password_header_numbers} to show itself, DEFAULT
10-20 00:58:17.449  1929  1929 I KeyboardViewController: KeyboardViewController.lambda$showSelfAndAncestors$6():594 current view doesn't has the priority android.widget.LinearLayout{a3fff2a I.E...... .......D 0,0-1080,116 #7f0b03ac app:id/key_pos_password_header_numbers} to show itself, DEFAULT
10-20 00:58:17.481  1929  1929 I KeyboardViewController: KeyboardViewController.lambda$showSelfAndAncestors$6():594 current view doesn't has the priority android.widget.LinearLayout{a3fff2a I.E...... .......D 0,0-1080,116 #7f0b03ac app:id/key_pos_password_header_numbers} to show itself, DEFAULT
10-20 00:58:17.518  1929  1929 I KeyboardViewController: KeyboardViewController.lambda$showSelfAndAncestors$6():594 current view doesn't has the priority android.widget.LinearLayout{a3fff2a I.E...... .......D 0,0-1080,116 #7f0b03ac app:id/key_pos_password_header_numbers} to show itself, DEFAULT
10-20 00:58:17.551  1929  1929 I KeyboardViewController: KeyboardViewController.lambda$showSelfAndAncestors$6():594 current view doesn't has the priority android.widget.LinearLayout{a3fff2a I.E...... .......D 0,0-1080,116 #7f0b03ac app:id/key_pos_password_header_numbers} to show itself, DEFAULT
10-20 00:58:17.580  1929  1929 I KeyboardViewController: KeyboardViewController.lambda$showSelfAndAncestors$6():594 current view doesn't has the priority android.widget.LinearLayout{a3fff2a I.E...... .......D 0,0-1080,116 #7f0b03ac app:id/key_pos_password_header_numbers} to show itself, DEFAULT
10-20 00:58:17.604  1929  1929 I KeyboardViewController: KeyboardViewController.lambda$showSelfAndAncestors$6():594 current view doesn't has the priority android.widget.LinearLayout{a3fff2a I.E...... .......D 0,0-1080,116 #7f0b03ac app:id/key_pos_password_header_numbers} to show itself, DEFAULT
10-20 00:58:17.631  1929  1929 I KeyboardViewController: KeyboardViewController.lambda$showSelfAndAncestors$6():594 current view doesn't has the priority android.widget.LinearLayout{a3fff2a I.E...... .......D 0,0-1080,116 #7f0b03ac app:id/key_pos_password_header_numbers} to show itself, DEFAULT
10-20 00:58:17.650  1929  1929 I KeyboardViewController: KeyboardViewController.lambda$showSelfAndAncestors$6():594 current view doesn't has the priority android.widget.LinearLayout{a3fff2a I.E...... .......D 0,0-1080,116 #7f0b03ac app:id/key_pos_password_header_numbers} to show itself, DEFAULT
10-20 00:58:17.680  1929  1929 I KeyboardViewController: KeyboardViewController.lambda$showSelfAndAncestors$6():594 current view doesn't has the priority android.widget.LinearLayout{a3fff2a I.E...... .......D 0,0-1080,116 #7f0b03ac app:id/key_pos_password_header_numbers} to show itself, DEFAULT
10-20 00:58:17.700  1929  1929 I KeyboardViewController: KeyboardViewController.lambda$showSelfAndAncestors$6():594 current view doesn't has the priority android.widget.LinearLayout{a3fff2a I.E...... .......D 0,0-1080,116 #7f0b03ac app:id/key_pos_password_header_numbers} to show itself, DEFAULT
10-20 00:58:17.732  1545  1579 D EGL_emulation: app_time_stats: avg=39.07ms min=10.20ms max=241.55ms count=26
10-20 00:58:17.734  1929  1929 I KeyboardViewController: KeyboardViewController.lambda$showSelfAndAncestors$6():594 current view doesn't has the priority android.widget.LinearLayout{a3fff2a I.E...... .......D 0,0-1080,116 #7f0b03ac app:id/key_pos_password_header_numbers} to show itself, DEFAULT
10-20 00:58:17.764  1929  1929 I KeyboardViewController: KeyboardViewController.lambda$showSelfAndAncestors$6():594 current view doesn't has the priority android.widget.LinearLayout{a3fff2a I.E...... .......D 0,0-1080,116 #7f0b03ac app:id/key_pos_password_header_numbers} to show itself, DEFAULT
10-20 00:58:17.798  1929  1929 I KeyboardViewController: KeyboardViewController.lambda$showSelfAndAncestors$6():594 current view doesn't has the priority android.widget.LinearLayout{a3fff2a I.E...... .......D 0,0-1080,116 #7f0b03ac app:id/key_pos_password_header_numbers} to show itself, DEFAULT
10-20 00:58:17.831  1929  1929 I KeyboardViewController: KeyboardViewController.lambda$showSelfAndAncestors$6():594 current view doesn't has the priority android.widget.LinearLayout{a3fff2a I.E...... .......D 0,0-1080,116 #7f0b03ac app:id/key_pos_password_header_numbers} to show itself, DEFAULT
10-20 00:58:17.863  1929  1929 I KeyboardViewController: KeyboardViewController.lambda$showSelfAndAncestors$6():594 current view doesn't has the priority android.widget.LinearLayout{a3fff2a I.E...... .......D 0,0-1080,116 #7f0b03ac app:id/key_pos_password_header_numbers} to show itself, DEFAULT
10-20 00:58:17.882  1929  1929 I KeyboardViewController: KeyboardViewController.lambda$showSelfAndAncestors$6():594 current view doesn't has the priority android.widget.LinearLayout{a3fff2a I.E...... .......D 0,0-1080,116 #7f0b03ac app:id/key_pos_password_header_numbers} to show itself, DEFAULT
10-20 00:58:17.912  1929  1929 I KeyboardViewController: KeyboardViewController.lambda$showSelfAndAncestors$6():594 current view doesn't has the priority android.widget.LinearLayout{a3fff2a I.E...... .......D 0,0-1080,116 #7f0b03ac app:id/key_pos_password_header_numbers} to show itself, DEFAULT
10-20 00:58:17.932  1929  1929 I KeyboardViewController: KeyboardViewController.lambda$showSelfAndAncestors$6():594 current view doesn't has the priority android.widget.LinearLayout{a3fff2a I.E...... .......D 0,0-1080,116 #7f0b03ac app:id/key_pos_password_header_numbers} to show itself, DEFAULT
10-20 00:58:17.965  1929  1929 I KeyboardViewController: KeyboardViewController.lambda$showSelfAndAncestors$6():594 current view doesn't has the priority android.widget.LinearLayout{a3fff2a I.E...... .......D 0,0-1080,116 #7f0b03ac app:id/key_pos_password_header_numbers} to show itself, DEFAULT
10-20 00:58:17.999  1929  1929 I KeyboardViewController: KeyboardViewController.lambda$showSelfAndAncestors$6():594 current view doesn't has the priority android.widget.LinearLayout{a3fff2a I.E...... .......D 0,0-1080,116 #7f0b03ac app:id/key_pos_password_header_numbers} to show itself, DEFAULT
10-20 00:58:18.030  1929  1929 I KeyboardViewController: KeyboardViewController.lambda$showSelfAndAncestors$6():594 current view doesn't has the priority android.widget.LinearLayout{a3fff2a I.E...... .......D 0,0-1080,116 #7f0b03ac app:id/key_pos_password_header_numbers} to show itself, DEFAULT
10-20 00:58:18.065  1929  1929 I KeyboardViewController: KeyboardViewController.lambda$showSelfAndAncestors$6():594 current view doesn't has the priority android.widget.LinearLayout{a3fff2a I.E...... .......D 0,0-1080,116 #7f0b03ac app:id/key_pos_password_header_numbers} to show itself, DEFAULT
10-20 00:58:18.096  1929  1929 I KeyboardViewController: KeyboardViewController.lambda$showSelfAndAncestors$6():594 current view doesn't has the priority android.widget.LinearLayout{a3fff2a I.E...... .......D 0,0-1080,116 #7f0b03ac app:id/key_pos_password_header_numbers} to show itself, DEFAULT
10-20 00:58:18.116  1929  1929 I KeyboardViewController: KeyboardViewController.lambda$showSelfAndAncestors$6():594 current view doesn't has the priority android.widget.LinearLayout{a3fff2a I.E...... .......D 0,0-1080,116 #7f0b03ac app:id/key_pos_password_header_numbers} to show itself, DEFAULT
10-20 00:58:18.121  1545  1545 I ViewInteraction: Checking 'MatchesViewAssertion{viewMatcher=an instance of android.widget.TextView and view.getText() with or without transformation to match: is "AAAAAAAAAAAAAAAAAAAAAAAAAAAAAA"}' assertion on view view.getId() is <2131296468/com.example.cocktailsdbapp:id/et_name_input>
10-20 00:58:18.128  1545  1545 I ViewInteraction: Checking 'MatchesViewAssertion{viewMatcher=an instance of android.widget.TextView and view.getText() with or without transformation to match: is "aaaaaaaaaaaaaaaaaaaa@example.com"}' assertion on view view.getId() is <2131296467/com.example.cocktailsdbapp:id/et_email_input>
10-20 00:58:18.131  1545  1545 I ViewInteraction: Checking 'MatchesViewAssertion{viewMatcher=an instance of android.widget.TextView and view.getText() with or without transformation to match: is "pppppppppppppppppppppppppppppp"}' assertion on view view.getId() is <2131296469/com.example.cocktailsdbapp:id/et_password_input>
10-20 00:58:18.148  1186  1240 D SplashScreenView: Build android.window.SplashScreenView{54ad708 V.E...... ......ID 0,0-0,0}
10-20 00:58:18.148  1186  1240 D SplashScreenView: Icon: view: null drawable: null size: 0
10-20 00:58:18.148  1186  1240 D SplashScreenView: Branding: view: android.view.View{6922ea1 G.ED..... ......I. 0,0-0,0 #10204a6 android:id/splashscreen_branding_view} drawable: null size w: 0 h: 0
10-20 00:58:18.159  1545  1545 D LifecycleMonitor: Lifecycle status change: com.example.cocktailsdbapp.MainActivity@eb1ad48 in: PAUSED
10-20 00:58:18.160  1545  1545 V ActivityScenario: Update currentActivityStage to PAUSED, currentActivity=com.example.cocktailsdbapp.MainActivity@eb1ad48
10-20 00:58:18.170   372 13548 D goldfish-address-space: claimShared: Ask to claim region [0x3ee790000 0x3ef131000]
10-20 00:58:18.201   372 13548 D goldfish-address-space: claimShared: Ask to claim region [0x3ec9e4000 0x3ed3c8000]
10-20 00:58:18.212   372 13548 D goldfish-address-space: claimShared: Ask to claim region [0x3f0000000 0x3f09e4000]
10-20 00:58:18.217   372 13548 D goldfish-address-space: claimShared: Ask to claim region [0x3f168c000 0x3f2070000]
10-20 00:58:18.227   372 13548 D goldfish-address-space: claimShared: Ask to claim region [0x3f2070000 0x3f26c4000]
10-20 00:58:18.261  1186  1256 D EGL_emulation: app_time_stats: avg=736.54ms min=13.27ms max=6498.67ms count=9
10-20 00:58:18.283   372 13548 D goldfish-address-space: claimShared: Ask to claim region [0x3f26c4000 0x3f30a8000]
10-20 00:58:18.293   372 13548 D goldfish-address-space: claimShared: Ask to claim region [0x3ea3bd000 0x3eada1000]
10-20 00:58:18.297   372 13548 D goldfish-address-space: claimShared: Ask to claim region [0x3f30a8000 0x3f3a8c000]
10-20 00:58:18.317  1545  1545 D LifecycleMonitor: Lifecycle status change: com.example.cocktailsdbapp.MainActivity@eb1ad48 in: STOPPED
10-20 00:58:18.317   372 13548 D goldfish-address-space: claimShared: Ask to claim region [0x3f6681000 0x3f6cd5000]
10-20 00:58:18.318  1545  1545 V ActivityScenario: Update currentActivityStage to STOPPED, currentActivity=com.example.cocktailsdbapp.MainActivity@eb1ad48
10-20 00:58:18.328  1545  1545 D AutofillManager: onActivityFinishing(): calling cancelLocked()
10-20 00:58:18.372  1545  1545 D LifecycleMonitor: Lifecycle status change: com.example.cocktailsdbapp.MainActivity@eb1ad48 in: DESTROYED
10-20 00:58:18.380  1545  1545 V ActivityScenario: Update currentActivityStage to DESTROYED, currentActivity=null
10-20 00:58:18.393   372 13548 D goldfish-address-space: claimShared: Ask to claim region [0x3eddac000 0x3ee74d000]
10-20 00:58:18.409   372 13548 D goldfish-address-space: claimShared: Ask to claim region [0x3f0000000 0x3f09e4000]
10-20 00:58:18.414   372 13548 D goldfish-address-space: claimShared: Ask to claim region [0x3f168c000 0x3f2070000]
10-20 00:58:18.418   372 13548 D goldfish-address-space: claimShared: Ask to claim region [0x3f4000000 0x3f49e4000]
10-20 00:58:18.471  2441  2781 I OpenGLRenderer: Davey! duration=13991ms; Flags=1, FrameTimelineVsyncId=221402, IntendedVsync=30871400737896, Vsync=30871400737896, InputEventId=0, HandleInputStart=30871403324866, AnimationStart=30871403325280, PerformTraversalsStart=30871403325513, DrawStart=30871467475786, FrameDeadline=30871434071228, FrameInterval=30871403323269, FrameStartTime=16666666, SyncQueued=30871467563284, SyncStart=30871469727026, IssueDrawCommandsStart=30871469862743, SwapBuffers=30871470307791, FrameCompleted=30885394269377, DequeueBufferDuration=687463, QueueBufferDuration=2157313, GpuCompleted=30885394269377, SwapBuffersCompleted=30871474476773, DisplayPresentTime=0,
10-20 00:58:18.477   582  2204 W InputManager-JNI: Input channel object '4fdade0 Splash Screen com.example.cocktailsdbapp.test (client)' was disposed without first being removed with the input manager!
10-20 00:58:18.485  2153  2153 I GsaVoiceInteractionSrv: Handling ACTION_START_HOTWORD
10-20 00:58:18.486  2153  2153 I GsaVoiceInteractionSrv: disregardVoiceMatch: false
10-20 00:58:18.486  2153  2153 I GsaVoiceInteractionSrv: Cannot start hotword, hotword has been explicitly disabled.
10-20 00:58:18.491   582  2375 W InputManager-JNI: Input channel object '1371651 com.example.cocktailsdbapp/com.example.cocktailsdbapp.MainActivity (client)' was disposed without first being removed with the input manager!
10-20 00:58:18.501  1545  1569 I TestRunner: finished: testRegistrationWithLongInputs(com.example.cocktailsdbapp.ui.authorization.RegistrationFragmentTest)
