10-20 00:59:02.684  1545  1569 I TestRunner: started: testCocktailsRecyclerViewIsScrollable(com.example.cocktailsdbapp.ui.cocktails.CocktailsFragmentTest)
10-20 00:59:02.689   372   372 D goldfish-address-space: claimShared: Ask to claim region [0x3f5a1c000 0x3f6400000]
10-20 00:59:02.706   372   372 D goldfish-address-space: claimShared: Ask to claim region [0x3f6400000 0x3f6de4000]
10-20 00:59:02.710   372 13548 D goldfish-address-space: claimShared: Ask to claim region [0x3f6de4000 0x3f77c8000]
10-20 00:59:02.731  1545  1569 W Settings: Setting always_finish_activities has moved from android.provider.Settings.System to android.provider.Settings.Global, returning read-only value.
10-20 00:59:02.777  1929  1929 I GoogleInputMethodService: GoogleInputMethodService.onFinishInputView():2365
10-20 00:59:02.803  1929  1929 I InlineSuggestionCandidateViewController: InlineSuggestionCandidateViewController.setInlineSuggestionCandidateImpl():1163 set  to inlineSuggestionTextView
10-20 00:59:02.813  1929  1929 I KeyboardWrapper: KeyboardWrapper.consumeEvent():287 Skip consuming an event as current keyboard is deactivated (state=0, keyboard existence=true)
10-20 00:59:02.814  1929  1929 I VoiceInputManagerWrapper: VoiceInputManagerWrapper.shutdown():76 shutdown()
10-20 00:59:02.814  1929  1929 I AndroidIME: AbstractIme.onDeactivate():207 LatinIme.onDeactivate()
10-20 00:59:02.828  1929  1929 I GoogleInputMethodService: GoogleInputMethodService.onFinishInput():3420
10-20 00:59:02.828  1929  1929 I GoogleInputMethodService: GoogleInputMethodService.onStartInput():2002
10-20 00:59:02.829  1929  1929 I DeviceUnlockedTag: DeviceUnlockedTag.notifyDeviceLockStatusChanged():31 Notify device unlocked.
10-20 00:59:02.835  1186  1256 D EGL_emulation: app_time_stats: avg=107.27ms min=10.16ms max=1659.71ms count=18
10-20 00:59:02.863  1186  1240 D SplashScreenView: Build android.window.SplashScreenView{c9f433b V.E...... ......ID 0,0-0,0}
10-20 00:59:02.863  1186  1240 D SplashScreenView: Icon: view: null drawable: null size: 0
10-20 00:59:02.863  1186  1240 D SplashScreenView: Branding: view: android.view.View{edca58 G.ED..... ......I. 0,0-0,0 #10204a6 android:id/splashscreen_branding_view} drawable: null size w: 0 h: 0
10-20 00:59:02.898  1929  2403 D EGL_emulation: app_time_stats: avg=106.10ms min=9.02ms max=1218.77ms count=19
10-20 00:59:02.977  1545  1545 D LifecycleMonitor: Lifecycle status change: com.example.cocktailsdbapp.MainActivity@50cf52b in: PRE_ON_CREATE
10-20 00:59:02.977  1545  1545 V ActivityScenario: Activity lifecycle changed event received but ignored because the reported transition was not ON_CREATE while the last known transition was PRE_ON_CREATE
10-20 00:59:02.998   372 13548 D goldfish-address-space: claimShared: Ask to claim region [0x3ee790000 0x3ef174000]
10-20 00:59:03.004   372 13548 D goldfish-address-space: claimShared: Ask to claim region [0x3f1038000 0x3f1a1c000]
10-20 00:59:03.014  2153  2153 I GsaVoiceInteractionSrv: Handling ACTION_STOP_HOTWORD
10-20 00:59:03.014  2153  2153 E HwDetectorWithState: a: 3
10-20 00:59:03.021   372 13548 D goldfish-address-space: claimShared: Ask to claim region [0x3fb371000 0x3fbd55000]
10-20 00:59:03.071  1186  1197 I ndroid.systemu: NativeAlloc concurrent copying GC freed 27420(1219KB) AllocSpace objects, 0(0B) LOS objects, 49% free, 10MB/20MB, paused 1.900ms,20us total 436.926ms
10-20 00:59:03.163  1545  1545 D LifecycleMonitor: Lifecycle status change: com.example.cocktailsdbapp.MainActivity@50cf52b in: CREATED
10-20 00:59:03.163  1545  1545 V ActivityScenario: Update currentActivityStage to CREATED, currentActivity=com.example.cocktailsdbapp.MainActivity@50cf52b
10-20 00:59:03.167  1545  1545 D LifecycleMonitor: Lifecycle status change: com.example.cocktailsdbapp.MainActivity@50cf52b in: STARTED
10-20 00:59:03.168  1545  1545 V ActivityScenario: Update currentActivityStage to STARTED, currentActivity=com.example.cocktailsdbapp.MainActivity@50cf52b
10-20 00:59:03.170  1545  1545 D LifecycleMonitor: Lifecycle status change: com.example.cocktailsdbapp.MainActivity@50cf52b in: RESUMED
10-20 00:59:03.170  1545  1545 V ActivityScenario: Update currentActivityStage to RESUMED, currentActivity=com.example.cocktailsdbapp.MainActivity@50cf52b
10-20 00:59:03.214   372 13548 D goldfish-address-space: claimShared: Ask to claim region [0x3f8000000 0x3f89e4000]
10-20 00:59:03.218   372 13548 D goldfish-address-space: claimShared: Ask to claim region [0x3f89e4000 0x3f93c8000]
10-20 00:59:03.220   372 13548 D goldfish-address-space: claimShared: Ask to claim region [0x3f93c8000 0x3f9dac000]
10-20 00:59:03.277   582   637 I ActivityTaskManager: Displayed com.example.cocktailsdbapp/.MainActivity: +451ms
10-20 00:59:03.327  1929  1929 I GoogleInputMethodService: GoogleInputMethodService.onFinishInput():3420
10-20 00:59:03.328  1929  1929 I GoogleInputMethodService: GoogleInputMethodService.onStartInput():2002
10-20 00:59:03.330  1929  1929 I DeviceUnlockedTag: DeviceUnlockedTag.notifyDeviceLockStatusChanged():31 Notify device unlocked.
10-20 00:59:03.367   582  2229 W InputManager-JNI: Input channel object 'fbcb47e com.example.cocktailsdbapp.test/androidx.test.core.app.InstrumentationActivityInvoker$EmptyActivity (client)' was disposed without first being removed with the input manager!
10-20 00:59:03.386  1545  1545 I ViewInteraction: Performing 'single click' action on view view.getId() is <2131296378/com.example.cocktailsdbapp:id/bt_register>
10-20 00:59:03.576   582  2255 W InputManager-JNI: Input channel object 'bdd69d5 Splash Screen com.example.cocktailsdbapp (client)' was disposed without first being removed with the input manager!
10-20 00:59:03.742  1186  1256 D EGL_emulation: app_time_stats: avg=180.89ms min=10.27ms max=1102.53ms count=7
10-20 00:59:03.844  1186  1256 D EGL_emulation: app_time_stats: avg=61.94ms min=4.06ms max=668.84ms count=16
10-20 00:59:04.801  1545  1545 I ViewInteraction: Performing 'replace text()' action on view view.getId() is <2131296468/com.example.cocktailsdbapp:id/et_name_input>
10-20 00:59:04.825  1545  1545 I ViewInteraction: Performing 'type text(Cocktails Test User)' action on view view.getId() is <2131296468/com.example.cocktailsdbapp:id/et_name_input>
10-20 00:59:04.826  1545  1579 D EGL_emulation: app_time_stats: avg=88.34ms min=2.81ms max=1184.27ms count=16
10-20 00:59:04.878  1929  1929 I GoogleInputMethodService: GoogleInputMethodService.onFinishInput():3420
10-20 00:59:04.880  1545  1545 D InputMethodManager: showSoftInput() view=androidx.appcompat.widget.AppCompatEditText{9a9bf5c VFED..CL. .F.P..ID 119,284-959,392 #7f0900d4 app:id/et_name_input aid=1073741827} flags=0 reason=SHOW_SOFT_INPUT
10-20 00:59:04.883  1929  1929 I GoogleInputMethodService: GoogleInputMethodService.onStartInput():2002
10-20 00:59:04.884  1929  1929 I DeviceUnlockedTag: DeviceUnlockedTag.notifyDeviceLockStatusChanged():31 Notify device unlocked.
10-20 00:59:04.886  1929  1929 I GoogleInputMethodService: GoogleInputMethodService.onStartInputView():2148
10-20 00:59:04.892  1545  1545 I AssistStructure: Flattened final assist data: 2988 bytes, containing 1 windows, 17 views
10-20 00:59:04.893  1929  1929 I DeviceUnlockedTag: DeviceUnlockedTag.notifyDeviceLockStatusChanged():31 Notify device unlocked.
10-20 00:59:04.895  1929  1929 I KeyboardViewUtil: KeyboardViewUtil.getKeyboardHeightRatio():166 systemKeyboardHeightRatio:1.000000; userKeyboardHeightRatio:1.000000.
10-20 00:59:04.895  1929  1929 I AndroidIME: AbstractIme.onActivate():86 LatinIme.onActivate() : EditorInfo = inputType=Text imeActionName=NEXT dump=[inputType=0x61 imeOptions=0x8000005 privateImeOptions=null actionLabel=null actionId=0 initialSelStart=0 initialSelEnd=0 initialCapsMode=0x0 hintText=name label=null packageName=com.example.cocktailsdbapp autofillId=1073741827 fieldId=2131296468 fieldName=null extras=Bundle[{android.support.text.emoji.emojiCompat_metadataVersion=8, android.support.text.emoji.emojiCompat_replaceAll=false}] hintLocales=null contentMimeTypes=null ], IncognitoMode = false, DeviceLocked = false
10-20 00:59:04.896  1929  1929 I Delight5Facilitator: Delight5Facilitator.initializeForIme():718 initializeForIme() : Locale = [en_US], layout = qwerty
10-20 00:59:04.897  1929  1929 I VoiceInputManagerWrapper: VoiceInputManagerWrapper.cancelShutdown():54 cancelShutdown()
10-20 00:59:04.897  1929  1929 I VoiceInputManagerWrapper: VoiceInputManagerWrapper.syncLanguagePacks():66 syncLanguagePacks()
10-20 00:59:04.898  1929 13454 I SpeechFactory: SpeechRecognitionFactory.maybeScheduleAutoPackDownloadForFallback():182 maybeScheduleAutoPackDownloadForFallback()
10-20 00:59:04.898  1929 13454 I FallbackOnDeviceRecognitionProvider: FallbackOnDeviceRecognitionProvider.maybeScheduleAutoPackDownload():194 maybeScheduleAutoPackDownload() for language tag en-US
10-20 00:59:04.900  1929  1929 I LatinIme: LatinIme.updateEnableInlineSuggestionsOnDecoderSideFlags():1293 inline flag updated to:false
10-20 00:59:04.909  1929  1929 I KeyboardWrapper: KeyboardWrapper.consumeEvent():287 Skip consuming an event as current keyboard is deactivated (state=0, keyboard existence=true)
10-20 00:59:04.931  1929  1929 I KeyboardViewUtil: KeyboardViewUtil.calculateMaxKeyboardBodyHeight():62 leave 354 height for app when screen height:2274, header height:116 and isFullscreenMode:false, so the max keyboard body height is:1804
10-20 00:59:04.933  7378  7378 W svc     : Pending fill request while another request in the same session was triggered. [CONTEXT service_id=177 ]
10-20 00:59:04.936  1929  1929 I NormalModeController: NormalModeController.getKeyboardBodyViewHolderPaddingBottom():109 currentPrimeKeyboardType:SOFT systemPaddingBottom:-1
10-20 00:59:04.937  1929  2492 I Delight5Decoder: Delight5DecoderWrapper.setKeyboardLayout():434 setKeyboardLayout()
10-20 00:59:04.937  1929  1929 I KeyboardViewUtil: KeyboardViewUtil.calculateMaxKeyboardBodyHeight():62 leave 354 height for app when screen height:2274, header height:116 and isFullscreenMode:false, so the max keyboard body height is:1804
10-20 00:59:04.940  1929  1929 I NormalModeController: NormalModeController.getKeyboardBodyViewHolderPaddingBottom():109 currentPrimeKeyboardType:SOFT systemPaddingBottom:-1
10-20 00:59:04.940  1929  1929 I AndroidIME: KeyboardViewManager.updateKeyboardBodyViewHolderPaddingBottom():513 Set finalPaddingBottom = 0 while keyboardBottomGapFromScreen = 0; navigationHeight = 126
10-20 00:59:04.940  1929  1929 I NormalModeController: NormalModeController.getKeyboardBodyViewHolderPaddingBottom():109 currentPrimeKeyboardType:SOFT systemPaddingBottom:-1
10-20 00:59:04.943  1929  1929 I AndroidIME: KeyboardViewManager.updateKeyboardBodyViewHolderPaddingBottom():513 Set finalPaddingBottom = 0 while keyboardBottomGapFromScreen = 0; navigationHeight = 126
10-20 00:59:04.945  1957  1957 V InlineSuggestionRenderService: handleDestroySuggestionViews called for 0:1409611100
10-20 00:59:04.950  1929  1929 I ProactiveSuggestionsHolderManager: ProactiveSuggestionsHolderManager$3.display():213 Requesting to show proactive suggestions: CLIPBOARD PREEMPTIVE_WITH_SUPPRESSION
10-20 00:59:04.955  1929  1929 I VoiceImeExtension: VoiceImeExtension.shouldStartVoiceInputAutomatically():354 No private IME option set to start voice input.
10-20 00:59:04.963  1545  1545 D InsetsController: show(ime(), fromIme=true)
10-20 00:59:04.966  7442  7442 D BoundBrokerSvc: onBind: Intent { act=com.google.android.gms.common.BIND_SHARED_PREFS pkg=com.google.android.gms }
10-20 00:59:04.966  7442  7442 D BoundBrokerSvc: Loading bound service for intent: Intent { act=com.google.android.gms.common.BIND_SHARED_PREFS pkg=com.google.android.gms }
10-20 00:59:04.982  7442  7442 D BoundBrokerSvc: onUnbind: Intent { act=com.google.android.gms.common.BIND_SHARED_PREFS pkg=com.google.android.gms }
10-20 00:59:04.994  1186  1256 D EGL_emulation: app_time_stats: avg=287.58ms min=15.06ms max=1100.34ms count=4
10-20 00:59:04.998  1929  2403 D EGL_emulation: app_time_stats: avg=2099.95ms min=2099.95ms max=2099.95ms count=1
10-20 00:59:05.022  7442  7442 D BoundBrokerSvc: onBind: Intent { act=com.google.android.gms.common.BIND_SHARED_PREFS pkg=com.google.android.gms }
10-20 00:59:05.023  7442  7442 D BoundBrokerSvc: Loading bound service for intent: Intent { act=com.google.android.gms.common.BIND_SHARED_PREFS pkg=com.google.android.gms }
10-20 00:59:05.033  7442  7442 D BoundBrokerSvc: onUnbind: Intent { act=com.google.android.gms.common.BIND_SHARED_PREFS pkg=com.google.android.gms }
10-20 00:59:05.129  1545  1545 D UiControllerImpl: Injecting string: "Cocktails Test User"
10-20 00:59:05.198  1929  1929 I InlineSuggestionCandidateViewController: InlineSuggestionCandidateViewController.textCandidatesUpdated():621 Not showing inline suggestion tooltip v2; has candidates
10-20 00:59:05.202  1929  1929 I KeyboardViewController: KeyboardViewController.lambda$showSelfAndAncestors$6():594 current view doesn't has the priority com.google.android.apps.inputmethod.latin.keyboard.widget.LatinFixedCountCandidatesHolderView{1ea64fd I.E...... ......ID 95,0-975,116 #7f0b145f app:id/softkey_holder_fixed_candidates} to show itself, PREEMPTIVE
10-20 00:59:05.244  1929  1929 I InlineSuggestionCandidateViewController: InlineSuggestionCandidateViewController.textCandidatesUpdated():621 Not showing inline suggestion tooltip v2; has candidates
10-20 00:59:05.246  1929  1929 I KeyboardViewController: KeyboardViewController.lambda$showSelfAndAncestors$6():594 current view doesn't has the priority com.google.android.apps.inputmethod.latin.keyboard.widget.LatinFixedCountCandidatesHolderView{1ea64fd I.E...... ......ID 95,0-975,116 #7f0b145f app:id/softkey_holder_fixed_candidates} to show itself, PREEMPTIVE
10-20 00:59:05.309  1929  1929 W InputContextProxy: InputContextProxy.applyClientDiffInternal():892 Ignore [FetchSuggestions] diff due to stale request: 12874<12875, inputStateId=12290, lastInputStateId=12291
10-20 00:59:05.343  1929  2492 I native  : I1020 00:59:05.342945    2492 input-context-store.cc:238] Ignoring stale client request for FetchSuggestions
10-20 00:59:05.365  1929  2492 I native  : I1020 00:59:05.365863    2492 input-context-store.cc:238] Ignoring stale client request for FetchSuggestions
10-20 00:59:05.367  1929  1929 W InputContextProxy: InputContextProxy.applyClientDiffInternal():892 Ignore [FetchSuggestions] diff due to stale request: 12876<12880, inputStateId=12292, lastInputStateId=12293
10-20 00:59:05.368  1929  1929 W InputContextProxy: InputContextProxy.applyClientDiffInternal():892 Ignore [FetchSuggestions] diff due to stale request: 12878<12880, inputStateId=12293, lastInputStateId=12293
10-20 00:59:05.401  1929  1929 W InputContextProxy: InputContextProxy.applyClientDiffInternal():892 Ignore [FetchSuggestions] diff due to stale request: 12880<12882, inputStateId=12294, lastInputStateId=12295
10-20 00:59:05.434  1929  1929 W InputContextProxy: InputContextProxy.applyClientDiffInternal():892 Ignore [FetchSuggestions] diff due to stale request: 12882<12883, inputStateId=12296, lastInputStateId=12297
10-20 00:59:05.467  1929  1929 W InputContextProxy: InputContextProxy.applyClientDiffInternal():892 Ignore [FetchSuggestions] diff due to stale request: 12884<12885, inputStateId=12298, lastInputStateId=12299
10-20 00:59:05.500  1929  1929 I InlineSuggestionCandidateViewController: InlineSuggestionCandidateViewController.textCandidatesUpdated():621 Not showing inline suggestion tooltip v2; has candidates
10-20 00:59:05.503  1929  1929 I KeyboardViewController: KeyboardViewController.lambda$showSelfAndAncestors$6():594 current view doesn't has the priority com.google.android.apps.inputmethod.latin.keyboard.widget.LatinFixedCountCandidatesHolderView{1ea64fd I.E...... ......ID 95,0-975,116 #7f0b145f app:id/softkey_holder_fixed_candidates} to show itself, PREEMPTIVE
10-20 00:59:05.513  1929  2492 I native  : I1020 00:59:05.512910    2492 input-context-store.cc:178] Using roll back input context for operation: [FetchSuggestions] rolled back operation: [OverrideDecodedCandidates] reason: client [12301] vs decoder [12303]
10-20 00:59:05.522  1929  1929 W InputContextProxy: InputContextProxy.applyClientDiffInternal():892 Ignore [FetchSuggestions] diff due to stale request: 12888<12889, inputStateId=12303, lastInputStateId=12301
10-20 00:59:05.525  1929  1929 I InlineSuggestionCandidateViewController: InlineSuggestionCandidateViewController.textCandidatesUpdated():621 Not showing inline suggestion tooltip v2; has candidates
10-20 00:59:05.528  1929  1929 I KeyboardViewController: KeyboardViewController.lambda$showSelfAndAncestors$6():594 current view doesn't has the priority com.google.android.apps.inputmethod.latin.keyboard.widget.LatinFixedCountCandidatesHolderView{1ea64fd I.E...... ......ID 95,0-975,116 #7f0b145f app:id/softkey_holder_fixed_candidates} to show itself, PREEMPTIVE
10-20 00:59:05.585  1929  1929 W InputContextProxy: InputContextProxy.applyClientDiffInternal():892 Ignore [FetchSuggestions] diff due to stale request: 12891<12895, inputStateId=12307, lastInputStateId=12310
10-20 00:59:05.593  1929  2492 I native  : I1020 00:59:05.593445    2492 input-context-store.cc:238] Ignoring stale client request for FetchSuggestions
10-20 00:59:05.631  1929  1929 W InputContextProxy: InputContextProxy.applyClientDiffInternal():892 Ignore [FetchSuggestions] diff due to stale request: 12894<12896, inputStateId=12310, lastInputStateId=12310
10-20 00:59:05.632  1929  1929 I InlineSuggestionCandidateViewController: InlineSuggestionCandidateViewController.textCandidatesUpdated():621 Not showing inline suggestion tooltip v2; has candidates
10-20 00:59:05.634  1929  1929 I KeyboardViewController: KeyboardViewController.lambda$showSelfAndAncestors$6():594 current view doesn't has the priority com.google.android.apps.inputmethod.latin.keyboard.widget.LatinFixedCountCandidatesHolderView{1ea64fd I.E...... ......ID 95,0-975,116 #7f0b145f app:id/softkey_holder_fixed_candidates} to show itself, PREEMPTIVE
10-20 00:59:05.678  1929  1929 I InlineSuggestionCandidateViewController: InlineSuggestionCandidateViewController.textCandidatesUpdated():621 Not showing inline suggestion tooltip v2; has candidates
10-20 00:59:05.679  1929  1929 I KeyboardViewController: KeyboardViewController.lambda$showSelfAndAncestors$6():594 current view doesn't has the priority com.google.android.apps.inputmethod.latin.keyboard.widget.LatinFixedCountCandidatesHolderView{1ea64fd I.E...... ......ID 95,0-975,116 #7f0b145f app:id/softkey_holder_fixed_candidates} to show itself, PREEMPTIVE
10-20 00:59:05.752  1929  1929 W InputContextProxy: InputContextProxy.applyClientDiffInternal():892 Ignore [FetchSuggestions] diff due to stale request: 12900<12902, inputStateId=12315, lastInputStateId=12316
10-20 00:59:05.770  1929  2492 I native  : I1020 00:59:05.770769    2492 input-context-store.cc:178] Using roll back input context for operation: [FetchSuggestions] rolled back operation: [OverrideDecodedCandidates] reason: client [12316] vs decoder [12318]
10-20 00:59:05.776  1929  1929 W InputContextProxy: InputContextProxy.applyClientDiffInternal():892 Ignore [FetchSuggestions] diff due to stale request: 12902<12903, inputStateId=12318, lastInputStateId=12316
10-20 00:59:05.796  1929  1929 I InlineSuggestionCandidateViewController: InlineSuggestionCandidateViewController.textCandidatesUpdated():621 Not showing inline suggestion tooltip v2; has candidates
10-20 00:59:05.818  1929  1929 I KeyboardViewController: KeyboardViewController.lambda$showSelfAndAncestors$6():594 current view doesn't has the priority com.google.android.apps.inputmethod.latin.keyboard.widget.LatinFixedCountCandidatesHolderView{1ea64fd I.E...... ......ID 95,0-975,116 #7f0b145f app:id/softkey_holder_fixed_candidates} to show itself, PREEMPTIVE
10-20 00:59:05.862  1545  1579 D EGL_emulation: app_time_stats: avg=39.60ms min=9.13ms max=227.87ms count=26
10-20 00:59:05.934  1929  1929 W InputContextProxy: InputContextProxy.applyClientDiffInternal():892 Ignore [FetchSuggestions] diff due to stale request: 12905<12909, inputStateId=12322, lastInputStateId=12325
10-20 00:59:05.942  1929  2492 I native  : I1020 00:59:05.942420    2492 input-context-store.cc:238] Ignoring stale client request for FetchSuggestions
10-20 00:59:05.946  1929  1929 W InputContextProxy: InputContextProxy.applyClientDiffInternal():892 Ignore [FetchSuggestions] diff due to stale request: 12908<12910, inputStateId=12325, lastInputStateId=12325
10-20 00:59:05.973  1929  1929 I InlineSuggestionCandidateViewController: InlineSuggestionCandidateViewController.textCandidatesUpdated():621 Not showing inline suggestion tooltip v2; has candidates
10-20 00:59:05.982  1929  1929 I KeyboardViewController: KeyboardViewController.lambda$showSelfAndAncestors$6():594 current view doesn't has the priority com.google.android.apps.inputmethod.latin.keyboard.widget.LatinFixedCountCandidatesHolderView{1ea64fd I.E...... ......ID 95,0-975,116 #7f0b145f app:id/softkey_holder_fixed_candidates} to show itself, PREEMPTIVE
10-20 00:59:06.015  1929  2403 D EGL_emulation: app_time_stats: avg=68.24ms min=3.38ms max=309.20ms count=14
10-20 00:59:06.066  1545  1545 I ViewInteraction: Performing 'replace text()' action on view view.getId() is <2131296467/com.example.cocktailsdbapp:id/et_email_input>
10-20 00:59:06.066  1929  1929 I InlineSuggestionCandidateViewController: InlineSuggestionCandidateViewController.textCandidatesUpdated():621 Not showing inline suggestion tooltip v2; has candidates
10-20 00:59:06.068  1929  1929 I KeyboardViewController: KeyboardViewController.lambda$showSelfAndAncestors$6():594 current view doesn't has the priority com.google.android.apps.inputmethod.latin.keyboard.widget.LatinFixedCountCandidatesHolderView{1ea64fd I.E...... ......ID 95,0-975,116 #7f0b145f app:id/softkey_holder_fixed_candidates} to show itself, PREEMPTIVE
10-20 00:59:06.088  1545  1545 I ViewInteraction: Performing 'type text(cocktailstest@example.com)' action on view view.getId() is <2131296467/com.example.cocktailsdbapp:id/et_email_input>
10-20 00:59:06.164  1929  1929 I GoogleInputMethodService: GoogleInputMethodService.onFinishInputView():2365
10-20 00:59:06.167  1545  1545 D InputMethodManager: showSoftInput() view=androidx.appcompat.widget.AppCompatEditText{2bcb265 VFED..CL. .F.P..ID 119,418-959,526 #7f0900d3 app:id/et_email_input aid=1073741828} flags=0 reason=SHOW_SOFT_INPUT
10-20 00:59:06.180  1929  1929 I InlineSuggestionCandidateViewController: InlineSuggestionCandidateViewController.setInlineSuggestionCandidateImpl():1163 set  to inlineSuggestionTextView
10-20 00:59:06.187  1929  1929 I KeyboardWrapper: KeyboardWrapper.consumeEvent():287 Skip consuming an event as current keyboard is deactivated (state=0, keyboard existence=true)
10-20 00:59:06.188  1929  1929 I VoiceInputManagerWrapper: VoiceInputManagerWrapper.shutdown():76 shutdown()
10-20 00:59:06.188  1929  2492 W Delight5Decoder: Delight5DecoderWrapper.shouldAbandonMessage():1874 Detected old [FetchSuggestions] request in background: 12914<12915
10-20 00:59:06.189  1929  1929 I AndroidIME: AbstractIme.onDeactivate():207 LatinIme.onDeactivate()
10-20 00:59:06.191  1929  1929 I GoogleInputMethodService: GoogleInputMethodService.onFinishInput():3420
10-20 00:59:06.195  1929  1929 I GoogleInputMethodService: GoogleInputMethodService.onStartInput():2002
10-20 00:59:06.200  1929  1929 I DeviceUnlockedTag: DeviceUnlockedTag.notifyDeviceLockStatusChanged():31 Notify device unlocked.
10-20 00:59:06.203  1929  1929 I GoogleInputMethodService: GoogleInputMethodService.onStartInputView():2148
10-20 00:59:06.204  1929  1929 I DeviceUnlockedTag: DeviceUnlockedTag.notifyDeviceLockStatusChanged():31 Notify device unlocked.
10-20 00:59:06.205   372 13548 D goldfish-address-space: claimShared: Ask to claim region [0x3ebc1d000 0x3ebc6a000]
10-20 00:59:06.206  1929  1929 I KeyboardViewUtil: KeyboardViewUtil.getKeyboardHeightRatio():166 systemKeyboardHeightRatio:1.000000; userKeyboardHeightRatio:1.000000.
10-20 00:59:06.208  1929  1929 I AndroidIME: AbstractIme.onActivate():86 LatinIme.onActivate() : EditorInfo = inputType=Email imeActionName=NEXT dump=[inputType=0x21 imeOptions=0xc000005 privateImeOptions=null actionLabel=null actionId=0 initialSelStart=0 initialSelEnd=0 initialCapsMode=0x0 hintText=email label=null packageName=com.example.cocktailsdbapp autofillId=1073741828 fieldId=2131296467 fieldName=null extras=Bundle[{android.support.text.emoji.emojiCompat_metadataVersion=8, android.support.text.emoji.emojiCompat_replaceAll=false}] hintLocales=null contentMimeTypes=null ], IncognitoMode = false, DeviceLocked = false
10-20 00:59:06.212  1929  1929 I Delight5Facilitator: Delight5Facilitator.initializeForIme():718 initializeForIme() : Locale = [en_US], layout = qwerty
10-20 00:59:06.212   372 13548 D goldfish-address-space: claimShared: Ask to claim region [0x3ebc6a000 0x3ebcb7000]
10-20 00:59:06.217   372 13548 D goldfish-address-space: claimShared: Ask to claim region [0x3ebcb7000 0x3ebd04000]
10-20 00:59:06.221  1929  1929 I VoiceInputManagerWrapper: VoiceInputManagerWrapper.cancelShutdown():54 cancelShutdown()
10-20 00:59:06.224  1929  1929 I VoiceInputManagerWrapper: VoiceInputManagerWrapper.syncLanguagePacks():66 syncLanguagePacks()
10-20 00:59:06.227  1929 13454 I SpeechFactory: SpeechRecognitionFactory.maybeScheduleAutoPackDownloadForFallback():182 maybeScheduleAutoPackDownloadForFallback()
10-20 00:59:06.231  1929 13454 I FallbackOnDeviceRecognitionProvider: FallbackOnDeviceRecognitionProvider.maybeScheduleAutoPackDownload():194 maybeScheduleAutoPackDownload() for language tag en-US
10-20 00:59:06.241  1929  1929 I LatinIme: LatinIme.updateEnableInlineSuggestionsOnDecoderSideFlags():1293 inline flag updated to:false
10-20 00:59:06.248  1545  1545 W IInputConnectionWrapper: setComposingRegion on inactive InputConnection
10-20 00:59:06.255  1929  1929 I KeyboardWrapper: KeyboardWrapper.consumeEvent():287 Skip consuming an event as current keyboard is deactivated (state=0, keyboard existence=true)
10-20 00:59:06.281  1929  1929 I KeyboardViewUtil: KeyboardViewUtil.calculateMaxKeyboardBodyHeight():62 leave 354 height for app when screen height:2274, header height:116 and isFullscreenMode:false, so the max keyboard body height is:1804
10-20 00:59:06.290  1929  1929 I NormalModeController: NormalModeController.getKeyboardBodyViewHolderPaddingBottom():109 currentPrimeKeyboardType:SOFT systemPaddingBottom:-1
10-20 00:59:06.292  1929  2492 I Delight5Decoder: Delight5DecoderWrapper.setKeyboardLayout():434 setKeyboardLayout()
10-20 00:59:06.302  1929  1929 I KeyboardViewUtil: KeyboardViewUtil.calculateMaxKeyboardBodyHeight():62 leave 354 height for app when screen height:2274, header height:116 and isFullscreenMode:false, so the max keyboard body height is:1804
10-20 00:59:06.308  1929  1929 I NormalModeController: NormalModeController.getKeyboardBodyViewHolderPaddingBottom():109 currentPrimeKeyboardType:SOFT systemPaddingBottom:-1
10-20 00:59:06.310  1929  1929 I AndroidIME: KeyboardViewManager.updateKeyboardBodyViewHolderPaddingBottom():513 Set finalPaddingBottom = 0 while keyboardBottomGapFromScreen = 0; navigationHeight = 126
10-20 00:59:06.310  1929  1929 I NormalModeController: NormalModeController.getKeyboardBodyViewHolderPaddingBottom():109 currentPrimeKeyboardType:SOFT systemPaddingBottom:-1
10-20 00:59:06.312  1929  1929 I AndroidIME: KeyboardViewManager.updateKeyboardBodyViewHolderPaddingBottom():513 Set finalPaddingBottom = 0 while keyboardBottomGapFromScreen = 0; navigationHeight = 126
10-20 00:59:06.322  1929  1929 I ProactiveSuggestionsHolderManager: ProactiveSuggestionsHolderManager$3.display():213 Requesting to show proactive suggestions: CLIPBOARD PREEMPTIVE_WITH_SUPPRESSION
10-20 00:59:06.325  1929  1929 I CurrentMicStatusHolder: CurrentMicStatusHolder.onStartInputView():79 Current Mic status = {MicIconHidden-EmailInputType,}
10-20 00:59:06.326  1929  1929 I VoiceImeExtension: VoiceImeExtension.shouldStartVoiceInputAutomatically():354 No private IME option set to start voice input.
10-20 00:59:06.338  1545  1545 D InsetsController: show(ime(), fromIme=true)
10-20 00:59:06.346  1545  1545 D InsetsController: show(ime(), fromIme=true)
10-20 00:59:06.367  7442  7442 D BoundBrokerSvc: onBind: Intent { act=com.google.android.gms.common.BIND_SHARED_PREFS pkg=com.google.android.gms }
10-20 00:59:06.368  7442  7442 D BoundBrokerSvc: Loading bound service for intent: Intent { act=com.google.android.gms.common.BIND_SHARED_PREFS pkg=com.google.android.gms }
10-20 00:59:06.390  7442  7442 D BoundBrokerSvc: onUnbind: Intent { act=com.google.android.gms.common.BIND_SHARED_PREFS pkg=com.google.android.gms }
10-20 00:59:06.406  7442  7442 D BoundBrokerSvc: onBind: Intent { act=com.google.android.gms.common.BIND_SHARED_PREFS pkg=com.google.android.gms }
10-20 00:59:06.408  7442  7442 D BoundBrokerSvc: Loading bound service for intent: Intent { act=com.google.android.gms.common.BIND_SHARED_PREFS pkg=com.google.android.gms }
10-20 00:59:06.417  7442  7442 D BoundBrokerSvc: onUnbind: Intent { act=com.google.android.gms.common.BIND_SHARED_PREFS pkg=com.google.android.gms }
10-20 00:59:06.487  1545  1545 D UiControllerImpl: Injecting string: "cocktailstest@example.com"
10-20 00:59:06.638  1929  1929 W InputContextProxy: InputContextProxy.applyClientDiffInternal():892 Ignore [FetchSuggestions] diff due to stale request: 12919<12922, inputStateId=12334, lastInputStateId=12336
10-20 00:59:06.648  1929  1929 I InlineSuggestionCandidateViewController: InlineSuggestionCandidateViewController.textCandidatesUpdated():621 Not showing inline suggestion tooltip v2; has candidates
10-20 00:59:06.650  1929  1929 I KeyboardViewController: KeyboardViewController.lambda$showSelfAndAncestors$6():594 current view doesn't has the priority com.google.android.apps.inputmethod.latin.keyboard.widget.LatinFixedCountCandidatesHolderView{1ea64fd I.E...... ......ID 95,0-975,116 #7f0b145f app:id/softkey_holder_fixed_candidates} to show itself, PREEMPTIVE
10-20 00:59:06.660  1929  1929 I InlineSuggestionCandidateViewController: InlineSuggestionCandidateViewController.textCandidatesUpdated():621 Not showing inline suggestion tooltip v2; has candidates
10-20 00:59:06.661  1929  1929 I KeyboardViewController: KeyboardViewController.lambda$showSelfAndAncestors$6():594 current view doesn't has the priority com.google.android.apps.inputmethod.latin.keyboard.widget.LatinFixedCountCandidatesHolderView{1ea64fd I.E...... ......ID 95,0-975,116 #7f0b145f app:id/softkey_holder_fixed_candidates} to show itself, PREEMPTIVE
10-20 00:59:06.665   582  2833 W InputManager-JNI: Input channel object '501755f PopupWindow:3019d44 (client)' was disposed without first being removed with the input manager!
10-20 00:59:06.713  1929  1929 I InlineSuggestionCandidateViewController: InlineSuggestionCandidateViewController.textCandidatesUpdated():621 Not showing inline suggestion tooltip v2; has candidates
10-20 00:59:06.718  1929  1929 I KeyboardViewController: KeyboardViewController.lambda$showSelfAndAncestors$6():594 current view doesn't has the priority com.google.android.apps.inputmethod.latin.keyboard.widget.LatinFixedCountCandidatesHolderView{1ea64fd I.E...... ......ID 95,0-975,116 #7f0b145f app:id/softkey_holder_fixed_candidates} to show itself, PREEMPTIVE
10-20 00:59:06.768  1929  1929 W InputContextProxy: InputContextProxy.applyClientDiffInternal():892 Ignore [FetchSuggestions] diff due to stale request: 12928<12930, inputStateId=12343, lastInputStateId=12344
10-20 00:59:06.819  1929  1929 I InlineSuggestionCandidateViewController: InlineSuggestionCandidateViewController.textCandidatesUpdated():621 Not showing inline suggestion tooltip v2; has candidates
10-20 00:59:06.820  1929  1929 I KeyboardViewController: KeyboardViewController.lambda$showSelfAndAncestors$6():594 current view doesn't has the priority com.google.android.apps.inputmethod.latin.keyboard.widget.LatinFixedCountCandidatesHolderView{1ea64fd I.E...... ......ID 95,0-975,116 #7f0b145f app:id/softkey_holder_fixed_candidates} to show itself, PREEMPTIVE
10-20 00:59:06.864  1929  1929 W InputContextProxy: InputContextProxy.applyClientDiffInternal():892 Ignore [FetchSuggestions] diff due to stale request: 12932<12934, inputStateId=12347, lastInputStateId=12348
10-20 00:59:06.888  1545  1579 D EGL_emulation: app_time_stats: avg=46.33ms min=3.84ms max=267.06ms count=21
10-20 00:59:06.918  1929  1929 W InputContextProxy: InputContextProxy.applyClientDiffInternal():892 Ignore [FetchSuggestions] diff due to stale request: 12934<12935, inputStateId=12349, lastInputStateId=12350
10-20 00:59:06.975  1929  1929 I InlineSuggestionCandidateViewController: InlineSuggestionCandidateViewController.textCandidatesUpdated():621 Not showing inline suggestion tooltip v2; has candidates
10-20 00:59:06.977  1929  1929 I KeyboardViewController: KeyboardViewController.lambda$showSelfAndAncestors$6():594 current view doesn't has the priority com.google.android.apps.inputmethod.latin.keyboard.widget.LatinFixedCountCandidatesHolderView{1ea64fd I.E...... ......ID 95,0-975,116 #7f0b145f app:id/softkey_holder_fixed_candidates} to show itself, PREEMPTIVE
10-20 00:59:06.996  1929  1929 I InlineSuggestionCandidateViewController: InlineSuggestionCandidateViewController.textCandidatesUpdated():621 Not showing inline suggestion tooltip v2; has candidates
10-20 00:59:07.024  1929  1929 I KeyboardViewController: KeyboardViewController.lambda$showSelfAndAncestors$6():594 current view doesn't has the priority com.google.android.apps.inputmethod.latin.keyboard.widget.LatinFixedCountCandidatesHolderView{1ea64fd I.E...... ......ID 95,0-975,116 #7f0b145f app:id/softkey_holder_fixed_candidates} to show itself, PREEMPTIVE
10-20 00:59:07.128  1929  1929 I InlineSuggestionCandidateViewController: InlineSuggestionCandidateViewController.textCandidatesUpdated():621 Not showing inline suggestion tooltip v2; has candidates
10-20 00:59:07.133  1929  1929 I KeyboardViewController: KeyboardViewController.lambda$showSelfAndAncestors$6():594 current view doesn't has the priority com.google.android.apps.inputmethod.latin.keyboard.widget.LatinFixedCountCandidatesHolderView{1ea64fd I.E...... ......ID 95,0-975,116 #7f0b145f app:id/softkey_holder_fixed_candidates} to show itself, PREEMPTIVE
10-20 00:59:07.215  1929  1929 W InputContextProxy: InputContextProxy.applyClientDiffInternal():892 Ignore [FetchSuggestions] diff due to stale request: 12942<12944, inputStateId=12357, lastInputStateId=12358
10-20 00:59:07.319  1929  1929 W InputContextProxy: InputContextProxy.applyClientDiffInternal():892 Ignore [FetchSuggestions] diff due to stale request: 12944<12946, inputStateId=12359, lastInputStateId=12360
10-20 00:59:07.341  1929  2403 D EGL_emulation: app_time_stats: avg=127.78ms min=3.92ms max=611.78ms count=10
10-20 00:59:07.432  1929  1929 W InputContextProxy: InputContextProxy.applyClientDiffInternal():892 Ignore [FetchSuggestions] diff due to stale request: 12946<12947, inputStateId=12361, lastInputStateId=12360
10-20 00:59:07.435  1929  1929 I InlineSuggestionCandidateViewController: InlineSuggestionCandidateViewController.textCandidatesUpdated():621 Not showing inline suggestion tooltip v2; has candidates
10-20 00:59:07.475  1929  1929 I KeyboardViewController: KeyboardViewController.lambda$showSelfAndAncestors$6():594 current view doesn't has the priority com.google.android.apps.inputmethod.latin.keyboard.widget.LatinFixedCountCandidatesHolderView{1ea64fd I.E...... ......ID 95,0-975,116 #7f0b145f app:id/softkey_holder_fixed_candidates} to show itself, PREEMPTIVE
10-20 00:59:07.897  1545  1579 D EGL_emulation: app_time_stats: avg=59.08ms min=28.94ms max=93.20ms count=17
10-20 00:59:08.382  1545  1545 I ViewInteraction: Performing 'replace text()' action on view view.getId() is <2131296469/com.example.cocktailsdbapp:id/et_password_input>
10-20 00:59:08.403  1545  1545 I ViewInteraction: Performing 'type text(password123)' action on view view.getId() is <2131296469/com.example.cocktailsdbapp:id/et_password_input>
10-20 00:59:08.517  1929  1929 I GoogleInputMethodService: GoogleInputMethodService.onFinishInputView():2365
10-20 00:59:08.522  1545  1545 D InputMethodManager: showSoftInput() view=androidx.appcompat.widget.AppCompatEditText{7d0eb3a VFED..CL. .F.P..ID 119,552-959,660 #7f0900d5 app:id/et_password_input aid=1073741829} flags=0 reason=SHOW_SOFT_INPUT
10-20 00:59:08.549  1929  1929 I InlineSuggestionCandidateViewController: InlineSuggestionCandidateViewController.setInlineSuggestionCandidateImpl():1163 set  to inlineSuggestionTextView
10-20 00:59:08.552  1929  1929 I KeyboardWrapper: KeyboardWrapper.consumeEvent():287 Skip consuming an event as current keyboard is deactivated (state=0, keyboard existence=true)
10-20 00:59:08.554  1929  1929 I VoiceInputManagerWrapper: VoiceInputManagerWrapper.shutdown():76 shutdown()
10-20 00:59:08.563   372 13548 D goldfish-address-space: claimShared: Ask to claim region [0x3ebc1d000 0x3ebc6a000]
10-20 00:59:08.598  1929  1929 I AndroidIME: AbstractIme.onDeactivate():207 LatinIme.onDeactivate()
10-20 00:59:08.600  1929  1929 I GoogleInputMethodService: GoogleInputMethodService.onFinishInput():3420
10-20 00:59:08.601  1929  1929 I GoogleInputMethodService: GoogleInputMethodService.onStartInput():2002
10-20 00:59:08.602  1929  1929 I DeviceUnlockedTag: DeviceUnlockedTag.notifyDeviceLockStatusChanged():31 Notify device unlocked.
10-20 00:59:08.614   372 13548 D goldfish-address-space: claimShared: Ask to claim region [0x3ebc6a000 0x3ebcb7000]
10-20 00:59:08.614  1929  1929 I GoogleInputMethodService: GoogleInputMethodService.onStartInputView():2148
10-20 00:59:08.622   372 13548 D goldfish-address-space: claimShared: Ask to claim region [0x3ebcb7000 0x3ebd04000]
10-20 00:59:08.633  1929  1929 I DeviceUnlockedTag: DeviceUnlockedTag.notifyDeviceLockStatusChanged():31 Notify device unlocked.
10-20 00:59:08.729  1929  1929 I KeyboardViewUtil: KeyboardViewUtil.getKeyboardHeightRatio():166 systemKeyboardHeightRatio:1.000000; userKeyboardHeightRatio:1.000000.
10-20 00:59:08.731  1929  1929 I AndroidIME: AbstractIme.onActivate():86 PasswordIme.onActivate() : EditorInfo = inputType=Password imeActionName=DONE dump=[inputType=0x81 imeOptions=0x4000006 privateImeOptions=null actionLabel=null actionId=0 initialSelStart=0 initialSelEnd=0 initialCapsMode=0x0 hintText=password label=null packageName=com.example.cocktailsdbapp autofillId=1073741829 fieldId=2131296469 fieldName=null extras=Bundle[{android.support.text.emoji.emojiCompat_metadataVersion=8, android.support.text.emoji.emojiCompat_replaceAll=false}] hintLocales=null contentMimeTypes=null ], IncognitoMode = false, DeviceLocked = false
10-20 00:59:08.768  1929  1929 I KeyboardViewHelper: KeyboardViewHelper.getView():167 Get view with height ratio:1.000000
10-20 00:59:08.800  1929  1929 I KeyboardViewUtil: KeyboardViewUtil.calculateMaxKeyboardBodyHeight():62 leave 354 height for app when screen height:2274, header height:116 and isFullscreenMode:false, so the max keyboard body height is:1804
10-20 00:59:08.802  1929  1929 I InlineSuggestionCandidateViewController: InlineSuggestionCandidateViewController.setInlineSuggestionCandidateImpl():1163 set  to inlineSuggestionTextView
10-20 00:59:08.820  1929  1929 I KeyboardViewUtil: KeyboardViewUtil.calculateMaxKeyboardBodyHeight():62 leave 354 height for app when screen height:2274, header height:116 and isFullscreenMode:false, so the max keyboard body height is:1804
10-20 00:59:08.824  1929  1929 I NormalModeController: NormalModeController.getKeyboardBodyViewHolderPaddingBottom():109 currentPrimeKeyboardType:SOFT systemPaddingBottom:-1
10-20 00:59:08.825  1929  1929 I AndroidIME: KeyboardViewManager.updateKeyboardBodyViewHolderPaddingBottom():513 Set finalPaddingBottom = 0 while keyboardBottomGapFromScreen = 0; navigationHeight = 126
10-20 00:59:08.825  1929  1929 I NormalModeController: NormalModeController.getKeyboardBodyViewHolderPaddingBottom():109 currentPrimeKeyboardType:SOFT systemPaddingBottom:-1
10-20 00:59:08.830  1929  1929 I AndroidIME: KeyboardViewManager.updateKeyboardBodyViewHolderPaddingBottom():513 Set finalPaddingBottom = 0 while keyboardBottomGapFromScreen = 0; navigationHeight = 126
10-20 00:59:08.849  1929  1929 I ProactiveSuggestionsHolderManager: ProactiveSuggestionsHolderManager$3.display():213 Requesting to show proactive suggestions: CLIPBOARD PREEMPTIVE_WITH_SUPPRESSION
10-20 00:59:08.872  1929  1929 I CurrentMicStatusHolder: CurrentMicStatusHolder.onStartInputView():79 Current Mic status = {MicIconHidden-SettingOff,MicIconHidden-PasswordOrNumberOrDateInputType,}
10-20 00:59:08.873  1929  1929 I VoiceImeExtension: VoiceImeExtension.shouldStartVoiceInputAutomatically():354 No private IME option set to start voice input.
10-20 00:59:08.912  1545  1545 D InsetsController: show(ime(), fromIme=true)
10-20 00:59:08.939  1545  1545 D InsetsController: show(ime(), fromIme=true)
10-20 00:59:08.947  1545  1545 D UiControllerImpl: Injecting string: "password123"
10-20 00:59:09.108  1929  2403 D EGL_emulation: app_time_stats: avg=1766.72ms min=1766.72ms max=1766.72ms count=1
10-20 00:59:09.290  7442  7442 D BoundBrokerSvc: onBind: Intent { act=com.google.android.gms.common.BIND_SHARED_PREFS pkg=com.google.android.gms }
10-20 00:59:09.312  7442  7442 D BoundBrokerSvc: Loading bound service for intent: Intent { act=com.google.android.gms.common.BIND_SHARED_PREFS pkg=com.google.android.gms }
10-20 00:59:09.334  1545  1579 D EGL_emulation: app_time_stats: avg=141.54ms min=8.43ms max=629.37ms count=10
10-20 00:59:09.365  7442  7442 D BoundBrokerSvc: onUnbind: Intent { act=com.google.android.gms.common.BIND_SHARED_PREFS pkg=com.google.android.gms }
10-20 00:59:09.394  7442  7442 D BoundBrokerSvc: onBind: Intent { act=com.google.android.gms.common.BIND_SHARED_PREFS pkg=com.google.android.gms }
10-20 00:59:09.395  7442  7442 D BoundBrokerSvc: Loading bound service for intent: Intent { act=com.google.android.gms.common.BIND_SHARED_PREFS pkg=com.google.android.gms }
10-20 00:59:09.406  7442  7442 D BoundBrokerSvc: onUnbind: Intent { act=com.google.android.gms.common.BIND_SHARED_PREFS pkg=com.google.android.gms }
10-20 00:59:09.416  1929  1929 I KeyboardViewController: KeyboardViewController.lambda$showSelfAndAncestors$6():594 current view doesn't has the priority android.widget.LinearLayout{a3fff2a I.E...... .......D 0,0-1080,116 #7f0b03ac app:id/key_pos_password_header_numbers} to show itself, DEFAULT
10-20 00:59:09.546  1929  1929 I KeyboardViewController: KeyboardViewController.lambda$showSelfAndAncestors$6():594 current view doesn't has the priority android.widget.LinearLayout{a3fff2a I.E...... .......D 0,0-1080,116 #7f0b03ac app:id/key_pos_password_header_numbers} to show itself, DEFAULT
10-20 00:59:09.596   582  2833 W InputManager-JNI: Input channel object '7c33412 PopupWindow:cf57289 (client)' was disposed without first being removed with the input manager!
10-20 00:59:09.683  1929  1929 I KeyboardViewController: KeyboardViewController.lambda$showSelfAndAncestors$6():594 current view doesn't has the priority android.widget.LinearLayout{a3fff2a I.E...... .......D 0,0-1080,116 #7f0b03ac app:id/key_pos_password_header_numbers} to show itself, DEFAULT
10-20 00:59:09.834  1929  1929 I KeyboardViewController: KeyboardViewController.lambda$showSelfAndAncestors$6():594 current view doesn't has the priority android.widget.LinearLayout{a3fff2a I.E...... .......D 0,0-1080,116 #7f0b03ac app:id/key_pos_password_header_numbers} to show itself, DEFAULT
10-20 00:59:09.999  1929  1929 E InputConnectionWrapper: InputConnectionWrapper.waitForInputConnectionFutureInternal():1486 Failed to get the input connection call's result.
10-20 00:59:09.999  1929  1929 E InputConnectionWrapper: java.util.concurrent.TimeoutException: Waited 100 milliseconds (plus 25 milliseconds, 617872 nanoseconds delay) for ott@a65bdc6[status=PENDING, info=[task=[running=[RUNNING ON ICWrapper-1], jeu@a485187]]]
10-20 00:59:09.999  1929  1929 E InputConnectionWrapper: 	at oqk.get(PG:50)
10-20 00:59:09.999  1929  1929 E InputConnectionWrapper: 	at jfe.u(PG:2)
10-20 00:59:09.999  1929  1929 E InputConnectionWrapper: 	at jfe.t(PG:2)
10-20 00:59:09.999  1929  1929 E InputConnectionWrapper: 	at jfd.e(PG:8)
10-20 00:59:09.999  1929  1929 E InputConnectionWrapper: 	at jfm.D(PG:1)
10-20 00:59:09.999  1929  1929 E InputConnectionWrapper: 	at jfm.x(PG:1)
10-20 00:59:09.999  1929  1929 E InputConnectionWrapper: 	at jfm.c(PG:5)
10-20 00:59:09.999  1929  1929 E InputConnectionWrapper: 	at jfe.b(PG:14)
10-20 00:59:09.999  1929  1929 E InputConnectionWrapper: 	at dro.onUpdateSelection(PG:5)
10-20 00:59:09.999  1929  1929 E InputConnectionWrapper: 	at android.inputmethodservice.InputMethodService$InputMethodSessionImpl.updateSelection(InputMethodService.java:1020)
10-20 00:59:09.999  1929  1929 E InputConnectionWrapper: 	at android.inputmethodservice.IInputMethodSessionWrapper.executeMessage(IInputMethodSessionWrapper.java:105)
10-20 00:59:09.999  1929  1929 E InputConnectionWrapper: 	at com.android.internal.os.HandlerCaller$MyHandler.handleMessage(HandlerCaller.java:44)
10-20 00:59:09.999  1929  1929 E InputConnectionWrapper: 	at android.os.Handler.dispatchMessage(Handler.java:106)
10-20 00:59:09.999  1929  1929 E InputConnectionWrapper: 	at android.os.Looper.loopOnce(Looper.java:201)
10-20 00:59:09.999  1929  1929 E InputConnectionWrapper: 	at android.os.Looper.loop(Looper.java:288)
10-20 00:59:09.999  1929  1929 E InputConnectionWrapper: 	at android.app.ActivityThread.main(ActivityThread.java:7839)
10-20 00:59:09.999  1929  1929 E InputConnectionWrapper: 	at java.lang.reflect.Method.invoke(Native Method)
10-20 00:59:09.999  1929  1929 E InputConnectionWrapper: 	at com.android.internal.os.RuntimeInit$MethodAndArgsCaller.run(RuntimeInit.java:548)
10-20 00:59:09.999  1929  1929 E InputConnectionWrapper: 	at com.android.internal.os.ZygoteInit.main(ZygoteInit.java:1003)
10-20 00:59:10.014  1929  1929 W InputConnectionWrapper: InputConnectionWrapper.recordDuration():1449 IPC IC_GET_SURROUNDING_TEXT took 141 ms
10-20 00:59:10.095  1929  1929 I KeyboardViewController: KeyboardViewController.lambda$showSelfAndAncestors$6():594 current view doesn't has the priority android.widget.LinearLayout{a3fff2a I.E...... .......D 0,0-1080,116 #7f0b03ac app:id/key_pos_password_header_numbers} to show itself, DEFAULT
10-20 00:59:10.180  1929  1929 I KeyboardViewController: KeyboardViewController.lambda$showSelfAndAncestors$6():594 current view doesn't has the priority android.widget.LinearLayout{a3fff2a I.E...... .......D 0,0-1080,116 #7f0b03ac app:id/key_pos_password_header_numbers} to show itself, DEFAULT
10-20 00:59:10.226  1929  1929 I KeyboardViewController: KeyboardViewController.lambda$showSelfAndAncestors$6():594 current view doesn't has the priority android.widget.LinearLayout{a3fff2a I.E...... .......D 0,0-1080,116 #7f0b03ac app:id/key_pos_password_header_numbers} to show itself, DEFAULT
10-20 00:59:10.286  1929  1929 I KeyboardViewController: KeyboardViewController.lambda$showSelfAndAncestors$6():594 current view doesn't has the priority android.widget.LinearLayout{a3fff2a I.E...... .......D 0,0-1080,116 #7f0b03ac app:id/key_pos_password_header_numbers} to show itself, DEFAULT
10-20 00:59:10.328  1929  1929 I KeyboardViewController: KeyboardViewController.lambda$showSelfAndAncestors$6():594 current view doesn't has the priority android.widget.LinearLayout{a3fff2a I.E...... .......D 0,0-1080,116 #7f0b03ac app:id/key_pos_password_header_numbers} to show itself, DEFAULT
10-20 00:59:10.369  1545  1579 D EGL_emulation: app_time_stats: avg=88.78ms min=16.10ms max=197.14ms count=11
10-20 00:59:10.373  1929  1929 I KeyboardViewController: KeyboardViewController.lambda$showSelfAndAncestors$6():594 current view doesn't has the priority android.widget.LinearLayout{a3fff2a I.E...... .......D 0,0-1080,116 #7f0b03ac app:id/key_pos_password_header_numbers} to show itself, DEFAULT
10-20 00:59:10.382  1545  1545 I ViewInteraction: Performing 'single click' action on view view.getId() is <2131296378/com.example.cocktailsdbapp:id/bt_register>
10-20 00:59:10.392  2441  2068 W ProcessReaper: Memory state is: 300
10-20 00:59:10.583   372 13548 D goldfish-address-space: claimShared: Ask to claim region [0x3ebc1d000 0x3ebdde000]
10-20 00:59:10.586   372 13548 D goldfish-address-space: claimShared: Ask to claim region [0x3ebdde000 0x3ebf9f000]
10-20 00:59:10.593   372 13548 D goldfish-address-space: claimShared: Ask to claim region [0x3ead5e000 0x3eaf1f000]
10-20 00:59:10.666  1186  1256 D EGL_emulation: app_time_stats: avg=331.50ms min=8.61ms max=5404.54ms count=17
10-20 00:59:10.676  1545  1557 I .cocktailsdbap: Background concurrent copying GC freed 194682(8570KB) AllocSpace objects, 4(136KB) LOS objects, 49% free, 8356KB/16MB, paused 68us,24us total 141.750ms
10-20 00:59:11.856  1545  1579 D EGL_emulation: app_time_stats: avg=27.93ms min=3.95ms max=532.99ms count=51
10-20 00:59:12.002   359  1922 E android.hardware.audio@6.0-impl.ranchu: pcmWrite:203 pcm_write failed with  (-5)
10-20 00:59:12.008   359  1922 E android.hardware.audio@6.0-impl.ranchu: device/generic/goldfish/audio/talsa.cpp:pcmWrite:204 failure: false
10-20 00:59:12.105  1545  1545 I ViewInteraction: Checking 'MatchesViewAssertion{viewMatcher=(view has effective visibility <VISIBLE> and view.getGlobalVisibleRect() to return non-empty rectangle)}' assertion on view an instance of android.widget.TextView and view.getText() with or without transformation to match: is "Registration Successful!"
10-20 00:59:12.112  1545  1545 I ViewInteraction: Performing 'single click' action on view an instance of android.widget.TextView and view.getText() with or without transformation to match: is "OK"
